[2022-03-08T11:43:23.677+0100][0.022s] Heap region size: 1M
[2022-03-08T11:43:23.722+0100][0.067s] Using G1
[2022-03-08T11:43:23.722+0100][0.067s] Heap address: 0x00000000e0000000, size: 512 MB, Compressed Oops mode: 32-bit
[2022-03-08T11:43:23.722+0100][0.067s] Mark closed archive regions in map: [0x00000000fff00000, 0x00000000fff6aff8]
[2022-03-08T11:43:23.722+0100][0.067s] Mark open archive regions in map: [0x00000000ffe00000, 0x00000000ffe46ff8]
[2022-03-08T11:43:24.183+0100][0.528s] GC(0) Pause Young (Normal) (G1 Evacuation Pause)
[2022-03-08T11:43:24.184+0100][0.529s] GC(0) Using 10 workers of 10 for evacuation
[2022-03-08T11:43:24.191+0100][0.536s] GC(0)   Pre Evacuate Collection Set: 0.0ms
[2022-03-08T11:43:24.191+0100][0.536s] GC(0)   Evacuate Collection Set: 6.5ms
[2022-03-08T11:43:24.191+0100][0.536s] GC(0)   Post Evacuate Collection Set: 0.4ms
[2022-03-08T11:43:24.191+0100][0.536s] GC(0)   Other: 1.1ms
[2022-03-08T11:43:24.191+0100][0.536s] GC(0) Eden regions: 30->0(303)
[2022-03-08T11:43:24.191+0100][0.536s] GC(0) Survivor regions: 0->4(4)
[2022-03-08T11:43:24.191+0100][0.536s] GC(0) Old regions: 2->2
[2022-03-08T11:43:24.191+0100][0.536s] GC(0) Humongous regions: 0->0
[2022-03-08T11:43:24.191+0100][0.536s] GC(0) Metaspace: 9014K->9014K(1058816K)
[2022-03-08T11:43:24.191+0100][0.536s] GC(0) Pause Young (Normal) (G1 Evacuation Pause) 30M->4M(512M) 7.948ms
[2022-03-08T11:43:24.191+0100][0.536s] GC(0) User=0.08s Sys=0.00s Real=0.01s
[2022-03-08T11:43:24.876+0100][1.221s] GC(1) Pause Young (Concurrent Start) (Metadata GC Threshold)
[2022-03-08T11:43:24.876+0100][1.221s] GC(1) Using 10 workers of 10 for evacuation
[2022-03-08T11:43:24.887+0100][1.232s] GC(1)   Pre Evacuate Collection Set: 0.0ms
[2022-03-08T11:43:24.887+0100][1.232s] GC(1)   Evacuate Collection Set: 10.1ms
[2022-03-08T11:43:24.887+0100][1.232s] GC(1)   Post Evacuate Collection Set: 0.6ms
[2022-03-08T11:43:24.887+0100][1.232s] GC(1)   Other: 0.2ms
[2022-03-08T11:43:24.887+0100][1.232s] GC(1) Eden regions: 86->0(80)
[2022-03-08T11:43:24.887+0100][1.232s] GC(1) Survivor regions: 4->20(39)
[2022-03-08T11:43:24.887+0100][1.232s] GC(1) Old regions: 2->2
[2022-03-08T11:43:24.887+0100][1.232s] GC(1) Humongous regions: 4->4
[2022-03-08T11:43:24.887+0100][1.232s] GC(1) Metaspace: 20431K->20431K(1069056K)
[2022-03-08T11:43:24.887+0100][1.232s] GC(1) Pause Young (Concurrent Start) (Metadata GC Threshold) 93M->24M(512M) 11.104ms
[2022-03-08T11:43:24.887+0100][1.232s] GC(1) User=0.07s Sys=0.00s Real=0.02s
[2022-03-08T11:43:24.887+0100][1.232s] GC(2) Concurrent Cycle
[2022-03-08T11:43:24.887+0100][1.232s] GC(2) Concurrent Clear Claimed Marks
[2022-03-08T11:43:24.887+0100][1.232s] GC(2) Concurrent Clear Claimed Marks 0.023ms
[2022-03-08T11:43:24.887+0100][1.232s] GC(2) Concurrent Scan Root Regions
[2022-03-08T11:43:24.890+0100][1.235s] GC(2) Concurrent Scan Root Regions 3.095ms
[2022-03-08T11:43:24.890+0100][1.235s] GC(2) Concurrent Mark (1.235s)
[2022-03-08T11:43:24.890+0100][1.235s] GC(2) Concurrent Mark From Roots
[2022-03-08T11:43:24.890+0100][1.235s] GC(2) Using 3 workers of 3 for marking
[2022-03-08T11:43:24.893+0100][1.238s] GC(2) Concurrent Mark From Roots 2.738ms
[2022-03-08T11:43:24.893+0100][1.238s] GC(2) Concurrent Preclean
[2022-03-08T11:43:24.893+0100][1.238s] GC(2) Concurrent Preclean 0.131ms
[2022-03-08T11:43:24.893+0100][1.238s] GC(2) Concurrent Mark (1.235s, 1.238s) 2.912ms
[2022-03-08T11:43:24.893+0100][1.238s] GC(2) Pause Remark
[2022-03-08T11:43:24.894+0100][1.239s] GC(2) Cleaned string and symbol table, strings: 8806 processed, 0 removed, symbols: 61662 processed, 26 removed
[2022-03-08T11:43:24.894+0100][1.240s] GC(2) Pause Remark 24M->24M(512M) 1.089ms
[2022-03-08T11:43:24.894+0100][1.240s] GC(2) User=0.01s Sys=0.00s Real=0.00s
[2022-03-08T11:43:24.894+0100][1.240s] GC(2) Concurrent Rebuild Remembered Sets
[2022-03-08T11:43:24.897+0100][1.242s] GC(2) Concurrent Rebuild Remembered Sets 2.842ms
[2022-03-08T11:43:24.897+0100][1.243s] GC(2) Pause Cleanup
[2022-03-08T11:43:24.898+0100][1.243s] GC(2) Pause Cleanup 25M->25M(512M) 0.198ms
[2022-03-08T11:43:24.898+0100][1.243s] GC(2) User=0.00s Sys=0.00s Real=0.00s
[2022-03-08T11:43:24.898+0100][1.243s] GC(2) Concurrent Cleanup for Next Mark
[2022-03-08T11:43:24.898+0100][1.243s] GC(2) Concurrent Cleanup for Next Mark 0.310ms
[2022-03-08T11:43:24.898+0100][1.243s] GC(2) Concurrent Cycle 10.921ms
[2022-03-08T11:43:25.638+0100][1.983s] GC(3) Pause Young (Normal) (G1 Evacuation Pause)
[2022-03-08T11:43:25.638+0100][1.983s] GC(3) Using 10 workers of 10 for evacuation
[2022-03-08T11:43:25.646+0100][1.991s] GC(3)   Pre Evacuate Collection Set: 0.0ms
[2022-03-08T11:43:25.646+0100][1.991s] GC(3)   Evacuate Collection Set: 7.6ms
[2022-03-08T11:43:25.646+0100][1.991s] GC(3)   Post Evacuate Collection Set: 0.6ms
[2022-03-08T11:43:25.646+0100][1.991s] GC(3)   Other: 0.1ms
[2022-03-08T11:43:25.646+0100][1.991s] GC(3) Eden regions: 74->0(120)
[2022-03-08T11:43:25.646+0100][1.991s] GC(3) Survivor regions: 20->5(12)
[2022-03-08T11:43:25.646+0100][1.991s] GC(3) Old regions: 2->21
[2022-03-08T11:43:25.646+0100][1.991s] GC(3) Humongous regions: 4->4
[2022-03-08T11:43:25.646+0100][1.991s] GC(3) Metaspace: 30379K->30379K(1077248K)
[2022-03-08T11:43:25.646+0100][1.991s] GC(3) Pause Young (Normal) (G1 Evacuation Pause) 98M->27M(512M) 8.431ms
[2022-03-08T11:43:25.646+0100][1.991s] GC(3) User=0.09s Sys=0.00s Real=0.01s
[2022-03-08T11:43:27.503+0100][3.848s] GC(4) Pause Young (Concurrent Start) (Metadata GC Threshold)
[2022-03-08T11:43:27.503+0100][3.848s] GC(4) Using 10 workers of 10 for evacuation
[2022-03-08T11:43:27.507+0100][3.852s] GC(4)   Pre Evacuate Collection Set: 0.1ms
[2022-03-08T11:43:27.507+0100][3.852s] GC(4)   Evacuate Collection Set: 3.6ms
[2022-03-08T11:43:27.507+0100][3.852s] GC(4)   Post Evacuate Collection Set: 0.3ms
[2022-03-08T11:43:27.507+0100][3.852s] GC(4)   Other: 0.2ms
[2022-03-08T11:43:27.507+0100][3.852s] GC(4) Eden regions: 38->0(171)
[2022-03-08T11:43:27.507+0100][3.852s] GC(4) Survivor regions: 5->6(16)
[2022-03-08T11:43:27.507+0100][3.852s] GC(4) Old regions: 21->21
[2022-03-08T11:43:27.507+0100][3.852s] GC(4) Humongous regions: 4->4
[2022-03-08T11:43:27.507+0100][3.852s] GC(4) Metaspace: 34868K->34868K(1081344K)
[2022-03-08T11:43:27.507+0100][3.852s] GC(4) Pause Young (Concurrent Start) (Metadata GC Threshold) 65M->29M(512M) 4.129ms
[2022-03-08T11:43:27.507+0100][3.852s] GC(4) User=0.02s Sys=0.00s Real=0.01s
[2022-03-08T11:43:27.507+0100][3.852s] GC(5) Concurrent Cycle
[2022-03-08T11:43:27.507+0100][3.852s] GC(5) Concurrent Clear Claimed Marks
[2022-03-08T11:43:27.507+0100][3.852s] GC(5) Concurrent Clear Claimed Marks 0.019ms
[2022-03-08T11:43:27.507+0100][3.852s] GC(5) Concurrent Scan Root Regions
[2022-03-08T11:43:27.508+0100][3.853s] GC(5) Concurrent Scan Root Regions 1.143ms
[2022-03-08T11:43:27.508+0100][3.853s] GC(5) Concurrent Mark (3.853s)
[2022-03-08T11:43:27.508+0100][3.853s] GC(5) Concurrent Mark From Roots
[2022-03-08T11:43:27.508+0100][3.853s] GC(5) Using 3 workers of 3 for marking
[2022-03-08T11:43:27.517+0100][3.862s] GC(5) Concurrent Mark From Roots 9.304ms
[2022-03-08T11:43:27.517+0100][3.862s] GC(5) Concurrent Preclean
[2022-03-08T11:43:27.518+0100][3.863s] GC(5) Concurrent Preclean 0.177ms
[2022-03-08T11:43:27.518+0100][3.863s] GC(5) Concurrent Mark (3.853s, 3.863s) 9.549ms
[2022-03-08T11:43:27.518+0100][3.863s] GC(5) Pause Remark
[2022-03-08T11:43:27.520+0100][3.865s] GC(5) Cleaned string and symbol table, strings: 14841 processed, 27 removed, symbols: 100772 processed, 63 removed
[2022-03-08T11:43:27.520+0100][3.865s] GC(5) Pause Remark 30M->30M(512M) 2.579ms
[2022-03-08T11:43:27.520+0100][3.865s] GC(5) User=0.02s Sys=0.00s Real=0.00s
[2022-03-08T11:43:27.520+0100][3.865s] GC(5) Concurrent Rebuild Remembered Sets
[2022-03-08T11:43:27.526+0100][3.872s] GC(5) Concurrent Rebuild Remembered Sets 6.081ms
[2022-03-08T11:43:27.527+0100][3.872s] GC(5) Pause Cleanup
[2022-03-08T11:43:27.527+0100][3.872s] GC(5) Pause Cleanup 30M->30M(512M) 0.186ms
[2022-03-08T11:43:27.527+0100][3.872s] GC(5) User=0.00s Sys=0.00s Real=0.00s
[2022-03-08T11:43:27.527+0100][3.872s] GC(5) Concurrent Cleanup for Next Mark
[2022-03-08T11:43:27.527+0100][3.872s] GC(5) Concurrent Cleanup for Next Mark 0.283ms
[2022-03-08T11:43:27.527+0100][3.872s] GC(5) Concurrent Cycle 20.236ms
[2022-03-08T11:43:28.455+0100][4.800s] GC(6) Pause Young (Normal) (G1 Evacuation Pause)
[2022-03-08T11:43:28.455+0100][4.800s] GC(6) Using 10 workers of 10 for evacuation
[2022-03-08T11:43:28.463+0100][4.808s] GC(6)   Pre Evacuate Collection Set: 0.0ms
[2022-03-08T11:43:28.463+0100][4.808s] GC(6)   Evacuate Collection Set: 6.2ms
[2022-03-08T11:43:28.463+0100][4.808s] GC(6)   Post Evacuate Collection Set: 1.3ms
[2022-03-08T11:43:28.463+0100][4.808s] GC(6)   Other: 0.2ms
[2022-03-08T11:43:28.463+0100][4.808s] GC(6) Eden regions: 180->0(220)
[2022-03-08T11:43:28.463+0100][4.808s] GC(6) Survivor regions: 6->17(24)
[2022-03-08T11:43:28.463+0100][4.808s] GC(6) Old regions: 21->21
[2022-03-08T11:43:28.463+0100][4.808s] GC(6) Humongous regions: 7->5
[2022-03-08T11:43:28.463+0100][4.808s] GC(6) Metaspace: 47171K->47171K(1091584K)
[2022-03-08T11:43:28.463+0100][4.808s] GC(6) Pause Young (Normal) (G1 Evacuation Pause) 212M->40M(512M) 7.750ms
[2022-03-08T11:43:28.463+0100][4.808s] GC(6) User=0.08s Sys=0.00s Real=0.01s
[2022-03-08T12:54:16.444+0100][4252.789s] GC(7) Pause Young (Concurrent Start) (Metadata GC Threshold)
[2022-03-08T12:54:16.444+0100][4252.789s] GC(7) Using 10 workers of 10 for evacuation
[2022-03-08T12:54:16.454+0100][4252.799s] GC(7)   Pre Evacuate Collection Set: 0.1ms
[2022-03-08T12:54:16.454+0100][4252.799s] GC(7)   Evacuate Collection Set: 8.6ms
[2022-03-08T12:54:16.454+0100][4252.799s] GC(7)   Post Evacuate Collection Set: 0.7ms
[2022-03-08T12:54:16.454+0100][4252.799s] GC(7)   Other: 0.2ms
[2022-03-08T12:54:16.454+0100][4252.799s] GC(7) Eden regions: 175->0(258)
[2022-03-08T12:54:16.454+0100][4252.799s] GC(7) Survivor regions: 17->19(30)
[2022-03-08T12:54:16.454+0100][4252.799s] GC(7) Old regions: 21->25
[2022-03-08T12:54:16.454+0100][4252.799s] GC(7) Humongous regions: 8->8
[2022-03-08T12:54:16.454+0100][4252.799s] GC(7) Metaspace: 58636K->58636K(1101824K)
[2022-03-08T12:54:16.454+0100][4252.799s] GC(7) Pause Young (Concurrent Start) (Metadata GC Threshold) 218M->49M(512M) 9.525ms
[2022-03-08T12:54:16.454+0100][4252.799s] GC(7) User=0.05s Sys=0.00s Real=0.01s
[2022-03-08T12:54:16.454+0100][4252.799s] GC(8) Concurrent Cycle
[2022-03-08T12:54:16.454+0100][4252.799s] GC(8) Concurrent Clear Claimed Marks
[2022-03-08T12:54:16.454+0100][4252.799s] GC(8) Concurrent Clear Claimed Marks 0.036ms
[2022-03-08T12:54:16.454+0100][4252.799s] GC(8) Concurrent Scan Root Regions
[2022-03-08T12:54:16.457+0100][4252.802s] GC(8) Concurrent Scan Root Regions 3.361ms
[2022-03-08T12:54:16.457+0100][4252.802s] GC(8) Concurrent Mark (4252.802s)
[2022-03-08T12:54:16.457+0100][4252.802s] GC(8) Concurrent Mark From Roots
[2022-03-08T12:54:16.457+0100][4252.802s] GC(8) Using 3 workers of 3 for marking
[2022-03-08T12:54:16.467+0100][4252.812s] GC(8) Concurrent Mark From Roots 10.063ms
[2022-03-08T12:54:16.467+0100][4252.812s] GC(8) Concurrent Preclean
[2022-03-08T12:54:16.467+0100][4252.813s] GC(8) Concurrent Preclean 0.222ms
[2022-03-08T12:54:16.467+0100][4252.813s] GC(8) Concurrent Mark (4252.802s, 4252.813s) 10.348ms
[2022-03-08T12:54:16.468+0100][4252.813s] GC(8) Pause Remark
[2022-03-08T12:54:16.473+0100][4252.818s] GC(8) Cleaned string and symbol table, strings: 29001 processed, 1026 removed, symbols: 169848 processed, 631 removed
[2022-03-08T12:54:16.473+0100][4252.818s] GC(8) Pause Remark 52M->52M(512M) 5.706ms
[2022-03-08T12:54:16.473+0100][4252.819s] GC(8) User=0.05s Sys=0.00s Real=0.00s
[2022-03-08T12:54:16.473+0100][4252.819s] GC(8) Concurrent Rebuild Remembered Sets
[2022-03-08T12:54:16.478+0100][4252.823s] GC(8) Concurrent Rebuild Remembered Sets 4.619ms
[2022-03-08T12:54:16.478+0100][4252.823s] GC(8) Pause Cleanup
[2022-03-08T12:54:16.478+0100][4252.824s] GC(8) Pause Cleanup 53M->53M(512M) 0.186ms
[2022-03-08T12:54:16.478+0100][4252.824s] GC(8) User=0.00s Sys=0.00s Real=0.00s
[2022-03-08T12:54:16.478+0100][4252.824s] GC(8) Concurrent Cleanup for Next Mark
[2022-03-08T12:54:16.479+0100][4252.824s] GC(8) Concurrent Cleanup for Next Mark 0.235ms
[2022-03-08T12:54:16.479+0100][4252.824s] GC(8) Concurrent Cycle 25.050ms
[2022-03-08T15:28:54.397+0100][13530.742s] Heap
[2022-03-08T15:28:54.397+0100][13530.742s]  garbage-first heap   total 524288K, used 167664K [0x00000000e0000000, 0x0000000100000000)
[2022-03-08T15:28:54.397+0100][13530.742s]   region size 1024K, 135 young (138240K), 19 survivors (19456K)
[2022-03-08T15:28:54.397+0100][13530.742s]  Metaspace       used 62206K, capacity 63654K, committed 64176K, reserved 1105920K
[2022-03-08T15:28:54.397+0100][13530.742s]   class space    used 7165K, capacity 7763K, committed 7936K, reserved 1048576K
