[2022-03-08T17:34:52.379+0100][0.022s] Heap region size: 1M
[2022-03-08T17:34:52.427+0100][0.070s] Using G1
[2022-03-08T17:34:52.427+0100][0.070s] Heap address: 0x00000000e0000000, size: 512 MB, Compressed Oops mode: 32-bit
[2022-03-08T17:34:52.428+0100][0.071s] Mark closed archive regions in map: [0x00000000fff00000, 0x00000000fff6aff8]
[2022-03-08T17:34:52.428+0100][0.071s] Mark open archive regions in map: [0x00000000ffe00000, 0x00000000ffe46ff8]
[2022-03-08T17:34:52.884+0100][0.527s] GC(0) Pause Young (Normal) (G1 Evacuation Pause)
[2022-03-08T17:34:52.885+0100][0.528s] GC(0) Using 10 workers of 10 for evacuation
[2022-03-08T17:34:52.893+0100][0.535s] GC(0)   Pre Evacuate Collection Set: 0.0ms
[2022-03-08T17:34:52.893+0100][0.535s] GC(0)   Evacuate Collection Set: 6.6ms
[2022-03-08T17:34:52.893+0100][0.535s] GC(0)   Post Evacuate Collection Set: 0.4ms
[2022-03-08T17:34:52.893+0100][0.535s] GC(0)   Other: 1.5ms
[2022-03-08T17:34:52.893+0100][0.535s] GC(0) Eden regions: 30->0(303)
[2022-03-08T17:34:52.893+0100][0.535s] GC(0) Survivor regions: 0->4(4)
[2022-03-08T17:34:52.893+0100][0.535s] GC(0) Old regions: 2->2
[2022-03-08T17:34:52.893+0100][0.535s] GC(0) Humongous regions: 0->0
[2022-03-08T17:34:52.893+0100][0.535s] GC(0) Metaspace: 8983K->8983K(1058816K)
[2022-03-08T17:34:52.893+0100][0.536s] GC(0) Pause Young (Normal) (G1 Evacuation Pause) 30M->4M(512M) 8.558ms
[2022-03-08T17:34:52.893+0100][0.536s] GC(0) User=0.08s Sys=0.00s Real=0.01s
[2022-03-08T17:34:53.578+0100][1.221s] GC(1) Pause Young (Concurrent Start) (Metadata GC Threshold)
[2022-03-08T17:34:53.578+0100][1.221s] GC(1) Using 10 workers of 10 for evacuation
[2022-03-08T17:34:53.589+0100][1.232s] GC(1)   Pre Evacuate Collection Set: 0.1ms
[2022-03-08T17:34:53.589+0100][1.232s] GC(1)   Evacuate Collection Set: 10.3ms
[2022-03-08T17:34:53.589+0100][1.232s] GC(1)   Post Evacuate Collection Set: 0.8ms
[2022-03-08T17:34:53.589+0100][1.232s] GC(1)   Other: 0.2ms
[2022-03-08T17:34:53.589+0100][1.232s] GC(1) Eden regions: 86->0(79)
[2022-03-08T17:34:53.589+0100][1.232s] GC(1) Survivor regions: 4->20(39)
[2022-03-08T17:34:53.589+0100][1.232s] GC(1) Old regions: 2->2
[2022-03-08T17:34:53.589+0100][1.232s] GC(1) Humongous regions: 4->4
[2022-03-08T17:34:53.589+0100][1.232s] GC(1) Metaspace: 20482K->20482K(1069056K)
[2022-03-08T17:34:53.589+0100][1.232s] GC(1) Pause Young (Concurrent Start) (Metadata GC Threshold) 93M->24M(512M) 11.392ms
[2022-03-08T17:34:53.589+0100][1.232s] GC(1) User=0.07s Sys=0.00s Real=0.01s
[2022-03-08T17:34:53.589+0100][1.232s] GC(2) Concurrent Cycle
[2022-03-08T17:34:53.589+0100][1.232s] GC(2) Concurrent Clear Claimed Marks
[2022-03-08T17:34:53.589+0100][1.232s] GC(2) Concurrent Clear Claimed Marks 0.015ms
[2022-03-08T17:34:53.589+0100][1.232s] GC(2) Concurrent Scan Root Regions
[2022-03-08T17:34:53.592+0100][1.235s] GC(2) Concurrent Scan Root Regions 3.110ms
[2022-03-08T17:34:53.592+0100][1.235s] GC(2) Concurrent Mark (1.235s)
[2022-03-08T17:34:53.592+0100][1.235s] GC(2) Concurrent Mark From Roots
[2022-03-08T17:34:53.592+0100][1.235s] GC(2) Using 3 workers of 3 for marking
[2022-03-08T17:34:53.595+0100][1.238s] GC(2) Concurrent Mark From Roots 2.739ms
[2022-03-08T17:34:53.595+0100][1.238s] GC(2) Concurrent Preclean
[2022-03-08T17:34:53.595+0100][1.238s] GC(2) Concurrent Preclean 0.112ms
[2022-03-08T17:34:53.595+0100][1.238s] GC(2) Concurrent Mark (1.235s, 1.238s) 2.899ms
[2022-03-08T17:34:53.595+0100][1.238s] GC(2) Pause Remark
[2022-03-08T17:34:53.596+0100][1.239s] GC(2) Cleaned string and symbol table, strings: 8820 processed, 0 removed, symbols: 61571 processed, 26 removed
[2022-03-08T17:34:53.596+0100][1.239s] GC(2) Pause Remark 25M->25M(512M) 1.019ms
[2022-03-08T17:34:53.596+0100][1.239s] GC(2) User=0.01s Sys=0.00s Real=0.00s
[2022-03-08T17:34:53.596+0100][1.239s] GC(2) Concurrent Rebuild Remembered Sets
[2022-03-08T17:34:53.598+0100][1.241s] GC(2) Concurrent Rebuild Remembered Sets 1.550ms
[2022-03-08T17:34:53.598+0100][1.241s] GC(2) Pause Cleanup
[2022-03-08T17:34:53.598+0100][1.241s] GC(2) Pause Cleanup 25M->25M(512M) 0.189ms
[2022-03-08T17:34:53.598+0100][1.241s] GC(2) User=0.00s Sys=0.00s Real=0.00s
[2022-03-08T17:34:53.598+0100][1.241s] GC(2) Concurrent Cleanup for Next Mark
[2022-03-08T17:34:53.599+0100][1.242s] GC(2) Concurrent Cleanup for Next Mark 0.305ms
[2022-03-08T17:34:53.599+0100][1.242s] GC(2) Concurrent Cycle 9.505ms
[2022-03-08T17:34:54.292+0100][1.935s] GC(3) Pause Young (Normal) (G1 Evacuation Pause)
[2022-03-08T17:34:54.292+0100][1.935s] GC(3) Using 10 workers of 10 for evacuation
[2022-03-08T17:34:54.300+0100][1.943s] GC(3)   Pre Evacuate Collection Set: 0.0ms
[2022-03-08T17:34:54.300+0100][1.943s] GC(3)   Evacuate Collection Set: 7.2ms
[2022-03-08T17:34:54.300+0100][1.943s] GC(3)   Post Evacuate Collection Set: 0.4ms
[2022-03-08T17:34:54.300+0100][1.943s] GC(3)   Other: 0.1ms
[2022-03-08T17:34:54.300+0100][1.943s] GC(3) Eden regions: 73->0(110)
[2022-03-08T17:34:54.300+0100][1.943s] GC(3) Survivor regions: 20->5(12)
[2022-03-08T17:34:54.300+0100][1.943s] GC(3) Old regions: 2->22
[2022-03-08T17:34:54.300+0100][1.943s] GC(3) Humongous regions: 4->4
[2022-03-08T17:34:54.300+0100][1.943s] GC(3) Metaspace: 29966K->29966K(1077248K)
[2022-03-08T17:34:54.300+0100][1.943s] GC(3) Pause Young (Normal) (G1 Evacuation Pause) 97M->28M(512M) 7.818ms
[2022-03-08T17:34:54.300+0100][1.943s] GC(3) User=0.08s Sys=0.00s Real=0.01s
[2022-03-08T17:34:54.642+0100][2.285s] GC(4) Pause Young (Concurrent Start) (Metadata GC Threshold)
[2022-03-08T17:34:54.642+0100][2.285s] GC(4) Using 10 workers of 10 for evacuation
[2022-03-08T17:34:54.648+0100][2.291s] GC(4)   Pre Evacuate Collection Set: 0.1ms
[2022-03-08T17:34:54.648+0100][2.291s] GC(4)   Evacuate Collection Set: 5.0ms
[2022-03-08T17:34:54.648+0100][2.291s] GC(4)   Post Evacuate Collection Set: 0.5ms
[2022-03-08T17:34:54.648+0100][2.291s] GC(4)   Other: 0.2ms
[2022-03-08T17:34:54.648+0100][2.291s] GC(4) Eden regions: 54->0(138)
[2022-03-08T17:34:54.648+0100][2.291s] GC(4) Survivor regions: 5->10(15)
[2022-03-08T17:34:54.648+0100][2.291s] GC(4) Old regions: 22->22
[2022-03-08T17:34:54.648+0100][2.291s] GC(4) Humongous regions: 7->5
[2022-03-08T17:34:54.648+0100][2.291s] GC(4) Metaspace: 34741K->34741K(1081344K)
[2022-03-08T17:34:54.648+0100][2.291s] GC(4) Pause Young (Concurrent Start) (Metadata GC Threshold) 85M->34M(512M) 5.834ms
[2022-03-08T17:34:54.648+0100][2.291s] GC(4) User=0.03s Sys=0.00s Real=0.01s
[2022-03-08T17:34:54.648+0100][2.291s] GC(5) Concurrent Cycle
[2022-03-08T17:34:54.648+0100][2.291s] GC(5) Concurrent Clear Claimed Marks
[2022-03-08T17:34:54.648+0100][2.291s] GC(5) Concurrent Clear Claimed Marks 0.021ms
[2022-03-08T17:34:54.648+0100][2.291s] GC(5) Concurrent Scan Root Regions
[2022-03-08T17:34:54.650+0100][2.293s] GC(5) Concurrent Scan Root Regions 1.561ms
[2022-03-08T17:34:54.650+0100][2.293s] GC(5) Concurrent Mark (2.293s)
[2022-03-08T17:34:54.650+0100][2.293s] GC(5) Concurrent Mark From Roots
[2022-03-08T17:34:54.650+0100][2.293s] GC(5) Using 3 workers of 3 for marking
[2022-03-08T17:34:54.659+0100][2.301s] GC(5) Concurrent Mark From Roots 8.826ms
[2022-03-08T17:34:54.659+0100][2.301s] GC(5) Concurrent Preclean
[2022-03-08T17:34:54.659+0100][2.302s] GC(5) Concurrent Preclean 0.137ms
[2022-03-08T17:34:54.659+0100][2.302s] GC(5) Concurrent Mark (2.293s, 2.302s) 9.006ms
[2022-03-08T17:34:54.659+0100][2.302s] GC(5) Pause Remark
[2022-03-08T17:34:54.661+0100][2.304s] GC(5) Cleaned string and symbol table, strings: 14995 processed, 27 removed, symbols: 104295 processed, 60 removed
[2022-03-08T17:34:54.661+0100][2.304s] GC(5) Pause Remark 36M->36M(512M) 2.582ms
[2022-03-08T17:34:54.661+0100][2.304s] GC(5) User=0.03s Sys=0.00s Real=0.00s
[2022-03-08T17:34:54.662+0100][2.304s] GC(5) Concurrent Rebuild Remembered Sets
[2022-03-08T17:34:54.667+0100][2.310s] GC(5) Concurrent Rebuild Remembered Sets 5.577ms
[2022-03-08T17:34:54.667+0100][2.310s] GC(5) Pause Cleanup
[2022-03-08T17:34:54.667+0100][2.310s] GC(5) Pause Cleanup 37M->37M(512M) 0.078ms
[2022-03-08T17:34:54.667+0100][2.310s] GC(5) User=0.00s Sys=0.00s Real=0.00s
[2022-03-08T17:34:54.667+0100][2.310s] GC(5) Concurrent Cleanup for Next Mark
[2022-03-08T17:34:54.668+0100][2.311s] GC(5) Concurrent Cleanup for Next Mark 0.370ms
[2022-03-08T17:34:54.668+0100][2.311s] GC(5) Concurrent Cycle 19.777ms
[2022-03-08T17:34:55.361+0100][3.004s] GC(6) Pause Young (Normal) (G1 Evacuation Pause)
[2022-03-08T17:34:55.361+0100][3.004s] GC(6) Using 10 workers of 10 for evacuation
[2022-03-08T17:34:55.371+0100][3.014s] GC(6)   Pre Evacuate Collection Set: 0.0ms
[2022-03-08T17:34:55.371+0100][3.014s] GC(6)   Evacuate Collection Set: 6.2ms
[2022-03-08T17:34:55.371+0100][3.014s] GC(6)   Post Evacuate Collection Set: 4.0ms
[2022-03-08T17:34:55.371+0100][3.014s] GC(6)   Other: 0.3ms
[2022-03-08T17:34:55.371+0100][3.014s] GC(6) Eden regions: 145->0(284)
[2022-03-08T17:34:55.371+0100][3.014s] GC(6) Survivor regions: 10->15(20)
[2022-03-08T17:34:55.371+0100][3.014s] GC(6) Old regions: 22->22
[2022-03-08T17:34:55.371+0100][3.014s] GC(6) Humongous regions: 5->5
[2022-03-08T17:34:55.371+0100][3.014s] GC(6) Metaspace: 44182K->44182K(1089536K)
[2022-03-08T17:34:55.371+0100][3.014s] GC(6) Pause Young (Normal) (G1 Evacuation Pause) 179M->39M(512M) 10.632ms
[2022-03-08T17:34:55.371+0100][3.014s] GC(6) User=0.11s Sys=0.00s Real=0.01s
[2022-03-08T17:35:02.702+0100][10.345s] Heap
[2022-03-08T17:35:02.702+0100][10.345s]  garbage-first heap   total 524288K, used 98728K [0x00000000e0000000, 0x0000000100000000)
[2022-03-08T17:35:02.702+0100][10.345s]   region size 1024K, 70 young (71680K), 15 survivors (15360K)
[2022-03-08T17:35:02.702+0100][10.345s]  Metaspace       used 49539K, capacity 50736K, committed 50972K, reserved 1093632K
[2022-03-08T17:35:02.702+0100][10.345s]   class space    used 5958K, capacity 6458K, committed 6528K, reserved 1048576K
