[2022-03-08T17:35:30.083+0100][0.023s] Heap region size: 1M
[2022-03-08T17:35:30.130+0100][0.070s] Using G1
[2022-03-08T17:35:30.130+0100][0.070s] Heap address: 0x00000000e0000000, size: 512 MB, Compressed Oops mode: 32-bit
[2022-03-08T17:35:30.130+0100][0.070s] Mark closed archive regions in map: [0x00000000fff00000, 0x00000000fff6aff8]
[2022-03-08T17:35:30.130+0100][0.070s] Mark open archive regions in map: [0x00000000ffe00000, 0x00000000ffe46ff8]
[2022-03-08T17:35:30.583+0100][0.523s] GC(0) Pause Young (Normal) (G1 Evacuation Pause)
[2022-03-08T17:35:30.584+0100][0.524s] GC(0) Using 10 workers of 10 for evacuation
[2022-03-08T17:35:30.592+0100][0.532s] GC(0)   Pre Evacuate Collection Set: 0.0ms
[2022-03-08T17:35:30.592+0100][0.532s] GC(0)   Evacuate Collection Set: 7.0ms
[2022-03-08T17:35:30.592+0100][0.532s] GC(0)   Post Evacuate Collection Set: 0.3ms
[2022-03-08T17:35:30.592+0100][0.532s] GC(0)   Other: 1.1ms
[2022-03-08T17:35:30.592+0100][0.532s] GC(0) Eden regions: 30->0(303)
[2022-03-08T17:35:30.592+0100][0.532s] GC(0) Survivor regions: 0->4(4)
[2022-03-08T17:35:30.592+0100][0.532s] GC(0) Old regions: 2->2
[2022-03-08T17:35:30.592+0100][0.532s] GC(0) Humongous regions: 0->0
[2022-03-08T17:35:30.592+0100][0.532s] GC(0) Metaspace: 9116K->9116K(1058816K)
[2022-03-08T17:35:30.592+0100][0.532s] GC(0) Pause Young (Normal) (G1 Evacuation Pause) 30M->4M(512M) 8.512ms
[2022-03-08T17:35:30.592+0100][0.532s] GC(0) User=0.08s Sys=0.00s Real=0.01s
[2022-03-08T17:35:31.275+0100][1.215s] GC(1) Pause Young (Concurrent Start) (Metadata GC Threshold)
[2022-03-08T17:35:31.275+0100][1.215s] GC(1) Using 10 workers of 10 for evacuation
[2022-03-08T17:35:31.285+0100][1.225s] GC(1)   Pre Evacuate Collection Set: 0.0ms
[2022-03-08T17:35:31.285+0100][1.225s] GC(1)   Evacuate Collection Set: 9.0ms
[2022-03-08T17:35:31.285+0100][1.225s] GC(1)   Post Evacuate Collection Set: 0.6ms
[2022-03-08T17:35:31.285+0100][1.225s] GC(1)   Other: 0.2ms
[2022-03-08T17:35:31.285+0100][1.225s] GC(1) Eden regions: 87->0(80)
[2022-03-08T17:35:31.285+0100][1.225s] GC(1) Survivor regions: 4->20(39)
[2022-03-08T17:35:31.285+0100][1.225s] GC(1) Old regions: 2->2
[2022-03-08T17:35:31.285+0100][1.225s] GC(1) Humongous regions: 4->4
[2022-03-08T17:35:31.285+0100][1.225s] GC(1) Metaspace: 20453K->20453K(1069056K)
[2022-03-08T17:35:31.285+0100][1.225s] GC(1) Pause Young (Concurrent Start) (Metadata GC Threshold) 94M->24M(512M) 9.888ms
[2022-03-08T17:35:31.285+0100][1.225s] GC(1) User=0.05s Sys=0.02s Real=0.01s
[2022-03-08T17:35:31.285+0100][1.225s] GC(2) Concurrent Cycle
[2022-03-08T17:35:31.285+0100][1.225s] GC(2) Concurrent Clear Claimed Marks
[2022-03-08T17:35:31.285+0100][1.225s] GC(2) Concurrent Clear Claimed Marks 0.015ms
[2022-03-08T17:35:31.285+0100][1.225s] GC(2) Concurrent Scan Root Regions
[2022-03-08T17:35:31.288+0100][1.228s] GC(2) Concurrent Scan Root Regions 3.468ms
[2022-03-08T17:35:31.288+0100][1.228s] GC(2) Concurrent Mark (1.228s)
[2022-03-08T17:35:31.288+0100][1.228s] GC(2) Concurrent Mark From Roots
[2022-03-08T17:35:31.288+0100][1.228s] GC(2) Using 3 workers of 3 for marking
[2022-03-08T17:35:31.294+0100][1.234s] GC(2) Concurrent Mark From Roots 5.185ms
[2022-03-08T17:35:31.294+0100][1.234s] GC(2) Concurrent Preclean
[2022-03-08T17:35:31.294+0100][1.234s] GC(2) Concurrent Preclean 0.101ms
[2022-03-08T17:35:31.294+0100][1.234s] GC(2) Concurrent Mark (1.228s, 1.234s) 5.319ms
[2022-03-08T17:35:31.294+0100][1.234s] GC(2) Pause Remark
[2022-03-08T17:35:31.295+0100][1.235s] GC(2) Cleaned string and symbol table, strings: 8822 processed, 0 removed, symbols: 61736 processed, 26 removed
[2022-03-08T17:35:31.295+0100][1.235s] GC(2) Pause Remark 25M->25M(512M) 0.959ms
[2022-03-08T17:35:31.295+0100][1.235s] GC(2) User=0.01s Sys=0.00s Real=0.00s
[2022-03-08T17:35:31.295+0100][1.235s] GC(2) Concurrent Rebuild Remembered Sets
[2022-03-08T17:35:31.297+0100][1.237s] GC(2) Concurrent Rebuild Remembered Sets 1.815ms
[2022-03-08T17:35:31.297+0100][1.237s] GC(2) Pause Cleanup
[2022-03-08T17:35:31.297+0100][1.237s] GC(2) Pause Cleanup 25M->25M(512M) 0.185ms
[2022-03-08T17:35:31.297+0100][1.237s] GC(2) User=0.01s Sys=0.00s Real=0.00s
[2022-03-08T17:35:31.297+0100][1.237s] GC(2) Concurrent Cleanup for Next Mark
[2022-03-08T17:35:31.297+0100][1.237s] GC(2) Concurrent Cleanup for Next Mark 0.295ms
[2022-03-08T17:35:31.297+0100][1.237s] GC(2) Concurrent Cycle 12.413ms
[2022-03-08T17:35:31.997+0100][1.937s] GC(3) Pause Young (Normal) (G1 Evacuation Pause)
[2022-03-08T17:35:31.997+0100][1.937s] GC(3) Using 10 workers of 10 for evacuation
[2022-03-08T17:35:32.005+0100][1.945s] GC(3)   Pre Evacuate Collection Set: 0.0ms
[2022-03-08T17:35:32.005+0100][1.945s] GC(3)   Evacuate Collection Set: 7.7ms
[2022-03-08T17:35:32.005+0100][1.945s] GC(3)   Post Evacuate Collection Set: 0.5ms
[2022-03-08T17:35:32.005+0100][1.945s] GC(3)   Other: 0.1ms
[2022-03-08T17:35:32.005+0100][1.945s] GC(3) Eden regions: 74->0(120)
[2022-03-08T17:35:32.005+0100][1.945s] GC(3) Survivor regions: 20->5(12)
[2022-03-08T17:35:32.005+0100][1.945s] GC(3) Old regions: 2->21
[2022-03-08T17:35:32.005+0100][1.945s] GC(3) Humongous regions: 4->4
[2022-03-08T17:35:32.005+0100][1.945s] GC(3) Metaspace: 29928K->29928K(1077248K)
[2022-03-08T17:35:32.005+0100][1.945s] GC(3) Pause Young (Normal) (G1 Evacuation Pause) 98M->27M(512M) 8.415ms
[2022-03-08T17:35:32.005+0100][1.945s] GC(3) User=0.09s Sys=0.00s Real=0.00s
[2022-03-08T17:35:32.334+0100][2.274s] GC(4) Pause Young (Concurrent Start) (Metadata GC Threshold)
[2022-03-08T17:35:32.334+0100][2.274s] GC(4) Using 10 workers of 10 for evacuation
[2022-03-08T17:35:32.340+0100][2.280s] GC(4)   Pre Evacuate Collection Set: 0.1ms
[2022-03-08T17:35:32.340+0100][2.280s] GC(4)   Evacuate Collection Set: 4.7ms
[2022-03-08T17:35:32.340+0100][2.280s] GC(4)   Post Evacuate Collection Set: 1.0ms
[2022-03-08T17:35:32.340+0100][2.280s] GC(4)   Other: 0.2ms
[2022-03-08T17:35:32.340+0100][2.280s] GC(4) Eden regions: 58->0(145)
[2022-03-08T17:35:32.340+0100][2.280s] GC(4) Survivor regions: 5->11(16)
[2022-03-08T17:35:32.340+0100][2.280s] GC(4) Old regions: 21->21
[2022-03-08T17:35:32.340+0100][2.280s] GC(4) Humongous regions: 7->5
[2022-03-08T17:35:32.340+0100][2.280s] GC(4) Metaspace: 34808K->34808K(1081344K)
[2022-03-08T17:35:32.340+0100][2.280s] GC(4) Pause Young (Concurrent Start) (Metadata GC Threshold) 88M->34M(512M) 6.056ms
[2022-03-08T17:35:32.340+0100][2.280s] GC(4) User=0.05s Sys=0.00s Real=0.01s
[2022-03-08T17:35:32.340+0100][2.280s] GC(5) Concurrent Cycle
[2022-03-08T17:35:32.340+0100][2.280s] GC(5) Concurrent Clear Claimed Marks
[2022-03-08T17:35:32.340+0100][2.280s] GC(5) Concurrent Clear Claimed Marks 0.023ms
[2022-03-08T17:35:32.340+0100][2.280s] GC(5) Concurrent Scan Root Regions
[2022-03-08T17:35:32.341+0100][2.281s] GC(5) Concurrent Scan Root Regions 1.335ms
[2022-03-08T17:35:32.341+0100][2.281s] GC(5) Concurrent Mark (2.281s)
[2022-03-08T17:35:32.341+0100][2.281s] GC(5) Concurrent Mark From Roots
[2022-03-08T17:35:32.341+0100][2.281s] GC(5) Using 3 workers of 3 for marking
[2022-03-08T17:35:32.350+0100][2.290s] GC(5) Concurrent Mark From Roots 9.067ms
[2022-03-08T17:35:32.350+0100][2.290s] GC(5) Concurrent Preclean
[2022-03-08T17:35:32.350+0100][2.290s] GC(5) Concurrent Preclean 0.132ms
[2022-03-08T17:35:32.350+0100][2.290s] GC(5) Concurrent Mark (2.281s, 2.290s) 9.258ms
[2022-03-08T17:35:32.350+0100][2.290s] GC(5) Pause Remark
[2022-03-08T17:35:32.354+0100][2.294s] GC(5) Cleaned string and symbol table, strings: 14997 processed, 27 removed, symbols: 104313 processed, 60 removed
[2022-03-08T17:35:32.355+0100][2.295s] GC(5) Pause Remark 37M->37M(512M) 4.260ms
[2022-03-08T17:35:32.355+0100][2.295s] GC(5) User=0.04s Sys=0.00s Real=0.00s
[2022-03-08T17:35:32.355+0100][2.295s] GC(5) Concurrent Rebuild Remembered Sets
[2022-03-08T17:35:32.361+0100][2.301s] GC(5) Concurrent Rebuild Remembered Sets 5.690ms
[2022-03-08T17:35:32.361+0100][2.301s] GC(5) Pause Cleanup
[2022-03-08T17:35:32.361+0100][2.301s] GC(5) Pause Cleanup 38M->38M(512M) 0.136ms
[2022-03-08T17:35:32.361+0100][2.301s] GC(5) User=0.00s Sys=0.00s Real=0.00s
[2022-03-08T17:35:32.361+0100][2.301s] GC(5) Concurrent Cleanup for Next Mark
[2022-03-08T17:35:32.361+0100][2.301s] GC(5) Concurrent Cleanup for Next Mark 0.375ms
[2022-03-08T17:35:32.361+0100][2.301s] GC(5) Concurrent Cycle 21.628ms
[2022-03-08T17:35:33.080+0100][3.020s] GC(6) Pause Young (Normal) (G1 Evacuation Pause)
[2022-03-08T17:35:33.081+0100][3.021s] GC(6) Using 10 workers of 10 for evacuation
[2022-03-08T17:35:33.088+0100][3.028s] GC(6)   Pre Evacuate Collection Set: 0.0ms
[2022-03-08T17:35:33.088+0100][3.028s] GC(6)   Evacuate Collection Set: 5.9ms
[2022-03-08T17:35:33.088+0100][3.028s] GC(6)   Post Evacuate Collection Set: 1.6ms
[2022-03-08T17:35:33.088+0100][3.028s] GC(6)   Other: 0.2ms
[2022-03-08T17:35:33.088+0100][3.028s] GC(6) Eden regions: 153->0(292)
[2022-03-08T17:35:33.088+0100][3.028s] GC(6) Survivor regions: 11->15(21)
[2022-03-08T17:35:33.088+0100][3.028s] GC(6) Old regions: 21->21
[2022-03-08T17:35:33.088+0100][3.028s] GC(6) Humongous regions: 5->5
[2022-03-08T17:35:33.088+0100][3.028s] GC(6) Metaspace: 44265K->44265K(1089536K)
[2022-03-08T17:35:33.088+0100][3.028s] GC(6) Pause Young (Normal) (G1 Evacuation Pause) 187M->38M(512M) 7.791ms
[2022-03-08T17:35:33.088+0100][3.028s] GC(6) User=0.07s Sys=0.00s Real=0.01s
[2022-03-08T17:35:43.340+0100][13.280s] Heap
[2022-03-08T17:35:43.340+0100][13.280s]  garbage-first heap   total 524288K, used 99998K [0x00000000e0000000, 0x0000000100000000)
[2022-03-08T17:35:43.340+0100][13.280s]   region size 1024K, 72 young (73728K), 15 survivors (15360K)
[2022-03-08T17:35:43.340+0100][13.280s]  Metaspace       used 49646K, capacity 50865K, committed 50972K, reserved 1093632K
[2022-03-08T17:35:43.340+0100][13.280s]   class space    used 5960K, capacity 6458K, committed 6528K, reserved 1048576K
