[2022-03-05T17:20:48.856+0100][0.023s] Heap region size: 1M
[2022-03-05T17:20:48.901+0100][0.068s] Using G1
[2022-03-05T17:20:48.901+0100][0.068s] Heap address: 0x00000000e0000000, size: 512 MB, Compressed Oops mode: 32-bit
[2022-03-05T17:20:48.901+0100][0.068s] Mark closed archive regions in map: [0x00000000fff00000, 0x00000000fff6aff8]
[2022-03-05T17:20:48.901+0100][0.068s] Mark open archive regions in map: [0x00000000ffe00000, 0x00000000ffe46ff8]
[2022-03-05T17:20:49.224+0100][0.391s] GC(0) Pause Young (Normal) (G1 Evacuation Pause)
[2022-03-05T17:20:49.225+0100][0.392s] GC(0) Using 10 workers of 10 for evacuation
[2022-03-05T17:20:49.235+0100][0.402s] GC(0)   Pre Evacuate Collection Set: 0.0ms
[2022-03-05T17:20:49.235+0100][0.402s] GC(0)   Evacuate Collection Set: 8.6ms
[2022-03-05T17:20:49.235+0100][0.402s] GC(0)   Post Evacuate Collection Set: 1.3ms
[2022-03-05T17:20:49.235+0100][0.402s] GC(0)   Other: 1.1ms
[2022-03-05T17:20:49.235+0100][0.402s] GC(0) Eden regions: 30->0(304)
[2022-03-05T17:20:49.235+0100][0.402s] GC(0) Survivor regions: 0->3(4)
[2022-03-05T17:20:49.235+0100][0.402s] GC(0) Old regions: 2->2
[2022-03-05T17:20:49.235+0100][0.402s] GC(0) Humongous regions: 0->0
[2022-03-05T17:20:49.235+0100][0.402s] GC(0) Metaspace: 6319K->6319K(1056768K)
[2022-03-05T17:20:49.235+0100][0.402s] GC(0) Pause Young (Normal) (G1 Evacuation Pause) 30M->3M(512M) 11.101ms
[2022-03-05T17:20:49.235+0100][0.402s] GC(0) User=0.10s Sys=0.00s Real=0.01s
[2022-03-05T17:20:49.958+0100][1.125s] GC(1) Pause Young (Concurrent Start) (Metadata GC Threshold)
[2022-03-05T17:20:49.958+0100][1.125s] GC(1) Using 10 workers of 10 for evacuation
[2022-03-05T17:20:49.969+0100][1.137s] GC(1)   Pre Evacuate Collection Set: 0.0ms
[2022-03-05T17:20:49.969+0100][1.137s] GC(1)   Evacuate Collection Set: 10.3ms
[2022-03-05T17:20:49.969+0100][1.137s] GC(1)   Post Evacuate Collection Set: 0.9ms
[2022-03-05T17:20:49.969+0100][1.137s] GC(1)   Other: 0.2ms
[2022-03-05T17:20:49.969+0100][1.137s] GC(1) Eden regions: 92->0(83)
[2022-03-05T17:20:49.969+0100][1.137s] GC(1) Survivor regions: 3->21(39)
[2022-03-05T17:20:49.969+0100][1.137s] GC(1) Old regions: 2->2
[2022-03-05T17:20:49.969+0100][1.137s] GC(1) Humongous regions: 4->4
[2022-03-05T17:20:49.969+0100][1.137s] GC(1) Metaspace: 20402K->20402K(1069056K)
[2022-03-05T17:20:49.969+0100][1.137s] GC(1) Pause Young (Concurrent Start) (Metadata GC Threshold) 99M->24M(512M) 11.536ms
[2022-03-05T17:20:49.969+0100][1.137s] GC(1) User=0.07s Sys=0.00s Real=0.01s
[2022-03-05T17:20:49.969+0100][1.137s] GC(2) Concurrent Cycle
[2022-03-05T17:20:49.969+0100][1.137s] GC(2) Concurrent Clear Claimed Marks
[2022-03-05T17:20:49.969+0100][1.137s] GC(2) Concurrent Clear Claimed Marks 0.014ms
[2022-03-05T17:20:49.969+0100][1.137s] GC(2) Concurrent Scan Root Regions
[2022-03-05T17:20:49.973+0100][1.141s] GC(2) Concurrent Scan Root Regions 3.709ms
[2022-03-05T17:20:49.973+0100][1.141s] GC(2) Concurrent Mark (1.141s)
[2022-03-05T17:20:49.973+0100][1.141s] GC(2) Concurrent Mark From Roots
[2022-03-05T17:20:49.973+0100][1.141s] GC(2) Using 3 workers of 3 for marking
[2022-03-05T17:20:49.976+0100][1.143s] GC(2) Concurrent Mark From Roots 2.748ms
[2022-03-05T17:20:49.976+0100][1.143s] GC(2) Concurrent Preclean
[2022-03-05T17:20:49.976+0100][1.143s] GC(2) Concurrent Preclean 0.099ms
[2022-03-05T17:20:49.976+0100][1.143s] GC(2) Concurrent Mark (1.141s, 1.143s) 2.869ms
[2022-03-05T17:20:49.976+0100][1.144s] GC(2) Pause Remark
[2022-03-05T17:20:49.977+0100][1.144s] GC(2) Cleaned string and symbol table, strings: 8807 processed, 0 removed, symbols: 61668 processed, 26 removed
[2022-03-05T17:20:49.977+0100][1.145s] GC(2) Pause Remark 25M->25M(512M) 0.973ms
[2022-03-05T17:20:49.977+0100][1.145s] GC(2) User=0.01s Sys=0.00s Real=0.00s
[2022-03-05T17:20:49.977+0100][1.145s] GC(2) Concurrent Rebuild Remembered Sets
[2022-03-05T17:20:49.979+0100][1.146s] GC(2) Concurrent Rebuild Remembered Sets 1.639ms
[2022-03-05T17:20:49.979+0100][1.146s] GC(2) Pause Cleanup
[2022-03-05T17:20:49.979+0100][1.146s] GC(2) Pause Cleanup 25M->25M(512M) 0.176ms
[2022-03-05T17:20:49.979+0100][1.146s] GC(2) User=0.00s Sys=0.00s Real=0.00s
[2022-03-05T17:20:49.979+0100][1.147s] GC(2) Concurrent Cleanup for Next Mark
[2022-03-05T17:20:49.979+0100][1.147s] GC(2) Concurrent Cleanup for Next Mark 0.174ms
[2022-03-05T17:20:49.979+0100][1.147s] GC(2) Concurrent Cycle 9.926ms
[2022-03-05T17:20:50.568+0100][1.735s] GC(3) Pause Young (Normal) (G1 Evacuation Pause)
[2022-03-05T17:20:50.568+0100][1.735s] GC(3) Using 10 workers of 10 for evacuation
[2022-03-05T17:20:50.576+0100][1.744s] GC(3)   Pre Evacuate Collection Set: 0.0ms
[2022-03-05T17:20:50.576+0100][1.744s] GC(3)   Evacuate Collection Set: 8.1ms
[2022-03-05T17:20:50.576+0100][1.744s] GC(3)   Post Evacuate Collection Set: 0.5ms
[2022-03-05T17:20:50.576+0100][1.744s] GC(3)   Other: 0.1ms
[2022-03-05T17:20:50.576+0100][1.744s] GC(3) Eden regions: 74->0(119)
[2022-03-05T17:20:50.576+0100][1.744s] GC(3) Survivor regions: 21->5(12)
[2022-03-05T17:20:50.576+0100][1.744s] GC(3) Old regions: 2->21
[2022-03-05T17:20:50.576+0100][1.744s] GC(3) Humongous regions: 4->4
[2022-03-05T17:20:50.576+0100][1.744s] GC(3) Metaspace: 30362K->30362K(1077248K)
[2022-03-05T17:20:50.576+0100][1.744s] GC(3) Pause Young (Normal) (G1 Evacuation Pause) 98M->27M(512M) 8.723ms
[2022-03-05T17:20:50.576+0100][1.744s] GC(3) User=0.10s Sys=0.00s Real=0.01s
[2022-03-05T17:20:52.709+0100][3.876s] GC(4) Pause Young (Concurrent Start) (Metadata GC Threshold)
[2022-03-05T17:20:52.709+0100][3.876s] GC(4) Using 10 workers of 10 for evacuation
[2022-03-05T17:20:52.714+0100][3.881s] GC(4)   Pre Evacuate Collection Set: 0.1ms
[2022-03-05T17:20:52.714+0100][3.881s] GC(4)   Evacuate Collection Set: 4.0ms
[2022-03-05T17:20:52.714+0100][3.881s] GC(4)   Post Evacuate Collection Set: 1.1ms
[2022-03-05T17:20:52.714+0100][3.881s] GC(4)   Other: 0.1ms
[2022-03-05T17:20:52.714+0100][3.881s] GC(4) Eden regions: 38->0(137)
[2022-03-05T17:20:52.714+0100][3.881s] GC(4) Survivor regions: 5->6(16)
[2022-03-05T17:20:52.714+0100][3.881s] GC(4) Old regions: 21->21
[2022-03-05T17:20:52.714+0100][3.881s] GC(4) Humongous regions: 4->4
[2022-03-05T17:20:52.714+0100][3.881s] GC(4) Metaspace: 34902K->34902K(1081344K)
[2022-03-05T17:20:52.714+0100][3.882s] GC(4) Pause Young (Concurrent Start) (Metadata GC Threshold) 65M->29M(512M) 5.374ms
[2022-03-05T17:20:52.714+0100][3.882s] GC(4) User=0.04s Sys=0.00s Real=0.01s
[2022-03-05T17:20:52.714+0100][3.882s] GC(5) Concurrent Cycle
[2022-03-05T17:20:52.714+0100][3.882s] GC(5) Concurrent Clear Claimed Marks
[2022-03-05T17:20:52.714+0100][3.882s] GC(5) Concurrent Clear Claimed Marks 0.018ms
[2022-03-05T17:20:52.714+0100][3.882s] GC(5) Concurrent Scan Root Regions
[2022-03-05T17:20:52.715+0100][3.883s] GC(5) Concurrent Scan Root Regions 1.265ms
[2022-03-05T17:20:52.715+0100][3.883s] GC(5) Concurrent Mark (3.883s)
[2022-03-05T17:20:52.715+0100][3.883s] GC(5) Concurrent Mark From Roots
[2022-03-05T17:20:52.716+0100][3.883s] GC(5) Using 3 workers of 3 for marking
[2022-03-05T17:20:52.724+0100][3.891s] GC(5) Concurrent Mark From Roots 8.282ms
[2022-03-05T17:20:52.724+0100][3.891s] GC(5) Concurrent Preclean
[2022-03-05T17:20:52.724+0100][3.891s] GC(5) Concurrent Preclean 0.143ms
[2022-03-05T17:20:52.724+0100][3.891s] GC(5) Concurrent Mark (3.883s, 3.891s) 8.457ms
[2022-03-05T17:20:52.724+0100][3.891s] GC(5) Pause Remark
[2022-03-05T17:20:52.726+0100][3.893s] GC(5) Cleaned string and symbol table, strings: 14823 processed, 27 removed, symbols: 100809 processed, 63 removed
[2022-03-05T17:20:52.726+0100][3.893s] GC(5) Pause Remark 29M->29M(512M) 1.956ms
[2022-03-05T17:20:52.726+0100][3.893s] GC(5) User=0.01s Sys=0.00s Real=0.00s
[2022-03-05T17:20:52.726+0100][3.894s] GC(5) Concurrent Rebuild Remembered Sets
[2022-03-05T17:20:52.731+0100][3.898s] GC(5) Concurrent Rebuild Remembered Sets 4.507ms
[2022-03-05T17:20:52.731+0100][3.898s] GC(5) Pause Cleanup
[2022-03-05T17:20:52.731+0100][3.898s] GC(5) Pause Cleanup 30M->30M(512M) 0.168ms
[2022-03-05T17:20:52.731+0100][3.898s] GC(5) User=0.00s Sys=0.00s Real=0.00s
[2022-03-05T17:20:52.731+0100][3.898s] GC(5) Concurrent Cleanup for Next Mark
[2022-03-05T17:20:52.731+0100][3.899s] GC(5) Concurrent Cleanup for Next Mark 0.287ms
[2022-03-05T17:20:52.731+0100][3.899s] GC(5) Concurrent Cycle 17.193ms
[2022-03-05T17:20:53.479+0100][4.646s] GC(6) Pause Young (Normal) (G1 Evacuation Pause)
[2022-03-05T17:20:53.479+0100][4.646s] GC(6) Using 10 workers of 10 for evacuation
[2022-03-05T17:20:53.483+0100][4.651s] GC(6)   Pre Evacuate Collection Set: 0.0ms
[2022-03-05T17:20:53.483+0100][4.651s] GC(6)   Evacuate Collection Set: 4.1ms
[2022-03-05T17:20:53.483+0100][4.651s] GC(6)   Post Evacuate Collection Set: 0.4ms
[2022-03-05T17:20:53.483+0100][4.651s] GC(6)   Other: 0.1ms
[2022-03-05T17:20:53.483+0100][4.651s] GC(6) Eden regions: 144->0(185)
[2022-03-05T17:20:53.483+0100][4.651s] GC(6) Survivor regions: 6->12(19)
[2022-03-05T17:20:53.483+0100][4.651s] GC(6) Old regions: 21->21
[2022-03-05T17:20:53.483+0100][4.651s] GC(6) Humongous regions: 5->4
[2022-03-05T17:20:53.483+0100][4.651s] GC(6) Metaspace: 44533K->44533K(1089536K)
[2022-03-05T17:20:53.483+0100][4.651s] GC(6) Pause Young (Normal) (G1 Evacuation Pause) 174M->35M(512M) 4.747ms
[2022-03-05T17:20:53.483+0100][4.651s] GC(6) User=0.05s Sys=0.00s Real=0.01s
[2022-03-05T17:26:02.375+0100][313.542s] Heap
[2022-03-05T17:26:02.375+0100][313.542s]  garbage-first heap   total 524288K, used 86247K [0x00000000e0000000, 0x0000000100000000)
[2022-03-05T17:26:02.375+0100][313.542s]   region size 1024K, 62 young (63488K), 12 survivors (12288K)
[2022-03-05T17:26:02.375+0100][313.542s]  Metaspace       used 47956K, capacity 49182K, committed 49456K, reserved 1093632K
[2022-03-05T17:26:02.375+0100][313.542s]   class space    used 5745K, capacity 6239K, committed 6272K, reserved 1048576K
