[2022-03-08T17:43:16.388+0100][0.024s] Heap region size: 1M
[2022-03-08T17:43:16.435+0100][0.071s] Using G1
[2022-03-08T17:43:16.435+0100][0.071s] Heap address: 0x00000000e0000000, size: 512 MB, Compressed Oops mode: 32-bit
[2022-03-08T17:43:16.435+0100][0.072s] Mark closed archive regions in map: [0x00000000fff00000, 0x00000000fff6aff8]
[2022-03-08T17:43:16.435+0100][0.072s] Mark open archive regions in map: [0x00000000ffe00000, 0x00000000ffe46ff8]
[2022-03-08T17:43:16.894+0100][0.530s] GC(0) Pause Young (Normal) (G1 Evacuation Pause)
[2022-03-08T17:43:16.895+0100][0.531s] GC(0) Using 10 workers of 10 for evacuation
[2022-03-08T17:43:16.903+0100][0.539s] GC(0)   Pre Evacuate Collection Set: 0.0ms
[2022-03-08T17:43:16.903+0100][0.539s] GC(0)   Evacuate Collection Set: 7.0ms
[2022-03-08T17:43:16.903+0100][0.539s] GC(0)   Post Evacuate Collection Set: 0.9ms
[2022-03-08T17:43:16.903+0100][0.539s] GC(0)   Other: 1.2ms
[2022-03-08T17:43:16.903+0100][0.539s] GC(0) Eden regions: 30->0(303)
[2022-03-08T17:43:16.903+0100][0.539s] GC(0) Survivor regions: 0->4(4)
[2022-03-08T17:43:16.903+0100][0.539s] GC(0) Old regions: 2->2
[2022-03-08T17:43:16.903+0100][0.539s] GC(0) Humongous regions: 0->0
[2022-03-08T17:43:16.903+0100][0.539s] GC(0) Metaspace: 9122K->9122K(1058816K)
[2022-03-08T17:43:16.903+0100][0.539s] GC(0) Pause Young (Normal) (G1 Evacuation Pause) 30M->4M(512M) 9.098ms
[2022-03-08T17:43:16.903+0100][0.539s] GC(0) User=0.08s Sys=0.00s Real=0.01s
[2022-03-08T17:43:17.530+0100][1.166s] GC(1) Pause Young (Concurrent Start) (Metadata GC Threshold)
[2022-03-08T17:43:17.530+0100][1.166s] GC(1) Using 10 workers of 10 for evacuation
[2022-03-08T17:43:17.540+0100][1.176s] GC(1)   Pre Evacuate Collection Set: 0.0ms
[2022-03-08T17:43:17.540+0100][1.176s] GC(1)   Evacuate Collection Set: 9.1ms
[2022-03-08T17:43:17.540+0100][1.176s] GC(1)   Post Evacuate Collection Set: 0.5ms
[2022-03-08T17:43:17.540+0100][1.176s] GC(1)   Other: 0.2ms
[2022-03-08T17:43:17.540+0100][1.176s] GC(1) Eden regions: 86->0(81)
[2022-03-08T17:43:17.540+0100][1.176s] GC(1) Survivor regions: 4->20(39)
[2022-03-08T17:43:17.540+0100][1.176s] GC(1) Old regions: 2->2
[2022-03-08T17:43:17.540+0100][1.176s] GC(1) Humongous regions: 4->4
[2022-03-08T17:43:17.540+0100][1.176s] GC(1) Metaspace: 20454K->20454K(1069056K)
[2022-03-08T17:43:17.540+0100][1.176s] GC(1) Pause Young (Concurrent Start) (Metadata GC Threshold) 94M->24M(512M) 9.871ms
[2022-03-08T17:43:17.540+0100][1.176s] GC(1) User=0.06s Sys=0.00s Real=0.01s
[2022-03-08T17:43:17.540+0100][1.176s] GC(2) Concurrent Cycle
[2022-03-08T17:43:17.540+0100][1.176s] GC(2) Concurrent Clear Claimed Marks
[2022-03-08T17:43:17.540+0100][1.176s] GC(2) Concurrent Clear Claimed Marks 0.017ms
[2022-03-08T17:43:17.540+0100][1.176s] GC(2) Concurrent Scan Root Regions
[2022-03-08T17:43:17.542+0100][1.179s] GC(2) Concurrent Scan Root Regions 2.466ms
[2022-03-08T17:43:17.542+0100][1.179s] GC(2) Concurrent Mark (1.179s)
[2022-03-08T17:43:17.542+0100][1.179s] GC(2) Concurrent Mark From Roots
[2022-03-08T17:43:17.542+0100][1.179s] GC(2) Using 3 workers of 3 for marking
[2022-03-08T17:43:17.546+0100][1.182s] GC(2) Concurrent Mark From Roots 3.553ms
[2022-03-08T17:43:17.546+0100][1.182s] GC(2) Concurrent Preclean
[2022-03-08T17:43:17.546+0100][1.182s] GC(2) Concurrent Preclean 0.126ms
[2022-03-08T17:43:17.546+0100][1.182s] GC(2) Concurrent Mark (1.179s, 1.182s) 3.721ms
[2022-03-08T17:43:17.546+0100][1.182s] GC(2) Pause Remark
[2022-03-08T17:43:17.547+0100][1.183s] GC(2) Cleaned string and symbol table, strings: 8834 processed, 0 removed, symbols: 61556 processed, 26 removed
[2022-03-08T17:43:17.547+0100][1.184s] GC(2) Pause Remark 25M->25M(512M) 1.103ms
[2022-03-08T17:43:17.547+0100][1.184s] GC(2) User=0.01s Sys=0.00s Real=0.01s
[2022-03-08T17:43:17.547+0100][1.184s] GC(2) Concurrent Rebuild Remembered Sets
[2022-03-08T17:43:17.550+0100][1.187s] GC(2) Concurrent Rebuild Remembered Sets 2.905ms
[2022-03-08T17:43:17.550+0100][1.187s] GC(2) Pause Cleanup
[2022-03-08T17:43:17.551+0100][1.187s] GC(2) Pause Cleanup 25M->25M(512M) 0.145ms
[2022-03-08T17:43:17.551+0100][1.187s] GC(2) User=0.00s Sys=0.00s Real=0.00s
[2022-03-08T17:43:17.551+0100][1.187s] GC(2) Concurrent Cleanup for Next Mark
[2022-03-08T17:43:17.551+0100][1.187s] GC(2) Concurrent Cleanup for Next Mark 0.206ms
[2022-03-08T17:43:17.551+0100][1.187s] GC(2) Concurrent Cycle 10.905ms
[2022-03-08T17:43:18.099+0100][1.735s] GC(3) Pause Young (Normal) (G1 Evacuation Pause)
[2022-03-08T17:43:18.099+0100][1.735s] GC(3) Using 10 workers of 10 for evacuation
[2022-03-08T17:43:18.107+0100][1.743s] GC(3)   Pre Evacuate Collection Set: 0.0ms
[2022-03-08T17:43:18.107+0100][1.743s] GC(3)   Evacuate Collection Set: 7.7ms
[2022-03-08T17:43:18.107+0100][1.743s] GC(3)   Post Evacuate Collection Set: 0.6ms
[2022-03-08T17:43:18.107+0100][1.743s] GC(3)   Other: 0.1ms
[2022-03-08T17:43:18.107+0100][1.743s] GC(3) Eden regions: 74->0(117)
[2022-03-08T17:43:18.107+0100][1.743s] GC(3) Survivor regions: 20->5(12)
[2022-03-08T17:43:18.107+0100][1.743s] GC(3) Old regions: 2->21
[2022-03-08T17:43:18.107+0100][1.743s] GC(3) Humongous regions: 4->4
[2022-03-08T17:43:18.107+0100][1.743s] GC(3) Metaspace: 30485K->30485K(1077248K)
[2022-03-08T17:43:18.107+0100][1.743s] GC(3) Pause Young (Normal) (G1 Evacuation Pause) 98M->28M(512M) 8.455ms
[2022-03-08T17:43:18.107+0100][1.743s] GC(3) User=0.09s Sys=0.00s Real=0.00s
[2022-03-08T17:43:18.388+0100][2.025s] GC(4) Pause Young (Concurrent Start) (Metadata GC Threshold)
[2022-03-08T17:43:18.388+0100][2.025s] GC(4) Using 10 workers of 10 for evacuation
[2022-03-08T17:43:18.393+0100][2.029s] GC(4)   Pre Evacuate Collection Set: 0.1ms
[2022-03-08T17:43:18.393+0100][2.029s] GC(4)   Evacuate Collection Set: 3.5ms
[2022-03-08T17:43:18.393+0100][2.029s] GC(4)   Post Evacuate Collection Set: 0.5ms
[2022-03-08T17:43:18.393+0100][2.029s] GC(4)   Other: 0.2ms
[2022-03-08T17:43:18.393+0100][2.029s] GC(4) Eden regions: 47->0(134)
[2022-03-08T17:43:18.393+0100][2.029s] GC(4) Survivor regions: 5->6(16)
[2022-03-08T17:43:18.393+0100][2.029s] GC(4) Old regions: 21->21
[2022-03-08T17:43:18.393+0100][2.029s] GC(4) Humongous regions: 4->4
[2022-03-08T17:43:18.393+0100][2.029s] GC(4) Metaspace: 34808K->34808K(1081344K)
[2022-03-08T17:43:18.393+0100][2.029s] GC(4) Pause Young (Concurrent Start) (Metadata GC Threshold) 74M->29M(512M) 4.308ms
[2022-03-08T17:43:18.393+0100][2.029s] GC(4) User=0.03s Sys=0.00s Real=0.00s
[2022-03-08T17:43:18.393+0100][2.029s] GC(5) Concurrent Cycle
[2022-03-08T17:43:18.393+0100][2.029s] GC(5) Concurrent Clear Claimed Marks
[2022-03-08T17:43:18.393+0100][2.029s] GC(5) Concurrent Clear Claimed Marks 0.020ms
[2022-03-08T17:43:18.393+0100][2.029s] GC(5) Concurrent Scan Root Regions
[2022-03-08T17:43:18.394+0100][2.030s] GC(5) Concurrent Scan Root Regions 1.506ms
[2022-03-08T17:43:18.394+0100][2.030s] GC(5) Concurrent Mark (2.030s)
[2022-03-08T17:43:18.394+0100][2.030s] GC(5) Concurrent Mark From Roots
[2022-03-08T17:43:18.394+0100][2.030s] GC(5) Using 3 workers of 3 for marking
[2022-03-08T17:43:18.403+0100][2.039s] GC(5) Concurrent Mark From Roots 8.448ms
[2022-03-08T17:43:18.403+0100][2.039s] GC(5) Concurrent Preclean
[2022-03-08T17:43:18.403+0100][2.039s] GC(5) Concurrent Preclean 0.170ms
[2022-03-08T17:43:18.403+0100][2.039s] GC(5) Concurrent Mark (2.030s, 2.039s) 8.691ms
[2022-03-08T17:43:18.403+0100][2.039s] GC(5) Pause Remark
[2022-03-08T17:43:18.406+0100][2.042s] GC(5) Cleaned string and symbol table, strings: 14998 processed, 27 removed, symbols: 103648 processed, 105 removed
[2022-03-08T17:43:18.406+0100][2.043s] GC(5) Pause Remark 31M->31M(512M) 3.291ms
[2022-03-08T17:43:18.406+0100][2.043s] GC(5) User=0.04s Sys=0.00s Real=0.00s
[2022-03-08T17:43:18.406+0100][2.043s] GC(5) Concurrent Rebuild Remembered Sets
[2022-03-08T17:43:18.412+0100][2.048s] GC(5) Concurrent Rebuild Remembered Sets 5.230ms
[2022-03-08T17:43:18.412+0100][2.048s] GC(5) Pause Cleanup
[2022-03-08T17:43:18.412+0100][2.048s] GC(5) Pause Cleanup 32M->32M(512M) 0.170ms
[2022-03-08T17:43:18.412+0100][2.048s] GC(5) User=0.00s Sys=0.00s Real=0.00s
[2022-03-08T17:43:18.412+0100][2.048s] GC(5) Concurrent Cleanup for Next Mark
[2022-03-08T17:43:18.412+0100][2.049s] GC(5) Concurrent Cleanup for Next Mark 0.318ms
[2022-03-08T17:43:18.412+0100][2.049s] GC(5) Concurrent Cycle 19.722ms
[2022-03-08T17:43:19.032+0100][2.668s] GC(6) Pause Young (Normal) (G1 Evacuation Pause)
[2022-03-08T17:43:19.032+0100][2.668s] GC(6) Using 10 workers of 10 for evacuation
[2022-03-08T17:43:19.037+0100][2.673s] GC(6)   Pre Evacuate Collection Set: 0.0ms
[2022-03-08T17:43:19.037+0100][2.673s] GC(6)   Evacuate Collection Set: 3.9ms
[2022-03-08T17:43:19.037+0100][2.673s] GC(6)   Post Evacuate Collection Set: 1.1ms
[2022-03-08T17:43:19.037+0100][2.673s] GC(6)   Other: 0.2ms
[2022-03-08T17:43:19.037+0100][2.673s] GC(6) Eden regions: 141->0(184)
[2022-03-08T17:43:19.037+0100][2.673s] GC(6) Survivor regions: 6->13(19)
[2022-03-08T17:43:19.037+0100][2.673s] GC(6) Old regions: 21->21
[2022-03-08T17:43:19.037+0100][2.673s] GC(6) Humongous regions: 5->4
[2022-03-08T17:43:19.037+0100][2.673s] GC(6) Metaspace: 41709K->41709K(1087488K)
[2022-03-08T17:43:19.037+0100][2.673s] GC(6) Pause Young (Normal) (G1 Evacuation Pause) 171M->35M(512M) 5.287ms
[2022-03-08T17:43:19.037+0100][2.673s] GC(6) User=0.06s Sys=0.00s Real=0.01s
[2022-03-08T17:45:27.819+0100][131.456s] GC(7) Pause Young (Normal) (G1 Evacuation Pause)
[2022-03-08T17:45:27.819+0100][131.456s] GC(7) Using 10 workers of 10 for evacuation
[2022-03-08T17:45:27.831+0100][131.467s] GC(7)   Pre Evacuate Collection Set: 0.0ms
[2022-03-08T17:45:27.831+0100][131.467s] GC(7)   Evacuate Collection Set: 10.5ms
[2022-03-08T17:45:27.831+0100][131.467s] GC(7)   Post Evacuate Collection Set: 0.8ms
[2022-03-08T17:45:27.831+0100][131.467s] GC(7)   Other: 0.4ms
[2022-03-08T17:45:27.831+0100][131.467s] GC(7) Eden regions: 184->0(282)
[2022-03-08T17:45:27.831+0100][131.467s] GC(7) Survivor regions: 13->25(25)
[2022-03-08T17:45:27.831+0100][131.467s] GC(7) Old regions: 21->23
[2022-03-08T17:45:27.831+0100][131.467s] GC(7) Humongous regions: 9->8
[2022-03-08T17:45:27.831+0100][131.467s] GC(7) Metaspace: 50966K->50966K(1095680K)
[2022-03-08T17:45:27.831+0100][131.467s] GC(7) Pause Young (Normal) (G1 Evacuation Pause) 224M->54M(512M) 11.834ms
[2022-03-08T17:45:27.831+0100][131.467s] GC(7) User=0.10s Sys=0.00s Real=0.01s
[2022-03-08T17:46:05.427+0100][169.063s] GC(8) Pause Young (Concurrent Start) (Metadata GC Threshold)
[2022-03-08T17:46:05.427+0100][169.063s] GC(8) Using 10 workers of 10 for evacuation
[2022-03-08T17:46:05.455+0100][169.091s] GC(8)   Pre Evacuate Collection Set: 0.1ms
[2022-03-08T17:46:05.455+0100][169.091s] GC(8)   Evacuate Collection Set: 27.8ms
[2022-03-08T17:46:05.455+0100][169.091s] GC(8)   Post Evacuate Collection Set: 0.4ms
[2022-03-08T17:46:05.455+0100][169.091s] GC(8)   Other: 0.2ms
[2022-03-08T17:46:05.455+0100][169.091s] GC(8) Eden regions: 102->0(217)
[2022-03-08T17:46:05.455+0100][169.091s] GC(8) Survivor regions: 25->23(39)
[2022-03-08T17:46:05.455+0100][169.091s] GC(8) Old regions: 23->34
[2022-03-08T17:46:05.455+0100][169.091s] GC(8) Humongous regions: 8->8
[2022-03-08T17:46:05.455+0100][169.091s] GC(8) Metaspace: 58607K->58607K(1101824K)
[2022-03-08T17:46:05.455+0100][169.091s] GC(8) Pause Young (Concurrent Start) (Metadata GC Threshold) 155M->63M(512M) 28.615ms
[2022-03-08T17:46:05.455+0100][169.091s] GC(8) User=0.09s Sys=0.01s Real=0.04s
[2022-03-08T17:46:05.455+0100][169.092s] GC(9) Concurrent Cycle
[2022-03-08T17:46:05.455+0100][169.092s] GC(9) Concurrent Clear Claimed Marks
[2022-03-08T17:46:05.455+0100][169.092s] GC(9) Concurrent Clear Claimed Marks 0.052ms
[2022-03-08T17:46:05.455+0100][169.092s] GC(9) Concurrent Scan Root Regions
[2022-03-08T17:46:05.459+0100][169.095s] GC(9) Concurrent Scan Root Regions 3.334ms
[2022-03-08T17:46:05.459+0100][169.095s] GC(9) Concurrent Mark (169.095s)
[2022-03-08T17:46:05.459+0100][169.095s] GC(9) Concurrent Mark From Roots
[2022-03-08T17:46:05.459+0100][169.095s] GC(9) Using 3 workers of 3 for marking
[2022-03-08T17:46:05.474+0100][169.110s] GC(9) Concurrent Mark From Roots 15.456ms
[2022-03-08T17:46:05.474+0100][169.110s] GC(9) Concurrent Preclean
[2022-03-08T17:46:05.474+0100][169.111s] GC(9) Concurrent Preclean 0.160ms
[2022-03-08T17:46:05.474+0100][169.111s] GC(9) Concurrent Mark (169.095s, 169.111s) 15.669ms
[2022-03-08T17:46:05.475+0100][169.111s] GC(9) Pause Remark
[2022-03-08T17:46:05.478+0100][169.114s] GC(9) Cleaned string and symbol table, strings: 31489 processed, 0 removed, symbols: 177154 processed, 719 removed
[2022-03-08T17:46:05.478+0100][169.114s] GC(9) Pause Remark 66M->66M(512M) 3.259ms
[2022-03-08T17:46:05.478+0100][169.114s] GC(9) User=0.04s Sys=0.00s Real=0.01s
[2022-03-08T17:46:05.478+0100][169.114s] GC(9) Concurrent Rebuild Remembered Sets
[2022-03-08T17:46:05.487+0100][169.124s] GC(9) Concurrent Rebuild Remembered Sets 9.559ms
[2022-03-08T17:46:05.488+0100][169.124s] GC(9) Pause Cleanup
[2022-03-08T17:46:05.488+0100][169.124s] GC(9) Pause Cleanup 67M->67M(512M) 0.144ms
[2022-03-08T17:46:05.488+0100][169.124s] GC(9) User=0.00s Sys=0.00s Real=0.00s
[2022-03-08T17:46:05.488+0100][169.124s] GC(9) Concurrent Cleanup for Next Mark
[2022-03-08T17:46:05.488+0100][169.124s] GC(9) Concurrent Cleanup for Next Mark 0.227ms
[2022-03-08T17:46:05.488+0100][169.124s] GC(9) Concurrent Cycle 32.870ms
[2022-03-08T17:54:47.308+0100][690.944s] Heap
[2022-03-08T17:54:47.308+0100][690.944s]  garbage-first heap   total 524288K, used 106694K [0x00000000e0000000, 0x0000000100000000)
[2022-03-08T17:54:47.308+0100][690.944s]   region size 1024K, 66 young (67584K), 23 survivors (23552K)
[2022-03-08T17:54:47.308+0100][690.944s]  Metaspace       used 61145K, capacity 62772K, committed 63056K, reserved 1103872K
[2022-03-08T17:54:47.308+0100][690.944s]   class space    used 7186K, capacity 7852K, committed 7916K, reserved 1048576K
