[2022-03-05T17:26:24.260+0100][0.027s] Heap region size: 1M
[2022-03-05T17:26:24.306+0100][0.073s] Using G1
[2022-03-05T17:26:24.306+0100][0.073s] Heap address: 0x00000000e0000000, size: 512 MB, Compressed Oops mode: 32-bit
[2022-03-05T17:26:24.306+0100][0.073s] Mark closed archive regions in map: [0x00000000fff00000, 0x00000000fff6aff8]
[2022-03-05T17:26:24.306+0100][0.073s] Mark open archive regions in map: [0x00000000ffe00000, 0x00000000ffe46ff8]
[2022-03-05T17:26:24.631+0100][0.398s] GC(0) Pause Young (Normal) (G1 Evacuation Pause)
[2022-03-05T17:26:24.632+0100][0.399s] GC(0) Using 10 workers of 10 for evacuation
[2022-03-05T17:26:24.641+0100][0.408s] GC(0)   Pre Evacuate Collection Set: 0.0ms
[2022-03-05T17:26:24.641+0100][0.408s] GC(0)   Evacuate Collection Set: 6.6ms
[2022-03-05T17:26:24.641+0100][0.408s] GC(0)   Post Evacuate Collection Set: 2.2ms
[2022-03-05T17:26:24.641+0100][0.408s] GC(0)   Other: 1.6ms
[2022-03-05T17:26:24.641+0100][0.408s] GC(0) Eden regions: 30->0(304)
[2022-03-05T17:26:24.641+0100][0.408s] GC(0) Survivor regions: 0->3(4)
[2022-03-05T17:26:24.641+0100][0.408s] GC(0) Old regions: 2->2
[2022-03-05T17:26:24.641+0100][0.408s] GC(0) Humongous regions: 0->0
[2022-03-05T17:26:24.641+0100][0.408s] GC(0) Metaspace: 6347K->6347K(1056768K)
[2022-03-05T17:26:24.641+0100][0.408s] GC(0) Pause Young (Normal) (G1 Evacuation Pause) 30M->3M(512M) 10.496ms
[2022-03-05T17:26:24.641+0100][0.408s] GC(0) User=0.10s Sys=0.01s Real=0.02s
[2022-03-05T17:26:25.352+0100][1.119s] GC(1) Pause Young (Concurrent Start) (Metadata GC Threshold)
[2022-03-05T17:26:25.352+0100][1.119s] GC(1) Using 10 workers of 10 for evacuation
[2022-03-05T17:26:25.364+0100][1.131s] GC(1)   Pre Evacuate Collection Set: 0.0ms
[2022-03-05T17:26:25.364+0100][1.131s] GC(1)   Evacuate Collection Set: 11.3ms
[2022-03-05T17:26:25.364+0100][1.131s] GC(1)   Post Evacuate Collection Set: 0.6ms
[2022-03-05T17:26:25.364+0100][1.131s] GC(1)   Other: 0.2ms
[2022-03-05T17:26:25.364+0100][1.131s] GC(1) Eden regions: 93->0(86)
[2022-03-05T17:26:25.364+0100][1.131s] GC(1) Survivor regions: 3->20(39)
[2022-03-05T17:26:25.364+0100][1.131s] GC(1) Old regions: 2->2
[2022-03-05T17:26:25.364+0100][1.131s] GC(1) Humongous regions: 4->4
[2022-03-05T17:26:25.364+0100][1.131s] GC(1) Metaspace: 20487K->20487K(1069056K)
[2022-03-05T17:26:25.364+0100][1.131s] GC(1) Pause Young (Concurrent Start) (Metadata GC Threshold) 99M->24M(512M) 12.105ms
[2022-03-05T17:26:25.364+0100][1.131s] GC(1) User=0.08s Sys=0.00s Real=0.01s
[2022-03-05T17:26:25.364+0100][1.131s] GC(2) Concurrent Cycle
[2022-03-05T17:26:25.364+0100][1.131s] GC(2) Concurrent Clear Claimed Marks
[2022-03-05T17:26:25.364+0100][1.131s] GC(2) Concurrent Clear Claimed Marks 0.017ms
[2022-03-05T17:26:25.364+0100][1.131s] GC(2) Concurrent Scan Root Regions
[2022-03-05T17:26:25.367+0100][1.134s] GC(2) Concurrent Scan Root Regions 2.877ms
[2022-03-05T17:26:25.367+0100][1.134s] GC(2) Concurrent Mark (1.134s)
[2022-03-05T17:26:25.367+0100][1.134s] GC(2) Concurrent Mark From Roots
[2022-03-05T17:26:25.367+0100][1.134s] GC(2) Using 3 workers of 3 for marking
[2022-03-05T17:26:25.370+0100][1.137s] GC(2) Concurrent Mark From Roots 3.144ms
[2022-03-05T17:26:25.370+0100][1.137s] GC(2) Concurrent Preclean
[2022-03-05T17:26:25.371+0100][1.138s] GC(2) Concurrent Preclean 0.108ms
[2022-03-05T17:26:25.371+0100][1.138s] GC(2) Concurrent Mark (1.134s, 1.138s) 3.295ms
[2022-03-05T17:26:25.371+0100][1.138s] GC(2) Pause Remark
[2022-03-05T17:26:25.372+0100][1.139s] GC(2) Cleaned string and symbol table, strings: 8822 processed, 0 removed, symbols: 61742 processed, 26 removed
[2022-03-05T17:26:25.372+0100][1.139s] GC(2) Pause Remark 25M->25M(512M) 1.691ms
[2022-03-05T17:26:25.372+0100][1.139s] GC(2) User=0.01s Sys=0.00s Real=0.01s
[2022-03-05T17:26:25.372+0100][1.139s] GC(2) Concurrent Rebuild Remembered Sets
[2022-03-05T17:26:25.374+0100][1.141s] GC(2) Concurrent Rebuild Remembered Sets 1.788ms
[2022-03-05T17:26:25.374+0100][1.141s] GC(2) Pause Cleanup
[2022-03-05T17:26:25.374+0100][1.141s] GC(2) Pause Cleanup 25M->25M(512M) 0.115ms
[2022-03-05T17:26:25.374+0100][1.141s] GC(2) User=0.00s Sys=0.00s Real=0.00s
[2022-03-05T17:26:25.374+0100][1.141s] GC(2) Concurrent Cleanup for Next Mark
[2022-03-05T17:26:25.375+0100][1.142s] GC(2) Concurrent Cleanup for Next Mark 0.219ms
[2022-03-05T17:26:25.375+0100][1.142s] GC(2) Concurrent Cycle 10.348ms
[2022-03-05T17:26:25.937+0100][1.704s] GC(3) Pause Young (Normal) (G1 Evacuation Pause)
[2022-03-05T17:26:25.937+0100][1.704s] GC(3) Using 10 workers of 10 for evacuation
[2022-03-05T17:26:25.945+0100][1.712s] GC(3)   Pre Evacuate Collection Set: 0.0ms
[2022-03-05T17:26:25.945+0100][1.712s] GC(3)   Evacuate Collection Set: 7.0ms
[2022-03-05T17:26:25.945+0100][1.712s] GC(3)   Post Evacuate Collection Set: 0.6ms
[2022-03-05T17:26:25.945+0100][1.712s] GC(3)   Other: 0.1ms
[2022-03-05T17:26:25.945+0100][1.712s] GC(3) Eden regions: 76->0(118)
[2022-03-05T17:26:25.945+0100][1.712s] GC(3) Survivor regions: 20->5(12)
[2022-03-05T17:26:25.945+0100][1.712s] GC(3) Old regions: 2->21
[2022-03-05T17:26:25.945+0100][1.712s] GC(3) Humongous regions: 4->4
[2022-03-05T17:26:25.945+0100][1.712s] GC(3) Metaspace: 30606K->30606K(1077248K)
[2022-03-05T17:26:25.945+0100][1.712s] GC(3) Pause Young (Normal) (G1 Evacuation Pause) 100M->28M(512M) 7.758ms
[2022-03-05T17:26:25.945+0100][1.712s] GC(3) User=0.08s Sys=0.00s Real=0.01s
[2022-03-05T17:26:26.174+0100][1.941s] GC(4) Pause Young (Concurrent Start) (Metadata GC Threshold)
[2022-03-05T17:26:26.174+0100][1.941s] GC(4) Using 10 workers of 10 for evacuation
[2022-03-05T17:26:26.179+0100][1.946s] GC(4)   Pre Evacuate Collection Set: 0.1ms
[2022-03-05T17:26:26.179+0100][1.946s] GC(4)   Evacuate Collection Set: 4.4ms
[2022-03-05T17:26:26.179+0100][1.946s] GC(4)   Post Evacuate Collection Set: 0.5ms
[2022-03-05T17:26:26.179+0100][1.946s] GC(4)   Other: 0.1ms
[2022-03-05T17:26:26.179+0100][1.946s] GC(4) Eden regions: 42->0(135)
[2022-03-05T17:26:26.179+0100][1.946s] GC(4) Survivor regions: 5->6(16)
[2022-03-05T17:26:26.179+0100][1.946s] GC(4) Old regions: 21->21
[2022-03-05T17:26:26.179+0100][1.946s] GC(4) Humongous regions: 4->4
[2022-03-05T17:26:26.179+0100][1.946s] GC(4) Metaspace: 34735K->34735K(1081344K)
[2022-03-05T17:26:26.179+0100][1.946s] GC(4) Pause Young (Concurrent Start) (Metadata GC Threshold) 69M->28M(512M) 5.126ms
[2022-03-05T17:26:26.179+0100][1.946s] GC(4) User=0.02s Sys=0.00s Real=0.00s
[2022-03-05T17:26:26.179+0100][1.946s] GC(5) Concurrent Cycle
[2022-03-05T17:26:26.179+0100][1.946s] GC(5) Concurrent Clear Claimed Marks
[2022-03-05T17:26:26.179+0100][1.946s] GC(5) Concurrent Clear Claimed Marks 0.017ms
[2022-03-05T17:26:26.179+0100][1.946s] GC(5) Concurrent Scan Root Regions
[2022-03-05T17:26:26.181+0100][1.948s] GC(5) Concurrent Scan Root Regions 1.399ms
[2022-03-05T17:26:26.181+0100][1.948s] GC(5) Concurrent Mark (1.948s)
[2022-03-05T17:26:26.181+0100][1.948s] GC(5) Concurrent Mark From Roots
[2022-03-05T17:26:26.181+0100][1.948s] GC(5) Using 3 workers of 3 for marking
[2022-03-05T17:26:26.189+0100][1.956s] GC(5) Concurrent Mark From Roots 8.094ms
[2022-03-05T17:26:26.189+0100][1.956s] GC(5) Concurrent Preclean
[2022-03-05T17:26:26.189+0100][1.956s] GC(5) Concurrent Preclean 0.131ms
[2022-03-05T17:26:26.189+0100][1.956s] GC(5) Concurrent Mark (1.948s, 1.956s) 8.263ms
[2022-03-05T17:26:26.189+0100][1.956s] GC(5) Pause Remark
[2022-03-05T17:26:26.191+0100][1.958s] GC(5) Cleaned string and symbol table, strings: 14989 processed, 27 removed, symbols: 103669 processed, 102 removed
[2022-03-05T17:26:26.191+0100][1.958s] GC(5) Pause Remark 31M->31M(512M) 1.792ms
[2022-03-05T17:26:26.191+0100][1.958s] GC(5) User=0.01s Sys=0.00s Real=0.00s
[2022-03-05T17:26:26.191+0100][1.958s] GC(5) Concurrent Rebuild Remembered Sets
[2022-03-05T17:26:26.196+0100][1.963s] GC(5) Concurrent Rebuild Remembered Sets 4.733ms
[2022-03-05T17:26:26.196+0100][1.963s] GC(5) Pause Cleanup
[2022-03-05T17:26:26.196+0100][1.963s] GC(5) Pause Cleanup 32M->32M(512M) 0.082ms
[2022-03-05T17:26:26.196+0100][1.963s] GC(5) User=0.00s Sys=0.00s Real=0.00s
[2022-03-05T17:26:26.196+0100][1.963s] GC(5) Concurrent Cleanup for Next Mark
[2022-03-05T17:26:26.196+0100][1.963s] GC(5) Concurrent Cleanup for Next Mark 0.222ms
[2022-03-05T17:26:26.196+0100][1.963s] GC(5) Concurrent Cycle 17.016ms
[2022-03-05T17:26:26.833+0100][2.600s] GC(6) Pause Young (Normal) (G1 Evacuation Pause)
[2022-03-05T17:26:26.833+0100][2.600s] GC(6) Using 10 workers of 10 for evacuation
[2022-03-05T17:26:26.838+0100][2.604s] GC(6)   Pre Evacuate Collection Set: 0.0ms
[2022-03-05T17:26:26.838+0100][2.605s] GC(6)   Evacuate Collection Set: 3.8ms
[2022-03-05T17:26:26.838+0100][2.605s] GC(6)   Post Evacuate Collection Set: 0.5ms
[2022-03-05T17:26:26.838+0100][2.605s] GC(6)   Other: 0.1ms
[2022-03-05T17:26:26.838+0100][2.605s] GC(6) Eden regions: 135->0(274)
[2022-03-05T17:26:26.838+0100][2.605s] GC(6) Survivor regions: 6->12(18)
[2022-03-05T17:26:26.838+0100][2.605s] GC(6) Old regions: 21->21
[2022-03-05T17:26:26.838+0100][2.605s] GC(6) Humongous regions: 5->4
[2022-03-05T17:26:26.838+0100][2.605s] GC(6) Metaspace: 42738K->42738K(1087488K)
[2022-03-05T17:26:26.838+0100][2.605s] GC(6) Pause Young (Normal) (G1 Evacuation Pause) 164M->34M(512M) 4.604ms
[2022-03-05T17:26:26.838+0100][2.605s] GC(6) User=0.05s Sys=0.00s Real=0.00s
[2022-03-07T13:00:06.576+0100][1953.344s] Heap
[2022-03-07T13:00:06.576+0100][1953.344s]  garbage-first heap   total 524288K, used 184942K [0x00000000e0000000, 0x0000000100000000)
[2022-03-07T13:00:06.576+0100][1953.344s]   region size 1024K, 157 young (160768K), 12 survivors (12288K)
[2022-03-07T13:00:06.576+0100][1953.344s]  Metaspace       used 51573K, capacity 52965K, committed 53148K, reserved 1095680K
[2022-03-07T13:00:06.576+0100][1953.344s]   class space    used 6104K, capacity 6635K, committed 6636K, reserved 1048576K
