[2022-03-01T14:40:13.561+0100][0.028s] Heap region size: 1M
[2022-03-01T14:40:13.607+0100][0.073s] Using G1
[2022-03-01T14:40:13.607+0100][0.073s] Heap address: 0x00000000e0000000, size: 512 MB, Compressed Oops mode: 32-bit
[2022-03-01T14:40:13.607+0100][0.074s] Mark closed archive regions in map: [0x00000000fff00000, 0x00000000fff6aff8]
[2022-03-01T14:40:13.607+0100][0.074s] Mark open archive regions in map: [0x00000000ffe00000, 0x00000000ffe46ff8]
[2022-03-01T14:40:13.944+0100][0.411s] GC(0) Pause Young (Normal) (G1 Evacuation Pause)
[2022-03-01T14:40:13.945+0100][0.412s] GC(0) Using 10 workers of 10 for evacuation
[2022-03-01T14:40:13.955+0100][0.421s] GC(0)   Pre Evacuate Collection Set: 0.0ms
[2022-03-01T14:40:13.955+0100][0.421s] GC(0)   Evacuate Collection Set: 8.1ms
[2022-03-01T14:40:13.955+0100][0.422s] GC(0)   Post Evacuate Collection Set: 1.7ms
[2022-03-01T14:40:13.955+0100][0.422s] GC(0)   Other: 0.8ms
[2022-03-01T14:40:13.955+0100][0.422s] GC(0) Eden regions: 30->0(304)
[2022-03-01T14:40:13.955+0100][0.422s] GC(0) Survivor regions: 0->3(4)
[2022-03-01T14:40:13.955+0100][0.422s] GC(0) Old regions: 2->2
[2022-03-01T14:40:13.955+0100][0.422s] GC(0) Humongous regions: 0->0
[2022-03-01T14:40:13.955+0100][0.422s] GC(0) Metaspace: 6312K->6312K(1056768K)
[2022-03-01T14:40:13.955+0100][0.422s] GC(0) Pause Young (Normal) (G1 Evacuation Pause) 30M->3M(512M) 10.662ms
[2022-03-01T14:40:13.955+0100][0.422s] GC(0) User=0.11s Sys=0.00s Real=0.01s
[2022-03-01T14:40:14.709+0100][1.175s] GC(1) Pause Young (Concurrent Start) (Metadata GC Threshold)
[2022-03-01T14:40:14.709+0100][1.175s] GC(1) Using 10 workers of 10 for evacuation
[2022-03-01T14:40:14.719+0100][1.185s] GC(1)   Pre Evacuate Collection Set: 0.1ms
[2022-03-01T14:40:14.719+0100][1.185s] GC(1)   Evacuate Collection Set: 9.0ms
[2022-03-01T14:40:14.719+0100][1.185s] GC(1)   Post Evacuate Collection Set: 0.7ms
[2022-03-01T14:40:14.719+0100][1.185s] GC(1)   Other: 0.2ms
[2022-03-01T14:40:14.719+0100][1.185s] GC(1) Eden regions: 92->0(84)
[2022-03-01T14:40:14.719+0100][1.185s] GC(1) Survivor regions: 3->20(39)
[2022-03-01T14:40:14.719+0100][1.185s] GC(1) Old regions: 2->2
[2022-03-01T14:40:14.719+0100][1.185s] GC(1) Humongous regions: 4->4
[2022-03-01T14:40:14.719+0100][1.185s] GC(1) Metaspace: 20424K->20424K(1069056K)
[2022-03-01T14:40:14.719+0100][1.185s] GC(1) Pause Young (Concurrent Start) (Metadata GC Threshold) 99M->23M(512M) 10.035ms
[2022-03-01T14:40:14.719+0100][1.185s] GC(1) User=0.08s Sys=0.00s Real=0.01s
[2022-03-01T14:40:14.719+0100][1.186s] GC(2) Concurrent Cycle
[2022-03-01T14:40:14.719+0100][1.186s] GC(2) Concurrent Clear Claimed Marks
[2022-03-01T14:40:14.719+0100][1.186s] GC(2) Concurrent Clear Claimed Marks 0.016ms
[2022-03-01T14:40:14.719+0100][1.186s] GC(2) Concurrent Scan Root Regions
[2022-03-01T14:40:14.722+0100][1.188s] GC(2) Concurrent Scan Root Regions 2.792ms
[2022-03-01T14:40:14.722+0100][1.188s] GC(2) Concurrent Mark (1.188s)
[2022-03-01T14:40:14.722+0100][1.188s] GC(2) Concurrent Mark From Roots
[2022-03-01T14:40:14.722+0100][1.188s] GC(2) Using 3 workers of 3 for marking
[2022-03-01T14:40:14.725+0100][1.192s] GC(2) Concurrent Mark From Roots 3.473ms
[2022-03-01T14:40:14.725+0100][1.192s] GC(2) Concurrent Preclean
[2022-03-01T14:40:14.725+0100][1.192s] GC(2) Concurrent Preclean 0.095ms
[2022-03-01T14:40:14.725+0100][1.192s] GC(2) Concurrent Mark (1.188s, 1.192s) 3.597ms
[2022-03-01T14:40:14.725+0100][1.192s] GC(2) Pause Remark
[2022-03-01T14:40:14.726+0100][1.193s] GC(2) Cleaned string and symbol table, strings: 8809 processed, 0 removed, symbols: 61668 processed, 26 removed
[2022-03-01T14:40:14.726+0100][1.193s] GC(2) Pause Remark 24M->24M(512M) 1.107ms
[2022-03-01T14:40:14.726+0100][1.193s] GC(2) User=0.00s Sys=0.00s Real=0.00s
[2022-03-01T14:40:14.727+0100][1.193s] GC(2) Concurrent Rebuild Remembered Sets
[2022-03-01T14:40:14.729+0100][1.196s] GC(2) Concurrent Rebuild Remembered Sets 2.933ms
[2022-03-01T14:40:14.730+0100][1.196s] GC(2) Pause Cleanup
[2022-03-01T14:40:14.730+0100][1.197s] GC(2) Pause Cleanup 25M->25M(512M) 0.161ms
[2022-03-01T14:40:14.730+0100][1.197s] GC(2) User=0.01s Sys=0.00s Real=0.00s
[2022-03-01T14:40:14.730+0100][1.197s] GC(2) Concurrent Cleanup for Next Mark
[2022-03-01T14:40:14.730+0100][1.197s] GC(2) Concurrent Cleanup for Next Mark 0.176ms
[2022-03-01T14:40:14.730+0100][1.197s] GC(2) Concurrent Cycle 11.322ms
[2022-03-01T14:40:15.450+0100][1.917s] GC(3) Pause Young (Normal) (G1 Evacuation Pause)
[2022-03-01T14:40:15.450+0100][1.917s] GC(3) Using 10 workers of 10 for evacuation
[2022-03-01T14:40:15.458+0100][1.925s] GC(3)   Pre Evacuate Collection Set: 0.0ms
[2022-03-01T14:40:15.458+0100][1.925s] GC(3)   Evacuate Collection Set: 7.7ms
[2022-03-01T14:40:15.458+0100][1.925s] GC(3)   Post Evacuate Collection Set: 0.5ms
[2022-03-01T14:40:15.459+0100][1.925s] GC(3)   Other: 0.1ms
[2022-03-01T14:40:15.459+0100][1.925s] GC(3) Eden regions: 74->0(120)
[2022-03-01T14:40:15.459+0100][1.925s] GC(3) Survivor regions: 20->5(12)
[2022-03-01T14:40:15.459+0100][1.925s] GC(3) Old regions: 2->21
[2022-03-01T14:40:15.459+0100][1.925s] GC(3) Humongous regions: 4->4
[2022-03-01T14:40:15.459+0100][1.925s] GC(3) Metaspace: 29011K->29011K(1075200K)
[2022-03-01T14:40:15.459+0100][1.925s] GC(3) Pause Young (Normal) (G1 Evacuation Pause) 97M->27M(512M) 8.443ms
[2022-03-01T14:40:15.459+0100][1.925s] GC(3) User=0.09s Sys=0.00s Real=0.00s
[2022-03-01T14:40:16.528+0100][2.995s] GC(4) Pause Young (Concurrent Start) (Metadata GC Threshold)
[2022-03-01T14:40:16.528+0100][2.995s] GC(4) Using 10 workers of 10 for evacuation
[2022-03-01T14:40:16.533+0100][2.999s] GC(4)   Pre Evacuate Collection Set: 0.1ms
[2022-03-01T14:40:16.533+0100][2.999s] GC(4)   Evacuate Collection Set: 3.8ms
[2022-03-01T14:40:16.533+0100][2.999s] GC(4)   Post Evacuate Collection Set: 0.3ms
[2022-03-01T14:40:16.533+0100][2.999s] GC(4)   Other: 0.2ms
[2022-03-01T14:40:16.533+0100][2.999s] GC(4) Eden regions: 66->0(143)
[2022-03-01T14:40:16.533+0100][3.000s] GC(4) Survivor regions: 5->8(16)
[2022-03-01T14:40:16.533+0100][3.000s] GC(4) Old regions: 21->21
[2022-03-01T14:40:16.533+0100][3.000s] GC(4) Humongous regions: 4->4
[2022-03-01T14:40:16.533+0100][3.000s] GC(4) Metaspace: 34733K->34733K(1081344K)
[2022-03-01T14:40:16.533+0100][3.000s] GC(4) Pause Young (Concurrent Start) (Metadata GC Threshold) 93M->30M(512M) 4.385ms
[2022-03-01T14:40:16.533+0100][3.000s] GC(4) User=0.04s Sys=0.00s Real=0.01s
[2022-03-01T14:40:16.533+0100][3.000s] GC(5) Concurrent Cycle
[2022-03-01T14:40:16.533+0100][3.000s] GC(5) Concurrent Clear Claimed Marks
[2022-03-01T14:40:16.533+0100][3.000s] GC(5) Concurrent Clear Claimed Marks 0.022ms
[2022-03-01T14:40:16.533+0100][3.000s] GC(5) Concurrent Scan Root Regions
[2022-03-01T14:40:16.535+0100][3.002s] GC(5) Concurrent Scan Root Regions 2.456ms
[2022-03-01T14:40:16.535+0100][3.002s] GC(5) Concurrent Mark (3.002s)
[2022-03-01T14:40:16.535+0100][3.002s] GC(5) Concurrent Mark From Roots
[2022-03-01T14:40:16.535+0100][3.002s] GC(5) Using 3 workers of 3 for marking
[2022-03-01T14:40:16.551+0100][3.018s] GC(5) Concurrent Mark From Roots 15.509ms
[2022-03-01T14:40:16.551+0100][3.018s] GC(5) Concurrent Preclean
[2022-03-01T14:40:16.551+0100][3.018s] GC(5) Concurrent Preclean 0.228ms
[2022-03-01T14:40:16.551+0100][3.018s] GC(5) Concurrent Mark (3.002s, 3.018s) 15.793ms
[2022-03-01T14:40:16.551+0100][3.018s] GC(5) Pause Remark
[2022-03-01T14:40:16.556+0100][3.023s] GC(5) Cleaned string and symbol table, strings: 14468 processed, 28 removed, symbols: 102959 processed, 46 removed
[2022-03-01T14:40:16.556+0100][3.023s] GC(5) Pause Remark 35M->35M(512M) 4.772ms
[2022-03-01T14:40:16.556+0100][3.023s] GC(5) User=0.04s Sys=0.00s Real=0.00s
[2022-03-01T14:40:16.556+0100][3.023s] GC(5) Concurrent Rebuild Remembered Sets
[2022-03-01T14:40:16.566+0100][3.033s] GC(5) Concurrent Rebuild Remembered Sets 9.378ms
[2022-03-01T14:40:16.566+0100][3.033s] GC(5) Pause Cleanup
[2022-03-01T14:40:16.567+0100][3.033s] GC(5) Pause Cleanup 37M->37M(512M) 0.154ms
[2022-03-01T14:40:16.567+0100][3.033s] GC(5) User=0.00s Sys=0.00s Real=0.00s
[2022-03-01T14:40:16.567+0100][3.033s] GC(5) Concurrent Cleanup for Next Mark
[2022-03-01T14:40:16.567+0100][3.034s] GC(5) Concurrent Cleanup for Next Mark 0.329ms
[2022-03-01T14:40:16.567+0100][3.034s] GC(5) Concurrent Cycle 34.204ms
[2022-03-01T14:41:23.167+0100][69.634s] GC(6) Pause Young (Normal) (G1 Evacuation Pause)
[2022-03-01T14:41:23.167+0100][69.634s] GC(6) Using 10 workers of 10 for evacuation
[2022-03-01T14:41:23.181+0100][69.647s] GC(6)   Pre Evacuate Collection Set: 0.0ms
[2022-03-01T14:41:23.181+0100][69.647s] GC(6)   Evacuate Collection Set: 12.0ms
[2022-03-01T14:41:23.181+0100][69.647s] GC(6)   Post Evacuate Collection Set: 1.1ms
[2022-03-01T14:41:23.181+0100][69.648s] GC(6)   Other: 0.2ms
[2022-03-01T14:41:23.181+0100][69.648s] GC(6) Eden regions: 143->0(291)
[2022-03-01T14:41:23.181+0100][69.648s] GC(6) Survivor regions: 8->16(19)
[2022-03-01T14:41:23.181+0100][69.648s] GC(6) Old regions: 21->21
[2022-03-01T14:41:23.181+0100][69.648s] GC(6) Humongous regions: 5->4
[2022-03-01T14:41:23.181+0100][69.648s] GC(6) Metaspace: 46699K->46699K(1091584K)
[2022-03-01T14:41:23.181+0100][69.648s] GC(6) Pause Young (Normal) (G1 Evacuation Pause) 174M->39M(512M) 13.414ms
[2022-03-01T14:41:23.181+0100][69.648s] GC(6) User=0.07s Sys=0.00s Real=0.02s
[2022-03-01T14:41:41.273+0100][87.740s] GC(7) Pause Young (Normal) (G1 Evacuation Pause)
[2022-03-01T14:41:41.273+0100][87.740s] GC(7) Using 10 workers of 10 for evacuation
[2022-03-01T14:41:41.282+0100][87.749s] GC(7)   Pre Evacuate Collection Set: 0.0ms
[2022-03-01T14:41:41.282+0100][87.749s] GC(7)   Evacuate Collection Set: 7.7ms
[2022-03-01T14:41:41.282+0100][87.749s] GC(7)   Post Evacuate Collection Set: 0.7ms
[2022-03-01T14:41:41.282+0100][87.749s] GC(7)   Other: 0.2ms
[2022-03-01T14:41:41.282+0100][87.749s] GC(7) Eden regions: 291->0(278)
[2022-03-01T14:41:41.282+0100][87.749s] GC(7) Survivor regions: 16->29(39)
[2022-03-01T14:41:41.282+0100][87.749s] GC(7) Old regions: 21->21
[2022-03-01T14:41:41.282+0100][87.749s] GC(7) Humongous regions: 4->4
[2022-03-01T14:41:41.282+0100][87.749s] GC(7) Metaspace: 55695K->55695K(1099776K)
[2022-03-01T14:41:41.282+0100][87.749s] GC(7) Pause Young (Normal) (G1 Evacuation Pause) 330M->52M(512M) 8.802ms
[2022-03-01T14:41:41.282+0100][87.749s] GC(7) User=0.07s Sys=0.00s Real=0.01s
[2022-03-01T14:48:21.397+0100][487.864s] GC(8) Pause Young (Concurrent Start) (Metadata GC Threshold)
[2022-03-01T14:48:21.397+0100][487.864s] GC(8) Using 10 workers of 10 for evacuation
[2022-03-01T14:48:21.410+0100][487.877s] GC(8)   Pre Evacuate Collection Set: 0.1ms
[2022-03-01T14:48:21.410+0100][487.877s] GC(8)   Evacuate Collection Set: 12.4ms
[2022-03-01T14:48:21.410+0100][487.877s] GC(8)   Post Evacuate Collection Set: 0.6ms
[2022-03-01T14:48:21.411+0100][487.877s] GC(8)   Other: 0.2ms
[2022-03-01T14:48:21.411+0100][487.877s] GC(8) Eden regions: 57->0(289)
[2022-03-01T14:48:21.411+0100][487.877s] GC(8) Survivor regions: 29->18(39)
[2022-03-01T14:48:21.411+0100][487.877s] GC(8) Old regions: 21->36
[2022-03-01T14:48:21.411+0100][487.877s] GC(8) Humongous regions: 4->4
[2022-03-01T14:48:21.411+0100][487.877s] GC(8) Metaspace: 58494K->58494K(1101824K)
[2022-03-01T14:48:21.411+0100][487.877s] GC(8) Pause Young (Concurrent Start) (Metadata GC Threshold) 108M->55M(512M) 13.260ms
[2022-03-01T14:48:21.411+0100][487.877s] GC(8) User=0.07s Sys=0.00s Real=0.02s
[2022-03-01T14:48:21.411+0100][487.877s] GC(9) Concurrent Cycle
[2022-03-01T14:48:21.411+0100][487.877s] GC(9) Concurrent Clear Claimed Marks
[2022-03-01T14:48:21.411+0100][487.878s] GC(9) Concurrent Clear Claimed Marks 0.092ms
[2022-03-01T14:48:21.411+0100][487.878s] GC(9) Concurrent Scan Root Regions
[2022-03-01T14:48:21.413+0100][487.880s] GC(9) Concurrent Scan Root Regions 2.331ms
[2022-03-01T14:48:21.413+0100][487.880s] GC(9) Concurrent Mark (487.880s)
[2022-03-01T14:48:21.413+0100][487.880s] GC(9) Concurrent Mark From Roots
[2022-03-01T14:48:21.413+0100][487.880s] GC(9) Using 3 workers of 3 for marking
[2022-03-01T14:48:21.426+0100][487.893s] GC(9) Concurrent Mark From Roots 12.665ms
[2022-03-01T14:48:21.426+0100][487.893s] GC(9) Concurrent Preclean
[2022-03-01T14:48:21.426+0100][487.893s] GC(9) Concurrent Preclean 0.305ms
[2022-03-01T14:48:21.426+0100][487.893s] GC(9) Concurrent Mark (487.880s, 487.893s) 13.027ms
[2022-03-01T14:48:21.426+0100][487.893s] GC(9) Pause Remark
[2022-03-01T14:48:21.432+0100][487.899s] GC(9) Cleaned string and symbol table, strings: 27212 processed, 1019 removed, symbols: 156373 processed, 646 removed
[2022-03-01T14:48:21.433+0100][487.900s] GC(9) Pause Remark 57M->57M(512M) 6.519ms
[2022-03-01T14:48:21.433+0100][487.900s] GC(9) User=0.06s Sys=0.01s Real=0.01s
[2022-03-01T14:48:21.433+0100][487.900s] GC(9) Concurrent Rebuild Remembered Sets
[2022-03-01T14:48:21.441+0100][487.908s] GC(9) Concurrent Rebuild Remembered Sets 8.329ms
[2022-03-01T14:48:21.442+0100][487.908s] GC(9) Pause Cleanup
[2022-03-01T14:48:21.442+0100][487.909s] GC(9) Pause Cleanup 58M->58M(512M) 0.143ms
[2022-03-01T14:48:21.442+0100][487.909s] GC(9) User=0.00s Sys=0.00s Real=0.00s
[2022-03-01T14:48:21.442+0100][487.909s] GC(9) Concurrent Cleanup for Next Mark
[2022-03-01T14:48:21.442+0100][487.909s] GC(9) Concurrent Cleanup for Next Mark 0.274ms
[2022-03-01T14:48:21.442+0100][487.909s] GC(9) Concurrent Cycle 31.526ms
[2022-03-01T14:51:58.302+0100][704.769s] GC(10) Pause Young (Concurrent Start) (G1 Evacuation Pause)
[2022-03-01T14:51:58.302+0100][704.769s] GC(10) Using 10 workers of 10 for evacuation
[2022-03-01T14:51:58.317+0100][704.783s] GC(10)   Pre Evacuate Collection Set: 0.1ms
[2022-03-01T14:51:58.317+0100][704.783s] GC(10)   Evacuate Collection Set: 13.4ms
[2022-03-01T14:51:58.317+0100][704.783s] GC(10)   Post Evacuate Collection Set: 0.9ms
[2022-03-01T14:51:58.317+0100][704.783s] GC(10)   Other: 0.2ms
[2022-03-01T14:51:58.317+0100][704.783s] GC(10) Eden regions: 289->0(280)
[2022-03-01T14:51:58.317+0100][704.783s] GC(10) Survivor regions: 18->27(39)
[2022-03-01T14:51:58.317+0100][704.783s] GC(10) Old regions: 36->36
[2022-03-01T14:51:58.317+0100][704.783s] GC(10) Humongous regions: 7->7
[2022-03-01T14:51:58.317+0100][704.783s] GC(10) Metaspace: 62162K->62162K(1105920K)
[2022-03-01T14:51:58.317+0100][704.783s] GC(10) Pause Young (Concurrent Start) (G1 Evacuation Pause) 347M->67M(512M) 14.638ms
[2022-03-01T14:51:58.317+0100][704.783s] GC(10) User=0.08s Sys=0.00s Real=0.01s
[2022-03-01T14:51:58.317+0100][704.783s] GC(11) Concurrent Cycle
[2022-03-01T14:51:58.317+0100][704.783s] GC(11) Concurrent Clear Claimed Marks
[2022-03-01T14:51:58.317+0100][704.784s] GC(11) Concurrent Clear Claimed Marks 0.185ms
[2022-03-01T14:51:58.317+0100][704.784s] GC(11) Concurrent Scan Root Regions
[2022-03-01T14:51:58.322+0100][704.789s] GC(11) Concurrent Scan Root Regions 5.164ms
[2022-03-01T14:51:58.322+0100][704.789s] GC(11) Concurrent Mark (704.789s)
[2022-03-01T14:51:58.322+0100][704.789s] GC(11) Concurrent Mark From Roots
[2022-03-01T14:51:58.322+0100][704.789s] GC(11) Using 3 workers of 3 for marking
[2022-03-01T14:51:58.339+0100][704.805s] GC(11) Concurrent Mark From Roots 16.458ms
[2022-03-01T14:51:58.339+0100][704.805s] GC(11) Concurrent Preclean
[2022-03-01T14:51:58.339+0100][704.806s] GC(11) Concurrent Preclean 0.313ms
[2022-03-01T14:51:58.339+0100][704.806s] GC(11) Concurrent Mark (704.789s, 704.806s) 16.820ms
[2022-03-01T14:51:58.339+0100][704.806s] GC(11) Pause Remark
[2022-03-01T14:51:58.352+0100][704.818s] GC(11) Cleaned string and symbol table, strings: 27314 processed, 195 removed, symbols: 160675 processed, 14 removed
[2022-03-01T14:51:58.352+0100][704.819s] GC(11) Pause Remark 78M->78M(512M) 12.878ms
[2022-03-01T14:51:58.352+0100][704.819s] GC(11) User=0.13s Sys=0.00s Real=0.02s
[2022-03-01T14:51:58.352+0100][704.819s] GC(11) Concurrent Rebuild Remembered Sets
[2022-03-01T14:51:58.362+0100][704.829s] GC(11) Concurrent Rebuild Remembered Sets 10.350ms
[2022-03-01T14:51:58.362+0100][704.829s] GC(11) Pause Cleanup
[2022-03-01T14:51:58.363+0100][704.829s] GC(11) Pause Cleanup 81M->81M(512M) 0.121ms
[2022-03-01T14:51:58.363+0100][704.829s] GC(11) User=0.00s Sys=0.00s Real=0.00s
[2022-03-01T14:51:58.363+0100][704.829s] GC(11) Concurrent Cleanup for Next Mark
[2022-03-01T14:51:58.363+0100][704.830s] GC(11) Concurrent Cleanup for Next Mark 0.232ms
[2022-03-01T14:51:58.363+0100][704.830s] GC(11) Concurrent Cycle 46.276ms
[2022-03-01T14:51:59.444+0100][705.911s] GC(12) Pause Young (Normal) (G1 Evacuation Pause)
[2022-03-01T14:51:59.444+0100][705.911s] GC(12) Using 10 workers of 10 for evacuation
[2022-03-01T14:51:59.452+0100][705.919s] GC(12)   Pre Evacuate Collection Set: 0.0ms
[2022-03-01T14:51:59.452+0100][705.919s] GC(12)   Evacuate Collection Set: 6.8ms
[2022-03-01T14:51:59.452+0100][705.919s] GC(12)   Post Evacuate Collection Set: 0.5ms
[2022-03-01T14:51:59.452+0100][705.919s] GC(12)   Other: 0.2ms
[2022-03-01T14:51:59.452+0100][705.919s] GC(12) Eden regions: 280->0(290)
[2022-03-01T14:51:59.452+0100][705.919s] GC(12) Survivor regions: 27->17(39)
[2022-03-01T14:51:59.452+0100][705.919s] GC(12) Old regions: 36->43
[2022-03-01T14:51:59.452+0100][705.919s] GC(12) Humongous regions: 7->7
[2022-03-01T14:51:59.452+0100][705.919s] GC(12) Metaspace: 62237K->62237K(1105920K)
[2022-03-01T14:51:59.452+0100][705.919s] GC(12) Pause Young (Normal) (G1 Evacuation Pause) 347M->65M(512M) 7.616ms
[2022-03-01T14:51:59.452+0100][705.919s] GC(12) User=0.09s Sys=0.00s Real=0.01s
[2022-03-01T14:52:00.310+0100][706.776s] GC(13) Pause Young (Normal) (G1 Evacuation Pause)
[2022-03-01T14:52:00.310+0100][706.776s] GC(13) Using 10 workers of 10 for evacuation
[2022-03-01T14:52:00.314+0100][706.781s] GC(13)   Pre Evacuate Collection Set: 0.0ms
[2022-03-01T14:52:00.315+0100][706.781s] GC(13)   Evacuate Collection Set: 4.0ms
[2022-03-01T14:52:00.315+0100][706.781s] GC(13)   Post Evacuate Collection Set: 0.8ms
[2022-03-01T14:52:00.315+0100][706.781s] GC(13)   Other: 0.2ms
[2022-03-01T14:52:00.315+0100][706.781s] GC(13) Eden regions: 290->0(291)
[2022-03-01T14:52:00.315+0100][706.781s] GC(13) Survivor regions: 17->16(39)
[2022-03-01T14:52:00.315+0100][706.781s] GC(13) Old regions: 43->43
[2022-03-01T14:52:00.315+0100][706.781s] GC(13) Humongous regions: 7->7
[2022-03-01T14:52:00.315+0100][706.781s] GC(13) Metaspace: 62247K->62247K(1105920K)
[2022-03-01T14:52:00.315+0100][706.781s] GC(13) Pause Young (Normal) (G1 Evacuation Pause) 355M->63M(512M) 5.034ms
[2022-03-01T14:52:00.315+0100][706.781s] GC(13) User=0.04s Sys=0.00s Real=0.00s
[2022-03-01T14:52:02.648+0100][709.115s] GC(14) Pause Young (Normal) (G1 Evacuation Pause)
[2022-03-01T14:52:02.648+0100][709.115s] GC(14) Using 10 workers of 10 for evacuation
[2022-03-01T14:52:02.656+0100][709.123s] GC(14)   Pre Evacuate Collection Set: 0.0ms
[2022-03-01T14:52:02.656+0100][709.123s] GC(14)   Evacuate Collection Set: 6.0ms
[2022-03-01T14:52:02.656+0100][709.123s] GC(14)   Post Evacuate Collection Set: 1.6ms
[2022-03-01T14:52:02.656+0100][709.123s] GC(14)   Other: 0.2ms
[2022-03-01T14:52:02.656+0100][709.123s] GC(14) Eden regions: 291->0(290)
[2022-03-01T14:52:02.656+0100][709.123s] GC(14) Survivor regions: 16->17(39)
[2022-03-01T14:52:02.656+0100][709.123s] GC(14) Old regions: 43->43
[2022-03-01T14:52:02.656+0100][709.123s] GC(14) Humongous regions: 7->7
[2022-03-01T14:52:02.656+0100][709.123s] GC(14) Metaspace: 64260K->64260K(1107968K)
[2022-03-01T14:52:02.656+0100][709.123s] GC(14) Pause Young (Normal) (G1 Evacuation Pause) 354M->65M(512M) 7.833ms
[2022-03-01T14:52:02.656+0100][709.123s] GC(14) User=0.08s Sys=0.01s Real=0.01s
[2022-03-01T14:52:03.793+0100][710.259s] GC(15) Pause Young (Normal) (G1 Evacuation Pause)
[2022-03-01T14:52:03.793+0100][710.259s] GC(15) Using 10 workers of 10 for evacuation
[2022-03-01T14:52:03.799+0100][710.266s] GC(15)   Pre Evacuate Collection Set: 0.0ms
[2022-03-01T14:52:03.799+0100][710.266s] GC(15)   Evacuate Collection Set: 5.3ms
[2022-03-01T14:52:03.799+0100][710.266s] GC(15)   Post Evacuate Collection Set: 0.8ms
[2022-03-01T14:52:03.799+0100][710.266s] GC(15)   Other: 0.2ms
[2022-03-01T14:52:03.799+0100][710.266s] GC(15) Eden regions: 290->0(287)
[2022-03-01T14:52:03.799+0100][710.266s] GC(15) Survivor regions: 17->20(39)
[2022-03-01T14:52:03.799+0100][710.266s] GC(15) Old regions: 43->43
[2022-03-01T14:52:03.799+0100][710.266s] GC(15) Humongous regions: 7->7
[2022-03-01T14:52:03.799+0100][710.266s] GC(15) Metaspace: 64595K->64595K(1107968K)
[2022-03-01T14:52:03.799+0100][710.266s] GC(15) Pause Young (Normal) (G1 Evacuation Pause) 355M->68M(512M) 6.293ms
[2022-03-01T14:52:03.799+0100][710.266s] GC(15) User=0.05s Sys=0.00s Real=0.00s
[2022-03-01T14:52:05.280+0100][711.746s] GC(16) Pause Young (Normal) (G1 Evacuation Pause)
[2022-03-01T14:52:05.280+0100][711.746s] GC(16) Using 10 workers of 10 for evacuation
[2022-03-01T14:52:05.295+0100][711.762s] GC(16)   Pre Evacuate Collection Set: 0.0ms
[2022-03-01T14:52:05.295+0100][711.762s] GC(16)   Evacuate Collection Set: 9.4ms
[2022-03-01T14:52:05.295+0100][711.762s] GC(16)   Post Evacuate Collection Set: 5.7ms
[2022-03-01T14:52:05.295+0100][711.762s] GC(16)   Other: 0.2ms
[2022-03-01T14:52:05.295+0100][711.762s] GC(16) Eden regions: 287->0(279)
[2022-03-01T14:52:05.295+0100][711.762s] GC(16) Survivor regions: 20->28(39)
[2022-03-01T14:52:05.295+0100][711.762s] GC(16) Old regions: 43->43
[2022-03-01T14:52:05.295+0100][711.762s] GC(16) Humongous regions: 7->7
[2022-03-01T14:52:05.295+0100][711.762s] GC(16) Metaspace: 65199K->65199K(1107968K)
[2022-03-01T14:52:05.295+0100][711.762s] GC(16) Pause Young (Normal) (G1 Evacuation Pause) 355M->76M(512M) 15.361ms
[2022-03-01T14:52:05.295+0100][711.762s] GC(16) User=0.14s Sys=0.00s Real=0.02s
[2022-03-01T14:52:06.520+0100][712.986s] GC(17) Pause Young (Normal) (G1 Evacuation Pause)
[2022-03-01T14:52:06.520+0100][712.986s] GC(17) Using 10 workers of 10 for evacuation
[2022-03-01T14:52:06.539+0100][713.005s] GC(17)   Pre Evacuate Collection Set: 0.0ms
[2022-03-01T14:52:06.539+0100][713.006s] GC(17)   Evacuate Collection Set: 13.2ms
[2022-03-01T14:52:06.539+0100][713.006s] GC(17)   Post Evacuate Collection Set: 5.7ms
[2022-03-01T14:52:06.539+0100][713.006s] GC(17)   Other: 0.2ms
[2022-03-01T14:52:06.539+0100][713.006s] GC(17) Eden regions: 279->0(289)
[2022-03-01T14:52:06.539+0100][713.006s] GC(17) Survivor regions: 28->18(39)
[2022-03-01T14:52:06.539+0100][713.006s] GC(17) Old regions: 43->55
[2022-03-01T14:52:06.539+0100][713.006s] GC(17) Humongous regions: 7->7
[2022-03-01T14:52:06.539+0100][713.006s] GC(17) Metaspace: 66113K->66113K(1110016K)
[2022-03-01T14:52:06.539+0100][713.006s] GC(17) Pause Young (Normal) (G1 Evacuation Pause) 355M->77M(512M) 19.129ms
[2022-03-01T14:52:06.539+0100][713.006s] GC(17) User=0.14s Sys=0.00s Real=0.02s
[2022-03-01T14:52:08.570+0100][715.036s] GC(18) Pause Young (Normal) (G1 Evacuation Pause)
[2022-03-01T14:52:08.570+0100][715.036s] GC(18) Using 10 workers of 10 for evacuation
[2022-03-01T14:52:08.576+0100][715.042s] GC(18)   Pre Evacuate Collection Set: 0.0ms
[2022-03-01T14:52:08.576+0100][715.042s] GC(18)   Evacuate Collection Set: 4.7ms
[2022-03-01T14:52:08.576+0100][715.042s] GC(18)   Post Evacuate Collection Set: 1.3ms
[2022-03-01T14:52:08.576+0100][715.043s] GC(18)   Other: 0.2ms
[2022-03-01T14:52:08.576+0100][715.043s] GC(18) Eden regions: 289->0(290)
[2022-03-01T14:52:08.576+0100][715.043s] GC(18) Survivor regions: 18->17(39)
[2022-03-01T14:52:08.576+0100][715.043s] GC(18) Old regions: 55->55
[2022-03-01T14:52:08.576+0100][715.043s] GC(18) Humongous regions: 7->7
[2022-03-01T14:52:08.576+0100][715.043s] GC(18) Metaspace: 67003K->67003K(1110016K)
[2022-03-01T14:52:08.576+0100][715.043s] GC(18) Pause Young (Normal) (G1 Evacuation Pause) 366M->76M(512M) 6.220ms
[2022-03-01T14:52:08.576+0100][715.043s] GC(18) User=0.05s Sys=0.00s Real=0.00s
[2022-03-01T14:52:09.783+0100][716.250s] GC(19) Pause Young (Normal) (G1 Evacuation Pause)
[2022-03-01T14:52:09.783+0100][716.250s] GC(19) Using 10 workers of 10 for evacuation
[2022-03-01T14:52:09.797+0100][716.264s] GC(19)   Pre Evacuate Collection Set: 0.0ms
[2022-03-01T14:52:09.797+0100][716.264s] GC(19)   Evacuate Collection Set: 10.2ms
[2022-03-01T14:52:09.797+0100][716.264s] GC(19)   Post Evacuate Collection Set: 3.4ms
[2022-03-01T14:52:09.797+0100][716.264s] GC(19)   Other: 0.2ms
[2022-03-01T14:52:09.797+0100][716.264s] GC(19) Eden regions: 290->0(289)
[2022-03-01T14:52:09.797+0100][716.264s] GC(19) Survivor regions: 17->18(39)
[2022-03-01T14:52:09.797+0100][716.264s] GC(19) Old regions: 55->55
[2022-03-01T14:52:09.797+0100][716.264s] GC(19) Humongous regions: 7->7
[2022-03-01T14:52:09.797+0100][716.264s] GC(19) Metaspace: 67175K->67175K(1110016K)
[2022-03-01T14:52:09.797+0100][716.264s] GC(19) Pause Young (Normal) (G1 Evacuation Pause) 366M->78M(512M) 13.946ms
[2022-03-01T14:52:09.797+0100][716.264s] GC(19) User=0.08s Sys=0.01s Real=0.01s
[2022-03-01T14:52:11.601+0100][718.067s] GC(20) Pause Young (Normal) (G1 Evacuation Pause)
[2022-03-01T14:52:11.601+0100][718.067s] GC(20) Using 10 workers of 10 for evacuation
[2022-03-01T14:52:11.606+0100][718.073s] GC(20)   Pre Evacuate Collection Set: 0.0ms
[2022-03-01T14:52:11.606+0100][718.073s] GC(20)   Evacuate Collection Set: 4.8ms
[2022-03-01T14:52:11.606+0100][718.073s] GC(20)   Post Evacuate Collection Set: 0.5ms
[2022-03-01T14:52:11.606+0100][718.073s] GC(20)   Other: 0.2ms
[2022-03-01T14:52:11.606+0100][718.073s] GC(20) Eden regions: 289->0(284)
[2022-03-01T14:52:11.606+0100][718.073s] GC(20) Survivor regions: 18->23(39)
[2022-03-01T14:52:11.606+0100][718.073s] GC(20) Old regions: 55->55
[2022-03-01T14:52:11.606+0100][718.073s] GC(20) Humongous regions: 7->7
[2022-03-01T14:52:11.606+0100][718.073s] GC(20) Metaspace: 67225K->67225K(1110016K)
[2022-03-01T14:52:11.606+0100][718.073s] GC(20) Pause Young (Normal) (G1 Evacuation Pause) 367M->82M(512M) 5.538ms
[2022-03-01T14:52:11.606+0100][718.073s] GC(20) User=0.05s Sys=0.00s Real=0.01s
[2022-03-01T14:52:12.387+0100][718.854s] GC(21) Pause Young (Normal) (G1 Evacuation Pause)
[2022-03-01T14:52:12.387+0100][718.854s] GC(21) Using 10 workers of 10 for evacuation
[2022-03-01T14:52:12.395+0100][718.862s] GC(21)   Pre Evacuate Collection Set: 0.0ms
[2022-03-01T14:52:12.395+0100][718.862s] GC(21)   Evacuate Collection Set: 6.8ms
[2022-03-01T14:52:12.395+0100][718.862s] GC(21)   Post Evacuate Collection Set: 0.7ms
[2022-03-01T14:52:12.395+0100][718.862s] GC(21)   Other: 0.2ms
[2022-03-01T14:52:12.395+0100][718.862s] GC(21) Eden regions: 284->0(283)
[2022-03-01T14:52:12.395+0100][718.862s] GC(21) Survivor regions: 23->24(39)
[2022-03-01T14:52:12.395+0100][718.862s] GC(21) Old regions: 55->60
[2022-03-01T14:52:12.395+0100][718.862s] GC(21) Humongous regions: 7->7
[2022-03-01T14:52:12.395+0100][718.862s] GC(21) Metaspace: 67233K->67233K(1110016K)
[2022-03-01T14:52:12.395+0100][718.862s] GC(21) Pause Young (Normal) (G1 Evacuation Pause) 366M->89M(512M) 7.731ms
[2022-03-01T14:52:12.395+0100][718.862s] GC(21) User=0.07s Sys=0.00s Real=0.01s
[2022-03-01T14:52:13.259+0100][719.725s] GC(22) Pause Young (Normal) (G1 Evacuation Pause)
[2022-03-01T14:52:13.259+0100][719.725s] GC(22) Using 10 workers of 10 for evacuation
[2022-03-01T14:52:13.265+0100][719.732s] GC(22)   Pre Evacuate Collection Set: 0.0ms
[2022-03-01T14:52:13.265+0100][719.732s] GC(22)   Evacuate Collection Set: 6.3ms
[2022-03-01T14:52:13.265+0100][719.732s] GC(22)   Post Evacuate Collection Set: 0.5ms
[2022-03-01T14:52:13.266+0100][719.732s] GC(22)   Other: 0.1ms
[2022-03-01T14:52:13.266+0100][719.732s] GC(22) Eden regions: 283->0(286)
[2022-03-01T14:52:13.266+0100][719.732s] GC(22) Survivor regions: 24->21(39)
[2022-03-01T14:52:13.266+0100][719.732s] GC(22) Old regions: 60->65
[2022-03-01T14:52:13.266+0100][719.732s] GC(22) Humongous regions: 7->7
[2022-03-01T14:52:13.266+0100][719.732s] GC(22) Metaspace: 67275K->67275K(1110016K)
[2022-03-01T14:52:13.266+0100][719.732s] GC(22) Pause Young (Normal) (G1 Evacuation Pause) 372M->90M(512M) 6.988ms
[2022-03-01T14:52:13.266+0100][719.732s] GC(22) User=0.07s Sys=0.00s Real=0.01s
[2022-03-01T14:52:14.260+0100][720.727s] GC(23) Pause Young (Normal) (G1 Evacuation Pause)
[2022-03-01T14:52:14.260+0100][720.727s] GC(23) Using 10 workers of 10 for evacuation
[2022-03-01T14:52:14.267+0100][720.734s] GC(23)   Pre Evacuate Collection Set: 0.0ms
[2022-03-01T14:52:14.267+0100][720.734s] GC(23)   Evacuate Collection Set: 5.9ms
[2022-03-01T14:52:14.267+0100][720.734s] GC(23)   Post Evacuate Collection Set: 0.6ms
[2022-03-01T14:52:14.267+0100][720.734s] GC(23)   Other: 0.2ms
[2022-03-01T14:52:14.267+0100][720.734s] GC(23) Eden regions: 286->0(286)
[2022-03-01T14:52:14.267+0100][720.734s] GC(23) Survivor regions: 21->21(39)
[2022-03-01T14:52:14.267+0100][720.734s] GC(23) Old regions: 65->65
[2022-03-01T14:52:14.267+0100][720.734s] GC(23) Humongous regions: 7->7
[2022-03-01T14:52:14.267+0100][720.734s] GC(23) Metaspace: 67275K->67275K(1110016K)
[2022-03-01T14:52:14.267+0100][720.734s] GC(23) Pause Young (Normal) (G1 Evacuation Pause) 376M->90M(512M) 6.752ms
[2022-03-01T14:52:14.267+0100][720.734s] GC(23) User=0.06s Sys=0.00s Real=0.01s
[2022-03-01T14:52:15.372+0100][721.839s] GC(24) Pause Young (Normal) (G1 Evacuation Pause)
[2022-03-01T14:52:15.372+0100][721.839s] GC(24) Using 10 workers of 10 for evacuation
[2022-03-01T14:52:15.377+0100][721.844s] GC(24)   Pre Evacuate Collection Set: 0.0ms
[2022-03-01T14:52:15.377+0100][721.844s] GC(24)   Evacuate Collection Set: 4.7ms
[2022-03-01T14:52:15.377+0100][721.844s] GC(24)   Post Evacuate Collection Set: 0.5ms
[2022-03-01T14:52:15.377+0100][721.844s] GC(24)   Other: 0.1ms
[2022-03-01T14:52:15.377+0100][721.844s] GC(24) Eden regions: 286->0(288)
[2022-03-01T14:52:15.377+0100][721.844s] GC(24) Survivor regions: 21->19(39)
[2022-03-01T14:52:15.377+0100][721.844s] GC(24) Old regions: 65->65
[2022-03-01T14:52:15.377+0100][721.844s] GC(24) Humongous regions: 7->7
[2022-03-01T14:52:15.377+0100][721.844s] GC(24) Metaspace: 67284K->67284K(1110016K)
[2022-03-01T14:52:15.377+0100][721.844s] GC(24) Pause Young (Normal) (G1 Evacuation Pause) 376M->88M(512M) 5.405ms
[2022-03-01T14:52:15.377+0100][721.844s] GC(24) User=0.05s Sys=0.00s Real=0.00s
[2022-03-01T14:52:16.592+0100][723.059s] GC(25) Pause Young (Normal) (G1 Evacuation Pause)
[2022-03-01T14:52:16.592+0100][723.059s] GC(25) Using 10 workers of 10 for evacuation
[2022-03-01T14:52:16.598+0100][723.065s] GC(25)   Pre Evacuate Collection Set: 0.0ms
[2022-03-01T14:52:16.598+0100][723.065s] GC(25)   Evacuate Collection Set: 5.5ms
[2022-03-01T14:52:16.598+0100][723.065s] GC(25)   Post Evacuate Collection Set: 0.6ms
[2022-03-01T14:52:16.598+0100][723.065s] GC(25)   Other: 0.2ms
[2022-03-01T14:52:16.598+0100][723.065s] GC(25) Eden regions: 288->0(287)
[2022-03-01T14:52:16.598+0100][723.065s] GC(25) Survivor regions: 19->20(39)
[2022-03-01T14:52:16.598+0100][723.065s] GC(25) Old regions: 65->65
[2022-03-01T14:52:16.598+0100][723.065s] GC(25) Humongous regions: 7->7
[2022-03-01T14:52:16.598+0100][723.065s] GC(25) Metaspace: 67285K->67285K(1110016K)
[2022-03-01T14:52:16.598+0100][723.065s] GC(25) Pause Young (Normal) (G1 Evacuation Pause) 376M->90M(512M) 6.419ms
[2022-03-01T14:52:16.598+0100][723.065s] GC(25) User=0.06s Sys=0.00s Real=0.00s
[2022-03-01T14:52:17.677+0100][724.144s] GC(26) Pause Young (Normal) (G1 Evacuation Pause)
[2022-03-01T14:52:17.677+0100][724.144s] GC(26) Using 10 workers of 10 for evacuation
[2022-03-01T14:52:17.683+0100][724.150s] GC(26)   Pre Evacuate Collection Set: 0.0ms
[2022-03-01T14:52:17.683+0100][724.150s] GC(26)   Evacuate Collection Set: 5.5ms
[2022-03-01T14:52:17.683+0100][724.150s] GC(26)   Post Evacuate Collection Set: 0.5ms
[2022-03-01T14:52:17.683+0100][724.150s] GC(26)   Other: 0.2ms
[2022-03-01T14:52:17.683+0100][724.150s] GC(26) Eden regions: 287->0(287)
[2022-03-01T14:52:17.683+0100][724.150s] GC(26) Survivor regions: 20->20(39)
[2022-03-01T14:52:17.683+0100][724.150s] GC(26) Old regions: 65->65
[2022-03-01T14:52:17.683+0100][724.150s] GC(26) Humongous regions: 7->7
[2022-03-01T14:52:17.683+0100][724.150s] GC(26) Metaspace: 67288K->67288K(1110016K)
[2022-03-01T14:52:17.683+0100][724.150s] GC(26) Pause Young (Normal) (G1 Evacuation Pause) 377M->90M(512M) 6.251ms
[2022-03-01T14:52:17.683+0100][724.150s] GC(26) User=0.06s Sys=0.00s Real=0.01s
[2022-03-01T14:52:18.784+0100][725.250s] GC(27) Pause Young (Normal) (G1 Evacuation Pause)
[2022-03-01T14:52:18.784+0100][725.250s] GC(27) Using 10 workers of 10 for evacuation
[2022-03-01T14:52:18.789+0100][725.256s] GC(27)   Pre Evacuate Collection Set: 0.0ms
[2022-03-01T14:52:18.789+0100][725.256s] GC(27)   Evacuate Collection Set: 5.1ms
[2022-03-01T14:52:18.789+0100][725.256s] GC(27)   Post Evacuate Collection Set: 0.5ms
[2022-03-01T14:52:18.789+0100][725.256s] GC(27)   Other: 0.1ms
[2022-03-01T14:52:18.789+0100][725.256s] GC(27) Eden regions: 287->0(289)
[2022-03-01T14:52:18.789+0100][725.256s] GC(27) Survivor regions: 20->18(39)
[2022-03-01T14:52:18.789+0100][725.256s] GC(27) Old regions: 65->65
[2022-03-01T14:52:18.789+0100][725.256s] GC(27) Humongous regions: 7->7
[2022-03-01T14:52:18.789+0100][725.256s] GC(27) Metaspace: 67289K->67289K(1110016K)
[2022-03-01T14:52:18.789+0100][725.256s] GC(27) Pause Young (Normal) (G1 Evacuation Pause) 377M->88M(512M) 5.806ms
[2022-03-01T14:52:18.789+0100][725.256s] GC(27) User=0.05s Sys=0.00s Real=0.01s
[2022-03-01T14:52:19.877+0100][726.344s] GC(28) Pause Young (Normal) (G1 Evacuation Pause)
[2022-03-01T14:52:19.877+0100][726.344s] GC(28) Using 10 workers of 10 for evacuation
[2022-03-01T14:52:19.886+0100][726.352s] GC(28)   Pre Evacuate Collection Set: 0.0ms
[2022-03-01T14:52:19.886+0100][726.352s] GC(28)   Evacuate Collection Set: 6.1ms
[2022-03-01T14:52:19.886+0100][726.353s] GC(28)   Post Evacuate Collection Set: 2.6ms
[2022-03-01T14:52:19.886+0100][726.353s] GC(28)   Other: 0.2ms
[2022-03-01T14:52:19.886+0100][726.353s] GC(28) Eden regions: 289->0(290)
[2022-03-01T14:52:19.886+0100][726.353s] GC(28) Survivor regions: 18->17(39)
[2022-03-01T14:52:19.886+0100][726.353s] GC(28) Old regions: 65->65
[2022-03-01T14:52:19.886+0100][726.353s] GC(28) Humongous regions: 7->7
[2022-03-01T14:52:19.886+0100][726.353s] GC(28) Metaspace: 67289K->67289K(1110016K)
[2022-03-01T14:52:19.886+0100][726.353s] GC(28) Pause Young (Normal) (G1 Evacuation Pause) 377M->87M(512M) 8.991ms
[2022-03-01T14:52:19.886+0100][726.353s] GC(28) User=0.07s Sys=0.00s Real=0.01s
[2022-03-01T14:52:21.057+0100][727.524s] GC(29) Pause Young (Normal) (G1 Evacuation Pause)
[2022-03-01T14:52:21.057+0100][727.524s] GC(29) Using 10 workers of 10 for evacuation
[2022-03-01T14:52:21.062+0100][727.529s] GC(29)   Pre Evacuate Collection Set: 0.0ms
[2022-03-01T14:52:21.062+0100][727.529s] GC(29)   Evacuate Collection Set: 4.4ms
[2022-03-01T14:52:21.062+0100][727.529s] GC(29)   Post Evacuate Collection Set: 0.5ms
[2022-03-01T14:52:21.062+0100][727.529s] GC(29)   Other: 0.2ms
[2022-03-01T14:52:21.062+0100][727.529s] GC(29) Eden regions: 290->0(288)
[2022-03-01T14:52:21.062+0100][727.529s] GC(29) Survivor regions: 17->19(39)
[2022-03-01T14:52:21.062+0100][727.529s] GC(29) Old regions: 65->65
[2022-03-01T14:52:21.062+0100][727.529s] GC(29) Humongous regions: 7->7
[2022-03-01T14:52:21.062+0100][727.529s] GC(29) Metaspace: 67289K->67289K(1110016K)
[2022-03-01T14:52:21.062+0100][727.529s] GC(29) Pause Young (Normal) (G1 Evacuation Pause) 377M->89M(512M) 5.163ms
[2022-03-01T14:52:21.062+0100][727.529s] GC(29) User=0.04s Sys=0.00s Real=0.01s
[2022-03-01T14:52:22.040+0100][728.507s] GC(30) Pause Young (Normal) (G1 Evacuation Pause)
[2022-03-01T14:52:22.040+0100][728.507s] GC(30) Using 10 workers of 10 for evacuation
[2022-03-01T14:52:22.045+0100][728.512s] GC(30)   Pre Evacuate Collection Set: 0.0ms
[2022-03-01T14:52:22.045+0100][728.512s] GC(30)   Evacuate Collection Set: 4.5ms
[2022-03-01T14:52:22.045+0100][728.512s] GC(30)   Post Evacuate Collection Set: 0.4ms
[2022-03-01T14:52:22.045+0100][728.512s] GC(30)   Other: 0.2ms
[2022-03-01T14:52:22.045+0100][728.512s] GC(30) Eden regions: 288->0(289)
[2022-03-01T14:52:22.045+0100][728.512s] GC(30) Survivor regions: 19->18(39)
[2022-03-01T14:52:22.045+0100][728.512s] GC(30) Old regions: 65->65
[2022-03-01T14:52:22.045+0100][728.512s] GC(30) Humongous regions: 7->7
[2022-03-01T14:52:22.045+0100][728.512s] GC(30) Metaspace: 67289K->67289K(1110016K)
[2022-03-01T14:52:22.045+0100][728.512s] GC(30) Pause Young (Normal) (G1 Evacuation Pause) 377M->88M(512M) 5.206ms
[2022-03-01T14:52:22.045+0100][728.512s] GC(30) User=0.05s Sys=0.00s Real=0.01s
[2022-03-01T14:52:23.063+0100][729.530s] GC(31) Pause Young (Normal) (G1 Evacuation Pause)
[2022-03-01T14:52:23.063+0100][729.530s] GC(31) Using 10 workers of 10 for evacuation
[2022-03-01T14:52:23.068+0100][729.535s] GC(31)   Pre Evacuate Collection Set: 0.0ms
[2022-03-01T14:52:23.068+0100][729.535s] GC(31)   Evacuate Collection Set: 4.4ms
[2022-03-01T14:52:23.068+0100][729.535s] GC(31)   Post Evacuate Collection Set: 0.5ms
[2022-03-01T14:52:23.068+0100][729.535s] GC(31)   Other: 0.1ms
[2022-03-01T14:52:23.068+0100][729.535s] GC(31) Eden regions: 289->0(290)
[2022-03-01T14:52:23.068+0100][729.535s] GC(31) Survivor regions: 18->17(39)
[2022-03-01T14:52:23.068+0100][729.535s] GC(31) Old regions: 65->65
[2022-03-01T14:52:23.068+0100][729.535s] GC(31) Humongous regions: 7->7
[2022-03-01T14:52:23.068+0100][729.535s] GC(31) Metaspace: 67289K->67289K(1110016K)
[2022-03-01T14:52:23.068+0100][729.535s] GC(31) Pause Young (Normal) (G1 Evacuation Pause) 377M->87M(512M) 5.043ms
[2022-03-01T14:52:23.068+0100][729.535s] GC(31) User=0.05s Sys=0.00s Real=0.00s
[2022-03-01T14:52:24.054+0100][730.520s] GC(32) Pause Young (Normal) (G1 Evacuation Pause)
[2022-03-01T14:52:24.054+0100][730.520s] GC(32) Using 10 workers of 10 for evacuation
[2022-03-01T14:52:24.060+0100][730.526s] GC(32)   Pre Evacuate Collection Set: 0.0ms
[2022-03-01T14:52:24.060+0100][730.526s] GC(32)   Evacuate Collection Set: 4.8ms
[2022-03-01T14:52:24.060+0100][730.526s] GC(32)   Post Evacuate Collection Set: 1.1ms
[2022-03-01T14:52:24.060+0100][730.526s] GC(32)   Other: 0.1ms
[2022-03-01T14:52:24.060+0100][730.526s] GC(32) Eden regions: 290->0(288)
[2022-03-01T14:52:24.060+0100][730.526s] GC(32) Survivor regions: 17->19(39)
[2022-03-01T14:52:24.060+0100][730.526s] GC(32) Old regions: 65->65
[2022-03-01T14:52:24.060+0100][730.527s] GC(32) Humongous regions: 7->7
[2022-03-01T14:52:24.060+0100][730.527s] GC(32) Metaspace: 67289K->67289K(1110016K)
[2022-03-01T14:52:24.060+0100][730.527s] GC(32) Pause Young (Normal) (G1 Evacuation Pause) 377M->89M(512M) 6.147ms
[2022-03-01T14:52:24.060+0100][730.527s] GC(32) User=0.05s Sys=0.00s Real=0.00s
[2022-03-01T14:52:24.967+0100][731.434s] GC(33) Pause Young (Normal) (G1 Evacuation Pause)
[2022-03-01T14:52:24.967+0100][731.434s] GC(33) Using 10 workers of 10 for evacuation
[2022-03-01T14:52:24.972+0100][731.439s] GC(33)   Pre Evacuate Collection Set: 0.0ms
[2022-03-01T14:52:24.972+0100][731.439s] GC(33)   Evacuate Collection Set: 4.5ms
[2022-03-01T14:52:24.972+0100][731.439s] GC(33)   Post Evacuate Collection Set: 0.6ms
[2022-03-01T14:52:24.972+0100][731.439s] GC(33)   Other: 0.2ms
[2022-03-01T14:52:24.972+0100][731.439s] GC(33) Eden regions: 288->0(289)
[2022-03-01T14:52:24.972+0100][731.439s] GC(33) Survivor regions: 19->18(39)
[2022-03-01T14:52:24.972+0100][731.439s] GC(33) Old regions: 65->65
[2022-03-01T14:52:24.972+0100][731.439s] GC(33) Humongous regions: 7->7
[2022-03-01T14:52:24.972+0100][731.439s] GC(33) Metaspace: 67289K->67289K(1110016K)
[2022-03-01T14:52:24.972+0100][731.439s] GC(33) Pause Young (Normal) (G1 Evacuation Pause) 377M->87M(512M) 5.248ms
[2022-03-01T14:52:24.972+0100][731.439s] GC(33) User=0.04s Sys=0.01s Real=0.01s
[2022-03-01T14:52:25.918+0100][732.385s] GC(34) Pause Young (Normal) (G1 Evacuation Pause)
[2022-03-01T14:52:25.918+0100][732.385s] GC(34) Using 10 workers of 10 for evacuation
[2022-03-01T14:52:25.923+0100][732.390s] GC(34)   Pre Evacuate Collection Set: 0.0ms
[2022-03-01T14:52:25.923+0100][732.390s] GC(34)   Evacuate Collection Set: 4.5ms
[2022-03-01T14:52:25.923+0100][732.390s] GC(34)   Post Evacuate Collection Set: 0.5ms
[2022-03-01T14:52:25.923+0100][732.390s] GC(34)   Other: 0.1ms
[2022-03-01T14:52:25.923+0100][732.390s] GC(34) Eden regions: 289->0(290)
[2022-03-01T14:52:25.923+0100][732.390s] GC(34) Survivor regions: 18->17(39)
[2022-03-01T14:52:25.923+0100][732.390s] GC(34) Old regions: 65->65
[2022-03-01T14:52:25.923+0100][732.390s] GC(34) Humongous regions: 7->7
[2022-03-01T14:52:25.923+0100][732.390s] GC(34) Metaspace: 67290K->67290K(1110016K)
[2022-03-01T14:52:25.923+0100][732.390s] GC(34) Pause Young (Normal) (G1 Evacuation Pause) 376M->87M(512M) 5.251ms
[2022-03-01T14:52:25.923+0100][732.390s] GC(34) User=0.05s Sys=0.00s Real=0.01s
[2022-03-01T14:52:26.915+0100][733.382s] GC(35) Pause Young (Normal) (G1 Evacuation Pause)
[2022-03-01T14:52:26.915+0100][733.382s] GC(35) Using 10 workers of 10 for evacuation
[2022-03-01T14:52:26.921+0100][733.388s] GC(35)   Pre Evacuate Collection Set: 0.0ms
[2022-03-01T14:52:26.921+0100][733.388s] GC(35)   Evacuate Collection Set: 4.8ms
[2022-03-01T14:52:26.921+0100][733.388s] GC(35)   Post Evacuate Collection Set: 0.5ms
[2022-03-01T14:52:26.921+0100][733.388s] GC(35)   Other: 0.1ms
[2022-03-01T14:52:26.921+0100][733.388s] GC(35) Eden regions: 290->0(298)
[2022-03-01T14:52:26.921+0100][733.388s] GC(35) Survivor regions: 17->9(39)
[2022-03-01T14:52:26.921+0100][733.388s] GC(35) Old regions: 65->75
[2022-03-01T14:52:26.921+0100][733.388s] GC(35) Humongous regions: 7->7
[2022-03-01T14:52:26.921+0100][733.388s] GC(35) Metaspace: 67290K->67290K(1110016K)
[2022-03-01T14:52:26.921+0100][733.388s] GC(35) Pause Young (Normal) (G1 Evacuation Pause) 377M->88M(512M) 5.533ms
[2022-03-01T14:52:26.921+0100][733.388s] GC(35) User=0.05s Sys=0.00s Real=0.01s
[2022-03-01T14:52:27.906+0100][734.373s] GC(36) Pause Young (Normal) (G1 Evacuation Pause)
[2022-03-01T14:52:27.906+0100][734.373s] GC(36) Using 10 workers of 10 for evacuation
[2022-03-01T14:52:27.909+0100][734.376s] GC(36)   Pre Evacuate Collection Set: 0.0ms
[2022-03-01T14:52:27.909+0100][734.376s] GC(36)   Evacuate Collection Set: 2.4ms
[2022-03-01T14:52:27.909+0100][734.376s] GC(36)   Post Evacuate Collection Set: 0.4ms
[2022-03-01T14:52:27.909+0100][734.376s] GC(36)   Other: 0.2ms
[2022-03-01T14:52:27.909+0100][734.376s] GC(36) Eden regions: 298->0(304)
[2022-03-01T14:52:27.909+0100][734.376s] GC(36) Survivor regions: 9->3(39)
[2022-03-01T14:52:27.909+0100][734.376s] GC(36) Old regions: 75->80
[2022-03-01T14:52:27.909+0100][734.376s] GC(36) Humongous regions: 7->7
[2022-03-01T14:52:27.909+0100][734.376s] GC(36) Metaspace: 67290K->67290K(1110016K)
[2022-03-01T14:52:27.909+0100][734.376s] GC(36) Pause Young (Normal) (G1 Evacuation Pause) 386M->87M(512M) 3.037ms
[2022-03-01T14:52:27.909+0100][734.376s] GC(36) User=0.02s Sys=0.00s Real=0.01s
[2022-03-01T14:52:28.936+0100][735.402s] GC(37) Pause Young (Normal) (G1 Evacuation Pause)
[2022-03-01T14:52:28.936+0100][735.402s] GC(37) Using 10 workers of 10 for evacuation
[2022-03-01T14:52:28.937+0100][735.404s] GC(37)   Pre Evacuate Collection Set: 0.0ms
[2022-03-01T14:52:28.937+0100][735.404s] GC(37)   Evacuate Collection Set: 1.3ms
[2022-03-01T14:52:28.937+0100][735.404s] GC(37)   Post Evacuate Collection Set: 0.5ms
[2022-03-01T14:52:28.937+0100][735.404s] GC(37)   Other: 0.1ms
[2022-03-01T14:52:28.937+0100][735.404s] GC(37) Eden regions: 304->0(305)
[2022-03-01T14:52:28.937+0100][735.404s] GC(37) Survivor regions: 3->2(39)
[2022-03-01T14:52:28.938+0100][735.404s] GC(37) Old regions: 80->81
[2022-03-01T14:52:28.938+0100][735.404s] GC(37) Humongous regions: 7->7
[2022-03-01T14:52:28.938+0100][735.404s] GC(37) Metaspace: 67290K->67290K(1110016K)
[2022-03-01T14:52:28.938+0100][735.404s] GC(37) Pause Young (Normal) (G1 Evacuation Pause) 391M->88M(512M) 1.923ms
[2022-03-01T14:52:28.938+0100][735.404s] GC(37) User=0.01s Sys=0.00s Real=0.00s
[2022-03-01T14:52:29.880+0100][736.347s] GC(38) Pause Young (Normal) (G1 Evacuation Pause)
[2022-03-01T14:52:29.880+0100][736.347s] GC(38) Using 10 workers of 10 for evacuation
[2022-03-01T14:52:29.882+0100][736.349s] GC(38)   Pre Evacuate Collection Set: 0.0ms
[2022-03-01T14:52:29.882+0100][736.349s] GC(38)   Evacuate Collection Set: 1.1ms
[2022-03-01T14:52:29.882+0100][736.349s] GC(38)   Post Evacuate Collection Set: 0.7ms
[2022-03-01T14:52:29.882+0100][736.349s] GC(38)   Other: 0.1ms
[2022-03-01T14:52:29.882+0100][736.349s] GC(38) Eden regions: 305->0(305)
[2022-03-01T14:52:29.882+0100][736.349s] GC(38) Survivor regions: 2->2(39)
[2022-03-01T14:52:29.882+0100][736.349s] GC(38) Old regions: 81->81
[2022-03-01T14:52:29.882+0100][736.349s] GC(38) Humongous regions: 7->7
[2022-03-01T14:52:29.882+0100][736.349s] GC(38) Metaspace: 67290K->67290K(1110016K)
[2022-03-01T14:52:29.882+0100][736.349s] GC(38) Pause Young (Normal) (G1 Evacuation Pause) 393M->88M(512M) 1.998ms
[2022-03-01T14:52:29.882+0100][736.349s] GC(38) User=0.02s Sys=0.00s Real=0.01s
[2022-03-01T14:52:30.894+0100][737.361s] GC(39) Pause Young (Normal) (G1 Evacuation Pause)
[2022-03-01T14:52:30.894+0100][737.361s] GC(39) Using 10 workers of 10 for evacuation
[2022-03-01T14:52:30.896+0100][737.362s] GC(39)   Pre Evacuate Collection Set: 0.0ms
[2022-03-01T14:52:30.896+0100][737.362s] GC(39)   Evacuate Collection Set: 0.9ms
[2022-03-01T14:52:30.896+0100][737.362s] GC(39)   Post Evacuate Collection Set: 0.5ms
[2022-03-01T14:52:30.896+0100][737.362s] GC(39)   Other: 0.1ms
[2022-03-01T14:52:30.896+0100][737.362s] GC(39) Eden regions: 305->0(305)
[2022-03-01T14:52:30.896+0100][737.362s] GC(39) Survivor regions: 2->2(39)
[2022-03-01T14:52:30.896+0100][737.362s] GC(39) Old regions: 81->82
[2022-03-01T14:52:30.896+0100][737.362s] GC(39) Humongous regions: 7->7
[2022-03-01T14:52:30.896+0100][737.362s] GC(39) Metaspace: 67290K->67290K(1110016K)
[2022-03-01T14:52:30.896+0100][737.362s] GC(39) Pause Young (Normal) (G1 Evacuation Pause) 393M->88M(512M) 1.613ms
[2022-03-01T14:52:30.896+0100][737.362s] GC(39) User=0.01s Sys=0.00s Real=0.00s
[2022-03-01T14:52:31.899+0100][738.366s] GC(40) Pause Young (Normal) (G1 Evacuation Pause)
[2022-03-01T14:52:31.899+0100][738.366s] GC(40) Using 10 workers of 10 for evacuation
[2022-03-01T14:52:31.901+0100][738.368s] GC(40)   Pre Evacuate Collection Set: 0.0ms
[2022-03-01T14:52:31.901+0100][738.368s] GC(40)   Evacuate Collection Set: 1.1ms
[2022-03-01T14:52:31.901+0100][738.368s] GC(40)   Post Evacuate Collection Set: 0.4ms
[2022-03-01T14:52:31.901+0100][738.368s] GC(40)   Other: 0.1ms
[2022-03-01T14:52:31.901+0100][738.368s] GC(40) Eden regions: 305->0(305)
[2022-03-01T14:52:31.901+0100][738.368s] GC(40) Survivor regions: 2->2(39)
[2022-03-01T14:52:31.901+0100][738.368s] GC(40) Old regions: 82->82
[2022-03-01T14:52:31.901+0100][738.368s] GC(40) Humongous regions: 7->7
[2022-03-01T14:52:31.901+0100][738.368s] GC(40) Metaspace: 67290K->67290K(1110016K)
[2022-03-01T14:52:31.901+0100][738.368s] GC(40) Pause Young (Normal) (G1 Evacuation Pause) 393M->88M(512M) 1.679ms
[2022-03-01T14:52:31.901+0100][738.368s] GC(40) User=0.00s Sys=0.01s Real=0.01s
[2022-03-01T14:52:33.037+0100][739.504s] GC(41) Pause Young (Normal) (G1 Evacuation Pause)
[2022-03-01T14:52:33.037+0100][739.504s] GC(41) Using 10 workers of 10 for evacuation
[2022-03-01T14:52:33.039+0100][739.506s] GC(41)   Pre Evacuate Collection Set: 0.0ms
[2022-03-01T14:52:33.039+0100][739.506s] GC(41)   Evacuate Collection Set: 1.2ms
[2022-03-01T14:52:33.039+0100][739.506s] GC(41)   Post Evacuate Collection Set: 0.6ms
[2022-03-01T14:52:33.039+0100][739.506s] GC(41)   Other: 0.2ms
[2022-03-01T14:52:33.039+0100][739.506s] GC(41) Eden regions: 305->0(305)
[2022-03-01T14:52:33.039+0100][739.506s] GC(41) Survivor regions: 2->2(39)
[2022-03-01T14:52:33.039+0100][739.506s] GC(41) Old regions: 82->82
[2022-03-01T14:52:33.039+0100][739.506s] GC(41) Humongous regions: 7->7
[2022-03-01T14:52:33.039+0100][739.506s] GC(41) Metaspace: 67290K->67290K(1110016K)
[2022-03-01T14:52:33.039+0100][739.506s] GC(41) Pause Young (Normal) (G1 Evacuation Pause) 393M->88M(512M) 1.971ms
[2022-03-01T14:52:33.039+0100][739.506s] GC(41) User=0.01s Sys=0.00s Real=0.00s
[2022-03-01T14:52:34.224+0100][740.691s] GC(42) Pause Young (Normal) (G1 Evacuation Pause)
[2022-03-01T14:52:34.224+0100][740.691s] GC(42) Using 10 workers of 10 for evacuation
[2022-03-01T14:52:34.225+0100][740.692s] GC(42)   Pre Evacuate Collection Set: 0.0ms
[2022-03-01T14:52:34.225+0100][740.692s] GC(42)   Evacuate Collection Set: 1.1ms
[2022-03-01T14:52:34.225+0100][740.692s] GC(42)   Post Evacuate Collection Set: 0.4ms
[2022-03-01T14:52:34.225+0100][740.692s] GC(42)   Other: 0.2ms
[2022-03-01T14:52:34.225+0100][740.692s] GC(42) Eden regions: 305->0(305)
[2022-03-01T14:52:34.225+0100][740.692s] GC(42) Survivor regions: 2->2(39)
[2022-03-01T14:52:34.225+0100][740.692s] GC(42) Old regions: 82->82
[2022-03-01T14:52:34.225+0100][740.692s] GC(42) Humongous regions: 7->7
[2022-03-01T14:52:34.225+0100][740.692s] GC(42) Metaspace: 67290K->67290K(1110016K)
[2022-03-01T14:52:34.225+0100][740.692s] GC(42) Pause Young (Normal) (G1 Evacuation Pause) 393M->88M(512M) 1.744ms
[2022-03-01T14:52:34.225+0100][740.692s] GC(42) User=0.01s Sys=0.00s Real=0.00s
[2022-03-01T14:52:35.214+0100][741.680s] GC(43) Pause Young (Normal) (G1 Evacuation Pause)
[2022-03-01T14:52:35.214+0100][741.681s] GC(43) Using 10 workers of 10 for evacuation
[2022-03-01T14:52:35.215+0100][741.682s] GC(43)   Pre Evacuate Collection Set: 0.0ms
[2022-03-01T14:52:35.215+0100][741.682s] GC(43)   Evacuate Collection Set: 1.0ms
[2022-03-01T14:52:35.215+0100][741.682s] GC(43)   Post Evacuate Collection Set: 0.5ms
[2022-03-01T14:52:35.215+0100][741.682s] GC(43)   Other: 0.2ms
[2022-03-01T14:52:35.215+0100][741.682s] GC(43) Eden regions: 305->0(305)
[2022-03-01T14:52:35.215+0100][741.682s] GC(43) Survivor regions: 2->2(39)
[2022-03-01T14:52:35.215+0100][741.682s] GC(43) Old regions: 82->82
[2022-03-01T14:52:35.215+0100][741.682s] GC(43) Humongous regions: 7->7
[2022-03-01T14:52:35.215+0100][741.682s] GC(43) Metaspace: 67290K->67290K(1110016K)
[2022-03-01T14:52:35.215+0100][741.682s] GC(43) Pause Young (Normal) (G1 Evacuation Pause) 393M->88M(512M) 1.704ms
[2022-03-01T14:52:35.215+0100][741.682s] GC(43) User=0.02s Sys=0.00s Real=0.00s
[2022-03-01T14:52:36.738+0100][743.205s] GC(44) Pause Young (Normal) (G1 Evacuation Pause)
[2022-03-01T14:52:36.738+0100][743.205s] GC(44) Using 10 workers of 10 for evacuation
[2022-03-01T14:52:36.740+0100][743.206s] GC(44)   Pre Evacuate Collection Set: 0.0ms
[2022-03-01T14:52:36.740+0100][743.206s] GC(44)   Evacuate Collection Set: 1.2ms
[2022-03-01T14:52:36.740+0100][743.206s] GC(44)   Post Evacuate Collection Set: 0.5ms
[2022-03-01T14:52:36.740+0100][743.206s] GC(44)   Other: 0.1ms
[2022-03-01T14:52:36.740+0100][743.206s] GC(44) Eden regions: 305->0(305)
[2022-03-01T14:52:36.740+0100][743.206s] GC(44) Survivor regions: 2->2(39)
[2022-03-01T14:52:36.740+0100][743.206s] GC(44) Old regions: 82->82
[2022-03-01T14:52:36.740+0100][743.206s] GC(44) Humongous regions: 7->7
[2022-03-01T14:52:36.740+0100][743.206s] GC(44) Metaspace: 67290K->67290K(1110016K)
[2022-03-01T14:52:36.740+0100][743.206s] GC(44) Pause Young (Normal) (G1 Evacuation Pause) 393M->88M(512M) 1.838ms
[2022-03-01T14:52:36.740+0100][743.206s] GC(44) User=0.02s Sys=0.00s Real=0.00s
[2022-03-01T14:52:37.771+0100][744.237s] GC(45) Pause Young (Normal) (G1 Evacuation Pause)
[2022-03-01T14:52:37.771+0100][744.238s] GC(45) Using 10 workers of 10 for evacuation
[2022-03-01T14:52:37.773+0100][744.239s] GC(45)   Pre Evacuate Collection Set: 0.0ms
[2022-03-01T14:52:37.773+0100][744.239s] GC(45)   Evacuate Collection Set: 1.4ms
[2022-03-01T14:52:37.773+0100][744.239s] GC(45)   Post Evacuate Collection Set: 0.4ms
[2022-03-01T14:52:37.773+0100][744.239s] GC(45)   Other: 0.1ms
[2022-03-01T14:52:37.773+0100][744.239s] GC(45) Eden regions: 305->0(304)
[2022-03-01T14:52:37.773+0100][744.239s] GC(45) Survivor regions: 2->3(39)
[2022-03-01T14:52:37.773+0100][744.239s] GC(45) Old regions: 82->82
[2022-03-01T14:52:37.773+0100][744.239s] GC(45) Humongous regions: 7->7
[2022-03-01T14:52:37.773+0100][744.239s] GC(45) Metaspace: 67290K->67290K(1110016K)
[2022-03-01T14:52:37.773+0100][744.239s] GC(45) Pause Young (Normal) (G1 Evacuation Pause) 393M->89M(512M) 1.924ms
[2022-03-01T14:52:37.773+0100][744.239s] GC(45) User=0.01s Sys=0.01s Real=0.00s
[2022-03-01T14:52:38.765+0100][745.232s] GC(46) Pause Young (Normal) (G1 Evacuation Pause)
[2022-03-01T14:52:38.765+0100][745.232s] GC(46) Using 10 workers of 10 for evacuation
[2022-03-01T14:52:38.767+0100][745.233s] GC(46)   Pre Evacuate Collection Set: 0.0ms
[2022-03-01T14:52:38.767+0100][745.233s] GC(46)   Evacuate Collection Set: 1.1ms
[2022-03-01T14:52:38.767+0100][745.233s] GC(46)   Post Evacuate Collection Set: 0.6ms
[2022-03-01T14:52:38.767+0100][745.233s] GC(46)   Other: 0.1ms
[2022-03-01T14:52:38.767+0100][745.233s] GC(46) Eden regions: 304->0(305)
[2022-03-01T14:52:38.767+0100][745.233s] GC(46) Survivor regions: 3->2(39)
[2022-03-01T14:52:38.767+0100][745.233s] GC(46) Old regions: 82->82
[2022-03-01T14:52:38.767+0100][745.233s] GC(46) Humongous regions: 7->7
[2022-03-01T14:52:38.767+0100][745.233s] GC(46) Metaspace: 67290K->67290K(1110016K)
[2022-03-01T14:52:38.767+0100][745.233s] GC(46) Pause Young (Normal) (G1 Evacuation Pause) 393M->88M(512M) 1.888ms
[2022-03-01T14:52:38.767+0100][745.233s] GC(46) User=0.01s Sys=0.00s Real=0.00s
[2022-03-01T14:52:39.781+0100][746.247s] GC(47) Pause Young (Normal) (G1 Evacuation Pause)
[2022-03-01T14:52:39.781+0100][746.248s] GC(47) Using 10 workers of 10 for evacuation
[2022-03-01T14:52:39.782+0100][746.249s] GC(47)   Pre Evacuate Collection Set: 0.0ms
[2022-03-01T14:52:39.782+0100][746.249s] GC(47)   Evacuate Collection Set: 1.0ms
[2022-03-01T14:52:39.782+0100][746.249s] GC(47)   Post Evacuate Collection Set: 0.5ms
[2022-03-01T14:52:39.782+0100][746.249s] GC(47)   Other: 0.2ms
[2022-03-01T14:52:39.782+0100][746.249s] GC(47) Eden regions: 305->0(305)
[2022-03-01T14:52:39.782+0100][746.249s] GC(47) Survivor regions: 2->2(39)
[2022-03-01T14:52:39.782+0100][746.249s] GC(47) Old regions: 82->82
[2022-03-01T14:52:39.782+0100][746.249s] GC(47) Humongous regions: 7->7
[2022-03-01T14:52:39.782+0100][746.249s] GC(47) Metaspace: 67290K->67290K(1110016K)
[2022-03-01T14:52:39.782+0100][746.249s] GC(47) Pause Young (Normal) (G1 Evacuation Pause) 393M->88M(512M) 1.761ms
[2022-03-01T14:52:39.782+0100][746.249s] GC(47) User=0.01s Sys=0.01s Real=0.01s
[2022-03-01T14:52:40.767+0100][747.234s] GC(48) Pause Young (Normal) (G1 Evacuation Pause)
[2022-03-01T14:52:40.767+0100][747.234s] GC(48) Using 10 workers of 10 for evacuation
[2022-03-01T14:52:40.769+0100][747.235s] GC(48)   Pre Evacuate Collection Set: 0.0ms
[2022-03-01T14:52:40.769+0100][747.235s] GC(48)   Evacuate Collection Set: 1.0ms
[2022-03-01T14:52:40.769+0100][747.235s] GC(48)   Post Evacuate Collection Set: 0.4ms
[2022-03-01T14:52:40.769+0100][747.236s] GC(48)   Other: 0.1ms
[2022-03-01T14:52:40.769+0100][747.236s] GC(48) Eden regions: 305->0(305)
[2022-03-01T14:52:40.769+0100][747.236s] GC(48) Survivor regions: 2->2(39)
[2022-03-01T14:52:40.769+0100][747.236s] GC(48) Old regions: 82->82
[2022-03-01T14:52:40.769+0100][747.236s] GC(48) Humongous regions: 7->7
[2022-03-01T14:52:40.769+0100][747.236s] GC(48) Metaspace: 67308K->67308K(1110016K)
[2022-03-01T14:52:40.769+0100][747.236s] GC(48) Pause Young (Normal) (G1 Evacuation Pause) 393M->88M(512M) 1.591ms
[2022-03-01T14:52:40.769+0100][747.236s] GC(48) User=0.01s Sys=0.00s Real=0.01s
[2022-03-01T14:52:41.757+0100][748.224s] GC(49) Pause Young (Normal) (G1 Evacuation Pause)
[2022-03-01T14:52:41.757+0100][748.224s] GC(49) Using 10 workers of 10 for evacuation
[2022-03-01T14:52:41.759+0100][748.225s] GC(49)   Pre Evacuate Collection Set: 0.0ms
[2022-03-01T14:52:41.759+0100][748.225s] GC(49)   Evacuate Collection Set: 1.0ms
[2022-03-01T14:52:41.759+0100][748.225s] GC(49)   Post Evacuate Collection Set: 0.4ms
[2022-03-01T14:52:41.759+0100][748.226s] GC(49)   Other: 0.1ms
[2022-03-01T14:52:41.759+0100][748.226s] GC(49) Eden regions: 305->0(305)
[2022-03-01T14:52:41.759+0100][748.226s] GC(49) Survivor regions: 2->2(39)
[2022-03-01T14:52:41.759+0100][748.226s] GC(49) Old regions: 82->82
[2022-03-01T14:52:41.759+0100][748.226s] GC(49) Humongous regions: 7->7
[2022-03-01T14:52:41.759+0100][748.226s] GC(49) Metaspace: 67308K->67308K(1110016K)
[2022-03-01T14:52:41.759+0100][748.226s] GC(49) Pause Young (Normal) (G1 Evacuation Pause) 393M->88M(512M) 1.626ms
[2022-03-01T14:52:41.759+0100][748.226s] GC(49) User=0.01s Sys=0.01s Real=0.00s
[2022-03-01T14:52:43.019+0100][749.486s] GC(50) Pause Young (Normal) (G1 Evacuation Pause)
[2022-03-01T14:52:43.019+0100][749.486s] GC(50) Using 10 workers of 10 for evacuation
[2022-03-01T14:52:43.021+0100][749.487s] GC(50)   Pre Evacuate Collection Set: 0.0ms
[2022-03-01T14:52:43.021+0100][749.487s] GC(50)   Evacuate Collection Set: 1.0ms
[2022-03-01T14:52:43.021+0100][749.487s] GC(50)   Post Evacuate Collection Set: 0.5ms
[2022-03-01T14:52:43.021+0100][749.487s] GC(50)   Other: 0.1ms
[2022-03-01T14:52:43.021+0100][749.487s] GC(50) Eden regions: 305->0(305)
[2022-03-01T14:52:43.021+0100][749.487s] GC(50) Survivor regions: 2->2(39)
[2022-03-01T14:52:43.021+0100][749.487s] GC(50) Old regions: 82->82
[2022-03-01T14:52:43.021+0100][749.487s] GC(50) Humongous regions: 7->7
[2022-03-01T14:52:43.021+0100][749.487s] GC(50) Metaspace: 67308K->67308K(1110016K)
[2022-03-01T14:52:43.021+0100][749.488s] GC(50) Pause Young (Normal) (G1 Evacuation Pause) 393M->88M(512M) 1.704ms
[2022-03-01T14:52:43.021+0100][749.488s] GC(50) User=0.01s Sys=0.01s Real=0.01s
[2022-03-01T14:52:44.120+0100][750.587s] GC(51) Pause Young (Normal) (G1 Evacuation Pause)
[2022-03-01T14:52:44.120+0100][750.587s] GC(51) Using 10 workers of 10 for evacuation
[2022-03-01T14:52:44.122+0100][750.588s] GC(51)   Pre Evacuate Collection Set: 0.0ms
[2022-03-01T14:52:44.122+0100][750.588s] GC(51)   Evacuate Collection Set: 1.0ms
[2022-03-01T14:52:44.122+0100][750.588s] GC(51)   Post Evacuate Collection Set: 0.5ms
[2022-03-01T14:52:44.122+0100][750.588s] GC(51)   Other: 0.2ms
[2022-03-01T14:52:44.122+0100][750.588s] GC(51) Eden regions: 305->0(305)
[2022-03-01T14:52:44.122+0100][750.588s] GC(51) Survivor regions: 2->2(39)
[2022-03-01T14:52:44.122+0100][750.588s] GC(51) Old regions: 82->82
[2022-03-01T14:52:44.122+0100][750.588s] GC(51) Humongous regions: 7->7
[2022-03-01T14:52:44.122+0100][750.588s] GC(51) Metaspace: 67317K->67317K(1110016K)
[2022-03-01T14:52:44.122+0100][750.588s] GC(51) Pause Young (Normal) (G1 Evacuation Pause) 393M->88M(512M) 1.747ms
[2022-03-01T14:52:44.122+0100][750.589s] GC(51) User=0.01s Sys=0.00s Real=0.01s
[2022-03-01T14:52:45.054+0100][751.521s] GC(52) Pause Young (Normal) (G1 Evacuation Pause)
[2022-03-01T14:52:45.054+0100][751.521s] GC(52) Using 10 workers of 10 for evacuation
[2022-03-01T14:52:45.056+0100][751.523s] GC(52)   Pre Evacuate Collection Set: 0.0ms
[2022-03-01T14:52:45.056+0100][751.523s] GC(52)   Evacuate Collection Set: 1.0ms
[2022-03-01T14:52:45.056+0100][751.523s] GC(52)   Post Evacuate Collection Set: 0.5ms
[2022-03-01T14:52:45.056+0100][751.523s] GC(52)   Other: 0.1ms
[2022-03-01T14:52:45.056+0100][751.523s] GC(52) Eden regions: 305->0(305)
[2022-03-01T14:52:45.056+0100][751.523s] GC(52) Survivor regions: 2->2(39)
[2022-03-01T14:52:45.056+0100][751.523s] GC(52) Old regions: 82->82
[2022-03-01T14:52:45.056+0100][751.523s] GC(52) Humongous regions: 7->7
[2022-03-01T14:52:45.056+0100][751.523s] GC(52) Metaspace: 67317K->67317K(1110016K)
[2022-03-01T14:52:45.056+0100][751.523s] GC(52) Pause Young (Normal) (G1 Evacuation Pause) 393M->88M(512M) 1.679ms
[2022-03-01T14:52:45.056+0100][751.523s] GC(52) User=0.01s Sys=0.01s Real=0.00s
[2022-03-01T14:52:46.103+0100][752.569s] GC(53) Pause Young (Normal) (G1 Evacuation Pause)
[2022-03-01T14:52:46.103+0100][752.569s] GC(53) Using 10 workers of 10 for evacuation
[2022-03-01T14:52:46.104+0100][752.571s] GC(53)   Pre Evacuate Collection Set: 0.0ms
[2022-03-01T14:52:46.104+0100][752.571s] GC(53)   Evacuate Collection Set: 1.0ms
[2022-03-01T14:52:46.104+0100][752.571s] GC(53)   Post Evacuate Collection Set: 0.5ms
[2022-03-01T14:52:46.104+0100][752.571s] GC(53)   Other: 0.2ms
[2022-03-01T14:52:46.104+0100][752.571s] GC(53) Eden regions: 305->0(305)
[2022-03-01T14:52:46.104+0100][752.571s] GC(53) Survivor regions: 2->2(39)
[2022-03-01T14:52:46.104+0100][752.571s] GC(53) Old regions: 82->82
[2022-03-01T14:52:46.104+0100][752.571s] GC(53) Humongous regions: 7->7
[2022-03-01T14:52:46.104+0100][752.571s] GC(53) Metaspace: 67317K->67317K(1110016K)
[2022-03-01T14:52:46.104+0100][752.571s] GC(53) Pause Young (Normal) (G1 Evacuation Pause) 393M->88M(512M) 1.805ms
[2022-03-01T14:52:46.104+0100][752.571s] GC(53) User=0.01s Sys=0.00s Real=0.00s
[2022-03-01T14:52:47.097+0100][753.564s] GC(54) Pause Young (Normal) (G1 Evacuation Pause)
[2022-03-01T14:52:47.097+0100][753.564s] GC(54) Using 10 workers of 10 for evacuation
[2022-03-01T14:52:47.099+0100][753.566s] GC(54)   Pre Evacuate Collection Set: 0.0ms
[2022-03-01T14:52:47.099+0100][753.566s] GC(54)   Evacuate Collection Set: 1.0ms
[2022-03-01T14:52:47.099+0100][753.566s] GC(54)   Post Evacuate Collection Set: 0.6ms
[2022-03-01T14:52:47.099+0100][753.566s] GC(54)   Other: 0.1ms
[2022-03-01T14:52:47.099+0100][753.566s] GC(54) Eden regions: 305->0(305)
[2022-03-01T14:52:47.099+0100][753.566s] GC(54) Survivor regions: 2->2(39)
[2022-03-01T14:52:47.099+0100][753.566s] GC(54) Old regions: 82->82
[2022-03-01T14:52:47.099+0100][753.566s] GC(54) Humongous regions: 7->7
[2022-03-01T14:52:47.099+0100][753.566s] GC(54) Metaspace: 67317K->67317K(1110016K)
[2022-03-01T14:52:47.099+0100][753.566s] GC(54) Pause Young (Normal) (G1 Evacuation Pause) 393M->88M(512M) 1.709ms
[2022-03-01T14:52:47.099+0100][753.566s] GC(54) User=0.01s Sys=0.00s Real=0.00s
[2022-03-01T14:52:48.118+0100][754.585s] GC(55) Pause Young (Normal) (G1 Evacuation Pause)
[2022-03-01T14:52:48.118+0100][754.585s] GC(55) Using 10 workers of 10 for evacuation
[2022-03-01T14:52:48.120+0100][754.587s] GC(55)   Pre Evacuate Collection Set: 0.0ms
[2022-03-01T14:52:48.120+0100][754.587s] GC(55)   Evacuate Collection Set: 1.1ms
[2022-03-01T14:52:48.120+0100][754.587s] GC(55)   Post Evacuate Collection Set: 0.5ms
[2022-03-01T14:52:48.120+0100][754.587s] GC(55)   Other: 0.2ms
[2022-03-01T14:52:48.120+0100][754.587s] GC(55) Eden regions: 305->0(305)
[2022-03-01T14:52:48.120+0100][754.587s] GC(55) Survivor regions: 2->2(39)
[2022-03-01T14:52:48.120+0100][754.587s] GC(55) Old regions: 82->82
[2022-03-01T14:52:48.120+0100][754.587s] GC(55) Humongous regions: 7->7
[2022-03-01T14:52:48.120+0100][754.587s] GC(55) Metaspace: 67317K->67317K(1110016K)
[2022-03-01T14:52:48.120+0100][754.587s] GC(55) Pause Young (Normal) (G1 Evacuation Pause) 393M->88M(512M) 1.856ms
[2022-03-01T14:52:48.120+0100][754.587s] GC(55) User=0.01s Sys=0.00s Real=0.00s
[2022-03-01T14:52:49.110+0100][755.577s] GC(56) Pause Young (Normal) (G1 Evacuation Pause)
[2022-03-01T14:52:49.110+0100][755.577s] GC(56) Using 10 workers of 10 for evacuation
[2022-03-01T14:52:49.112+0100][755.579s] GC(56)   Pre Evacuate Collection Set: 0.0ms
[2022-03-01T14:52:49.112+0100][755.579s] GC(56)   Evacuate Collection Set: 1.3ms
[2022-03-01T14:52:49.112+0100][755.579s] GC(56)   Post Evacuate Collection Set: 0.5ms
[2022-03-01T14:52:49.112+0100][755.579s] GC(56)   Other: 0.1ms
[2022-03-01T14:52:49.112+0100][755.579s] GC(56) Eden regions: 305->0(304)
[2022-03-01T14:52:49.112+0100][755.579s] GC(56) Survivor regions: 2->3(39)
[2022-03-01T14:52:49.112+0100][755.579s] GC(56) Old regions: 82->82
[2022-03-01T14:52:49.112+0100][755.579s] GC(56) Humongous regions: 7->7
[2022-03-01T14:52:49.112+0100][755.579s] GC(56) Metaspace: 67317K->67317K(1110016K)
[2022-03-01T14:52:49.112+0100][755.579s] GC(56) Pause Young (Normal) (G1 Evacuation Pause) 393M->89M(512M) 2.006ms
[2022-03-01T14:52:49.112+0100][755.579s] GC(56) User=0.01s Sys=0.00s Real=0.00s
[2022-03-01T14:52:50.097+0100][756.564s] GC(57) Pause Young (Normal) (G1 Evacuation Pause)
[2022-03-01T14:52:50.097+0100][756.564s] GC(57) Using 10 workers of 10 for evacuation
[2022-03-01T14:52:50.099+0100][756.566s] GC(57)   Pre Evacuate Collection Set: 0.0ms
[2022-03-01T14:52:50.099+0100][756.566s] GC(57)   Evacuate Collection Set: 1.1ms
[2022-03-01T14:52:50.099+0100][756.566s] GC(57)   Post Evacuate Collection Set: 0.5ms
[2022-03-01T14:52:50.099+0100][756.566s] GC(57)   Other: 0.1ms
[2022-03-01T14:52:50.099+0100][756.566s] GC(57) Eden regions: 304->0(305)
[2022-03-01T14:52:50.099+0100][756.566s] GC(57) Survivor regions: 3->2(39)
[2022-03-01T14:52:50.099+0100][756.566s] GC(57) Old regions: 82->82
[2022-03-01T14:52:50.099+0100][756.566s] GC(57) Humongous regions: 7->7
[2022-03-01T14:52:50.099+0100][756.566s] GC(57) Metaspace: 67317K->67317K(1110016K)
[2022-03-01T14:52:50.099+0100][756.566s] GC(57) Pause Young (Normal) (G1 Evacuation Pause) 393M->88M(512M) 1.776ms
[2022-03-01T14:52:50.099+0100][756.566s] GC(57) User=0.01s Sys=0.01s Real=0.00s
[2022-03-01T14:52:51.159+0100][757.626s] GC(58) Pause Young (Normal) (G1 Evacuation Pause)
[2022-03-01T14:52:51.159+0100][757.626s] GC(58) Using 10 workers of 10 for evacuation
[2022-03-01T14:52:51.160+0100][757.627s] GC(58)   Pre Evacuate Collection Set: 0.0ms
[2022-03-01T14:52:51.160+0100][757.627s] GC(58)   Evacuate Collection Set: 1.0ms
[2022-03-01T14:52:51.160+0100][757.627s] GC(58)   Post Evacuate Collection Set: 0.4ms
[2022-03-01T14:52:51.160+0100][757.627s] GC(58)   Other: 0.2ms
[2022-03-01T14:52:51.160+0100][757.627s] GC(58) Eden regions: 305->0(305)
[2022-03-01T14:52:51.160+0100][757.627s] GC(58) Survivor regions: 2->2(39)
[2022-03-01T14:52:51.160+0100][757.627s] GC(58) Old regions: 82->82
[2022-03-01T14:52:51.160+0100][757.627s] GC(58) Humongous regions: 7->7
[2022-03-01T14:52:51.160+0100][757.627s] GC(58) Metaspace: 67317K->67317K(1110016K)
[2022-03-01T14:52:51.160+0100][757.627s] GC(58) Pause Young (Normal) (G1 Evacuation Pause) 393M->88M(512M) 1.638ms
[2022-03-01T14:52:51.160+0100][757.627s] GC(58) User=0.00s Sys=0.01s Real=0.00s
[2022-03-01T14:52:52.601+0100][759.068s] GC(59) Pause Young (Normal) (G1 Evacuation Pause)
[2022-03-01T14:52:52.601+0100][759.068s] GC(59) Using 10 workers of 10 for evacuation
[2022-03-01T14:52:52.605+0100][759.072s] GC(59)   Pre Evacuate Collection Set: 0.0ms
[2022-03-01T14:52:52.605+0100][759.072s] GC(59)   Evacuate Collection Set: 3.0ms
[2022-03-01T14:52:52.605+0100][759.072s] GC(59)   Post Evacuate Collection Set: 0.9ms
[2022-03-01T14:52:52.605+0100][759.072s] GC(59)   Other: 0.3ms
[2022-03-01T14:52:52.605+0100][759.072s] GC(59) Eden regions: 305->0(305)
[2022-03-01T14:52:52.605+0100][759.072s] GC(59) Survivor regions: 2->2(39)
[2022-03-01T14:52:52.605+0100][759.072s] GC(59) Old regions: 82->82
[2022-03-01T14:52:52.605+0100][759.072s] GC(59) Humongous regions: 7->7
[2022-03-01T14:52:52.605+0100][759.072s] GC(59) Metaspace: 67317K->67317K(1110016K)
[2022-03-01T14:52:52.605+0100][759.072s] GC(59) Pause Young (Normal) (G1 Evacuation Pause) 393M->88M(512M) 4.373ms
[2022-03-01T14:52:52.605+0100][759.072s] GC(59) User=0.03s Sys=0.00s Real=0.00s
[2022-03-01T14:52:54.728+0100][761.195s] GC(60) Pause Young (Normal) (G1 Evacuation Pause)
[2022-03-01T14:52:54.728+0100][761.195s] GC(60) Using 10 workers of 10 for evacuation
[2022-03-01T14:52:54.730+0100][761.196s] GC(60)   Pre Evacuate Collection Set: 0.0ms
[2022-03-01T14:52:54.730+0100][761.196s] GC(60)   Evacuate Collection Set: 1.0ms
[2022-03-01T14:52:54.730+0100][761.196s] GC(60)   Post Evacuate Collection Set: 0.5ms
[2022-03-01T14:52:54.730+0100][761.196s] GC(60)   Other: 0.2ms
[2022-03-01T14:52:54.730+0100][761.196s] GC(60) Eden regions: 305->0(305)
[2022-03-01T14:52:54.730+0100][761.196s] GC(60) Survivor regions: 2->2(39)
[2022-03-01T14:52:54.730+0100][761.196s] GC(60) Old regions: 82->82
[2022-03-01T14:52:54.730+0100][761.196s] GC(60) Humongous regions: 7->7
[2022-03-01T14:52:54.730+0100][761.196s] GC(60) Metaspace: 67317K->67317K(1110016K)
[2022-03-01T14:52:54.730+0100][761.196s] GC(60) Pause Young (Normal) (G1 Evacuation Pause) 393M->88M(512M) 1.699ms
[2022-03-01T14:52:54.730+0100][761.196s] GC(60) User=0.01s Sys=0.00s Real=0.01s
[2022-03-01T14:52:57.290+0100][763.757s] GC(61) Pause Young (Normal) (G1 Evacuation Pause)
[2022-03-01T14:52:57.290+0100][763.757s] GC(61) Using 10 workers of 10 for evacuation
[2022-03-01T14:52:57.292+0100][763.758s] GC(61)   Pre Evacuate Collection Set: 0.0ms
[2022-03-01T14:52:57.292+0100][763.758s] GC(61)   Evacuate Collection Set: 1.0ms
[2022-03-01T14:52:57.292+0100][763.758s] GC(61)   Post Evacuate Collection Set: 0.5ms
[2022-03-01T14:52:57.292+0100][763.758s] GC(61)   Other: 0.1ms
[2022-03-01T14:52:57.292+0100][763.758s] GC(61) Eden regions: 305->0(305)
[2022-03-01T14:52:57.292+0100][763.758s] GC(61) Survivor regions: 2->2(39)
[2022-03-01T14:52:57.292+0100][763.758s] GC(61) Old regions: 82->82
[2022-03-01T14:52:57.292+0100][763.758s] GC(61) Humongous regions: 7->7
[2022-03-01T14:52:57.292+0100][763.758s] GC(61) Metaspace: 67317K->67317K(1110016K)
[2022-03-01T14:52:57.292+0100][763.758s] GC(61) Pause Young (Normal) (G1 Evacuation Pause) 393M->88M(512M) 1.737ms
[2022-03-01T14:52:57.292+0100][763.758s] GC(61) User=0.01s Sys=0.00s Real=0.00s
[2022-03-01T14:52:58.259+0100][764.726s] GC(62) Pause Young (Normal) (G1 Evacuation Pause)
[2022-03-01T14:52:58.259+0100][764.726s] GC(62) Using 10 workers of 10 for evacuation
[2022-03-01T14:52:58.261+0100][764.728s] GC(62)   Pre Evacuate Collection Set: 0.0ms
[2022-03-01T14:52:58.261+0100][764.728s] GC(62)   Evacuate Collection Set: 1.1ms
[2022-03-01T14:52:58.261+0100][764.728s] GC(62)   Post Evacuate Collection Set: 0.3ms
[2022-03-01T14:52:58.261+0100][764.728s] GC(62)   Other: 0.1ms
[2022-03-01T14:52:58.261+0100][764.728s] GC(62) Eden regions: 305->0(305)
[2022-03-01T14:52:58.261+0100][764.728s] GC(62) Survivor regions: 2->2(39)
[2022-03-01T14:52:58.261+0100][764.728s] GC(62) Old regions: 82->82
[2022-03-01T14:52:58.261+0100][764.728s] GC(62) Humongous regions: 7->7
[2022-03-01T14:52:58.261+0100][764.728s] GC(62) Metaspace: 67317K->67317K(1110016K)
[2022-03-01T14:52:58.261+0100][764.728s] GC(62) Pause Young (Normal) (G1 Evacuation Pause) 393M->88M(512M) 1.586ms
[2022-03-01T14:52:58.261+0100][764.728s] GC(62) User=0.01s Sys=0.00s Real=0.01s
[2022-03-01T14:52:59.812+0100][766.279s] GC(63) Pause Young (Normal) (G1 Evacuation Pause)
[2022-03-01T14:52:59.812+0100][766.279s] GC(63) Using 10 workers of 10 for evacuation
[2022-03-01T14:52:59.814+0100][766.281s] GC(63)   Pre Evacuate Collection Set: 0.0ms
[2022-03-01T14:52:59.814+0100][766.281s] GC(63)   Evacuate Collection Set: 1.0ms
[2022-03-01T14:52:59.814+0100][766.281s] GC(63)   Post Evacuate Collection Set: 0.5ms
[2022-03-01T14:52:59.814+0100][766.281s] GC(63)   Other: 0.1ms
[2022-03-01T14:52:59.814+0100][766.281s] GC(63) Eden regions: 305->0(305)
[2022-03-01T14:52:59.814+0100][766.281s] GC(63) Survivor regions: 2->2(39)
[2022-03-01T14:52:59.814+0100][766.281s] GC(63) Old regions: 82->82
[2022-03-01T14:52:59.814+0100][766.281s] GC(63) Humongous regions: 7->7
[2022-03-01T14:52:59.814+0100][766.281s] GC(63) Metaspace: 67317K->67317K(1110016K)
[2022-03-01T14:52:59.814+0100][766.281s] GC(63) Pause Young (Normal) (G1 Evacuation Pause) 393M->88M(512M) 1.765ms
[2022-03-01T14:52:59.814+0100][766.281s] GC(63) User=0.01s Sys=0.00s Real=0.00s
[2022-03-01T14:53:00.727+0100][767.194s] GC(64) Pause Young (Normal) (G1 Evacuation Pause)
[2022-03-01T14:53:00.727+0100][767.194s] GC(64) Using 10 workers of 10 for evacuation
[2022-03-01T14:53:00.728+0100][767.195s] GC(64)   Pre Evacuate Collection Set: 0.0ms
[2022-03-01T14:53:00.728+0100][767.195s] GC(64)   Evacuate Collection Set: 1.0ms
[2022-03-01T14:53:00.728+0100][767.195s] GC(64)   Post Evacuate Collection Set: 0.6ms
[2022-03-01T14:53:00.728+0100][767.195s] GC(64)   Other: 0.1ms
[2022-03-01T14:53:00.728+0100][767.195s] GC(64) Eden regions: 305->0(305)
[2022-03-01T14:53:00.728+0100][767.195s] GC(64) Survivor regions: 2->2(39)
[2022-03-01T14:53:00.728+0100][767.195s] GC(64) Old regions: 82->82
[2022-03-01T14:53:00.728+0100][767.195s] GC(64) Humongous regions: 7->7
[2022-03-01T14:53:00.728+0100][767.195s] GC(64) Metaspace: 67317K->67317K(1110016K)
[2022-03-01T14:53:00.728+0100][767.195s] GC(64) Pause Young (Normal) (G1 Evacuation Pause) 393M->88M(512M) 1.721ms
[2022-03-01T14:53:00.728+0100][767.195s] GC(64) User=0.01s Sys=0.00s Real=0.00s
[2022-03-01T14:53:01.744+0100][768.211s] GC(65) Pause Young (Normal) (G1 Evacuation Pause)
[2022-03-01T14:53:01.745+0100][768.211s] GC(65) Using 10 workers of 10 for evacuation
[2022-03-01T14:53:01.746+0100][768.213s] GC(65)   Pre Evacuate Collection Set: 0.0ms
[2022-03-01T14:53:01.746+0100][768.213s] GC(65)   Evacuate Collection Set: 1.0ms
[2022-03-01T14:53:01.746+0100][768.213s] GC(65)   Post Evacuate Collection Set: 0.4ms
[2022-03-01T14:53:01.746+0100][768.213s] GC(65)   Other: 0.2ms
[2022-03-01T14:53:01.746+0100][768.213s] GC(65) Eden regions: 305->0(305)
[2022-03-01T14:53:01.746+0100][768.213s] GC(65) Survivor regions: 2->2(39)
[2022-03-01T14:53:01.746+0100][768.213s] GC(65) Old regions: 82->82
[2022-03-01T14:53:01.746+0100][768.213s] GC(65) Humongous regions: 7->7
[2022-03-01T14:53:01.746+0100][768.213s] GC(65) Metaspace: 67317K->67317K(1110016K)
[2022-03-01T14:53:01.746+0100][768.213s] GC(65) Pause Young (Normal) (G1 Evacuation Pause) 393M->88M(512M) 1.611ms
[2022-03-01T14:53:01.746+0100][768.213s] GC(65) User=0.01s Sys=0.00s Real=0.00s
[2022-03-01T14:53:02.732+0100][769.198s] GC(66) Pause Young (Normal) (G1 Evacuation Pause)
[2022-03-01T14:53:02.732+0100][769.198s] GC(66) Using 10 workers of 10 for evacuation
[2022-03-01T14:53:02.733+0100][769.200s] GC(66)   Pre Evacuate Collection Set: 0.0ms
[2022-03-01T14:53:02.733+0100][769.200s] GC(66)   Evacuate Collection Set: 1.1ms
[2022-03-01T14:53:02.733+0100][769.200s] GC(66)   Post Evacuate Collection Set: 0.5ms
[2022-03-01T14:53:02.733+0100][769.200s] GC(66)   Other: 0.1ms
[2022-03-01T14:53:02.733+0100][769.200s] GC(66) Eden regions: 305->0(305)
[2022-03-01T14:53:02.733+0100][769.200s] GC(66) Survivor regions: 2->2(39)
[2022-03-01T14:53:02.733+0100][769.200s] GC(66) Old regions: 82->82
[2022-03-01T14:53:02.733+0100][769.200s] GC(66) Humongous regions: 7->7
[2022-03-01T14:53:02.733+0100][769.200s] GC(66) Metaspace: 67321K->67321K(1110016K)
[2022-03-01T14:53:02.733+0100][769.200s] GC(66) Pause Young (Normal) (G1 Evacuation Pause) 393M->88M(512M) 1.813ms
[2022-03-01T14:53:02.733+0100][769.200s] GC(66) User=0.01s Sys=0.00s Real=0.00s
[2022-03-01T14:53:03.741+0100][770.208s] GC(67) Pause Young (Normal) (G1 Evacuation Pause)
[2022-03-01T14:53:03.741+0100][770.208s] GC(67) Using 10 workers of 10 for evacuation
[2022-03-01T14:53:03.743+0100][770.209s] GC(67)   Pre Evacuate Collection Set: 0.0ms
[2022-03-01T14:53:03.743+0100][770.209s] GC(67)   Evacuate Collection Set: 1.0ms
[2022-03-01T14:53:03.743+0100][770.209s] GC(67)   Post Evacuate Collection Set: 0.4ms
[2022-03-01T14:53:03.743+0100][770.209s] GC(67)   Other: 0.1ms
[2022-03-01T14:53:03.743+0100][770.209s] GC(67) Eden regions: 305->0(305)
[2022-03-01T14:53:03.743+0100][770.209s] GC(67) Survivor regions: 2->2(39)
[2022-03-01T14:53:03.743+0100][770.209s] GC(67) Old regions: 82->82
[2022-03-01T14:53:03.743+0100][770.209s] GC(67) Humongous regions: 7->7
[2022-03-01T14:53:03.743+0100][770.209s] GC(67) Metaspace: 67321K->67321K(1110016K)
[2022-03-01T14:53:03.743+0100][770.209s] GC(67) Pause Young (Normal) (G1 Evacuation Pause) 393M->88M(512M) 1.621ms
[2022-03-01T14:53:03.743+0100][770.209s] GC(67) User=0.00s Sys=0.00s Real=0.00s
[2022-03-01T14:53:04.649+0100][771.116s] GC(68) Pause Young (Normal) (G1 Evacuation Pause)
[2022-03-01T14:53:04.649+0100][771.116s] GC(68) Using 10 workers of 10 for evacuation
[2022-03-01T14:53:04.651+0100][771.118s] GC(68)   Pre Evacuate Collection Set: 0.0ms
[2022-03-01T14:53:04.651+0100][771.118s] GC(68)   Evacuate Collection Set: 1.0ms
[2022-03-01T14:53:04.651+0100][771.118s] GC(68)   Post Evacuate Collection Set: 0.6ms
[2022-03-01T14:53:04.651+0100][771.118s] GC(68)   Other: 0.1ms
[2022-03-01T14:53:04.651+0100][771.118s] GC(68) Eden regions: 305->0(305)
[2022-03-01T14:53:04.651+0100][771.118s] GC(68) Survivor regions: 2->2(39)
[2022-03-01T14:53:04.651+0100][771.118s] GC(68) Old regions: 82->82
[2022-03-01T14:53:04.651+0100][771.118s] GC(68) Humongous regions: 7->7
[2022-03-01T14:53:04.651+0100][771.118s] GC(68) Metaspace: 67321K->67321K(1110016K)
[2022-03-01T14:53:04.651+0100][771.118s] GC(68) Pause Young (Normal) (G1 Evacuation Pause) 393M->88M(512M) 1.714ms
[2022-03-01T14:53:04.651+0100][771.118s] GC(68) User=0.01s Sys=0.00s Real=0.00s
[2022-03-01T14:53:05.636+0100][772.103s] GC(69) Pause Young (Normal) (G1 Evacuation Pause)
[2022-03-01T14:53:05.636+0100][772.103s] GC(69) Using 10 workers of 10 for evacuation
[2022-03-01T14:53:05.638+0100][772.104s] GC(69)   Pre Evacuate Collection Set: 0.0ms
[2022-03-01T14:53:05.638+0100][772.104s] GC(69)   Evacuate Collection Set: 1.0ms
[2022-03-01T14:53:05.638+0100][772.104s] GC(69)   Post Evacuate Collection Set: 0.5ms
[2022-03-01T14:53:05.638+0100][772.104s] GC(69)   Other: 0.2ms
[2022-03-01T14:53:05.638+0100][772.104s] GC(69) Eden regions: 305->0(305)
[2022-03-01T14:53:05.638+0100][772.104s] GC(69) Survivor regions: 2->2(39)
[2022-03-01T14:53:05.638+0100][772.104s] GC(69) Old regions: 82->82
[2022-03-01T14:53:05.638+0100][772.104s] GC(69) Humongous regions: 7->7
[2022-03-01T14:53:05.638+0100][772.104s] GC(69) Metaspace: 67321K->67321K(1110016K)
[2022-03-01T14:53:05.638+0100][772.104s] GC(69) Pause Young (Normal) (G1 Evacuation Pause) 393M->88M(512M) 1.682ms
[2022-03-01T14:53:05.638+0100][772.104s] GC(69) User=0.02s Sys=0.00s Real=0.00s
[2022-03-01T14:53:07.010+0100][773.477s] GC(70) Pause Young (Normal) (G1 Evacuation Pause)
[2022-03-01T14:53:07.010+0100][773.477s] GC(70) Using 10 workers of 10 for evacuation
[2022-03-01T14:53:07.012+0100][773.479s] GC(70)   Pre Evacuate Collection Set: 0.0ms
[2022-03-01T14:53:07.015+0100][773.482s] GC(70)   Evacuate Collection Set: 1.0ms
[2022-03-01T14:53:07.015+0100][773.482s] GC(70)   Post Evacuate Collection Set: 0.4ms
[2022-03-01T14:53:07.015+0100][773.482s] GC(70)   Other: 0.2ms
[2022-03-01T14:53:07.015+0100][773.482s] GC(70) Eden regions: 305->0(305)
[2022-03-01T14:53:07.015+0100][773.482s] GC(70) Survivor regions: 2->2(39)
[2022-03-01T14:53:07.015+0100][773.482s] GC(70) Old regions: 82->82
[2022-03-01T14:53:07.015+0100][773.482s] GC(70) Humongous regions: 7->7
[2022-03-01T14:53:07.015+0100][773.482s] GC(70) Metaspace: 67321K->67321K(1110016K)
[2022-03-01T14:53:07.015+0100][773.482s] GC(70) Pause Young (Normal) (G1 Evacuation Pause) 393M->88M(512M) 4.870ms
[2022-03-01T14:53:07.015+0100][773.482s] GC(70) User=0.01s Sys=0.01s Real=0.00s
[2022-03-01T14:53:09.405+0100][775.872s] GC(71) Pause Young (Normal) (G1 Evacuation Pause)
[2022-03-01T14:53:09.405+0100][775.872s] GC(71) Using 10 workers of 10 for evacuation
[2022-03-01T14:53:09.407+0100][775.873s] GC(71)   Pre Evacuate Collection Set: 0.0ms
[2022-03-01T14:53:09.407+0100][775.874s] GC(71)   Evacuate Collection Set: 1.0ms
[2022-03-01T14:53:09.407+0100][775.874s] GC(71)   Post Evacuate Collection Set: 0.5ms
[2022-03-01T14:53:09.407+0100][775.874s] GC(71)   Other: 0.2ms
[2022-03-01T14:53:09.407+0100][775.874s] GC(71) Eden regions: 305->0(305)
[2022-03-01T14:53:09.407+0100][775.874s] GC(71) Survivor regions: 2->2(39)
[2022-03-01T14:53:09.407+0100][775.874s] GC(71) Old regions: 82->82
[2022-03-01T14:53:09.407+0100][775.874s] GC(71) Humongous regions: 7->7
[2022-03-01T14:53:09.407+0100][775.874s] GC(71) Metaspace: 67321K->67321K(1110016K)
[2022-03-01T14:53:09.407+0100][775.874s] GC(71) Pause Young (Normal) (G1 Evacuation Pause) 393M->88M(512M) 1.701ms
[2022-03-01T14:53:09.407+0100][775.874s] GC(71) User=0.01s Sys=0.01s Real=0.00s
[2022-03-01T14:53:10.434+0100][776.901s] GC(72) Pause Young (Normal) (G1 Evacuation Pause)
[2022-03-01T14:53:10.434+0100][776.901s] GC(72) Using 10 workers of 10 for evacuation
[2022-03-01T14:53:10.435+0100][776.902s] GC(72)   Pre Evacuate Collection Set: 0.0ms
[2022-03-01T14:53:10.435+0100][776.902s] GC(72)   Evacuate Collection Set: 1.0ms
[2022-03-01T14:53:10.435+0100][776.902s] GC(72)   Post Evacuate Collection Set: 0.4ms
[2022-03-01T14:53:10.435+0100][776.902s] GC(72)   Other: 0.1ms
[2022-03-01T14:53:10.435+0100][776.902s] GC(72) Eden regions: 305->0(305)
[2022-03-01T14:53:10.435+0100][776.902s] GC(72) Survivor regions: 2->2(39)
[2022-03-01T14:53:10.435+0100][776.902s] GC(72) Old regions: 82->82
[2022-03-01T14:53:10.435+0100][776.902s] GC(72) Humongous regions: 7->7
[2022-03-01T14:53:10.435+0100][776.902s] GC(72) Metaspace: 67321K->67321K(1110016K)
[2022-03-01T14:53:10.435+0100][776.902s] GC(72) Pause Young (Normal) (G1 Evacuation Pause) 393M->88M(512M) 1.586ms
[2022-03-01T14:53:10.435+0100][776.902s] GC(72) User=0.01s Sys=0.01s Real=0.00s
[2022-03-01T14:53:11.426+0100][777.893s] GC(73) Pause Young (Normal) (G1 Evacuation Pause)
[2022-03-01T14:53:11.426+0100][777.893s] GC(73) Using 10 workers of 10 for evacuation
[2022-03-01T14:53:11.428+0100][777.894s] GC(73)   Pre Evacuate Collection Set: 0.0ms
[2022-03-01T14:53:11.428+0100][777.894s] GC(73)   Evacuate Collection Set: 1.0ms
[2022-03-01T14:53:11.428+0100][777.894s] GC(73)   Post Evacuate Collection Set: 0.5ms
[2022-03-01T14:53:11.428+0100][777.895s] GC(73)   Other: 0.1ms
[2022-03-01T14:53:11.428+0100][777.895s] GC(73) Eden regions: 305->0(305)
[2022-03-01T14:53:11.428+0100][777.895s] GC(73) Survivor regions: 2->2(39)
[2022-03-01T14:53:11.428+0100][777.895s] GC(73) Old regions: 82->82
[2022-03-01T14:53:11.428+0100][777.895s] GC(73) Humongous regions: 7->7
[2022-03-01T14:53:11.428+0100][777.895s] GC(73) Metaspace: 67321K->67321K(1110016K)
[2022-03-01T14:53:11.428+0100][777.895s] GC(73) Pause Young (Normal) (G1 Evacuation Pause) 393M->88M(512M) 1.705ms
[2022-03-01T14:53:11.428+0100][777.895s] GC(73) User=0.01s Sys=0.00s Real=0.00s
[2022-03-01T14:53:12.361+0100][778.828s] GC(74) Pause Young (Normal) (G1 Evacuation Pause)
[2022-03-01T14:53:12.361+0100][778.828s] GC(74) Using 10 workers of 10 for evacuation
[2022-03-01T14:53:12.363+0100][778.829s] GC(74)   Pre Evacuate Collection Set: 0.0ms
[2022-03-01T14:53:12.363+0100][778.829s] GC(74)   Evacuate Collection Set: 0.9ms
[2022-03-01T14:53:12.363+0100][778.829s] GC(74)   Post Evacuate Collection Set: 0.4ms
[2022-03-01T14:53:12.363+0100][778.829s] GC(74)   Other: 0.1ms
[2022-03-01T14:53:12.363+0100][778.829s] GC(74) Eden regions: 305->0(305)
[2022-03-01T14:53:12.363+0100][778.829s] GC(74) Survivor regions: 2->2(39)
[2022-03-01T14:53:12.363+0100][778.829s] GC(74) Old regions: 82->82
[2022-03-01T14:53:12.363+0100][778.829s] GC(74) Humongous regions: 7->7
[2022-03-01T14:53:12.363+0100][778.829s] GC(74) Metaspace: 67321K->67321K(1110016K)
[2022-03-01T14:53:12.363+0100][778.829s] GC(74) Pause Young (Normal) (G1 Evacuation Pause) 393M->88M(512M) 1.384ms
[2022-03-01T14:53:12.363+0100][778.829s] GC(74) User=0.01s Sys=0.01s Real=0.00s
[2022-03-01T14:53:13.764+0100][780.231s] GC(75) Pause Young (Normal) (G1 Evacuation Pause)
[2022-03-01T14:53:13.764+0100][780.231s] GC(75) Using 10 workers of 10 for evacuation
[2022-03-01T14:53:13.766+0100][780.233s] GC(75)   Pre Evacuate Collection Set: 0.0ms
[2022-03-01T14:53:13.766+0100][780.233s] GC(75)   Evacuate Collection Set: 1.1ms
[2022-03-01T14:53:13.766+0100][780.233s] GC(75)   Post Evacuate Collection Set: 0.4ms
[2022-03-01T14:53:13.766+0100][780.233s] GC(75)   Other: 0.1ms
[2022-03-01T14:53:13.766+0100][780.233s] GC(75) Eden regions: 305->0(305)
[2022-03-01T14:53:13.766+0100][780.233s] GC(75) Survivor regions: 2->2(39)
[2022-03-01T14:53:13.766+0100][780.233s] GC(75) Old regions: 82->82
[2022-03-01T14:53:13.766+0100][780.233s] GC(75) Humongous regions: 7->7
[2022-03-01T14:53:13.766+0100][780.233s] GC(75) Metaspace: 67321K->67321K(1110016K)
[2022-03-01T14:53:13.766+0100][780.233s] GC(75) Pause Young (Normal) (G1 Evacuation Pause) 393M->88M(512M) 1.738ms
[2022-03-01T14:53:13.766+0100][780.233s] GC(75) User=0.01s Sys=0.00s Real=0.00s
[2022-03-01T14:53:15.189+0100][781.655s] GC(76) Pause Young (Normal) (G1 Evacuation Pause)
[2022-03-01T14:53:15.189+0100][781.655s] GC(76) Using 10 workers of 10 for evacuation
[2022-03-01T14:53:15.190+0100][781.657s] GC(76)   Pre Evacuate Collection Set: 0.0ms
[2022-03-01T14:53:15.190+0100][781.657s] GC(76)   Evacuate Collection Set: 1.0ms
[2022-03-01T14:53:15.190+0100][781.657s] GC(76)   Post Evacuate Collection Set: 0.4ms
[2022-03-01T14:53:15.190+0100][781.657s] GC(76)   Other: 0.1ms
[2022-03-01T14:53:15.190+0100][781.657s] GC(76) Eden regions: 305->0(305)
[2022-03-01T14:53:15.190+0100][781.657s] GC(76) Survivor regions: 2->2(39)
[2022-03-01T14:53:15.190+0100][781.657s] GC(76) Old regions: 82->82
[2022-03-01T14:53:15.190+0100][781.657s] GC(76) Humongous regions: 7->7
[2022-03-01T14:53:15.190+0100][781.657s] GC(76) Metaspace: 67321K->67321K(1110016K)
[2022-03-01T14:53:15.190+0100][781.657s] GC(76) Pause Young (Normal) (G1 Evacuation Pause) 393M->88M(512M) 1.524ms
[2022-03-01T14:53:15.190+0100][781.657s] GC(76) User=0.01s Sys=0.00s Real=0.01s
[2022-03-01T14:53:16.173+0100][782.640s] GC(77) Pause Young (Normal) (G1 Evacuation Pause)
[2022-03-01T14:53:16.173+0100][782.640s] GC(77) Using 10 workers of 10 for evacuation
[2022-03-01T14:53:16.175+0100][782.641s] GC(77)   Pre Evacuate Collection Set: 0.0ms
[2022-03-01T14:53:16.175+0100][782.641s] GC(77)   Evacuate Collection Set: 1.0ms
[2022-03-01T14:53:16.175+0100][782.641s] GC(77)   Post Evacuate Collection Set: 0.5ms
[2022-03-01T14:53:16.175+0100][782.641s] GC(77)   Other: 0.1ms
[2022-03-01T14:53:16.175+0100][782.641s] GC(77) Eden regions: 305->0(305)
[2022-03-01T14:53:16.175+0100][782.641s] GC(77) Survivor regions: 2->2(39)
[2022-03-01T14:53:16.175+0100][782.641s] GC(77) Old regions: 82->82
[2022-03-01T14:53:16.175+0100][782.641s] GC(77) Humongous regions: 7->7
[2022-03-01T14:53:16.175+0100][782.642s] GC(77) Metaspace: 67321K->67321K(1110016K)
[2022-03-01T14:53:16.175+0100][782.642s] GC(77) Pause Young (Normal) (G1 Evacuation Pause) 393M->88M(512M) 1.646ms
[2022-03-01T14:53:16.175+0100][782.642s] GC(77) User=0.01s Sys=0.00s Real=0.00s
[2022-03-01T14:53:17.283+0100][783.750s] GC(78) Pause Young (Normal) (G1 Evacuation Pause)
[2022-03-01T14:53:17.283+0100][783.750s] GC(78) Using 10 workers of 10 for evacuation
[2022-03-01T14:53:17.285+0100][783.752s] GC(78)   Pre Evacuate Collection Set: 0.0ms
[2022-03-01T14:53:17.285+0100][783.752s] GC(78)   Evacuate Collection Set: 1.0ms
[2022-03-01T14:53:17.285+0100][783.752s] GC(78)   Post Evacuate Collection Set: 0.5ms
[2022-03-01T14:53:17.285+0100][783.752s] GC(78)   Other: 0.2ms
[2022-03-01T14:53:17.285+0100][783.752s] GC(78) Eden regions: 305->0(305)
[2022-03-01T14:53:17.285+0100][783.752s] GC(78) Survivor regions: 2->2(39)
[2022-03-01T14:53:17.285+0100][783.752s] GC(78) Old regions: 82->82
[2022-03-01T14:53:17.285+0100][783.752s] GC(78) Humongous regions: 7->7
[2022-03-01T14:53:17.285+0100][783.752s] GC(78) Metaspace: 67326K->67326K(1110016K)
[2022-03-01T14:53:17.285+0100][783.752s] GC(78) Pause Young (Normal) (G1 Evacuation Pause) 393M->88M(512M) 1.722ms
[2022-03-01T14:53:17.285+0100][783.752s] GC(78) User=0.00s Sys=0.01s Real=0.00s
[2022-03-01T14:53:18.283+0100][784.750s] GC(79) Pause Young (Normal) (G1 Evacuation Pause)
[2022-03-01T14:53:18.283+0100][784.750s] GC(79) Using 10 workers of 10 for evacuation
[2022-03-01T14:53:18.285+0100][784.752s] GC(79)   Pre Evacuate Collection Set: 0.0ms
[2022-03-01T14:53:18.285+0100][784.752s] GC(79)   Evacuate Collection Set: 1.0ms
[2022-03-01T14:53:18.285+0100][784.752s] GC(79)   Post Evacuate Collection Set: 0.5ms
[2022-03-01T14:53:18.285+0100][784.752s] GC(79)   Other: 0.2ms
[2022-03-01T14:53:18.285+0100][784.752s] GC(79) Eden regions: 305->0(305)
[2022-03-01T14:53:18.285+0100][784.752s] GC(79) Survivor regions: 2->2(39)
[2022-03-01T14:53:18.285+0100][784.752s] GC(79) Old regions: 82->82
[2022-03-01T14:53:18.285+0100][784.752s] GC(79) Humongous regions: 7->7
[2022-03-01T14:53:18.285+0100][784.752s] GC(79) Metaspace: 67326K->67326K(1110016K)
[2022-03-01T14:53:18.285+0100][784.752s] GC(79) Pause Young (Normal) (G1 Evacuation Pause) 393M->88M(512M) 1.806ms
[2022-03-01T14:53:18.285+0100][784.752s] GC(79) User=0.01s Sys=0.00s Real=0.00s
[2022-03-01T14:53:19.283+0100][785.750s] GC(80) Pause Young (Normal) (G1 Evacuation Pause)
[2022-03-01T14:53:19.283+0100][785.750s] GC(80) Using 10 workers of 10 for evacuation
[2022-03-01T14:53:19.287+0100][785.753s] GC(80)   Pre Evacuate Collection Set: 0.0ms
[2022-03-01T14:53:19.287+0100][785.753s] GC(80)   Evacuate Collection Set: 2.6ms
[2022-03-01T14:53:19.287+0100][785.753s] GC(80)   Post Evacuate Collection Set: 0.7ms
[2022-03-01T14:53:19.287+0100][785.753s] GC(80)   Other: 0.2ms
[2022-03-01T14:53:19.287+0100][785.753s] GC(80) Eden regions: 305->0(305)
[2022-03-01T14:53:19.287+0100][785.753s] GC(80) Survivor regions: 2->2(39)
[2022-03-01T14:53:19.287+0100][785.753s] GC(80) Old regions: 82->82
[2022-03-01T14:53:19.287+0100][785.753s] GC(80) Humongous regions: 7->7
[2022-03-01T14:53:19.287+0100][785.753s] GC(80) Metaspace: 67326K->67326K(1110016K)
[2022-03-01T14:53:19.287+0100][785.754s] GC(80) Pause Young (Normal) (G1 Evacuation Pause) 393M->89M(512M) 3.607ms
[2022-03-01T14:53:19.287+0100][785.754s] GC(80) User=0.03s Sys=0.00s Real=0.00s
[2022-03-01T14:53:20.313+0100][786.780s] GC(81) Pause Young (Normal) (G1 Evacuation Pause)
[2022-03-01T14:53:20.313+0100][786.780s] GC(81) Using 10 workers of 10 for evacuation
[2022-03-01T14:53:20.315+0100][786.782s] GC(81)   Pre Evacuate Collection Set: 0.0ms
[2022-03-01T14:53:20.315+0100][786.782s] GC(81)   Evacuate Collection Set: 1.0ms
[2022-03-01T14:53:20.315+0100][786.782s] GC(81)   Post Evacuate Collection Set: 0.5ms
[2022-03-01T14:53:20.315+0100][786.782s] GC(81)   Other: 0.1ms
[2022-03-01T14:53:20.315+0100][786.782s] GC(81) Eden regions: 305->0(305)
[2022-03-01T14:53:20.315+0100][786.782s] GC(81) Survivor regions: 2->2(39)
[2022-03-01T14:53:20.315+0100][786.782s] GC(81) Old regions: 82->82
[2022-03-01T14:53:20.315+0100][786.782s] GC(81) Humongous regions: 7->7
[2022-03-01T14:53:20.315+0100][786.782s] GC(81) Metaspace: 67326K->67326K(1110016K)
[2022-03-01T14:53:20.315+0100][786.782s] GC(81) Pause Young (Normal) (G1 Evacuation Pause) 394M->89M(512M) 1.660ms
[2022-03-01T14:53:20.315+0100][786.782s] GC(81) User=0.01s Sys=0.00s Real=0.00s
[2022-03-01T14:53:21.320+0100][787.787s] GC(82) Pause Young (Normal) (G1 Evacuation Pause)
[2022-03-01T14:53:21.320+0100][787.787s] GC(82) Using 10 workers of 10 for evacuation
[2022-03-01T14:53:21.322+0100][787.788s] GC(82)   Pre Evacuate Collection Set: 0.0ms
[2022-03-01T14:53:21.322+0100][787.788s] GC(82)   Evacuate Collection Set: 1.0ms
[2022-03-01T14:53:21.322+0100][787.788s] GC(82)   Post Evacuate Collection Set: 0.6ms
[2022-03-01T14:53:21.322+0100][787.788s] GC(82)   Other: 0.2ms
[2022-03-01T14:53:21.322+0100][787.788s] GC(82) Eden regions: 305->0(305)
[2022-03-01T14:53:21.322+0100][787.788s] GC(82) Survivor regions: 2->2(39)
[2022-03-01T14:53:21.322+0100][787.788s] GC(82) Old regions: 82->82
[2022-03-01T14:53:21.322+0100][787.788s] GC(82) Humongous regions: 7->7
[2022-03-01T14:53:21.322+0100][787.788s] GC(82) Metaspace: 67326K->67326K(1110016K)
[2022-03-01T14:53:21.322+0100][787.788s] GC(82) Pause Young (Normal) (G1 Evacuation Pause) 394M->89M(512M) 1.784ms
[2022-03-01T14:53:21.322+0100][787.788s] GC(82) User=0.01s Sys=0.00s Real=0.01s
[2022-03-01T14:53:22.308+0100][788.775s] GC(83) Pause Young (Normal) (G1 Evacuation Pause)
[2022-03-01T14:53:22.308+0100][788.775s] GC(83) Using 10 workers of 10 for evacuation
[2022-03-01T14:53:22.310+0100][788.777s] GC(83)   Pre Evacuate Collection Set: 0.0ms
[2022-03-01T14:53:22.310+0100][788.777s] GC(83)   Evacuate Collection Set: 1.0ms
[2022-03-01T14:53:22.310+0100][788.777s] GC(83)   Post Evacuate Collection Set: 0.5ms
[2022-03-01T14:53:22.310+0100][788.777s] GC(83)   Other: 0.1ms
[2022-03-01T14:53:22.310+0100][788.777s] GC(83) Eden regions: 305->0(305)
[2022-03-01T14:53:22.310+0100][788.777s] GC(83) Survivor regions: 2->2(39)
[2022-03-01T14:53:22.310+0100][788.777s] GC(83) Old regions: 82->82
[2022-03-01T14:53:22.310+0100][788.777s] GC(83) Humongous regions: 7->7
[2022-03-01T14:53:22.310+0100][788.777s] GC(83) Metaspace: 67326K->67326K(1110016K)
[2022-03-01T14:53:22.310+0100][788.777s] GC(83) Pause Young (Normal) (G1 Evacuation Pause) 394M->89M(512M) 1.608ms
[2022-03-01T14:53:22.310+0100][788.777s] GC(83) User=0.01s Sys=0.00s Real=0.01s
[2022-03-01T14:53:23.267+0100][789.734s] GC(84) Pause Young (Normal) (G1 Evacuation Pause)
[2022-03-01T14:53:23.267+0100][789.734s] GC(84) Using 10 workers of 10 for evacuation
[2022-03-01T14:53:23.268+0100][789.735s] GC(84)   Pre Evacuate Collection Set: 0.0ms
[2022-03-01T14:53:23.268+0100][789.735s] GC(84)   Evacuate Collection Set: 1.0ms
[2022-03-01T14:53:23.268+0100][789.735s] GC(84)   Post Evacuate Collection Set: 0.5ms
[2022-03-01T14:53:23.268+0100][789.735s] GC(84)   Other: 0.1ms
[2022-03-01T14:53:23.268+0100][789.735s] GC(84) Eden regions: 305->0(305)
[2022-03-01T14:53:23.268+0100][789.735s] GC(84) Survivor regions: 2->2(39)
[2022-03-01T14:53:23.268+0100][789.735s] GC(84) Old regions: 82->83
[2022-03-01T14:53:23.268+0100][789.735s] GC(84) Humongous regions: 7->7
[2022-03-01T14:53:23.268+0100][789.735s] GC(84) Metaspace: 67326K->67326K(1110016K)
[2022-03-01T14:53:23.268+0100][789.735s] GC(84) Pause Young (Normal) (G1 Evacuation Pause) 394M->89M(512M) 1.646ms
[2022-03-01T14:53:23.268+0100][789.735s] GC(84) User=0.01s Sys=0.00s Real=0.00s
[2022-03-01T14:53:24.268+0100][790.735s] GC(85) Pause Young (Normal) (G1 Evacuation Pause)
[2022-03-01T14:53:24.268+0100][790.735s] GC(85) Using 10 workers of 10 for evacuation
[2022-03-01T14:53:24.269+0100][790.736s] GC(85)   Pre Evacuate Collection Set: 0.0ms
[2022-03-01T14:53:24.269+0100][790.736s] GC(85)   Evacuate Collection Set: 1.0ms
[2022-03-01T14:53:24.269+0100][790.736s] GC(85)   Post Evacuate Collection Set: 0.4ms
[2022-03-01T14:53:24.269+0100][790.736s] GC(85)   Other: 0.1ms
[2022-03-01T14:53:24.269+0100][790.736s] GC(85) Eden regions: 305->0(305)
[2022-03-01T14:53:24.269+0100][790.736s] GC(85) Survivor regions: 2->2(39)
[2022-03-01T14:53:24.269+0100][790.736s] GC(85) Old regions: 83->83
[2022-03-01T14:53:24.269+0100][790.736s] GC(85) Humongous regions: 7->7
[2022-03-01T14:53:24.269+0100][790.736s] GC(85) Metaspace: 67326K->67326K(1110016K)
[2022-03-01T14:53:24.269+0100][790.736s] GC(85) Pause Young (Normal) (G1 Evacuation Pause) 394M->89M(512M) 1.595ms
[2022-03-01T14:53:24.269+0100][790.736s] GC(85) User=0.01s Sys=0.00s Real=0.01s
[2022-03-01T14:53:25.353+0100][791.820s] GC(86) Pause Young (Normal) (G1 Evacuation Pause)
[2022-03-01T14:53:25.353+0100][791.820s] GC(86) Using 10 workers of 10 for evacuation
[2022-03-01T14:53:25.354+0100][791.821s] GC(86)   Pre Evacuate Collection Set: 0.0ms
[2022-03-01T14:53:25.354+0100][791.821s] GC(86)   Evacuate Collection Set: 0.9ms
[2022-03-01T14:53:25.354+0100][791.821s] GC(86)   Post Evacuate Collection Set: 0.4ms
[2022-03-01T14:53:25.354+0100][791.821s] GC(86)   Other: 0.1ms
[2022-03-01T14:53:25.354+0100][791.821s] GC(86) Eden regions: 305->0(305)
[2022-03-01T14:53:25.354+0100][791.821s] GC(86) Survivor regions: 2->2(39)
[2022-03-01T14:53:25.354+0100][791.821s] GC(86) Old regions: 83->83
[2022-03-01T14:53:25.354+0100][791.821s] GC(86) Humongous regions: 7->7
[2022-03-01T14:53:25.354+0100][791.821s] GC(86) Metaspace: 67326K->67326K(1110016K)
[2022-03-01T14:53:25.354+0100][791.821s] GC(86) Pause Young (Normal) (G1 Evacuation Pause) 394M->89M(512M) 1.394ms
[2022-03-01T14:53:25.354+0100][791.821s] GC(86) User=0.01s Sys=0.01s Real=0.00s
[2022-03-01T14:53:26.694+0100][793.160s] GC(87) Pause Young (Normal) (G1 Evacuation Pause)
[2022-03-01T14:53:26.694+0100][793.160s] GC(87) Using 10 workers of 10 for evacuation
[2022-03-01T14:53:26.698+0100][793.165s] GC(87)   Pre Evacuate Collection Set: 0.0ms
[2022-03-01T14:53:26.698+0100][793.165s] GC(87)   Evacuate Collection Set: 3.0ms
[2022-03-01T14:53:26.698+0100][793.165s] GC(87)   Post Evacuate Collection Set: 1.0ms
[2022-03-01T14:53:26.698+0100][793.165s] GC(87)   Other: 0.3ms
[2022-03-01T14:53:26.698+0100][793.165s] GC(87) Eden regions: 305->0(305)
[2022-03-01T14:53:26.698+0100][793.165s] GC(87) Survivor regions: 2->2(39)
[2022-03-01T14:53:26.698+0100][793.165s] GC(87) Old regions: 83->83
[2022-03-01T14:53:26.698+0100][793.165s] GC(87) Humongous regions: 7->7
[2022-03-01T14:53:26.698+0100][793.165s] GC(87) Metaspace: 67326K->67326K(1110016K)
[2022-03-01T14:53:26.698+0100][793.165s] GC(87) Pause Young (Normal) (G1 Evacuation Pause) 394M->89M(512M) 4.521ms
[2022-03-01T14:53:26.698+0100][793.165s] GC(87) User=0.03s Sys=0.00s Real=0.00s
[2022-03-01T14:53:28.345+0100][794.811s] GC(88) Pause Young (Normal) (G1 Evacuation Pause)
[2022-03-01T14:53:28.345+0100][794.811s] GC(88) Using 10 workers of 10 for evacuation
[2022-03-01T14:53:28.346+0100][794.813s] GC(88)   Pre Evacuate Collection Set: 0.0ms
[2022-03-01T14:53:28.346+0100][794.813s] GC(88)   Evacuate Collection Set: 1.0ms
[2022-03-01T14:53:28.346+0100][794.813s] GC(88)   Post Evacuate Collection Set: 0.6ms
[2022-03-01T14:53:28.346+0100][794.813s] GC(88)   Other: 0.1ms
[2022-03-01T14:53:28.346+0100][794.813s] GC(88) Eden regions: 305->0(305)
[2022-03-01T14:53:28.346+0100][794.813s] GC(88) Survivor regions: 2->2(39)
[2022-03-01T14:53:28.346+0100][794.813s] GC(88) Old regions: 83->83
[2022-03-01T14:53:28.346+0100][794.813s] GC(88) Humongous regions: 7->7
[2022-03-01T14:53:28.346+0100][794.813s] GC(88) Metaspace: 67326K->67326K(1110016K)
[2022-03-01T14:53:28.346+0100][794.813s] GC(88) Pause Young (Normal) (G1 Evacuation Pause) 394M->89M(512M) 1.788ms
[2022-03-01T14:53:28.346+0100][794.813s] GC(88) User=0.01s Sys=0.00s Real=0.00s
[2022-03-01T14:53:29.486+0100][795.952s] GC(89) Pause Young (Normal) (G1 Evacuation Pause)
[2022-03-01T14:53:29.486+0100][795.952s] GC(89) Using 10 workers of 10 for evacuation
[2022-03-01T14:53:29.487+0100][795.954s] GC(89)   Pre Evacuate Collection Set: 0.0ms
[2022-03-01T14:53:29.487+0100][795.954s] GC(89)   Evacuate Collection Set: 1.0ms
[2022-03-01T14:53:29.487+0100][795.954s] GC(89)   Post Evacuate Collection Set: 0.4ms
[2022-03-01T14:53:29.487+0100][795.954s] GC(89)   Other: 0.1ms
[2022-03-01T14:53:29.487+0100][795.954s] GC(89) Eden regions: 305->0(305)
[2022-03-01T14:53:29.487+0100][795.954s] GC(89) Survivor regions: 2->2(39)
[2022-03-01T14:53:29.487+0100][795.954s] GC(89) Old regions: 83->83
[2022-03-01T14:53:29.487+0100][795.954s] GC(89) Humongous regions: 7->7
[2022-03-01T14:53:29.487+0100][795.954s] GC(89) Metaspace: 67326K->67326K(1110016K)
[2022-03-01T14:53:29.487+0100][795.954s] GC(89) Pause Young (Normal) (G1 Evacuation Pause) 394M->89M(512M) 1.626ms
[2022-03-01T14:53:29.487+0100][795.954s] GC(89) User=0.00s Sys=0.00s Real=0.00s
[2022-03-01T14:53:30.553+0100][797.019s] GC(90) Pause Young (Normal) (G1 Evacuation Pause)
[2022-03-01T14:53:30.553+0100][797.019s] GC(90) Using 10 workers of 10 for evacuation
[2022-03-01T14:53:30.554+0100][797.021s] GC(90)   Pre Evacuate Collection Set: 0.0ms
[2022-03-01T14:53:30.554+0100][797.021s] GC(90)   Evacuate Collection Set: 1.1ms
[2022-03-01T14:53:30.554+0100][797.021s] GC(90)   Post Evacuate Collection Set: 0.4ms
[2022-03-01T14:53:30.554+0100][797.021s] GC(90)   Other: 0.1ms
[2022-03-01T14:53:30.554+0100][797.021s] GC(90) Eden regions: 305->0(305)
[2022-03-01T14:53:30.554+0100][797.021s] GC(90) Survivor regions: 2->2(39)
[2022-03-01T14:53:30.554+0100][797.021s] GC(90) Old regions: 83->83
[2022-03-01T14:53:30.554+0100][797.021s] GC(90) Humongous regions: 7->7
[2022-03-01T14:53:30.554+0100][797.021s] GC(90) Metaspace: 67326K->67326K(1110016K)
[2022-03-01T14:53:30.554+0100][797.021s] GC(90) Pause Young (Normal) (G1 Evacuation Pause) 394M->89M(512M) 1.686ms
[2022-03-01T14:53:30.554+0100][797.021s] GC(90) User=0.01s Sys=0.00s Real=0.00s
[2022-03-01T14:53:31.563+0100][798.029s] GC(91) Pause Young (Normal) (G1 Evacuation Pause)
[2022-03-01T14:53:31.563+0100][798.029s] GC(91) Using 10 workers of 10 for evacuation
[2022-03-01T14:53:31.564+0100][798.031s] GC(91)   Pre Evacuate Collection Set: 0.0ms
[2022-03-01T14:53:31.564+0100][798.031s] GC(91)   Evacuate Collection Set: 0.9ms
[2022-03-01T14:53:31.564+0100][798.031s] GC(91)   Post Evacuate Collection Set: 0.6ms
[2022-03-01T14:53:31.564+0100][798.031s] GC(91)   Other: 0.1ms
[2022-03-01T14:53:31.564+0100][798.031s] GC(91) Eden regions: 305->0(305)
[2022-03-01T14:53:31.564+0100][798.031s] GC(91) Survivor regions: 2->2(39)
[2022-03-01T14:53:31.564+0100][798.031s] GC(91) Old regions: 83->83
[2022-03-01T14:53:31.564+0100][798.031s] GC(91) Humongous regions: 7->7
[2022-03-01T14:53:31.564+0100][798.031s] GC(91) Metaspace: 67326K->67326K(1110016K)
[2022-03-01T14:53:31.564+0100][798.031s] GC(91) Pause Young (Normal) (G1 Evacuation Pause) 394M->89M(512M) 1.721ms
[2022-03-01T14:53:31.564+0100][798.031s] GC(91) User=0.01s Sys=0.00s Real=0.00s
[2022-03-01T14:53:32.606+0100][799.073s] GC(92) Pause Young (Normal) (G1 Evacuation Pause)
[2022-03-01T14:53:32.606+0100][799.073s] GC(92) Using 10 workers of 10 for evacuation
[2022-03-01T14:53:32.608+0100][799.074s] GC(92)   Pre Evacuate Collection Set: 0.0ms
[2022-03-01T14:53:32.608+0100][799.074s] GC(92)   Evacuate Collection Set: 1.0ms
[2022-03-01T14:53:32.608+0100][799.074s] GC(92)   Post Evacuate Collection Set: 0.4ms
[2022-03-01T14:53:32.608+0100][799.074s] GC(92)   Other: 0.1ms
[2022-03-01T14:53:32.608+0100][799.074s] GC(92) Eden regions: 305->0(305)
[2022-03-01T14:53:32.608+0100][799.074s] GC(92) Survivor regions: 2->2(39)
[2022-03-01T14:53:32.608+0100][799.074s] GC(92) Old regions: 83->83
[2022-03-01T14:53:32.608+0100][799.074s] GC(92) Humongous regions: 7->7
[2022-03-01T14:53:32.608+0100][799.074s] GC(92) Metaspace: 67326K->67326K(1110016K)
[2022-03-01T14:53:32.608+0100][799.074s] GC(92) Pause Young (Normal) (G1 Evacuation Pause) 394M->89M(512M) 1.514ms
[2022-03-01T14:53:32.608+0100][799.074s] GC(92) User=0.01s Sys=0.00s Real=0.00s
[2022-03-01T14:53:33.935+0100][800.402s] GC(93) Pause Young (Normal) (G1 Evacuation Pause)
[2022-03-01T14:53:33.935+0100][800.402s] GC(93) Using 10 workers of 10 for evacuation
[2022-03-01T14:53:33.937+0100][800.404s] GC(93)   Pre Evacuate Collection Set: 0.0ms
[2022-03-01T14:53:33.937+0100][800.404s] GC(93)   Evacuate Collection Set: 0.9ms
[2022-03-01T14:53:33.937+0100][800.404s] GC(93)   Post Evacuate Collection Set: 0.4ms
[2022-03-01T14:53:33.937+0100][800.404s] GC(93)   Other: 0.1ms
[2022-03-01T14:53:33.937+0100][800.404s] GC(93) Eden regions: 305->0(305)
[2022-03-01T14:53:33.937+0100][800.404s] GC(93) Survivor regions: 2->2(39)
[2022-03-01T14:53:33.937+0100][800.404s] GC(93) Old regions: 83->83
[2022-03-01T14:53:33.937+0100][800.404s] GC(93) Humongous regions: 7->7
[2022-03-01T14:53:33.937+0100][800.404s] GC(93) Metaspace: 67326K->67326K(1110016K)
[2022-03-01T14:53:33.937+0100][800.404s] GC(93) Pause Young (Normal) (G1 Evacuation Pause) 394M->89M(512M) 1.490ms
[2022-03-01T14:53:33.937+0100][800.404s] GC(93) User=0.01s Sys=0.01s Real=0.00s
[2022-03-01T14:53:34.914+0100][801.381s] GC(94) Pause Young (Normal) (G1 Evacuation Pause)
[2022-03-01T14:53:34.914+0100][801.381s] GC(94) Using 10 workers of 10 for evacuation
[2022-03-01T14:53:34.916+0100][801.383s] GC(94)   Pre Evacuate Collection Set: 0.0ms
[2022-03-01T14:53:34.916+0100][801.383s] GC(94)   Evacuate Collection Set: 1.0ms
[2022-03-01T14:53:34.916+0100][801.383s] GC(94)   Post Evacuate Collection Set: 0.4ms
[2022-03-01T14:53:34.916+0100][801.383s] GC(94)   Other: 0.1ms
[2022-03-01T14:53:34.916+0100][801.383s] GC(94) Eden regions: 305->0(305)
[2022-03-01T14:53:34.916+0100][801.383s] GC(94) Survivor regions: 2->2(39)
[2022-03-01T14:53:34.916+0100][801.383s] GC(94) Old regions: 83->83
[2022-03-01T14:53:34.916+0100][801.383s] GC(94) Humongous regions: 7->7
[2022-03-01T14:53:34.916+0100][801.383s] GC(94) Metaspace: 67326K->67326K(1110016K)
[2022-03-01T14:53:34.916+0100][801.383s] GC(94) Pause Young (Normal) (G1 Evacuation Pause) 394M->89M(512M) 1.572ms
[2022-03-01T14:53:34.916+0100][801.383s] GC(94) User=0.00s Sys=0.00s Real=0.00s
[2022-03-01T14:53:35.909+0100][802.376s] GC(95) Pause Young (Normal) (G1 Evacuation Pause)
[2022-03-01T14:53:35.909+0100][802.376s] GC(95) Using 10 workers of 10 for evacuation
[2022-03-01T14:53:35.911+0100][802.378s] GC(95)   Pre Evacuate Collection Set: 0.0ms
[2022-03-01T14:53:35.911+0100][802.378s] GC(95)   Evacuate Collection Set: 1.5ms
[2022-03-01T14:53:35.911+0100][802.378s] GC(95)   Post Evacuate Collection Set: 0.5ms
[2022-03-01T14:53:35.911+0100][802.378s] GC(95)   Other: 0.1ms
[2022-03-01T14:53:35.911+0100][802.378s] GC(95) Eden regions: 305->0(303)
[2022-03-01T14:53:35.911+0100][802.378s] GC(95) Survivor regions: 2->4(39)
[2022-03-01T14:53:35.911+0100][802.378s] GC(95) Old regions: 83->83
[2022-03-01T14:53:35.911+0100][802.378s] GC(95) Humongous regions: 7->7
[2022-03-01T14:53:35.911+0100][802.378s] GC(95) Metaspace: 67326K->67326K(1110016K)
[2022-03-01T14:53:35.911+0100][802.378s] GC(95) Pause Young (Normal) (G1 Evacuation Pause) 394M->91M(512M) 2.263ms
[2022-03-01T14:53:35.911+0100][802.378s] GC(95) User=0.02s Sys=0.01s Real=0.00s
[2022-03-01T14:53:36.917+0100][803.384s] GC(96) Pause Young (Normal) (G1 Evacuation Pause)
[2022-03-01T14:53:36.917+0100][803.384s] GC(96) Using 10 workers of 10 for evacuation
[2022-03-01T14:53:36.919+0100][803.385s] GC(96)   Pre Evacuate Collection Set: 0.0ms
[2022-03-01T14:53:36.919+0100][803.385s] GC(96)   Evacuate Collection Set: 1.0ms
[2022-03-01T14:53:36.919+0100][803.385s] GC(96)   Post Evacuate Collection Set: 0.6ms
[2022-03-01T14:53:36.919+0100][803.385s] GC(96)   Other: 0.1ms
[2022-03-01T14:53:36.919+0100][803.385s] GC(96) Eden regions: 303->0(305)
[2022-03-01T14:53:36.919+0100][803.385s] GC(96) Survivor regions: 4->2(39)
[2022-03-01T14:53:36.919+0100][803.385s] GC(96) Old regions: 83->83
[2022-03-01T14:53:36.919+0100][803.385s] GC(96) Humongous regions: 7->7
[2022-03-01T14:53:36.919+0100][803.385s] GC(96) Metaspace: 67326K->67326K(1110016K)
[2022-03-01T14:53:36.919+0100][803.385s] GC(96) Pause Young (Normal) (G1 Evacuation Pause) 394M->89M(512M) 1.797ms
[2022-03-01T14:53:36.919+0100][803.385s] GC(96) User=0.01s Sys=0.00s Real=0.00s
[2022-03-01T14:53:39.000+0100][805.467s] GC(97) Pause Young (Normal) (G1 Evacuation Pause)
[2022-03-01T14:53:39.000+0100][805.467s] GC(97) Using 10 workers of 10 for evacuation
[2022-03-01T14:53:39.003+0100][805.469s] GC(97)   Pre Evacuate Collection Set: 0.0ms
[2022-03-01T14:53:39.003+0100][805.469s] GC(97)   Evacuate Collection Set: 1.7ms
[2022-03-01T14:53:39.003+0100][805.469s] GC(97)   Post Evacuate Collection Set: 0.5ms
[2022-03-01T14:53:39.003+0100][805.470s] GC(97)   Other: 0.2ms
[2022-03-01T14:53:39.003+0100][805.470s] GC(97) Eden regions: 305->0(305)
[2022-03-01T14:53:39.003+0100][805.470s] GC(97) Survivor regions: 2->2(39)
[2022-03-01T14:53:39.003+0100][805.470s] GC(97) Old regions: 83->83
[2022-03-01T14:53:39.003+0100][805.470s] GC(97) Humongous regions: 7->7
[2022-03-01T14:53:39.003+0100][805.470s] GC(97) Metaspace: 67326K->67326K(1110016K)
[2022-03-01T14:53:39.003+0100][805.470s] GC(97) Pause Young (Normal) (G1 Evacuation Pause) 394M->89M(512M) 2.441ms
[2022-03-01T14:53:39.003+0100][805.470s] GC(97) User=0.01s Sys=0.00s Real=0.01s
[2022-03-01T14:53:39.980+0100][806.447s] GC(98) Pause Young (Normal) (G1 Evacuation Pause)
[2022-03-01T14:53:39.980+0100][806.447s] GC(98) Using 10 workers of 10 for evacuation
[2022-03-01T14:53:39.982+0100][806.449s] GC(98)   Pre Evacuate Collection Set: 0.0ms
[2022-03-01T14:53:39.982+0100][806.449s] GC(98)   Evacuate Collection Set: 1.0ms
[2022-03-01T14:53:39.982+0100][806.449s] GC(98)   Post Evacuate Collection Set: 0.6ms
[2022-03-01T14:53:39.982+0100][806.449s] GC(98)   Other: 0.1ms
[2022-03-01T14:53:39.982+0100][806.449s] GC(98) Eden regions: 305->0(305)
[2022-03-01T14:53:39.982+0100][806.449s] GC(98) Survivor regions: 2->2(39)
[2022-03-01T14:53:39.982+0100][806.449s] GC(98) Old regions: 83->83
[2022-03-01T14:53:39.982+0100][806.449s] GC(98) Humongous regions: 7->7
[2022-03-01T14:53:39.982+0100][806.449s] GC(98) Metaspace: 67326K->67326K(1110016K)
[2022-03-01T14:53:39.982+0100][806.449s] GC(98) Pause Young (Normal) (G1 Evacuation Pause) 394M->89M(512M) 1.831ms
[2022-03-01T14:53:39.982+0100][806.449s] GC(98) User=0.01s Sys=0.00s Real=0.01s
[2022-03-01T14:53:40.986+0100][807.453s] GC(99) Pause Young (Normal) (G1 Evacuation Pause)
[2022-03-01T14:53:40.986+0100][807.453s] GC(99) Using 10 workers of 10 for evacuation
[2022-03-01T14:53:40.988+0100][807.455s] GC(99)   Pre Evacuate Collection Set: 0.0ms
[2022-03-01T14:53:40.988+0100][807.455s] GC(99)   Evacuate Collection Set: 1.0ms
[2022-03-01T14:53:40.988+0100][807.455s] GC(99)   Post Evacuate Collection Set: 0.4ms
[2022-03-01T14:53:40.988+0100][807.455s] GC(99)   Other: 0.1ms
[2022-03-01T14:53:40.988+0100][807.455s] GC(99) Eden regions: 305->0(305)
[2022-03-01T14:53:40.988+0100][807.455s] GC(99) Survivor regions: 2->2(39)
[2022-03-01T14:53:40.988+0100][807.455s] GC(99) Old regions: 83->83
[2022-03-01T14:53:40.988+0100][807.455s] GC(99) Humongous regions: 7->7
[2022-03-01T14:53:40.988+0100][807.455s] GC(99) Metaspace: 67326K->67326K(1110016K)
[2022-03-01T14:53:40.988+0100][807.455s] GC(99) Pause Young (Normal) (G1 Evacuation Pause) 394M->89M(512M) 1.624ms
[2022-03-01T14:53:40.988+0100][807.455s] GC(99) User=0.01s Sys=0.00s Real=0.00s
[2022-03-01T14:53:41.969+0100][808.436s] GC(100) Pause Young (Normal) (G1 Evacuation Pause)
[2022-03-01T14:53:41.969+0100][808.436s] GC(100) Using 10 workers of 10 for evacuation
[2022-03-01T14:53:41.970+0100][808.437s] GC(100)   Pre Evacuate Collection Set: 0.0ms
[2022-03-01T14:53:41.970+0100][808.437s] GC(100)   Evacuate Collection Set: 1.0ms
[2022-03-01T14:53:41.970+0100][808.437s] GC(100)   Post Evacuate Collection Set: 0.4ms
[2022-03-01T14:53:41.970+0100][808.437s] GC(100)   Other: 0.1ms
[2022-03-01T14:53:41.970+0100][808.437s] GC(100) Eden regions: 305->0(305)
[2022-03-01T14:53:41.970+0100][808.437s] GC(100) Survivor regions: 2->2(39)
[2022-03-01T14:53:41.970+0100][808.437s] GC(100) Old regions: 83->83
[2022-03-01T14:53:41.970+0100][808.437s] GC(100) Humongous regions: 7->7
[2022-03-01T14:53:41.970+0100][808.437s] GC(100) Metaspace: 67326K->67326K(1110016K)
[2022-03-01T14:53:41.971+0100][808.437s] GC(100) Pause Young (Normal) (G1 Evacuation Pause) 394M->89M(512M) 1.638ms
[2022-03-01T14:53:41.971+0100][808.437s] GC(100) User=0.01s Sys=0.00s Real=0.00s
[2022-03-01T14:53:43.026+0100][809.493s] GC(101) Pause Young (Normal) (G1 Evacuation Pause)
[2022-03-01T14:53:43.026+0100][809.493s] GC(101) Using 10 workers of 10 for evacuation
[2022-03-01T14:53:43.027+0100][809.494s] GC(101)   Pre Evacuate Collection Set: 0.0ms
[2022-03-01T14:53:43.027+0100][809.494s] GC(101)   Evacuate Collection Set: 1.0ms
[2022-03-01T14:53:43.027+0100][809.494s] GC(101)   Post Evacuate Collection Set: 0.4ms
[2022-03-01T14:53:43.027+0100][809.494s] GC(101)   Other: 0.2ms
[2022-03-01T14:53:43.027+0100][809.494s] GC(101) Eden regions: 305->0(305)
[2022-03-01T14:53:43.027+0100][809.494s] GC(101) Survivor regions: 2->2(39)
[2022-03-01T14:53:43.027+0100][809.494s] GC(101) Old regions: 83->83
[2022-03-01T14:53:43.027+0100][809.494s] GC(101) Humongous regions: 7->7
[2022-03-01T14:53:43.027+0100][809.494s] GC(101) Metaspace: 67326K->67326K(1110016K)
[2022-03-01T14:53:43.027+0100][809.494s] GC(101) Pause Young (Normal) (G1 Evacuation Pause) 394M->89M(512M) 1.654ms
[2022-03-01T14:53:43.027+0100][809.494s] GC(101) User=0.01s Sys=0.00s Real=0.00s
[2022-03-01T14:53:44.039+0100][810.505s] GC(102) Pause Young (Normal) (G1 Evacuation Pause)
[2022-03-01T14:53:44.039+0100][810.505s] GC(102) Using 10 workers of 10 for evacuation
[2022-03-01T14:53:44.040+0100][810.507s] GC(102)   Pre Evacuate Collection Set: 0.0ms
[2022-03-01T14:53:44.040+0100][810.507s] GC(102)   Evacuate Collection Set: 1.0ms
[2022-03-01T14:53:44.040+0100][810.507s] GC(102)   Post Evacuate Collection Set: 0.4ms
[2022-03-01T14:53:44.040+0100][810.507s] GC(102)   Other: 0.1ms
[2022-03-01T14:53:44.040+0100][810.507s] GC(102) Eden regions: 305->0(305)
[2022-03-01T14:53:44.040+0100][810.507s] GC(102) Survivor regions: 2->2(39)
[2022-03-01T14:53:44.040+0100][810.507s] GC(102) Old regions: 83->83
[2022-03-01T14:53:44.040+0100][810.507s] GC(102) Humongous regions: 7->7
[2022-03-01T14:53:44.040+0100][810.507s] GC(102) Metaspace: 67326K->67326K(1110016K)
[2022-03-01T14:53:44.040+0100][810.507s] GC(102) Pause Young (Normal) (G1 Evacuation Pause) 394M->89M(512M) 1.651ms
[2022-03-01T14:53:44.040+0100][810.507s] GC(102) User=0.01s Sys=0.00s Real=0.00s
[2022-03-01T14:53:45.006+0100][811.473s] GC(103) Pause Young (Normal) (G1 Evacuation Pause)
[2022-03-01T14:53:45.006+0100][811.473s] GC(103) Using 10 workers of 10 for evacuation
[2022-03-01T14:53:45.008+0100][811.475s] GC(103)   Pre Evacuate Collection Set: 0.0ms
[2022-03-01T14:53:45.008+0100][811.475s] GC(103)   Evacuate Collection Set: 0.9ms
[2022-03-01T14:53:45.008+0100][811.475s] GC(103)   Post Evacuate Collection Set: 0.4ms
[2022-03-01T14:53:45.008+0100][811.475s] GC(103)   Other: 0.1ms
[2022-03-01T14:53:45.008+0100][811.475s] GC(103) Eden regions: 305->0(305)
[2022-03-01T14:53:45.008+0100][811.475s] GC(103) Survivor regions: 2->2(39)
[2022-03-01T14:53:45.008+0100][811.475s] GC(103) Old regions: 83->83
[2022-03-01T14:53:45.008+0100][811.475s] GC(103) Humongous regions: 7->7
[2022-03-01T14:53:45.008+0100][811.475s] GC(103) Metaspace: 67326K->67326K(1110016K)
[2022-03-01T14:53:45.008+0100][811.475s] GC(103) Pause Young (Normal) (G1 Evacuation Pause) 394M->89M(512M) 1.439ms
[2022-03-01T14:53:45.008+0100][811.475s] GC(103) User=0.01s Sys=0.01s Real=0.00s
[2022-03-01T14:53:45.978+0100][812.445s] GC(104) Pause Young (Normal) (G1 Evacuation Pause)
[2022-03-01T14:53:45.978+0100][812.445s] GC(104) Using 10 workers of 10 for evacuation
[2022-03-01T14:53:45.980+0100][812.447s] GC(104)   Pre Evacuate Collection Set: 0.0ms
[2022-03-01T14:53:45.980+0100][812.447s] GC(104)   Evacuate Collection Set: 1.0ms
[2022-03-01T14:53:45.980+0100][812.447s] GC(104)   Post Evacuate Collection Set: 0.4ms
[2022-03-01T14:53:45.980+0100][812.447s] GC(104)   Other: 0.1ms
[2022-03-01T14:53:45.980+0100][812.447s] GC(104) Eden regions: 305->0(305)
[2022-03-01T14:53:45.980+0100][812.447s] GC(104) Survivor regions: 2->2(39)
[2022-03-01T14:53:45.980+0100][812.447s] GC(104) Old regions: 83->83
[2022-03-01T14:53:45.980+0100][812.447s] GC(104) Humongous regions: 7->7
[2022-03-01T14:53:45.980+0100][812.447s] GC(104) Metaspace: 67326K->67326K(1110016K)
[2022-03-01T14:53:45.980+0100][812.447s] GC(104) Pause Young (Normal) (G1 Evacuation Pause) 394M->89M(512M) 1.634ms
[2022-03-01T14:53:45.980+0100][812.447s] GC(104) User=0.01s Sys=0.01s Real=0.00s
[2022-03-01T14:53:47.019+0100][813.485s] GC(105) Pause Young (Normal) (G1 Evacuation Pause)
[2022-03-01T14:53:47.019+0100][813.485s] GC(105) Using 10 workers of 10 for evacuation
[2022-03-01T14:53:47.020+0100][813.487s] GC(105)   Pre Evacuate Collection Set: 0.0ms
[2022-03-01T14:53:47.020+0100][813.487s] GC(105)   Evacuate Collection Set: 1.1ms
[2022-03-01T14:53:47.020+0100][813.487s] GC(105)   Post Evacuate Collection Set: 0.5ms
[2022-03-01T14:53:47.020+0100][813.487s] GC(105)   Other: 0.2ms
[2022-03-01T14:53:47.020+0100][813.487s] GC(105) Eden regions: 305->0(305)
[2022-03-01T14:53:47.020+0100][813.487s] GC(105) Survivor regions: 2->2(39)
[2022-03-01T14:53:47.020+0100][813.487s] GC(105) Old regions: 83->83
[2022-03-01T14:53:47.020+0100][813.487s] GC(105) Humongous regions: 7->7
[2022-03-01T14:53:47.020+0100][813.487s] GC(105) Metaspace: 67326K->67326K(1110016K)
[2022-03-01T14:53:47.020+0100][813.487s] GC(105) Pause Young (Normal) (G1 Evacuation Pause) 394M->89M(512M) 1.832ms
[2022-03-01T14:53:47.020+0100][813.487s] GC(105) User=0.01s Sys=0.00s Real=0.00s
[2022-03-01T14:53:48.029+0100][814.495s] GC(106) Pause Young (Normal) (G1 Evacuation Pause)
[2022-03-01T14:53:48.029+0100][814.495s] GC(106) Using 10 workers of 10 for evacuation
[2022-03-01T14:53:48.030+0100][814.497s] GC(106)   Pre Evacuate Collection Set: 0.0ms
[2022-03-01T14:53:48.030+0100][814.497s] GC(106)   Evacuate Collection Set: 1.1ms
[2022-03-01T14:53:48.030+0100][814.497s] GC(106)   Post Evacuate Collection Set: 0.5ms
[2022-03-01T14:53:48.030+0100][814.497s] GC(106)   Other: 0.1ms
[2022-03-01T14:53:48.030+0100][814.497s] GC(106) Eden regions: 305->0(305)
[2022-03-01T14:53:48.030+0100][814.497s] GC(106) Survivor regions: 2->2(39)
[2022-03-01T14:53:48.030+0100][814.497s] GC(106) Old regions: 83->83
[2022-03-01T14:53:48.030+0100][814.497s] GC(106) Humongous regions: 7->7
[2022-03-01T14:53:48.030+0100][814.497s] GC(106) Metaspace: 67326K->67326K(1110016K)
[2022-03-01T14:53:48.030+0100][814.497s] GC(106) Pause Young (Normal) (G1 Evacuation Pause) 394M->89M(512M) 1.782ms
[2022-03-01T14:53:48.030+0100][814.497s] GC(106) User=0.02s Sys=0.00s Real=0.01s
[2022-03-01T14:53:49.061+0100][815.527s] GC(107) Pause Young (Normal) (G1 Evacuation Pause)
[2022-03-01T14:53:49.061+0100][815.527s] GC(107) Using 10 workers of 10 for evacuation
[2022-03-01T14:53:49.062+0100][815.529s] GC(107)   Pre Evacuate Collection Set: 0.0ms
[2022-03-01T14:53:49.062+0100][815.529s] GC(107)   Evacuate Collection Set: 1.1ms
[2022-03-01T14:53:49.062+0100][815.529s] GC(107)   Post Evacuate Collection Set: 0.5ms
[2022-03-01T14:53:49.062+0100][815.529s] GC(107)   Other: 0.2ms
[2022-03-01T14:53:49.062+0100][815.529s] GC(107) Eden regions: 305->0(305)
[2022-03-01T14:53:49.062+0100][815.529s] GC(107) Survivor regions: 2->2(39)
[2022-03-01T14:53:49.062+0100][815.529s] GC(107) Old regions: 83->83
[2022-03-01T14:53:49.062+0100][815.529s] GC(107) Humongous regions: 7->7
[2022-03-01T14:53:49.062+0100][815.529s] GC(107) Metaspace: 67326K->67326K(1110016K)
[2022-03-01T14:53:49.062+0100][815.529s] GC(107) Pause Young (Normal) (G1 Evacuation Pause) 394M->89M(512M) 1.797ms
[2022-03-01T14:53:49.062+0100][815.529s] GC(107) User=0.01s Sys=0.00s Real=0.01s
[2022-03-01T14:53:50.000+0100][816.467s] GC(108) Pause Young (Normal) (G1 Evacuation Pause)
[2022-03-01T14:53:50.000+0100][816.467s] GC(108) Using 10 workers of 10 for evacuation
[2022-03-01T14:53:50.002+0100][816.468s] GC(108)   Pre Evacuate Collection Set: 0.0ms
[2022-03-01T14:53:50.002+0100][816.468s] GC(108)   Evacuate Collection Set: 0.9ms
[2022-03-01T14:53:50.002+0100][816.468s] GC(108)   Post Evacuate Collection Set: 0.4ms
[2022-03-01T14:53:50.002+0100][816.468s] GC(108)   Other: 0.1ms
[2022-03-01T14:53:50.002+0100][816.468s] GC(108) Eden regions: 305->0(305)
[2022-03-01T14:53:50.002+0100][816.468s] GC(108) Survivor regions: 2->2(39)
[2022-03-01T14:53:50.002+0100][816.468s] GC(108) Old regions: 83->83
[2022-03-01T14:53:50.002+0100][816.468s] GC(108) Humongous regions: 7->7
[2022-03-01T14:53:50.002+0100][816.468s] GC(108) Metaspace: 67326K->67326K(1110016K)
[2022-03-01T14:53:50.002+0100][816.468s] GC(108) Pause Young (Normal) (G1 Evacuation Pause) 394M->89M(512M) 1.474ms
[2022-03-01T14:53:50.002+0100][816.468s] GC(108) User=0.01s Sys=0.00s Real=0.01s
[2022-03-01T14:53:51.044+0100][817.511s] GC(109) Pause Young (Normal) (G1 Evacuation Pause)
[2022-03-01T14:53:51.044+0100][817.511s] GC(109) Using 10 workers of 10 for evacuation
[2022-03-01T14:53:51.046+0100][817.513s] GC(109)   Pre Evacuate Collection Set: 0.0ms
[2022-03-01T14:53:51.046+0100][817.513s] GC(109)   Evacuate Collection Set: 1.0ms
[2022-03-01T14:53:51.046+0100][817.513s] GC(109)   Post Evacuate Collection Set: 0.6ms
[2022-03-01T14:53:51.046+0100][817.513s] GC(109)   Other: 0.2ms
[2022-03-01T14:53:51.046+0100][817.513s] GC(109) Eden regions: 305->0(305)
[2022-03-01T14:53:51.046+0100][817.513s] GC(109) Survivor regions: 2->2(39)
[2022-03-01T14:53:51.046+0100][817.513s] GC(109) Old regions: 83->83
[2022-03-01T14:53:51.046+0100][817.513s] GC(109) Humongous regions: 7->7
[2022-03-01T14:53:51.046+0100][817.513s] GC(109) Metaspace: 67326K->67326K(1110016K)
[2022-03-01T14:53:51.046+0100][817.513s] GC(109) Pause Young (Normal) (G1 Evacuation Pause) 394M->89M(512M) 1.826ms
[2022-03-01T14:53:51.046+0100][817.513s] GC(109) User=0.02s Sys=0.00s Real=0.00s
[2022-03-01T14:53:52.069+0100][818.535s] GC(110) Pause Young (Normal) (G1 Evacuation Pause)
[2022-03-01T14:53:52.069+0100][818.535s] GC(110) Using 10 workers of 10 for evacuation
[2022-03-01T14:53:52.070+0100][818.537s] GC(110)   Pre Evacuate Collection Set: 0.0ms
[2022-03-01T14:53:52.070+0100][818.537s] GC(110)   Evacuate Collection Set: 1.0ms
[2022-03-01T14:53:52.070+0100][818.537s] GC(110)   Post Evacuate Collection Set: 0.6ms
[2022-03-01T14:53:52.070+0100][818.537s] GC(110)   Other: 0.1ms
[2022-03-01T14:53:52.070+0100][818.537s] GC(110) Eden regions: 305->0(305)
[2022-03-01T14:53:52.070+0100][818.537s] GC(110) Survivor regions: 2->2(39)
[2022-03-01T14:53:52.070+0100][818.537s] GC(110) Old regions: 83->83
[2022-03-01T14:53:52.070+0100][818.537s] GC(110) Humongous regions: 7->7
[2022-03-01T14:53:52.070+0100][818.537s] GC(110) Metaspace: 67326K->67326K(1110016K)
[2022-03-01T14:53:52.070+0100][818.537s] GC(110) Pause Young (Normal) (G1 Evacuation Pause) 394M->89M(512M) 1.836ms
[2022-03-01T14:53:52.070+0100][818.537s] GC(110) User=0.02s Sys=0.00s Real=0.01s
[2022-03-01T14:53:53.060+0100][819.526s] GC(111) Pause Young (Normal) (G1 Evacuation Pause)
[2022-03-01T14:53:53.060+0100][819.526s] GC(111) Using 10 workers of 10 for evacuation
[2022-03-01T14:53:53.061+0100][819.528s] GC(111)   Pre Evacuate Collection Set: 0.0ms
[2022-03-01T14:53:53.061+0100][819.528s] GC(111)   Evacuate Collection Set: 1.0ms
[2022-03-01T14:53:53.061+0100][819.528s] GC(111)   Post Evacuate Collection Set: 0.6ms
[2022-03-01T14:53:53.061+0100][819.528s] GC(111)   Other: 0.1ms
[2022-03-01T14:53:53.061+0100][819.528s] GC(111) Eden regions: 305->0(305)
[2022-03-01T14:53:53.061+0100][819.528s] GC(111) Survivor regions: 2->2(39)
[2022-03-01T14:53:53.061+0100][819.528s] GC(111) Old regions: 83->83
[2022-03-01T14:53:53.061+0100][819.528s] GC(111) Humongous regions: 7->7
[2022-03-01T14:53:53.061+0100][819.528s] GC(111) Metaspace: 67326K->67326K(1110016K)
[2022-03-01T14:53:53.061+0100][819.528s] GC(111) Pause Young (Normal) (G1 Evacuation Pause) 394M->89M(512M) 1.835ms
[2022-03-01T14:53:53.061+0100][819.528s] GC(111) User=0.01s Sys=0.00s Real=0.01s
[2022-03-01T14:53:54.036+0100][820.503s] GC(112) Pause Young (Normal) (G1 Evacuation Pause)
[2022-03-01T14:53:54.036+0100][820.503s] GC(112) Using 10 workers of 10 for evacuation
[2022-03-01T14:53:54.037+0100][820.504s] GC(112)   Pre Evacuate Collection Set: 0.0ms
[2022-03-01T14:53:54.037+0100][820.504s] GC(112)   Evacuate Collection Set: 1.1ms
[2022-03-01T14:53:54.037+0100][820.504s] GC(112)   Post Evacuate Collection Set: 0.4ms
[2022-03-01T14:53:54.037+0100][820.504s] GC(112)   Other: 0.1ms
[2022-03-01T14:53:54.037+0100][820.504s] GC(112) Eden regions: 305->0(305)
[2022-03-01T14:53:54.037+0100][820.504s] GC(112) Survivor regions: 2->2(39)
[2022-03-01T14:53:54.037+0100][820.504s] GC(112) Old regions: 83->83
[2022-03-01T14:53:54.037+0100][820.504s] GC(112) Humongous regions: 7->7
[2022-03-01T14:53:54.037+0100][820.504s] GC(112) Metaspace: 67326K->67326K(1110016K)
[2022-03-01T14:53:54.037+0100][820.504s] GC(112) Pause Young (Normal) (G1 Evacuation Pause) 394M->89M(512M) 1.661ms
[2022-03-01T14:53:54.037+0100][820.504s] GC(112) User=0.01s Sys=0.00s Real=0.00s
[2022-03-01T14:53:55.627+0100][822.094s] GC(113) Pause Young (Normal) (G1 Evacuation Pause)
[2022-03-01T14:53:55.628+0100][822.094s] GC(113) Using 10 workers of 10 for evacuation
[2022-03-01T14:53:55.630+0100][822.097s] GC(113)   Pre Evacuate Collection Set: 0.0ms
[2022-03-01T14:53:55.630+0100][822.097s] GC(113)   Evacuate Collection Set: 1.7ms
[2022-03-01T14:53:55.630+0100][822.097s] GC(113)   Post Evacuate Collection Set: 0.6ms
[2022-03-01T14:53:55.630+0100][822.097s] GC(113)   Other: 0.2ms
[2022-03-01T14:53:55.630+0100][822.097s] GC(113) Eden regions: 305->0(305)
[2022-03-01T14:53:55.630+0100][822.097s] GC(113) Survivor regions: 2->2(39)
[2022-03-01T14:53:55.630+0100][822.097s] GC(113) Old regions: 83->83
[2022-03-01T14:53:55.630+0100][822.097s] GC(113) Humongous regions: 7->7
[2022-03-01T14:53:55.630+0100][822.097s] GC(113) Metaspace: 67326K->67326K(1110016K)
[2022-03-01T14:53:55.630+0100][822.097s] GC(113) Pause Young (Normal) (G1 Evacuation Pause) 394M->89M(512M) 2.582ms
[2022-03-01T14:53:55.630+0100][822.097s] GC(113) User=0.02s Sys=0.00s Real=0.01s
[2022-03-01T14:53:56.399+0100][822.866s] GC(114) Pause Young (Normal) (G1 Evacuation Pause)
[2022-03-01T14:53:56.399+0100][822.866s] GC(114) Using 10 workers of 10 for evacuation
[2022-03-01T14:53:56.401+0100][822.868s] GC(114)   Pre Evacuate Collection Set: 0.0ms
[2022-03-01T14:53:56.401+0100][822.868s] GC(114)   Evacuate Collection Set: 0.9ms
[2022-03-01T14:53:56.401+0100][822.868s] GC(114)   Post Evacuate Collection Set: 0.4ms
[2022-03-01T14:53:56.401+0100][822.868s] GC(114)   Other: 0.1ms
[2022-03-01T14:53:56.401+0100][822.868s] GC(114) Eden regions: 305->0(305)
[2022-03-01T14:53:56.401+0100][822.868s] GC(114) Survivor regions: 2->2(39)
[2022-03-01T14:53:56.401+0100][822.868s] GC(114) Old regions: 83->83
[2022-03-01T14:53:56.401+0100][822.868s] GC(114) Humongous regions: 7->7
[2022-03-01T14:53:56.401+0100][822.868s] GC(114) Metaspace: 67326K->67326K(1110016K)
[2022-03-01T14:53:56.401+0100][822.868s] GC(114) Pause Young (Normal) (G1 Evacuation Pause) 394M->89M(512M) 1.539ms
[2022-03-01T14:53:56.401+0100][822.868s] GC(114) User=0.00s Sys=0.01s Real=0.01s
[2022-03-01T14:53:57.332+0100][823.798s] GC(115) Pause Young (Normal) (G1 Evacuation Pause)
[2022-03-01T14:53:57.332+0100][823.798s] GC(115) Using 10 workers of 10 for evacuation
[2022-03-01T14:53:57.334+0100][823.801s] GC(115)   Pre Evacuate Collection Set: 0.0ms
[2022-03-01T14:53:57.334+0100][823.801s] GC(115)   Evacuate Collection Set: 1.5ms
[2022-03-01T14:53:57.334+0100][823.801s] GC(115)   Post Evacuate Collection Set: 0.5ms
[2022-03-01T14:53:57.334+0100][823.801s] GC(115)   Other: 0.1ms
[2022-03-01T14:53:57.334+0100][823.801s] GC(115) Eden regions: 305->0(304)
[2022-03-01T14:53:57.334+0100][823.801s] GC(115) Survivor regions: 2->3(39)
[2022-03-01T14:53:57.334+0100][823.801s] GC(115) Old regions: 83->83
[2022-03-01T14:53:57.334+0100][823.801s] GC(115) Humongous regions: 7->7
[2022-03-01T14:53:57.334+0100][823.801s] GC(115) Metaspace: 67326K->67326K(1110016K)
[2022-03-01T14:53:57.334+0100][823.801s] GC(115) Pause Young (Normal) (G1 Evacuation Pause) 394M->91M(512M) 2.226ms
[2022-03-01T14:53:57.334+0100][823.801s] GC(115) User=0.01s Sys=0.00s Real=0.00s
[2022-03-01T14:53:58.307+0100][824.773s] GC(116) Pause Young (Normal) (G1 Evacuation Pause)
[2022-03-01T14:53:58.307+0100][824.773s] GC(116) Using 10 workers of 10 for evacuation
[2022-03-01T14:53:58.308+0100][824.775s] GC(116)   Pre Evacuate Collection Set: 0.0ms
[2022-03-01T14:53:58.308+0100][824.775s] GC(116)   Evacuate Collection Set: 1.0ms
[2022-03-01T14:53:58.308+0100][824.775s] GC(116)   Post Evacuate Collection Set: 0.5ms
[2022-03-01T14:53:58.308+0100][824.775s] GC(116)   Other: 0.1ms
[2022-03-01T14:53:58.308+0100][824.775s] GC(116) Eden regions: 304->0(305)
[2022-03-01T14:53:58.308+0100][824.775s] GC(116) Survivor regions: 3->2(39)
[2022-03-01T14:53:58.308+0100][824.775s] GC(116) Old regions: 83->83
[2022-03-01T14:53:58.308+0100][824.775s] GC(116) Humongous regions: 7->7
[2022-03-01T14:53:58.308+0100][824.775s] GC(116) Metaspace: 67326K->67326K(1110016K)
[2022-03-01T14:53:58.308+0100][824.775s] GC(116) Pause Young (Normal) (G1 Evacuation Pause) 395M->90M(512M) 1.616ms
[2022-03-01T14:53:58.308+0100][824.775s] GC(116) User=0.01s Sys=0.01s Real=0.00s
[2022-03-01T14:53:59.311+0100][825.778s] GC(117) Pause Young (Normal) (G1 Evacuation Pause)
[2022-03-01T14:53:59.311+0100][825.778s] GC(117) Using 10 workers of 10 for evacuation
[2022-03-01T14:53:59.313+0100][825.780s] GC(117)   Pre Evacuate Collection Set: 0.0ms
[2022-03-01T14:53:59.313+0100][825.780s] GC(117)   Evacuate Collection Set: 1.0ms
[2022-03-01T14:53:59.313+0100][825.780s] GC(117)   Post Evacuate Collection Set: 0.4ms
[2022-03-01T14:53:59.313+0100][825.780s] GC(117)   Other: 0.1ms
[2022-03-01T14:53:59.313+0100][825.780s] GC(117) Eden regions: 305->0(305)
[2022-03-01T14:53:59.313+0100][825.780s] GC(117) Survivor regions: 2->2(39)
[2022-03-01T14:53:59.313+0100][825.780s] GC(117) Old regions: 83->83
[2022-03-01T14:53:59.313+0100][825.780s] GC(117) Humongous regions: 7->7
[2022-03-01T14:53:59.313+0100][825.780s] GC(117) Metaspace: 67326K->67326K(1110016K)
[2022-03-01T14:53:59.313+0100][825.780s] GC(117) Pause Young (Normal) (G1 Evacuation Pause) 395M->89M(512M) 1.565ms
[2022-03-01T14:53:59.313+0100][825.780s] GC(117) User=0.01s Sys=0.00s Real=0.00s
[2022-03-01T14:54:00.258+0100][826.725s] GC(118) Pause Young (Normal) (G1 Evacuation Pause)
[2022-03-01T14:54:00.258+0100][826.725s] GC(118) Using 10 workers of 10 for evacuation
[2022-03-01T14:54:00.260+0100][826.727s] GC(118)   Pre Evacuate Collection Set: 0.0ms
[2022-03-01T14:54:00.260+0100][826.727s] GC(118)   Evacuate Collection Set: 0.9ms
[2022-03-01T14:54:00.260+0100][826.727s] GC(118)   Post Evacuate Collection Set: 0.4ms
[2022-03-01T14:54:00.260+0100][826.727s] GC(118)   Other: 0.1ms
[2022-03-01T14:54:00.260+0100][826.727s] GC(118) Eden regions: 305->0(305)
[2022-03-01T14:54:00.260+0100][826.727s] GC(118) Survivor regions: 2->2(39)
[2022-03-01T14:54:00.260+0100][826.727s] GC(118) Old regions: 83->83
[2022-03-01T14:54:00.260+0100][826.727s] GC(118) Humongous regions: 7->7
[2022-03-01T14:54:00.260+0100][826.727s] GC(118) Metaspace: 67326K->67326K(1110016K)
[2022-03-01T14:54:00.260+0100][826.727s] GC(118) Pause Young (Normal) (G1 Evacuation Pause) 394M->89M(512M) 1.475ms
[2022-03-01T14:54:00.260+0100][826.727s] GC(118) User=0.01s Sys=0.00s Real=0.00s
[2022-03-01T14:54:01.251+0100][827.718s] GC(119) Pause Young (Normal) (G1 Evacuation Pause)
[2022-03-01T14:54:01.251+0100][827.718s] GC(119) Using 10 workers of 10 for evacuation
[2022-03-01T14:54:01.252+0100][827.719s] GC(119)   Pre Evacuate Collection Set: 0.0ms
[2022-03-01T14:54:01.252+0100][827.719s] GC(119)   Evacuate Collection Set: 1.0ms
[2022-03-01T14:54:01.252+0100][827.719s] GC(119)   Post Evacuate Collection Set: 0.4ms
[2022-03-01T14:54:01.252+0100][827.719s] GC(119)   Other: 0.1ms
[2022-03-01T14:54:01.252+0100][827.719s] GC(119) Eden regions: 305->0(305)
[2022-03-01T14:54:01.252+0100][827.719s] GC(119) Survivor regions: 2->2(39)
[2022-03-01T14:54:01.252+0100][827.719s] GC(119) Old regions: 83->83
[2022-03-01T14:54:01.252+0100][827.719s] GC(119) Humongous regions: 7->7
[2022-03-01T14:54:01.252+0100][827.719s] GC(119) Metaspace: 67326K->67326K(1110016K)
[2022-03-01T14:54:01.252+0100][827.719s] GC(119) Pause Young (Normal) (G1 Evacuation Pause) 394M->89M(512M) 1.659ms
[2022-03-01T14:54:01.252+0100][827.719s] GC(119) User=0.01s Sys=0.01s Real=0.00s
[2022-03-01T14:54:02.317+0100][828.784s] GC(120) Pause Young (Normal) (G1 Evacuation Pause)
[2022-03-01T14:54:02.317+0100][828.784s] GC(120) Using 10 workers of 10 for evacuation
[2022-03-01T14:54:02.320+0100][828.787s] GC(120)   Pre Evacuate Collection Set: 0.0ms
[2022-03-01T14:54:02.320+0100][828.787s] GC(120)   Evacuate Collection Set: 1.8ms
[2022-03-01T14:54:02.320+0100][828.787s] GC(120)   Post Evacuate Collection Set: 0.6ms
[2022-03-01T14:54:02.320+0100][828.787s] GC(120)   Other: 0.2ms
[2022-03-01T14:54:02.320+0100][828.787s] GC(120) Eden regions: 305->0(305)
[2022-03-01T14:54:02.320+0100][828.787s] GC(120) Survivor regions: 2->2(39)
[2022-03-01T14:54:02.320+0100][828.787s] GC(120) Old regions: 83->83
[2022-03-01T14:54:02.320+0100][828.787s] GC(120) Humongous regions: 7->7
[2022-03-01T14:54:02.320+0100][828.787s] GC(120) Metaspace: 67327K->67327K(1110016K)
[2022-03-01T14:54:02.320+0100][828.787s] GC(120) Pause Young (Normal) (G1 Evacuation Pause) 394M->89M(512M) 2.766ms
[2022-03-01T14:54:02.320+0100][828.787s] GC(120) User=0.02s Sys=0.00s Real=0.00s
[2022-03-01T14:54:03.440+0100][829.907s] GC(121) Pause Young (Normal) (G1 Evacuation Pause)
[2022-03-01T14:54:03.440+0100][829.907s] GC(121) Using 10 workers of 10 for evacuation
[2022-03-01T14:54:03.442+0100][829.908s] GC(121)   Pre Evacuate Collection Set: 0.0ms
[2022-03-01T14:54:03.442+0100][829.908s] GC(121)   Evacuate Collection Set: 0.9ms
[2022-03-01T14:54:03.442+0100][829.908s] GC(121)   Post Evacuate Collection Set: 0.4ms
[2022-03-01T14:54:03.442+0100][829.908s] GC(121)   Other: 0.1ms
[2022-03-01T14:54:03.442+0100][829.908s] GC(121) Eden regions: 305->0(305)
[2022-03-01T14:54:03.442+0100][829.908s] GC(121) Survivor regions: 2->2(39)
[2022-03-01T14:54:03.442+0100][829.908s] GC(121) Old regions: 83->83
[2022-03-01T14:54:03.442+0100][829.908s] GC(121) Humongous regions: 7->7
[2022-03-01T14:54:03.442+0100][829.908s] GC(121) Metaspace: 67327K->67327K(1110016K)
[2022-03-01T14:54:03.442+0100][829.908s] GC(121) Pause Young (Normal) (G1 Evacuation Pause) 394M->89M(512M) 1.451ms
[2022-03-01T14:54:03.442+0100][829.908s] GC(121) User=0.01s Sys=0.00s Real=0.01s
[2022-03-01T14:54:04.441+0100][830.908s] GC(122) Pause Young (Normal) (G1 Evacuation Pause)
[2022-03-01T14:54:04.441+0100][830.908s] GC(122) Using 10 workers of 10 for evacuation
[2022-03-01T14:54:04.443+0100][830.909s] GC(122)   Pre Evacuate Collection Set: 0.0ms
[2022-03-01T14:54:04.443+0100][830.909s] GC(122)   Evacuate Collection Set: 1.0ms
[2022-03-01T14:54:04.443+0100][830.909s] GC(122)   Post Evacuate Collection Set: 0.6ms
[2022-03-01T14:54:04.443+0100][830.909s] GC(122)   Other: 0.1ms
[2022-03-01T14:54:04.443+0100][830.909s] GC(122) Eden regions: 305->0(305)
[2022-03-01T14:54:04.443+0100][830.909s] GC(122) Survivor regions: 2->2(39)
[2022-03-01T14:54:04.443+0100][830.909s] GC(122) Old regions: 83->83
[2022-03-01T14:54:04.443+0100][830.909s] GC(122) Humongous regions: 7->7
[2022-03-01T14:54:04.443+0100][830.909s] GC(122) Metaspace: 67327K->67327K(1110016K)
[2022-03-01T14:54:04.443+0100][830.910s] GC(122) Pause Young (Normal) (G1 Evacuation Pause) 394M->89M(512M) 1.742ms
[2022-03-01T14:54:04.443+0100][830.910s] GC(122) User=0.01s Sys=0.00s Real=0.00s
[2022-03-01T14:54:05.405+0100][831.872s] GC(123) Pause Young (Normal) (G1 Evacuation Pause)
[2022-03-01T14:54:05.405+0100][831.872s] GC(123) Using 10 workers of 10 for evacuation
[2022-03-01T14:54:05.407+0100][831.874s] GC(123)   Pre Evacuate Collection Set: 0.0ms
[2022-03-01T14:54:05.407+0100][831.874s] GC(123)   Evacuate Collection Set: 1.0ms
[2022-03-01T14:54:05.407+0100][831.874s] GC(123)   Post Evacuate Collection Set: 0.4ms
[2022-03-01T14:54:05.407+0100][831.874s] GC(123)   Other: 0.1ms
[2022-03-01T14:54:05.407+0100][831.874s] GC(123) Eden regions: 305->0(305)
[2022-03-01T14:54:05.407+0100][831.874s] GC(123) Survivor regions: 2->2(39)
[2022-03-01T14:54:05.407+0100][831.874s] GC(123) Old regions: 83->83
[2022-03-01T14:54:05.407+0100][831.874s] GC(123) Humongous regions: 7->7
[2022-03-01T14:54:05.407+0100][831.874s] GC(123) Metaspace: 67327K->67327K(1110016K)
[2022-03-01T14:54:05.407+0100][831.874s] GC(123) Pause Young (Normal) (G1 Evacuation Pause) 394M->89M(512M) 1.575ms
[2022-03-01T14:54:05.407+0100][831.874s] GC(123) User=0.01s Sys=0.00s Real=0.00s
[2022-03-01T14:54:06.387+0100][832.854s] GC(124) Pause Young (Normal) (G1 Evacuation Pause)
[2022-03-01T14:54:06.387+0100][832.854s] GC(124) Using 10 workers of 10 for evacuation
[2022-03-01T14:54:06.389+0100][832.855s] GC(124)   Pre Evacuate Collection Set: 0.0ms
[2022-03-01T14:54:06.389+0100][832.855s] GC(124)   Evacuate Collection Set: 1.1ms
[2022-03-01T14:54:06.389+0100][832.855s] GC(124)   Post Evacuate Collection Set: 0.4ms
[2022-03-01T14:54:06.389+0100][832.855s] GC(124)   Other: 0.1ms
[2022-03-01T14:54:06.389+0100][832.855s] GC(124) Eden regions: 305->0(305)
[2022-03-01T14:54:06.389+0100][832.855s] GC(124) Survivor regions: 2->2(39)
[2022-03-01T14:54:06.389+0100][832.855s] GC(124) Old regions: 83->83
[2022-03-01T14:54:06.389+0100][832.855s] GC(124) Humongous regions: 7->7
[2022-03-01T14:54:06.389+0100][832.855s] GC(124) Metaspace: 67327K->67327K(1110016K)
[2022-03-01T14:54:06.389+0100][832.855s] GC(124) Pause Young (Normal) (G1 Evacuation Pause) 394M->89M(512M) 1.662ms
[2022-03-01T14:54:06.389+0100][832.855s] GC(124) User=0.01s Sys=0.00s Real=0.00s
[2022-03-01T14:54:07.357+0100][833.824s] GC(125) Pause Young (Normal) (G1 Evacuation Pause)
[2022-03-01T14:54:07.357+0100][833.824s] GC(125) Using 10 workers of 10 for evacuation
[2022-03-01T14:54:07.359+0100][833.826s] GC(125)   Pre Evacuate Collection Set: 0.0ms
[2022-03-01T14:54:07.359+0100][833.826s] GC(125)   Evacuate Collection Set: 1.0ms
[2022-03-01T14:54:07.359+0100][833.826s] GC(125)   Post Evacuate Collection Set: 0.6ms
[2022-03-01T14:54:07.359+0100][833.826s] GC(125)   Other: 0.1ms
[2022-03-01T14:54:07.359+0100][833.826s] GC(125) Eden regions: 305->0(305)
[2022-03-01T14:54:07.359+0100][833.826s] GC(125) Survivor regions: 2->2(39)
[2022-03-01T14:54:07.359+0100][833.826s] GC(125) Old regions: 83->83
[2022-03-01T14:54:07.359+0100][833.826s] GC(125) Humongous regions: 7->7
[2022-03-01T14:54:07.359+0100][833.826s] GC(125) Metaspace: 67327K->67327K(1110016K)
[2022-03-01T14:54:07.359+0100][833.826s] GC(125) Pause Young (Normal) (G1 Evacuation Pause) 394M->89M(512M) 1.786ms
[2022-03-01T14:54:07.359+0100][833.826s] GC(125) User=0.01s Sys=0.00s Real=0.00s
[2022-03-01T14:54:08.384+0100][834.851s] GC(126) Pause Young (Normal) (G1 Evacuation Pause)
[2022-03-01T14:54:08.384+0100][834.851s] GC(126) Using 10 workers of 10 for evacuation
[2022-03-01T14:54:08.385+0100][834.852s] GC(126)   Pre Evacuate Collection Set: 0.0ms
[2022-03-01T14:54:08.385+0100][834.852s] GC(126)   Evacuate Collection Set: 1.0ms
[2022-03-01T14:54:08.385+0100][834.852s] GC(126)   Post Evacuate Collection Set: 0.5ms
[2022-03-01T14:54:08.385+0100][834.852s] GC(126)   Other: 0.1ms
[2022-03-01T14:54:08.385+0100][834.852s] GC(126) Eden regions: 305->0(305)
[2022-03-01T14:54:08.385+0100][834.852s] GC(126) Survivor regions: 2->2(39)
[2022-03-01T14:54:08.385+0100][834.852s] GC(126) Old regions: 83->83
[2022-03-01T14:54:08.385+0100][834.852s] GC(126) Humongous regions: 7->7
[2022-03-01T14:54:08.385+0100][834.852s] GC(126) Metaspace: 67327K->67327K(1110016K)
[2022-03-01T14:54:08.385+0100][834.852s] GC(126) Pause Young (Normal) (G1 Evacuation Pause) 394M->89M(512M) 1.704ms
[2022-03-01T14:54:08.385+0100][834.852s] GC(126) User=0.01s Sys=0.00s Real=0.00s
[2022-03-01T14:54:09.362+0100][835.829s] GC(127) Pause Young (Normal) (G1 Evacuation Pause)
[2022-03-01T14:54:09.362+0100][835.829s] GC(127) Using 10 workers of 10 for evacuation
[2022-03-01T14:54:09.363+0100][835.830s] GC(127)   Pre Evacuate Collection Set: 0.0ms
[2022-03-01T14:54:09.363+0100][835.830s] GC(127)   Evacuate Collection Set: 1.0ms
[2022-03-01T14:54:09.363+0100][835.830s] GC(127)   Post Evacuate Collection Set: 0.4ms
[2022-03-01T14:54:09.363+0100][835.830s] GC(127)   Other: 0.1ms
[2022-03-01T14:54:09.363+0100][835.830s] GC(127) Eden regions: 305->0(305)
[2022-03-01T14:54:09.363+0100][835.830s] GC(127) Survivor regions: 2->2(39)
[2022-03-01T14:54:09.363+0100][835.830s] GC(127) Old regions: 83->83
[2022-03-01T14:54:09.363+0100][835.830s] GC(127) Humongous regions: 7->7
[2022-03-01T14:54:09.363+0100][835.830s] GC(127) Metaspace: 67395K->67395K(1110016K)
[2022-03-01T14:54:09.363+0100][835.830s] GC(127) Pause Young (Normal) (G1 Evacuation Pause) 394M->90M(512M) 1.653ms
[2022-03-01T14:54:09.363+0100][835.830s] GC(127) User=0.01s Sys=0.00s Real=0.00s
[2022-03-01T14:54:10.338+0100][836.805s] GC(128) Pause Young (Normal) (G1 Evacuation Pause)
[2022-03-01T14:54:10.338+0100][836.805s] GC(128) Using 10 workers of 10 for evacuation
[2022-03-01T14:54:10.340+0100][836.807s] GC(128)   Pre Evacuate Collection Set: 0.0ms
[2022-03-01T14:54:10.340+0100][836.807s] GC(128)   Evacuate Collection Set: 1.0ms
[2022-03-01T14:54:10.340+0100][836.807s] GC(128)   Post Evacuate Collection Set: 0.4ms
[2022-03-01T14:54:10.340+0100][836.807s] GC(128)   Other: 0.1ms
[2022-03-01T14:54:10.340+0100][836.807s] GC(128) Eden regions: 305->0(305)
[2022-03-01T14:54:10.340+0100][836.807s] GC(128) Survivor regions: 2->2(39)
[2022-03-01T14:54:10.340+0100][836.807s] GC(128) Old regions: 83->83
[2022-03-01T14:54:10.340+0100][836.807s] GC(128) Humongous regions: 7->7
[2022-03-01T14:54:10.340+0100][836.807s] GC(128) Metaspace: 67395K->67395K(1110016K)
[2022-03-01T14:54:10.340+0100][836.807s] GC(128) Pause Young (Normal) (G1 Evacuation Pause) 395M->90M(512M) 1.626ms
[2022-03-01T14:54:10.340+0100][836.807s] GC(128) User=0.00s Sys=0.00s Real=0.00s
[2022-03-01T14:54:11.351+0100][837.818s] GC(129) Pause Young (Normal) (G1 Evacuation Pause)
[2022-03-01T14:54:11.351+0100][837.818s] GC(129) Using 10 workers of 10 for evacuation
[2022-03-01T14:54:11.353+0100][837.820s] GC(129)   Pre Evacuate Collection Set: 0.0ms
[2022-03-01T14:54:11.353+0100][837.820s] GC(129)   Evacuate Collection Set: 1.0ms
[2022-03-01T14:54:11.353+0100][837.820s] GC(129)   Post Evacuate Collection Set: 0.4ms
[2022-03-01T14:54:11.353+0100][837.820s] GC(129)   Other: 0.1ms
[2022-03-01T14:54:11.353+0100][837.820s] GC(129) Eden regions: 305->0(305)
[2022-03-01T14:54:11.353+0100][837.820s] GC(129) Survivor regions: 2->2(39)
[2022-03-01T14:54:11.353+0100][837.820s] GC(129) Old regions: 83->83
[2022-03-01T14:54:11.353+0100][837.820s] GC(129) Humongous regions: 7->7
[2022-03-01T14:54:11.353+0100][837.820s] GC(129) Metaspace: 67395K->67395K(1110016K)
[2022-03-01T14:54:11.353+0100][837.820s] GC(129) Pause Young (Normal) (G1 Evacuation Pause) 395M->90M(512M) 1.620ms
[2022-03-01T14:54:11.353+0100][837.820s] GC(129) User=0.00s Sys=0.01s Real=0.00s
[2022-03-01T14:54:12.330+0100][838.797s] GC(130) Pause Young (Normal) (G1 Evacuation Pause)
[2022-03-01T14:54:12.330+0100][838.797s] GC(130) Using 10 workers of 10 for evacuation
[2022-03-01T14:54:12.332+0100][838.799s] GC(130)   Pre Evacuate Collection Set: 0.0ms
[2022-03-01T14:54:12.332+0100][838.799s] GC(130)   Evacuate Collection Set: 1.6ms
[2022-03-01T14:54:12.332+0100][838.799s] GC(130)   Post Evacuate Collection Set: 0.4ms
[2022-03-01T14:54:12.332+0100][838.799s] GC(130)   Other: 0.1ms
[2022-03-01T14:54:12.332+0100][838.799s] GC(130) Eden regions: 305->0(303)
[2022-03-01T14:54:12.332+0100][838.799s] GC(130) Survivor regions: 2->4(39)
[2022-03-01T14:54:12.332+0100][838.799s] GC(130) Old regions: 83->83
[2022-03-01T14:54:12.332+0100][838.799s] GC(130) Humongous regions: 7->7
[2022-03-01T14:54:12.332+0100][838.799s] GC(130) Metaspace: 67395K->67395K(1110016K)
[2022-03-01T14:54:12.332+0100][838.799s] GC(130) Pause Young (Normal) (G1 Evacuation Pause) 395M->91M(512M) 2.176ms
[2022-03-01T14:54:12.332+0100][838.799s] GC(130) User=0.01s Sys=0.00s Real=0.00s
[2022-03-01T14:54:13.303+0100][839.770s] GC(131) Pause Young (Normal) (G1 Evacuation Pause)
[2022-03-01T14:54:13.303+0100][839.770s] GC(131) Using 10 workers of 10 for evacuation
[2022-03-01T14:54:13.305+0100][839.771s] GC(131)   Pre Evacuate Collection Set: 0.0ms
[2022-03-01T14:54:13.305+0100][839.771s] GC(131)   Evacuate Collection Set: 1.0ms
[2022-03-01T14:54:13.305+0100][839.771s] GC(131)   Post Evacuate Collection Set: 0.4ms
[2022-03-01T14:54:13.305+0100][839.771s] GC(131)   Other: 0.1ms
[2022-03-01T14:54:13.305+0100][839.771s] GC(131) Eden regions: 303->0(305)
[2022-03-01T14:54:13.305+0100][839.771s] GC(131) Survivor regions: 4->2(39)
[2022-03-01T14:54:13.305+0100][839.771s] GC(131) Old regions: 83->84
[2022-03-01T14:54:13.305+0100][839.771s] GC(131) Humongous regions: 7->7
[2022-03-01T14:54:13.305+0100][839.771s] GC(131) Metaspace: 67395K->67395K(1110016K)
[2022-03-01T14:54:13.305+0100][839.771s] GC(131) Pause Young (Normal) (G1 Evacuation Pause) 394M->90M(512M) 1.576ms
[2022-03-01T14:54:13.305+0100][839.771s] GC(131) User=0.01s Sys=0.01s Real=0.00s
[2022-03-01T14:54:14.315+0100][840.782s] GC(132) Pause Young (Normal) (G1 Evacuation Pause)
[2022-03-01T14:54:14.316+0100][840.782s] GC(132) Using 10 workers of 10 for evacuation
[2022-03-01T14:54:14.317+0100][840.784s] GC(132)   Pre Evacuate Collection Set: 0.0ms
[2022-03-01T14:54:14.317+0100][840.784s] GC(132)   Evacuate Collection Set: 1.0ms
[2022-03-01T14:54:14.317+0100][840.784s] GC(132)   Post Evacuate Collection Set: 0.5ms
[2022-03-01T14:54:14.317+0100][840.784s] GC(132)   Other: 0.1ms
[2022-03-01T14:54:14.317+0100][840.784s] GC(132) Eden regions: 305->0(305)
[2022-03-01T14:54:14.317+0100][840.784s] GC(132) Survivor regions: 2->2(39)
[2022-03-01T14:54:14.317+0100][840.784s] GC(132) Old regions: 84->84
[2022-03-01T14:54:14.317+0100][840.784s] GC(132) Humongous regions: 7->7
[2022-03-01T14:54:14.317+0100][840.784s] GC(132) Metaspace: 67395K->67395K(1110016K)
[2022-03-01T14:54:14.317+0100][840.784s] GC(132) Pause Young (Normal) (G1 Evacuation Pause) 395M->90M(512M) 1.703ms
[2022-03-01T14:54:14.317+0100][840.784s] GC(132) User=0.01s Sys=0.00s Real=0.00s
[2022-03-01T14:54:15.354+0100][841.821s] GC(133) Pause Young (Normal) (G1 Evacuation Pause)
[2022-03-01T14:54:15.354+0100][841.821s] GC(133) Using 10 workers of 10 for evacuation
[2022-03-01T14:54:15.355+0100][841.822s] GC(133)   Pre Evacuate Collection Set: 0.0ms
[2022-03-01T14:54:15.355+0100][841.822s] GC(133)   Evacuate Collection Set: 1.1ms
[2022-03-01T14:54:15.355+0100][841.822s] GC(133)   Post Evacuate Collection Set: 0.5ms
[2022-03-01T14:54:15.355+0100][841.822s] GC(133)   Other: 0.1ms
[2022-03-01T14:54:15.355+0100][841.822s] GC(133) Eden regions: 305->0(305)
[2022-03-01T14:54:15.355+0100][841.822s] GC(133) Survivor regions: 2->2(39)
[2022-03-01T14:54:15.355+0100][841.822s] GC(133) Old regions: 84->84
[2022-03-01T14:54:15.355+0100][841.822s] GC(133) Humongous regions: 7->7
[2022-03-01T14:54:15.355+0100][841.822s] GC(133) Metaspace: 67395K->67395K(1110016K)
[2022-03-01T14:54:15.355+0100][841.822s] GC(133) Pause Young (Normal) (G1 Evacuation Pause) 395M->90M(512M) 1.741ms
[2022-03-01T14:54:15.355+0100][841.822s] GC(133) User=0.01s Sys=0.00s Real=0.00s
[2022-03-01T14:54:16.392+0100][842.859s] GC(134) Pause Young (Normal) (G1 Evacuation Pause)
[2022-03-01T14:54:16.392+0100][842.859s] GC(134) Using 10 workers of 10 for evacuation
[2022-03-01T14:54:16.394+0100][842.861s] GC(134)   Pre Evacuate Collection Set: 0.0ms
[2022-03-01T14:54:16.394+0100][842.861s] GC(134)   Evacuate Collection Set: 1.0ms
[2022-03-01T14:54:16.394+0100][842.861s] GC(134)   Post Evacuate Collection Set: 0.4ms
[2022-03-01T14:54:16.394+0100][842.861s] GC(134)   Other: 0.1ms
[2022-03-01T14:54:16.394+0100][842.861s] GC(134) Eden regions: 305->0(305)
[2022-03-01T14:54:16.394+0100][842.861s] GC(134) Survivor regions: 2->2(39)
[2022-03-01T14:54:16.394+0100][842.861s] GC(134) Old regions: 84->84
[2022-03-01T14:54:16.394+0100][842.861s] GC(134) Humongous regions: 7->7
[2022-03-01T14:54:16.394+0100][842.861s] GC(134) Metaspace: 67395K->67395K(1110016K)
[2022-03-01T14:54:16.394+0100][842.861s] GC(134) Pause Young (Normal) (G1 Evacuation Pause) 395M->90M(512M) 1.573ms
[2022-03-01T14:54:16.394+0100][842.861s] GC(134) User=0.01s Sys=0.00s Real=0.00s
[2022-03-01T14:54:17.399+0100][843.866s] GC(135) Pause Young (Normal) (G1 Evacuation Pause)
[2022-03-01T14:54:17.399+0100][843.866s] GC(135) Using 10 workers of 10 for evacuation
[2022-03-01T14:54:17.401+0100][843.868s] GC(135)   Pre Evacuate Collection Set: 0.0ms
[2022-03-01T14:54:17.401+0100][843.868s] GC(135)   Evacuate Collection Set: 1.1ms
[2022-03-01T14:54:17.401+0100][843.868s] GC(135)   Post Evacuate Collection Set: 0.3ms
[2022-03-01T14:54:17.401+0100][843.868s] GC(135)   Other: 0.1ms
[2022-03-01T14:54:17.401+0100][843.868s] GC(135) Eden regions: 305->0(305)
[2022-03-01T14:54:17.401+0100][843.868s] GC(135) Survivor regions: 2->2(39)
[2022-03-01T14:54:17.401+0100][843.868s] GC(135) Old regions: 84->84
[2022-03-01T14:54:17.401+0100][843.868s] GC(135) Humongous regions: 7->7
[2022-03-01T14:54:17.401+0100][843.868s] GC(135) Metaspace: 67401K->67401K(1112064K)
[2022-03-01T14:54:17.401+0100][843.868s] GC(135) Pause Young (Normal) (G1 Evacuation Pause) 395M->90M(512M) 1.595ms
[2022-03-01T14:54:17.401+0100][843.868s] GC(135) User=0.01s Sys=0.01s Real=0.01s
[2022-03-01T14:54:18.367+0100][844.834s] GC(136) Pause Young (Normal) (G1 Evacuation Pause)
[2022-03-01T14:54:18.367+0100][844.834s] GC(136) Using 10 workers of 10 for evacuation
[2022-03-01T14:54:18.369+0100][844.836s] GC(136)   Pre Evacuate Collection Set: 0.0ms
[2022-03-01T14:54:18.369+0100][844.836s] GC(136)   Evacuate Collection Set: 1.1ms
[2022-03-01T14:54:18.369+0100][844.836s] GC(136)   Post Evacuate Collection Set: 0.5ms
[2022-03-01T14:54:18.369+0100][844.836s] GC(136)   Other: 0.2ms
[2022-03-01T14:54:18.369+0100][844.836s] GC(136) Eden regions: 305->0(305)
[2022-03-01T14:54:18.369+0100][844.836s] GC(136) Survivor regions: 2->2(39)
[2022-03-01T14:54:18.369+0100][844.836s] GC(136) Old regions: 84->84
[2022-03-01T14:54:18.369+0100][844.836s] GC(136) Humongous regions: 7->7
[2022-03-01T14:54:18.369+0100][844.836s] GC(136) Metaspace: 67401K->67401K(1112064K)
[2022-03-01T14:54:18.369+0100][844.836s] GC(136) Pause Young (Normal) (G1 Evacuation Pause) 395M->90M(512M) 1.863ms
[2022-03-01T14:54:18.369+0100][844.836s] GC(136) User=0.01s Sys=0.01s Real=0.01s
[2022-03-01T14:54:19.365+0100][845.832s] GC(137) Pause Young (Normal) (G1 Evacuation Pause)
[2022-03-01T14:54:19.365+0100][845.832s] GC(137) Using 10 workers of 10 for evacuation
[2022-03-01T14:54:19.366+0100][845.833s] GC(137)   Pre Evacuate Collection Set: 0.0ms
[2022-03-01T14:54:19.366+0100][845.833s] GC(137)   Evacuate Collection Set: 1.0ms
[2022-03-01T14:54:19.366+0100][845.833s] GC(137)   Post Evacuate Collection Set: 0.4ms
[2022-03-01T14:54:19.366+0100][845.833s] GC(137)   Other: 0.1ms
[2022-03-01T14:54:19.366+0100][845.833s] GC(137) Eden regions: 305->0(305)
[2022-03-01T14:54:19.366+0100][845.833s] GC(137) Survivor regions: 2->2(39)
[2022-03-01T14:54:19.366+0100][845.833s] GC(137) Old regions: 84->84
[2022-03-01T14:54:19.366+0100][845.833s] GC(137) Humongous regions: 7->7
[2022-03-01T14:54:19.366+0100][845.833s] GC(137) Metaspace: 67401K->67401K(1112064K)
[2022-03-01T14:54:19.366+0100][845.833s] GC(137) Pause Young (Normal) (G1 Evacuation Pause) 395M->90M(512M) 1.617ms
[2022-03-01T14:54:19.366+0100][845.833s] GC(137) User=0.01s Sys=0.00s Real=0.00s
[2022-03-01T14:54:20.670+0100][847.137s] GC(138) Pause Young (Normal) (G1 Evacuation Pause)
[2022-03-01T14:54:20.670+0100][847.137s] GC(138) Using 10 workers of 10 for evacuation
[2022-03-01T14:54:20.672+0100][847.139s] GC(138)   Pre Evacuate Collection Set: 0.0ms
[2022-03-01T14:54:20.672+0100][847.139s] GC(138)   Evacuate Collection Set: 1.1ms
[2022-03-01T14:54:20.672+0100][847.139s] GC(138)   Post Evacuate Collection Set: 0.6ms
[2022-03-01T14:54:20.672+0100][847.139s] GC(138)   Other: 0.1ms
[2022-03-01T14:54:20.672+0100][847.139s] GC(138) Eden regions: 305->0(305)
[2022-03-01T14:54:20.672+0100][847.139s] GC(138) Survivor regions: 2->2(39)
[2022-03-01T14:54:20.672+0100][847.139s] GC(138) Old regions: 84->84
[2022-03-01T14:54:20.672+0100][847.139s] GC(138) Humongous regions: 7->7
[2022-03-01T14:54:20.672+0100][847.139s] GC(138) Metaspace: 67401K->67401K(1112064K)
[2022-03-01T14:54:20.672+0100][847.139s] GC(138) Pause Young (Normal) (G1 Evacuation Pause) 395M->90M(512M) 1.817ms
[2022-03-01T14:54:20.672+0100][847.139s] GC(138) User=0.01s Sys=0.00s Real=0.00s
[2022-03-01T14:54:21.654+0100][848.121s] GC(139) Pause Young (Normal) (G1 Evacuation Pause)
[2022-03-01T14:54:21.654+0100][848.121s] GC(139) Using 10 workers of 10 for evacuation
[2022-03-01T14:54:21.656+0100][848.122s] GC(139)   Pre Evacuate Collection Set: 0.0ms
[2022-03-01T14:54:21.656+0100][848.122s] GC(139)   Evacuate Collection Set: 1.0ms
[2022-03-01T14:54:21.656+0100][848.122s] GC(139)   Post Evacuate Collection Set: 0.3ms
[2022-03-01T14:54:21.656+0100][848.122s] GC(139)   Other: 0.1ms
[2022-03-01T14:54:21.656+0100][848.122s] GC(139) Eden regions: 305->0(305)
[2022-03-01T14:54:21.656+0100][848.122s] GC(139) Survivor regions: 2->2(39)
[2022-03-01T14:54:21.656+0100][848.122s] GC(139) Old regions: 84->84
[2022-03-01T14:54:21.656+0100][848.122s] GC(139) Humongous regions: 7->7
[2022-03-01T14:54:21.656+0100][848.122s] GC(139) Metaspace: 67401K->67401K(1112064K)
[2022-03-01T14:54:21.656+0100][848.122s] GC(139) Pause Young (Normal) (G1 Evacuation Pause) 395M->90M(512M) 1.515ms
[2022-03-01T14:54:21.656+0100][848.122s] GC(139) User=0.00s Sys=0.00s Real=0.00s
[2022-03-01T14:54:22.642+0100][849.108s] GC(140) Pause Young (Normal) (G1 Evacuation Pause)
[2022-03-01T14:54:22.642+0100][849.109s] GC(140) Using 10 workers of 10 for evacuation
[2022-03-01T14:54:22.643+0100][849.110s] GC(140)   Pre Evacuate Collection Set: 0.0ms
[2022-03-01T14:54:22.643+0100][849.110s] GC(140)   Evacuate Collection Set: 1.0ms
[2022-03-01T14:54:22.643+0100][849.110s] GC(140)   Post Evacuate Collection Set: 0.4ms
[2022-03-01T14:54:22.643+0100][849.110s] GC(140)   Other: 0.1ms
[2022-03-01T14:54:22.643+0100][849.110s] GC(140) Eden regions: 305->0(305)
[2022-03-01T14:54:22.643+0100][849.110s] GC(140) Survivor regions: 2->2(39)
[2022-03-01T14:54:22.643+0100][849.110s] GC(140) Old regions: 84->84
[2022-03-01T14:54:22.643+0100][849.110s] GC(140) Humongous regions: 7->7
[2022-03-01T14:54:22.643+0100][849.110s] GC(140) Metaspace: 67401K->67401K(1112064K)
[2022-03-01T14:54:22.643+0100][849.110s] GC(140) Pause Young (Normal) (G1 Evacuation Pause) 395M->90M(512M) 1.673ms
[2022-03-01T14:54:22.643+0100][849.110s] GC(140) User=0.01s Sys=0.00s Real=0.00s
[2022-03-01T14:54:23.646+0100][850.113s] GC(141) Pause Young (Normal) (G1 Evacuation Pause)
[2022-03-01T14:54:23.646+0100][850.113s] GC(141) Using 10 workers of 10 for evacuation
[2022-03-01T14:54:23.647+0100][850.114s] GC(141)   Pre Evacuate Collection Set: 0.0ms
[2022-03-01T14:54:23.647+0100][850.114s] GC(141)   Evacuate Collection Set: 1.1ms
[2022-03-01T14:54:23.647+0100][850.114s] GC(141)   Post Evacuate Collection Set: 0.4ms
[2022-03-01T14:54:23.647+0100][850.114s] GC(141)   Other: 0.2ms
[2022-03-01T14:54:23.647+0100][850.114s] GC(141) Eden regions: 305->0(305)
[2022-03-01T14:54:23.647+0100][850.114s] GC(141) Survivor regions: 2->2(39)
[2022-03-01T14:54:23.647+0100][850.114s] GC(141) Old regions: 84->84
[2022-03-01T14:54:23.647+0100][850.114s] GC(141) Humongous regions: 7->7
[2022-03-01T14:54:23.647+0100][850.114s] GC(141) Metaspace: 67401K->67401K(1112064K)
[2022-03-01T14:54:23.647+0100][850.114s] GC(141) Pause Young (Normal) (G1 Evacuation Pause) 395M->90M(512M) 1.721ms
[2022-03-01T14:54:23.647+0100][850.114s] GC(141) User=0.01s Sys=0.00s Real=0.00s
[2022-03-01T14:54:24.623+0100][851.090s] GC(142) Pause Young (Normal) (G1 Evacuation Pause)
[2022-03-01T14:54:24.623+0100][851.090s] GC(142) Using 10 workers of 10 for evacuation
[2022-03-01T14:54:24.624+0100][851.091s] GC(142)   Pre Evacuate Collection Set: 0.0ms
[2022-03-01T14:54:24.624+0100][851.091s] GC(142)   Evacuate Collection Set: 1.0ms
[2022-03-01T14:54:24.624+0100][851.091s] GC(142)   Post Evacuate Collection Set: 0.5ms
[2022-03-01T14:54:24.624+0100][851.091s] GC(142)   Other: 0.1ms
[2022-03-01T14:54:24.625+0100][851.091s] GC(142) Eden regions: 305->0(305)
[2022-03-01T14:54:24.625+0100][851.091s] GC(142) Survivor regions: 2->2(39)
[2022-03-01T14:54:24.625+0100][851.091s] GC(142) Old regions: 84->84
[2022-03-01T14:54:24.625+0100][851.091s] GC(142) Humongous regions: 7->7
[2022-03-01T14:54:24.625+0100][851.091s] GC(142) Metaspace: 67401K->67401K(1112064K)
[2022-03-01T14:54:24.625+0100][851.091s] GC(142) Pause Young (Normal) (G1 Evacuation Pause) 395M->90M(512M) 1.776ms
[2022-03-01T14:54:24.625+0100][851.091s] GC(142) User=0.01s Sys=0.00s Real=0.00s
[2022-03-01T14:54:25.667+0100][852.134s] GC(143) Pause Young (Normal) (G1 Evacuation Pause)
[2022-03-01T14:54:25.667+0100][852.134s] GC(143) Using 10 workers of 10 for evacuation
[2022-03-01T14:54:25.669+0100][852.136s] GC(143)   Pre Evacuate Collection Set: 0.0ms
[2022-03-01T14:54:25.669+0100][852.136s] GC(143)   Evacuate Collection Set: 1.1ms
[2022-03-01T14:54:25.669+0100][852.136s] GC(143)   Post Evacuate Collection Set: 0.6ms
[2022-03-01T14:54:25.669+0100][852.136s] GC(143)   Other: 0.2ms
[2022-03-01T14:54:25.669+0100][852.136s] GC(143) Eden regions: 305->0(305)
[2022-03-01T14:54:25.669+0100][852.136s] GC(143) Survivor regions: 2->2(39)
[2022-03-01T14:54:25.669+0100][852.136s] GC(143) Old regions: 84->84
[2022-03-01T14:54:25.669+0100][852.136s] GC(143) Humongous regions: 7->7
[2022-03-01T14:54:25.669+0100][852.136s] GC(143) Metaspace: 67401K->67401K(1112064K)
[2022-03-01T14:54:25.669+0100][852.136s] GC(143) Pause Young (Normal) (G1 Evacuation Pause) 395M->90M(512M) 1.947ms
[2022-03-01T14:54:25.669+0100][852.136s] GC(143) User=0.01s Sys=0.00s Real=0.01s
[2022-03-01T14:54:26.694+0100][853.161s] GC(144) Pause Young (Normal) (G1 Evacuation Pause)
[2022-03-01T14:54:26.694+0100][853.161s] GC(144) Using 10 workers of 10 for evacuation
[2022-03-01T14:54:26.696+0100][853.162s] GC(144)   Pre Evacuate Collection Set: 0.0ms
[2022-03-01T14:54:26.696+0100][853.163s] GC(144)   Evacuate Collection Set: 0.9ms
[2022-03-01T14:54:26.696+0100][853.163s] GC(144)   Post Evacuate Collection Set: 0.5ms
[2022-03-01T14:54:26.696+0100][853.163s] GC(144)   Other: 0.1ms
[2022-03-01T14:54:26.696+0100][853.163s] GC(144) Eden regions: 305->0(305)
[2022-03-01T14:54:26.696+0100][853.163s] GC(144) Survivor regions: 2->2(39)
[2022-03-01T14:54:26.696+0100][853.163s] GC(144) Old regions: 84->84
[2022-03-01T14:54:26.696+0100][853.163s] GC(144) Humongous regions: 7->7
[2022-03-01T14:54:26.696+0100][853.163s] GC(144) Metaspace: 67401K->67401K(1112064K)
[2022-03-01T14:54:26.696+0100][853.163s] GC(144) Pause Young (Normal) (G1 Evacuation Pause) 395M->90M(512M) 1.622ms
[2022-03-01T14:54:26.696+0100][853.163s] GC(144) User=0.01s Sys=0.00s Real=0.00s
[2022-03-01T14:54:27.670+0100][854.137s] GC(145) Pause Young (Normal) (G1 Evacuation Pause)
[2022-03-01T14:54:27.670+0100][854.137s] GC(145) Using 10 workers of 10 for evacuation
[2022-03-01T14:54:27.672+0100][854.139s] GC(145)   Pre Evacuate Collection Set: 0.0ms
[2022-03-01T14:54:27.672+0100][854.139s] GC(145)   Evacuate Collection Set: 1.0ms
[2022-03-01T14:54:27.672+0100][854.139s] GC(145)   Post Evacuate Collection Set: 0.4ms
[2022-03-01T14:54:27.672+0100][854.139s] GC(145)   Other: 0.1ms
[2022-03-01T14:54:27.672+0100][854.139s] GC(145) Eden regions: 305->0(305)
[2022-03-01T14:54:27.672+0100][854.139s] GC(145) Survivor regions: 2->2(39)
[2022-03-01T14:54:27.672+0100][854.139s] GC(145) Old regions: 84->84
[2022-03-01T14:54:27.672+0100][854.139s] GC(145) Humongous regions: 7->7
[2022-03-01T14:54:27.672+0100][854.139s] GC(145) Metaspace: 67401K->67401K(1112064K)
[2022-03-01T14:54:27.672+0100][854.139s] GC(145) Pause Young (Normal) (G1 Evacuation Pause) 395M->90M(512M) 1.569ms
[2022-03-01T14:54:27.672+0100][854.139s] GC(145) User=0.01s Sys=0.00s Real=0.00s
[2022-03-01T14:54:28.620+0100][855.087s] GC(146) Pause Young (Normal) (G1 Evacuation Pause)
[2022-03-01T14:54:28.620+0100][855.087s] GC(146) Using 10 workers of 10 for evacuation
[2022-03-01T14:54:28.622+0100][855.089s] GC(146)   Pre Evacuate Collection Set: 0.0ms
[2022-03-01T14:54:28.622+0100][855.089s] GC(146)   Evacuate Collection Set: 1.1ms
[2022-03-01T14:54:28.622+0100][855.089s] GC(146)   Post Evacuate Collection Set: 0.5ms
[2022-03-01T14:54:28.622+0100][855.089s] GC(146)   Other: 0.1ms
[2022-03-01T14:54:28.622+0100][855.089s] GC(146) Eden regions: 305->0(305)
[2022-03-01T14:54:28.622+0100][855.089s] GC(146) Survivor regions: 2->2(39)
[2022-03-01T14:54:28.622+0100][855.089s] GC(146) Old regions: 84->84
[2022-03-01T14:54:28.622+0100][855.089s] GC(146) Humongous regions: 7->7
[2022-03-01T14:54:28.622+0100][855.089s] GC(146) Metaspace: 67401K->67401K(1112064K)
[2022-03-01T14:54:28.622+0100][855.089s] GC(146) Pause Young (Normal) (G1 Evacuation Pause) 395M->90M(512M) 1.804ms
[2022-03-01T14:54:28.622+0100][855.089s] GC(146) User=0.02s Sys=0.00s Real=0.01s
[2022-03-01T14:54:29.621+0100][856.087s] GC(147) Pause Young (Normal) (G1 Evacuation Pause)
[2022-03-01T14:54:29.621+0100][856.087s] GC(147) Using 10 workers of 10 for evacuation
[2022-03-01T14:54:29.623+0100][856.089s] GC(147)   Pre Evacuate Collection Set: 0.0ms
[2022-03-01T14:54:29.623+0100][856.089s] GC(147)   Evacuate Collection Set: 1.5ms
[2022-03-01T14:54:29.623+0100][856.089s] GC(147)   Post Evacuate Collection Set: 0.4ms
[2022-03-01T14:54:29.623+0100][856.089s] GC(147)   Other: 0.1ms
[2022-03-01T14:54:29.623+0100][856.089s] GC(147) Eden regions: 305->0(304)
[2022-03-01T14:54:29.623+0100][856.089s] GC(147) Survivor regions: 2->3(39)
[2022-03-01T14:54:29.623+0100][856.089s] GC(147) Old regions: 84->84
[2022-03-01T14:54:29.623+0100][856.089s] GC(147) Humongous regions: 7->7
[2022-03-01T14:54:29.623+0100][856.089s] GC(147) Metaspace: 67401K->67401K(1112064K)
[2022-03-01T14:54:29.623+0100][856.089s] GC(147) Pause Young (Normal) (G1 Evacuation Pause) 395M->91M(512M) 2.084ms
[2022-03-01T14:54:29.623+0100][856.089s] GC(147) User=0.01s Sys=0.00s Real=0.01s
[2022-03-01T14:54:30.582+0100][857.049s] GC(148) Pause Young (Normal) (G1 Evacuation Pause)
[2022-03-01T14:54:30.582+0100][857.049s] GC(148) Using 10 workers of 10 for evacuation
[2022-03-01T14:54:30.584+0100][857.051s] GC(148)   Pre Evacuate Collection Set: 0.0ms
[2022-03-01T14:54:30.584+0100][857.051s] GC(148)   Evacuate Collection Set: 1.0ms
[2022-03-01T14:54:30.584+0100][857.051s] GC(148)   Post Evacuate Collection Set: 0.5ms
[2022-03-01T14:54:30.584+0100][857.051s] GC(148)   Other: 0.1ms
[2022-03-01T14:54:30.584+0100][857.051s] GC(148) Eden regions: 304->0(305)
[2022-03-01T14:54:30.584+0100][857.051s] GC(148) Survivor regions: 3->2(39)
[2022-03-01T14:54:30.584+0100][857.051s] GC(148) Old regions: 84->84
[2022-03-01T14:54:30.584+0100][857.051s] GC(148) Humongous regions: 7->7
[2022-03-01T14:54:30.584+0100][857.051s] GC(148) Metaspace: 67401K->67401K(1112064K)
[2022-03-01T14:54:30.584+0100][857.051s] GC(148) Pause Young (Normal) (G1 Evacuation Pause) 395M->90M(512M) 1.688ms
[2022-03-01T14:54:30.584+0100][857.051s] GC(148) User=0.01s Sys=0.00s Real=0.00s
[2022-03-01T14:54:31.559+0100][858.026s] GC(149) Pause Young (Normal) (G1 Evacuation Pause)
[2022-03-01T14:54:31.559+0100][858.026s] GC(149) Using 10 workers of 10 for evacuation
[2022-03-01T14:54:31.561+0100][858.028s] GC(149)   Pre Evacuate Collection Set: 0.0ms
[2022-03-01T14:54:31.561+0100][858.028s] GC(149)   Evacuate Collection Set: 1.0ms
[2022-03-01T14:54:31.561+0100][858.028s] GC(149)   Post Evacuate Collection Set: 0.4ms
[2022-03-01T14:54:31.561+0100][858.028s] GC(149)   Other: 0.1ms
[2022-03-01T14:54:31.561+0100][858.028s] GC(149) Eden regions: 305->0(305)
[2022-03-01T14:54:31.561+0100][858.028s] GC(149) Survivor regions: 2->2(39)
[2022-03-01T14:54:31.561+0100][858.028s] GC(149) Old regions: 84->84
[2022-03-01T14:54:31.561+0100][858.028s] GC(149) Humongous regions: 7->7
[2022-03-01T14:54:31.561+0100][858.028s] GC(149) Metaspace: 67401K->67401K(1112064K)
[2022-03-01T14:54:31.561+0100][858.028s] GC(149) Pause Young (Normal) (G1 Evacuation Pause) 395M->90M(512M) 1.629ms
[2022-03-01T14:54:31.561+0100][858.028s] GC(149) User=0.01s Sys=0.00s Real=0.01s
[2022-03-01T14:54:33.380+0100][859.846s] GC(150) Pause Young (Normal) (G1 Evacuation Pause)
[2022-03-01T14:54:33.380+0100][859.846s] GC(150) Using 10 workers of 10 for evacuation
[2022-03-01T14:54:33.381+0100][859.848s] GC(150)   Pre Evacuate Collection Set: 0.0ms
[2022-03-01T14:54:33.381+0100][859.848s] GC(150)   Evacuate Collection Set: 1.0ms
[2022-03-01T14:54:33.381+0100][859.848s] GC(150)   Post Evacuate Collection Set: 0.6ms
[2022-03-01T14:54:33.381+0100][859.848s] GC(150)   Other: 0.1ms
[2022-03-01T14:54:33.381+0100][859.848s] GC(150) Eden regions: 305->0(305)
[2022-03-01T14:54:33.381+0100][859.848s] GC(150) Survivor regions: 2->2(39)
[2022-03-01T14:54:33.381+0100][859.848s] GC(150) Old regions: 84->84
[2022-03-01T14:54:33.381+0100][859.848s] GC(150) Humongous regions: 7->7
[2022-03-01T14:54:33.381+0100][859.848s] GC(150) Metaspace: 67401K->67401K(1112064K)
[2022-03-01T14:54:33.381+0100][859.848s] GC(150) Pause Young (Normal) (G1 Evacuation Pause) 395M->90M(512M) 1.740ms
[2022-03-01T14:54:33.381+0100][859.848s] GC(150) User=0.01s Sys=0.00s Real=0.01s
[2022-03-01T14:54:34.421+0100][860.888s] GC(151) Pause Young (Normal) (G1 Evacuation Pause)
[2022-03-01T14:54:34.421+0100][860.888s] GC(151) Using 10 workers of 10 for evacuation
[2022-03-01T14:54:34.423+0100][860.890s] GC(151)   Pre Evacuate Collection Set: 0.0ms
[2022-03-01T14:54:34.423+0100][860.890s] GC(151)   Evacuate Collection Set: 1.0ms
[2022-03-01T14:54:34.423+0100][860.890s] GC(151)   Post Evacuate Collection Set: 0.4ms
[2022-03-01T14:54:34.423+0100][860.890s] GC(151)   Other: 0.1ms
[2022-03-01T14:54:34.423+0100][860.890s] GC(151) Eden regions: 305->0(305)
[2022-03-01T14:54:34.423+0100][860.890s] GC(151) Survivor regions: 2->2(39)
[2022-03-01T14:54:34.423+0100][860.890s] GC(151) Old regions: 84->84
[2022-03-01T14:54:34.423+0100][860.890s] GC(151) Humongous regions: 7->7
[2022-03-01T14:54:34.423+0100][860.890s] GC(151) Metaspace: 67401K->67401K(1112064K)
[2022-03-01T14:54:34.423+0100][860.890s] GC(151) Pause Young (Normal) (G1 Evacuation Pause) 395M->90M(512M) 1.610ms
[2022-03-01T14:54:34.423+0100][860.890s] GC(151) User=0.01s Sys=0.00s Real=0.00s
[2022-03-01T14:54:35.411+0100][861.878s] GC(152) Pause Young (Normal) (G1 Evacuation Pause)
[2022-03-01T14:54:35.411+0100][861.878s] GC(152) Using 10 workers of 10 for evacuation
[2022-03-01T14:54:35.413+0100][861.880s] GC(152)   Pre Evacuate Collection Set: 0.0ms
[2022-03-01T14:54:35.413+0100][861.880s] GC(152)   Evacuate Collection Set: 1.1ms
[2022-03-01T14:54:35.413+0100][861.880s] GC(152)   Post Evacuate Collection Set: 0.5ms
[2022-03-01T14:54:35.413+0100][861.880s] GC(152)   Other: 0.2ms
[2022-03-01T14:54:35.413+0100][861.880s] GC(152) Eden regions: 305->0(305)
[2022-03-01T14:54:35.413+0100][861.880s] GC(152) Survivor regions: 2->2(39)
[2022-03-01T14:54:35.413+0100][861.880s] GC(152) Old regions: 84->84
[2022-03-01T14:54:35.413+0100][861.880s] GC(152) Humongous regions: 7->7
[2022-03-01T14:54:35.413+0100][861.880s] GC(152) Metaspace: 67413K->67413K(1112064K)
[2022-03-01T14:54:35.413+0100][861.880s] GC(152) Pause Young (Normal) (G1 Evacuation Pause) 395M->90M(512M) 1.808ms
[2022-03-01T14:54:35.413+0100][861.880s] GC(152) User=0.01s Sys=0.00s Real=0.00s
[2022-03-01T14:54:36.310+0100][862.777s] GC(153) Pause Young (Normal) (G1 Evacuation Pause)
[2022-03-01T14:54:36.310+0100][862.777s] GC(153) Using 10 workers of 10 for evacuation
[2022-03-01T14:54:36.312+0100][862.779s] GC(153)   Pre Evacuate Collection Set: 0.0ms
[2022-03-01T14:54:36.312+0100][862.779s] GC(153)   Evacuate Collection Set: 1.8ms
[2022-03-01T14:54:36.312+0100][862.779s] GC(153)   Post Evacuate Collection Set: 0.4ms
[2022-03-01T14:54:36.312+0100][862.779s] GC(153)   Other: 0.1ms
[2022-03-01T14:54:36.312+0100][862.779s] GC(153) Eden regions: 305->0(303)
[2022-03-01T14:54:36.312+0100][862.779s] GC(153) Survivor regions: 2->4(39)
[2022-03-01T14:54:36.312+0100][862.779s] GC(153) Old regions: 84->84
[2022-03-01T14:54:36.312+0100][862.779s] GC(153) Humongous regions: 7->7
[2022-03-01T14:54:36.312+0100][862.779s] GC(153) Metaspace: 67413K->67413K(1112064K)
[2022-03-01T14:54:36.312+0100][862.779s] GC(153) Pause Young (Normal) (G1 Evacuation Pause) 395M->92M(512M) 2.387ms
[2022-03-01T14:54:36.312+0100][862.779s] GC(153) User=0.01s Sys=0.00s Real=0.00s
[2022-03-01T14:54:37.457+0100][863.924s] GC(154) Pause Young (Normal) (G1 Evacuation Pause)
[2022-03-01T14:54:37.457+0100][863.924s] GC(154) Using 10 workers of 10 for evacuation
[2022-03-01T14:54:37.462+0100][863.929s] GC(154)   Pre Evacuate Collection Set: 0.0ms
[2022-03-01T14:54:37.462+0100][863.929s] GC(154)   Evacuate Collection Set: 3.1ms
[2022-03-01T14:54:37.462+0100][863.929s] GC(154)   Post Evacuate Collection Set: 1.0ms
[2022-03-01T14:54:37.462+0100][863.929s] GC(154)   Other: 0.4ms
[2022-03-01T14:54:37.462+0100][863.929s] GC(154) Eden regions: 303->0(305)
[2022-03-01T14:54:37.462+0100][863.929s] GC(154) Survivor regions: 4->2(39)
[2022-03-01T14:54:37.462+0100][863.929s] GC(154) Old regions: 84->84
[2022-03-01T14:54:37.462+0100][863.929s] GC(154) Humongous regions: 7->7
[2022-03-01T14:54:37.462+0100][863.929s] GC(154) Metaspace: 67413K->67413K(1112064K)
[2022-03-01T14:54:37.462+0100][863.929s] GC(154) Pause Young (Normal) (G1 Evacuation Pause) 395M->90M(512M) 4.693ms
[2022-03-01T14:54:37.462+0100][863.929s] GC(154) User=0.00s Sys=0.03s Real=0.01s
[2022-03-01T14:54:38.927+0100][865.393s] GC(155) Pause Young (Normal) (G1 Evacuation Pause)
[2022-03-01T14:54:38.927+0100][865.394s] GC(155) Using 10 workers of 10 for evacuation
[2022-03-01T14:54:38.928+0100][865.395s] GC(155)   Pre Evacuate Collection Set: 0.0ms
[2022-03-01T14:54:38.928+0100][865.395s] GC(155)   Evacuate Collection Set: 1.1ms
[2022-03-01T14:54:38.928+0100][865.395s] GC(155)   Post Evacuate Collection Set: 0.5ms
[2022-03-01T14:54:38.928+0100][865.395s] GC(155)   Other: 0.2ms
[2022-03-01T14:54:38.928+0100][865.395s] GC(155) Eden regions: 305->0(305)
[2022-03-01T14:54:38.928+0100][865.395s] GC(155) Survivor regions: 2->2(39)
[2022-03-01T14:54:38.928+0100][865.395s] GC(155) Old regions: 84->84
[2022-03-01T14:54:38.928+0100][865.395s] GC(155) Humongous regions: 7->7
[2022-03-01T14:54:38.928+0100][865.395s] GC(155) Metaspace: 67413K->67413K(1112064K)
[2022-03-01T14:54:38.928+0100][865.395s] GC(155) Pause Young (Normal) (G1 Evacuation Pause) 395M->90M(512M) 1.841ms
[2022-03-01T14:54:38.928+0100][865.395s] GC(155) User=0.01s Sys=0.00s Real=0.00s
[2022-03-01T14:54:39.935+0100][866.401s] GC(156) Pause Young (Normal) (G1 Evacuation Pause)
[2022-03-01T14:54:39.935+0100][866.401s] GC(156) Using 10 workers of 10 for evacuation
[2022-03-01T14:54:39.936+0100][866.403s] GC(156)   Pre Evacuate Collection Set: 0.0ms
[2022-03-01T14:54:39.936+0100][866.403s] GC(156)   Evacuate Collection Set: 1.2ms
[2022-03-01T14:54:39.936+0100][866.403s] GC(156)   Post Evacuate Collection Set: 0.4ms
[2022-03-01T14:54:39.936+0100][866.403s] GC(156)   Other: 0.2ms
[2022-03-01T14:54:39.936+0100][866.403s] GC(156) Eden regions: 305->0(305)
[2022-03-01T14:54:39.936+0100][866.403s] GC(156) Survivor regions: 2->2(39)
[2022-03-01T14:54:39.936+0100][866.403s] GC(156) Old regions: 84->84
[2022-03-01T14:54:39.936+0100][866.403s] GC(156) Humongous regions: 7->7
[2022-03-01T14:54:39.936+0100][866.403s] GC(156) Metaspace: 67413K->67413K(1112064K)
[2022-03-01T14:54:39.936+0100][866.403s] GC(156) Pause Young (Normal) (G1 Evacuation Pause) 395M->90M(512M) 1.801ms
[2022-03-01T14:54:39.936+0100][866.403s] GC(156) User=0.01s Sys=0.00s Real=0.00s
[2022-03-01T14:54:40.901+0100][867.368s] GC(157) Pause Young (Normal) (G1 Evacuation Pause)
[2022-03-01T14:54:40.901+0100][867.368s] GC(157) Using 10 workers of 10 for evacuation
[2022-03-01T14:54:40.903+0100][867.369s] GC(157)   Pre Evacuate Collection Set: 0.0ms
[2022-03-01T14:54:40.903+0100][867.369s] GC(157)   Evacuate Collection Set: 1.1ms
[2022-03-01T14:54:40.903+0100][867.369s] GC(157)   Post Evacuate Collection Set: 0.4ms
[2022-03-01T14:54:40.903+0100][867.369s] GC(157)   Other: 0.1ms
[2022-03-01T14:54:40.903+0100][867.369s] GC(157) Eden regions: 305->0(305)
[2022-03-01T14:54:40.903+0100][867.369s] GC(157) Survivor regions: 2->2(39)
[2022-03-01T14:54:40.903+0100][867.369s] GC(157) Old regions: 84->84
[2022-03-01T14:54:40.903+0100][867.369s] GC(157) Humongous regions: 7->7
[2022-03-01T14:54:40.903+0100][867.369s] GC(157) Metaspace: 67413K->67413K(1112064K)
[2022-03-01T14:54:40.903+0100][867.369s] GC(157) Pause Young (Normal) (G1 Evacuation Pause) 395M->90M(512M) 1.742ms
[2022-03-01T14:54:40.903+0100][867.369s] GC(157) User=0.00s Sys=0.00s Real=0.00s
[2022-03-01T14:54:41.814+0100][868.280s] GC(158) Pause Young (Normal) (G1 Evacuation Pause)
[2022-03-01T14:54:41.814+0100][868.281s] GC(158) Using 10 workers of 10 for evacuation
[2022-03-01T14:54:41.815+0100][868.282s] GC(158)   Pre Evacuate Collection Set: 0.0ms
[2022-03-01T14:54:41.815+0100][868.282s] GC(158)   Evacuate Collection Set: 1.1ms
[2022-03-01T14:54:41.815+0100][868.282s] GC(158)   Post Evacuate Collection Set: 0.5ms
[2022-03-01T14:54:41.815+0100][868.282s] GC(158)   Other: 0.1ms
[2022-03-01T14:54:41.815+0100][868.282s] GC(158) Eden regions: 305->0(305)
[2022-03-01T14:54:41.815+0100][868.282s] GC(158) Survivor regions: 2->2(39)
[2022-03-01T14:54:41.815+0100][868.282s] GC(158) Old regions: 84->84
[2022-03-01T14:54:41.815+0100][868.282s] GC(158) Humongous regions: 7->7
[2022-03-01T14:54:41.815+0100][868.282s] GC(158) Metaspace: 67413K->67413K(1112064K)
[2022-03-01T14:54:41.815+0100][868.282s] GC(158) Pause Young (Normal) (G1 Evacuation Pause) 395M->91M(512M) 1.794ms
[2022-03-01T14:54:41.815+0100][868.282s] GC(158) User=0.01s Sys=0.01s Real=0.00s
[2022-03-01T14:54:42.802+0100][869.269s] GC(159) Pause Young (Normal) (G1 Evacuation Pause)
[2022-03-01T14:54:42.802+0100][869.269s] GC(159) Using 10 workers of 10 for evacuation
[2022-03-01T14:54:42.803+0100][869.270s] GC(159)   Pre Evacuate Collection Set: 0.0ms
[2022-03-01T14:54:42.803+0100][869.270s] GC(159)   Evacuate Collection Set: 1.1ms
[2022-03-01T14:54:42.803+0100][869.270s] GC(159)   Post Evacuate Collection Set: 0.5ms
[2022-03-01T14:54:42.803+0100][869.270s] GC(159)   Other: 0.1ms
[2022-03-01T14:54:42.803+0100][869.270s] GC(159) Eden regions: 305->0(305)
[2022-03-01T14:54:42.803+0100][869.270s] GC(159) Survivor regions: 2->2(39)
[2022-03-01T14:54:42.803+0100][869.270s] GC(159) Old regions: 84->84
[2022-03-01T14:54:42.803+0100][869.270s] GC(159) Humongous regions: 7->7
[2022-03-01T14:54:42.803+0100][869.270s] GC(159) Metaspace: 67413K->67413K(1112064K)
[2022-03-01T14:54:42.804+0100][869.270s] GC(159) Pause Young (Normal) (G1 Evacuation Pause) 396M->90M(512M) 1.769ms
[2022-03-01T14:54:42.804+0100][869.270s] GC(159) User=0.00s Sys=0.00s Real=0.00s
[2022-03-01T14:54:43.770+0100][870.237s] GC(160) Pause Young (Normal) (G1 Evacuation Pause)
[2022-03-01T14:54:43.770+0100][870.237s] GC(160) Using 10 workers of 10 for evacuation
[2022-03-01T14:54:43.772+0100][870.238s] GC(160)   Pre Evacuate Collection Set: 0.0ms
[2022-03-01T14:54:43.772+0100][870.238s] GC(160)   Evacuate Collection Set: 1.1ms
[2022-03-01T14:54:43.772+0100][870.238s] GC(160)   Post Evacuate Collection Set: 0.5ms
[2022-03-01T14:54:43.772+0100][870.239s] GC(160)   Other: 0.2ms
[2022-03-01T14:54:43.772+0100][870.239s] GC(160) Eden regions: 305->0(305)
[2022-03-01T14:54:43.772+0100][870.239s] GC(160) Survivor regions: 2->2(39)
[2022-03-01T14:54:43.772+0100][870.239s] GC(160) Old regions: 84->84
[2022-03-01T14:54:43.772+0100][870.239s] GC(160) Humongous regions: 7->7
[2022-03-01T14:54:43.772+0100][870.239s] GC(160) Metaspace: 67413K->67413K(1112064K)
[2022-03-01T14:54:43.772+0100][870.239s] GC(160) Pause Young (Normal) (G1 Evacuation Pause) 395M->90M(512M) 1.718ms
[2022-03-01T14:54:43.772+0100][870.239s] GC(160) User=0.00s Sys=0.00s Real=0.00s
[2022-03-01T14:54:44.792+0100][871.259s] GC(161) Pause Young (Normal) (G1 Evacuation Pause)
[2022-03-01T14:54:44.792+0100][871.259s] GC(161) Using 10 workers of 10 for evacuation
[2022-03-01T14:54:44.794+0100][871.261s] GC(161)   Pre Evacuate Collection Set: 0.0ms
[2022-03-01T14:54:44.794+0100][871.261s] GC(161)   Evacuate Collection Set: 1.0ms
[2022-03-01T14:54:44.794+0100][871.261s] GC(161)   Post Evacuate Collection Set: 0.4ms
[2022-03-01T14:54:44.794+0100][871.261s] GC(161)   Other: 0.1ms
[2022-03-01T14:54:44.794+0100][871.261s] GC(161) Eden regions: 305->0(305)
[2022-03-01T14:54:44.794+0100][871.261s] GC(161) Survivor regions: 2->2(39)
[2022-03-01T14:54:44.794+0100][871.261s] GC(161) Old regions: 84->84
[2022-03-01T14:54:44.794+0100][871.261s] GC(161) Humongous regions: 7->7
[2022-03-01T14:54:44.794+0100][871.261s] GC(161) Metaspace: 67413K->67413K(1112064K)
[2022-03-01T14:54:44.794+0100][871.261s] GC(161) Pause Young (Normal) (G1 Evacuation Pause) 395M->90M(512M) 1.577ms
[2022-03-01T14:54:44.794+0100][871.261s] GC(161) User=0.01s Sys=0.00s Real=0.00s
[2022-03-01T14:54:45.814+0100][872.281s] GC(162) Pause Young (Normal) (G1 Evacuation Pause)
[2022-03-01T14:54:45.814+0100][872.281s] GC(162) Using 10 workers of 10 for evacuation
[2022-03-01T14:54:45.816+0100][872.283s] GC(162)   Pre Evacuate Collection Set: 0.0ms
[2022-03-01T14:54:45.816+0100][872.283s] GC(162)   Evacuate Collection Set: 1.0ms
[2022-03-01T14:54:45.816+0100][872.283s] GC(162)   Post Evacuate Collection Set: 0.3ms
[2022-03-01T14:54:45.816+0100][872.283s] GC(162)   Other: 0.1ms
[2022-03-01T14:54:45.816+0100][872.283s] GC(162) Eden regions: 305->0(305)
[2022-03-01T14:54:45.816+0100][872.283s] GC(162) Survivor regions: 2->2(39)
[2022-03-01T14:54:45.816+0100][872.283s] GC(162) Old regions: 84->84
[2022-03-01T14:54:45.816+0100][872.283s] GC(162) Humongous regions: 7->7
[2022-03-01T14:54:45.816+0100][872.283s] GC(162) Metaspace: 67413K->67413K(1112064K)
[2022-03-01T14:54:45.816+0100][872.283s] GC(162) Pause Young (Normal) (G1 Evacuation Pause) 395M->91M(512M) 1.522ms
[2022-03-01T14:54:45.816+0100][872.283s] GC(162) User=0.01s Sys=0.00s Real=0.00s
[2022-03-01T14:54:46.774+0100][873.241s] GC(163) Pause Young (Normal) (G1 Evacuation Pause)
[2022-03-01T14:54:46.774+0100][873.241s] GC(163) Using 10 workers of 10 for evacuation
[2022-03-01T14:54:46.776+0100][873.243s] GC(163)   Pre Evacuate Collection Set: 0.0ms
[2022-03-01T14:54:46.776+0100][873.243s] GC(163)   Evacuate Collection Set: 1.0ms
[2022-03-01T14:54:46.776+0100][873.243s] GC(163)   Post Evacuate Collection Set: 0.4ms
[2022-03-01T14:54:46.776+0100][873.243s] GC(163)   Other: 0.1ms
[2022-03-01T14:54:46.776+0100][873.243s] GC(163) Eden regions: 305->0(305)
[2022-03-01T14:54:46.776+0100][873.243s] GC(163) Survivor regions: 2->2(39)
[2022-03-01T14:54:46.776+0100][873.243s] GC(163) Old regions: 84->84
[2022-03-01T14:54:46.776+0100][873.243s] GC(163) Humongous regions: 7->7
[2022-03-01T14:54:46.776+0100][873.243s] GC(163) Metaspace: 67413K->67413K(1112064K)
[2022-03-01T14:54:46.776+0100][873.243s] GC(163) Pause Young (Normal) (G1 Evacuation Pause) 396M->91M(512M) 1.616ms
[2022-03-01T14:54:46.776+0100][873.243s] GC(163) User=0.01s Sys=0.00s Real=0.00s
[2022-03-01T14:54:48.127+0100][874.594s] GC(164) Pause Young (Normal) (G1 Evacuation Pause)
[2022-03-01T14:54:48.127+0100][874.594s] GC(164) Using 10 workers of 10 for evacuation
[2022-03-01T14:54:48.129+0100][874.596s] GC(164)   Pre Evacuate Collection Set: 0.0ms
[2022-03-01T14:54:48.129+0100][874.596s] GC(164)   Evacuate Collection Set: 1.2ms
[2022-03-01T14:54:48.129+0100][874.596s] GC(164)   Post Evacuate Collection Set: 0.4ms
[2022-03-01T14:54:48.129+0100][874.596s] GC(164)   Other: 0.1ms
[2022-03-01T14:54:48.129+0100][874.596s] GC(164) Eden regions: 305->0(305)
[2022-03-01T14:54:48.129+0100][874.596s] GC(164) Survivor regions: 2->2(39)
[2022-03-01T14:54:48.129+0100][874.596s] GC(164) Old regions: 84->84
[2022-03-01T14:54:48.129+0100][874.596s] GC(164) Humongous regions: 7->7
[2022-03-01T14:54:48.129+0100][874.596s] GC(164) Metaspace: 67413K->67413K(1112064K)
[2022-03-01T14:54:48.129+0100][874.596s] GC(164) Pause Young (Normal) (G1 Evacuation Pause) 396M->91M(512M) 1.851ms
[2022-03-01T14:54:48.129+0100][874.596s] GC(164) User=0.01s Sys=0.00s Real=0.01s
[2022-03-01T14:54:49.159+0100][875.626s] GC(165) Pause Young (Normal) (G1 Evacuation Pause)
[2022-03-01T14:54:49.159+0100][875.626s] GC(165) Using 10 workers of 10 for evacuation
[2022-03-01T14:54:49.161+0100][875.628s] GC(165)   Pre Evacuate Collection Set: 0.0ms
[2022-03-01T14:54:49.161+0100][875.628s] GC(165)   Evacuate Collection Set: 1.1ms
[2022-03-01T14:54:49.161+0100][875.628s] GC(165)   Post Evacuate Collection Set: 0.6ms
[2022-03-01T14:54:49.161+0100][875.628s] GC(165)   Other: 0.1ms
[2022-03-01T14:54:49.161+0100][875.628s] GC(165) Eden regions: 305->0(305)
[2022-03-01T14:54:49.161+0100][875.628s] GC(165) Survivor regions: 2->2(39)
[2022-03-01T14:54:49.161+0100][875.628s] GC(165) Old regions: 84->84
[2022-03-01T14:54:49.161+0100][875.628s] GC(165) Humongous regions: 7->7
[2022-03-01T14:54:49.161+0100][875.628s] GC(165) Metaspace: 67413K->67413K(1112064K)
[2022-03-01T14:54:49.161+0100][875.628s] GC(165) Pause Young (Normal) (G1 Evacuation Pause) 396M->91M(512M) 1.844ms
[2022-03-01T14:54:49.161+0100][875.628s] GC(165) User=0.01s Sys=0.00s Real=0.01s
[2022-03-01T14:54:50.082+0100][876.549s] GC(166) Pause Young (Normal) (G1 Evacuation Pause)
[2022-03-01T14:54:50.082+0100][876.549s] GC(166) Using 10 workers of 10 for evacuation
[2022-03-01T14:54:50.084+0100][876.551s] GC(166)   Pre Evacuate Collection Set: 0.0ms
[2022-03-01T14:54:50.084+0100][876.551s] GC(166)   Evacuate Collection Set: 1.6ms
[2022-03-01T14:54:50.084+0100][876.551s] GC(166)   Post Evacuate Collection Set: 0.8ms
[2022-03-01T14:54:50.084+0100][876.551s] GC(166)   Other: 0.1ms
[2022-03-01T14:54:50.085+0100][876.551s] GC(166) Eden regions: 305->0(304)
[2022-03-01T14:54:50.085+0100][876.551s] GC(166) Survivor regions: 2->3(39)
[2022-03-01T14:54:50.085+0100][876.551s] GC(166) Old regions: 84->84
[2022-03-01T14:54:50.085+0100][876.551s] GC(166) Humongous regions: 7->7
[2022-03-01T14:54:50.085+0100][876.551s] GC(166) Metaspace: 67413K->67413K(1112064K)
[2022-03-01T14:54:50.085+0100][876.551s] GC(166) Pause Young (Normal) (G1 Evacuation Pause) 396M->92M(512M) 2.541ms
[2022-03-01T14:54:50.085+0100][876.551s] GC(166) User=0.01s Sys=0.00s Real=0.00s
[2022-03-01T14:54:51.089+0100][877.555s] GC(167) Pause Young (Normal) (G1 Evacuation Pause)
[2022-03-01T14:54:51.089+0100][877.556s] GC(167) Using 10 workers of 10 for evacuation
[2022-03-01T14:54:51.091+0100][877.558s] GC(167)   Pre Evacuate Collection Set: 0.0ms
[2022-03-01T14:54:51.091+0100][877.558s] GC(167)   Evacuate Collection Set: 2.0ms
[2022-03-01T14:54:51.091+0100][877.558s] GC(167)   Post Evacuate Collection Set: 0.6ms
[2022-03-01T14:54:51.091+0100][877.558s] GC(167)   Other: 0.2ms
[2022-03-01T14:54:51.091+0100][877.558s] GC(167) Eden regions: 304->0(305)
[2022-03-01T14:54:51.091+0100][877.558s] GC(167) Survivor regions: 3->2(39)
[2022-03-01T14:54:51.091+0100][877.558s] GC(167) Old regions: 84->84
[2022-03-01T14:54:51.091+0100][877.558s] GC(167) Humongous regions: 7->7
[2022-03-01T14:54:51.091+0100][877.558s] GC(167) Metaspace: 67413K->67413K(1112064K)
[2022-03-01T14:54:51.091+0100][877.558s] GC(167) Pause Young (Normal) (G1 Evacuation Pause) 396M->91M(512M) 2.790ms
[2022-03-01T14:54:51.091+0100][877.558s] GC(167) User=0.02s Sys=0.00s Real=0.01s
[2022-03-01T14:54:52.050+0100][878.517s] GC(168) Pause Young (Normal) (G1 Evacuation Pause)
[2022-03-01T14:54:52.050+0100][878.517s] GC(168) Using 10 workers of 10 for evacuation
[2022-03-01T14:54:52.052+0100][878.519s] GC(168)   Pre Evacuate Collection Set: 0.0ms
[2022-03-01T14:54:52.052+0100][878.519s] GC(168)   Evacuate Collection Set: 1.1ms
[2022-03-01T14:54:52.052+0100][878.519s] GC(168)   Post Evacuate Collection Set: 0.5ms
[2022-03-01T14:54:52.052+0100][878.519s] GC(168)   Other: 0.1ms
[2022-03-01T14:54:52.052+0100][878.519s] GC(168) Eden regions: 305->0(305)
[2022-03-01T14:54:52.052+0100][878.519s] GC(168) Survivor regions: 2->2(39)
[2022-03-01T14:54:52.052+0100][878.519s] GC(168) Old regions: 84->84
[2022-03-01T14:54:52.052+0100][878.519s] GC(168) Humongous regions: 7->7
[2022-03-01T14:54:52.052+0100][878.519s] GC(168) Metaspace: 67413K->67413K(1112064K)
[2022-03-01T14:54:52.052+0100][878.519s] GC(168) Pause Young (Normal) (G1 Evacuation Pause) 396M->91M(512M) 1.798ms
[2022-03-01T14:54:52.052+0100][878.519s] GC(168) User=0.01s Sys=0.00s Real=0.00s
[2022-03-01T14:54:52.960+0100][879.427s] GC(169) Pause Young (Normal) (G1 Evacuation Pause)
[2022-03-01T14:54:52.960+0100][879.427s] GC(169) Using 10 workers of 10 for evacuation
[2022-03-01T14:54:52.962+0100][879.429s] GC(169)   Pre Evacuate Collection Set: 0.0ms
[2022-03-01T14:54:52.962+0100][879.429s] GC(169)   Evacuate Collection Set: 1.1ms
[2022-03-01T14:54:52.962+0100][879.429s] GC(169)   Post Evacuate Collection Set: 0.4ms
[2022-03-01T14:54:52.962+0100][879.429s] GC(169)   Other: 0.2ms
[2022-03-01T14:54:52.962+0100][879.429s] GC(169) Eden regions: 305->0(305)
[2022-03-01T14:54:52.962+0100][879.429s] GC(169) Survivor regions: 2->2(39)
[2022-03-01T14:54:52.962+0100][879.429s] GC(169) Old regions: 84->85
[2022-03-01T14:54:52.962+0100][879.429s] GC(169) Humongous regions: 7->7
[2022-03-01T14:54:52.962+0100][879.429s] GC(169) Metaspace: 67413K->67413K(1112064K)
[2022-03-01T14:54:52.962+0100][879.429s] GC(169) Pause Young (Normal) (G1 Evacuation Pause) 396M->91M(512M) 1.761ms
[2022-03-01T14:54:52.962+0100][879.429s] GC(169) User=0.01s Sys=0.00s Real=0.01s
[2022-03-01T14:54:53.913+0100][880.380s] GC(170) Pause Young (Normal) (G1 Evacuation Pause)
[2022-03-01T14:54:53.913+0100][880.380s] GC(170) Using 10 workers of 10 for evacuation
[2022-03-01T14:54:53.915+0100][880.382s] GC(170)   Pre Evacuate Collection Set: 0.0ms
[2022-03-01T14:54:53.915+0100][880.382s] GC(170)   Evacuate Collection Set: 1.1ms
[2022-03-01T14:54:53.915+0100][880.382s] GC(170)   Post Evacuate Collection Set: 0.4ms
[2022-03-01T14:54:53.915+0100][880.382s] GC(170)   Other: 0.1ms
[2022-03-01T14:54:53.915+0100][880.382s] GC(170) Eden regions: 305->0(305)
[2022-03-01T14:54:53.915+0100][880.382s] GC(170) Survivor regions: 2->2(39)
[2022-03-01T14:54:53.915+0100][880.382s] GC(170) Old regions: 85->85
[2022-03-01T14:54:53.915+0100][880.382s] GC(170) Humongous regions: 7->7
[2022-03-01T14:54:53.915+0100][880.382s] GC(170) Metaspace: 67413K->67413K(1112064K)
[2022-03-01T14:54:53.915+0100][880.382s] GC(170) Pause Young (Normal) (G1 Evacuation Pause) 396M->91M(512M) 1.767ms
[2022-03-01T14:54:53.915+0100][880.382s] GC(170) User=0.01s Sys=0.00s Real=0.00s
[2022-03-01T14:54:54.939+0100][881.405s] GC(171) Pause Young (Normal) (G1 Evacuation Pause)
[2022-03-01T14:54:54.939+0100][881.405s] GC(171) Using 10 workers of 10 for evacuation
[2022-03-01T14:54:54.940+0100][881.407s] GC(171)   Pre Evacuate Collection Set: 0.0ms
[2022-03-01T14:54:54.940+0100][881.407s] GC(171)   Evacuate Collection Set: 1.0ms
[2022-03-01T14:54:54.940+0100][881.407s] GC(171)   Post Evacuate Collection Set: 0.4ms
[2022-03-01T14:54:54.940+0100][881.407s] GC(171)   Other: 0.1ms
[2022-03-01T14:54:54.940+0100][881.407s] GC(171) Eden regions: 305->0(305)
[2022-03-01T14:54:54.940+0100][881.407s] GC(171) Survivor regions: 2->2(39)
[2022-03-01T14:54:54.940+0100][881.407s] GC(171) Old regions: 85->85
[2022-03-01T14:54:54.940+0100][881.407s] GC(171) Humongous regions: 7->7
[2022-03-01T14:54:54.940+0100][881.407s] GC(171) Metaspace: 67413K->67413K(1112064K)
[2022-03-01T14:54:54.940+0100][881.407s] GC(171) Pause Young (Normal) (G1 Evacuation Pause) 396M->91M(512M) 1.590ms
[2022-03-01T14:54:54.940+0100][881.407s] GC(171) User=0.01s Sys=0.01s Real=0.00s
[2022-03-01T14:54:55.976+0100][882.443s] GC(172) Pause Young (Normal) (G1 Evacuation Pause)
[2022-03-01T14:54:55.976+0100][882.443s] GC(172) Using 10 workers of 10 for evacuation
[2022-03-01T14:54:55.978+0100][882.445s] GC(172)   Pre Evacuate Collection Set: 0.0ms
[2022-03-01T14:54:55.978+0100][882.445s] GC(172)   Evacuate Collection Set: 1.1ms
[2022-03-01T14:54:55.978+0100][882.445s] GC(172)   Post Evacuate Collection Set: 0.5ms
[2022-03-01T14:54:55.978+0100][882.445s] GC(172)   Other: 0.2ms
[2022-03-01T14:54:55.978+0100][882.445s] GC(172) Eden regions: 305->0(305)
[2022-03-01T14:54:55.978+0100][882.445s] GC(172) Survivor regions: 2->2(39)
[2022-03-01T14:54:55.978+0100][882.445s] GC(172) Old regions: 85->85
[2022-03-01T14:54:55.978+0100][882.445s] GC(172) Humongous regions: 7->7
[2022-03-01T14:54:55.978+0100][882.445s] GC(172) Metaspace: 67413K->67413K(1112064K)
[2022-03-01T14:54:55.978+0100][882.445s] GC(172) Pause Young (Normal) (G1 Evacuation Pause) 396M->91M(512M) 1.733ms
[2022-03-01T14:54:55.978+0100][882.445s] GC(172) User=0.01s Sys=0.00s Real=0.00s
[2022-03-01T14:54:57.024+0100][883.491s] GC(173) Pause Young (Normal) (G1 Evacuation Pause)
[2022-03-01T14:54:57.024+0100][883.491s] GC(173) Using 10 workers of 10 for evacuation
[2022-03-01T14:54:57.026+0100][883.493s] GC(173)   Pre Evacuate Collection Set: 0.0ms
[2022-03-01T14:54:57.026+0100][883.493s] GC(173)   Evacuate Collection Set: 1.1ms
[2022-03-01T14:54:57.026+0100][883.493s] GC(173)   Post Evacuate Collection Set: 0.5ms
[2022-03-01T14:54:57.026+0100][883.493s] GC(173)   Other: 0.1ms
[2022-03-01T14:54:57.026+0100][883.493s] GC(173) Eden regions: 305->0(305)
[2022-03-01T14:54:57.026+0100][883.493s] GC(173) Survivor regions: 2->2(39)
[2022-03-01T14:54:57.026+0100][883.493s] GC(173) Old regions: 85->85
[2022-03-01T14:54:57.026+0100][883.493s] GC(173) Humongous regions: 7->7
[2022-03-01T14:54:57.026+0100][883.493s] GC(173) Metaspace: 67413K->67413K(1112064K)
[2022-03-01T14:54:57.026+0100][883.493s] GC(173) Pause Young (Normal) (G1 Evacuation Pause) 396M->91M(512M) 1.770ms
[2022-03-01T14:54:57.026+0100][883.493s] GC(173) User=0.01s Sys=0.00s Real=0.00s
[2022-03-01T14:54:58.251+0100][884.718s] GC(174) Pause Young (Normal) (G1 Evacuation Pause)
[2022-03-01T14:54:58.251+0100][884.718s] GC(174) Using 10 workers of 10 for evacuation
[2022-03-01T14:54:58.252+0100][884.719s] GC(174)   Pre Evacuate Collection Set: 0.0ms
[2022-03-01T14:54:58.252+0100][884.719s] GC(174)   Evacuate Collection Set: 1.0ms
[2022-03-01T14:54:58.252+0100][884.719s] GC(174)   Post Evacuate Collection Set: 0.4ms
[2022-03-01T14:54:58.252+0100][884.719s] GC(174)   Other: 0.1ms
[2022-03-01T14:54:58.252+0100][884.719s] GC(174) Eden regions: 305->0(305)
[2022-03-01T14:54:58.252+0100][884.719s] GC(174) Survivor regions: 2->2(39)
[2022-03-01T14:54:58.252+0100][884.719s] GC(174) Old regions: 85->85
[2022-03-01T14:54:58.252+0100][884.719s] GC(174) Humongous regions: 7->7
[2022-03-01T14:54:58.252+0100][884.719s] GC(174) Metaspace: 67413K->67413K(1112064K)
[2022-03-01T14:54:58.252+0100][884.719s] GC(174) Pause Young (Normal) (G1 Evacuation Pause) 396M->91M(512M) 1.568ms
[2022-03-01T14:54:58.252+0100][884.719s] GC(174) User=0.01s Sys=0.01s Real=0.00s
[2022-03-01T14:54:59.283+0100][885.750s] GC(175) Pause Young (Normal) (G1 Evacuation Pause)
[2022-03-01T14:54:59.283+0100][885.750s] GC(175) Using 10 workers of 10 for evacuation
[2022-03-01T14:54:59.284+0100][885.751s] GC(175)   Pre Evacuate Collection Set: 0.0ms
[2022-03-01T14:54:59.284+0100][885.751s] GC(175)   Evacuate Collection Set: 1.1ms
[2022-03-01T14:54:59.284+0100][885.751s] GC(175)   Post Evacuate Collection Set: 0.4ms
[2022-03-01T14:54:59.285+0100][885.751s] GC(175)   Other: 0.1ms
[2022-03-01T14:54:59.285+0100][885.751s] GC(175) Eden regions: 305->0(305)
[2022-03-01T14:54:59.285+0100][885.751s] GC(175) Survivor regions: 2->2(39)
[2022-03-01T14:54:59.285+0100][885.751s] GC(175) Old regions: 85->85
[2022-03-01T14:54:59.285+0100][885.751s] GC(175) Humongous regions: 7->7
[2022-03-01T14:54:59.285+0100][885.751s] GC(175) Metaspace: 67413K->67413K(1112064K)
[2022-03-01T14:54:59.285+0100][885.751s] GC(175) Pause Young (Normal) (G1 Evacuation Pause) 396M->91M(512M) 1.631ms
[2022-03-01T14:54:59.285+0100][885.751s] GC(175) User=0.01s Sys=0.01s Real=0.00s
[2022-03-01T14:55:00.250+0100][886.717s] GC(176) Pause Young (Normal) (G1 Evacuation Pause)
[2022-03-01T14:55:00.250+0100][886.717s] GC(176) Using 10 workers of 10 for evacuation
[2022-03-01T14:55:00.251+0100][886.718s] GC(176)   Pre Evacuate Collection Set: 0.0ms
[2022-03-01T14:55:00.251+0100][886.718s] GC(176)   Evacuate Collection Set: 1.0ms
[2022-03-01T14:55:00.251+0100][886.718s] GC(176)   Post Evacuate Collection Set: 0.5ms
[2022-03-01T14:55:00.251+0100][886.718s] GC(176)   Other: 0.2ms
[2022-03-01T14:55:00.251+0100][886.718s] GC(176) Eden regions: 305->0(305)
[2022-03-01T14:55:00.251+0100][886.718s] GC(176) Survivor regions: 2->2(39)
[2022-03-01T14:55:00.251+0100][886.718s] GC(176) Old regions: 85->85
[2022-03-01T14:55:00.251+0100][886.718s] GC(176) Humongous regions: 7->7
[2022-03-01T14:55:00.251+0100][886.718s] GC(176) Metaspace: 67413K->67413K(1112064K)
[2022-03-01T14:55:00.251+0100][886.718s] GC(176) Pause Young (Normal) (G1 Evacuation Pause) 396M->91M(512M) 1.754ms
[2022-03-01T14:55:00.251+0100][886.718s] GC(176) User=0.01s Sys=0.00s Real=0.00s
[2022-03-01T14:55:01.245+0100][887.711s] GC(177) Pause Young (Normal) (G1 Evacuation Pause)
[2022-03-01T14:55:01.245+0100][887.711s] GC(177) Using 10 workers of 10 for evacuation
[2022-03-01T14:55:01.246+0100][887.713s] GC(177)   Pre Evacuate Collection Set: 0.0ms
[2022-03-01T14:55:01.246+0100][887.713s] GC(177)   Evacuate Collection Set: 1.0ms
[2022-03-01T14:55:01.246+0100][887.713s] GC(177)   Post Evacuate Collection Set: 0.4ms
[2022-03-01T14:55:01.246+0100][887.713s] GC(177)   Other: 0.1ms
[2022-03-01T14:55:01.246+0100][887.713s] GC(177) Eden regions: 305->0(305)
[2022-03-01T14:55:01.246+0100][887.713s] GC(177) Survivor regions: 2->2(39)
[2022-03-01T14:55:01.246+0100][887.713s] GC(177) Old regions: 85->85
[2022-03-01T14:55:01.246+0100][887.713s] GC(177) Humongous regions: 7->7
[2022-03-01T14:55:01.246+0100][887.713s] GC(177) Metaspace: 67413K->67413K(1112064K)
[2022-03-01T14:55:01.246+0100][887.713s] GC(177) Pause Young (Normal) (G1 Evacuation Pause) 396M->91M(512M) 1.652ms
[2022-03-01T14:55:01.246+0100][887.713s] GC(177) User=0.01s Sys=0.00s Real=0.00s
[2022-03-01T14:55:02.413+0100][888.880s] GC(178) Pause Young (Normal) (G1 Evacuation Pause)
[2022-03-01T14:55:02.413+0100][888.880s] GC(178) Using 10 workers of 10 for evacuation
[2022-03-01T14:55:02.415+0100][888.882s] GC(178)   Pre Evacuate Collection Set: 0.0ms
[2022-03-01T14:55:02.415+0100][888.882s] GC(178)   Evacuate Collection Set: 1.3ms
[2022-03-01T14:55:02.415+0100][888.882s] GC(178)   Post Evacuate Collection Set: 0.5ms
[2022-03-01T14:55:02.415+0100][888.882s] GC(178)   Other: 0.2ms
[2022-03-01T14:55:02.415+0100][888.882s] GC(178) Eden regions: 305->0(305)
[2022-03-01T14:55:02.415+0100][888.882s] GC(178) Survivor regions: 2->2(39)
[2022-03-01T14:55:02.415+0100][888.882s] GC(178) Old regions: 85->85
[2022-03-01T14:55:02.415+0100][888.882s] GC(178) Humongous regions: 7->7
[2022-03-01T14:55:02.415+0100][888.882s] GC(178) Metaspace: 67413K->67413K(1112064K)
[2022-03-01T14:55:02.415+0100][888.882s] GC(178) Pause Young (Normal) (G1 Evacuation Pause) 396M->91M(512M) 1.993ms
[2022-03-01T14:55:02.415+0100][888.882s] GC(178) User=0.01s Sys=0.00s Real=0.00s
[2022-03-01T14:55:03.344+0100][889.811s] GC(179) Pause Young (Normal) (G1 Evacuation Pause)
[2022-03-01T14:55:03.344+0100][889.811s] GC(179) Using 10 workers of 10 for evacuation
[2022-03-01T14:55:03.345+0100][889.812s] GC(179)   Pre Evacuate Collection Set: 0.0ms
[2022-03-01T14:55:03.345+0100][889.812s] GC(179)   Evacuate Collection Set: 1.1ms
[2022-03-01T14:55:03.345+0100][889.812s] GC(179)   Post Evacuate Collection Set: 0.5ms
[2022-03-01T14:55:03.345+0100][889.812s] GC(179)   Other: 0.1ms
[2022-03-01T14:55:03.345+0100][889.812s] GC(179) Eden regions: 305->0(305)
[2022-03-01T14:55:03.345+0100][889.812s] GC(179) Survivor regions: 2->2(39)
[2022-03-01T14:55:03.346+0100][889.812s] GC(179) Old regions: 85->85
[2022-03-01T14:55:03.346+0100][889.812s] GC(179) Humongous regions: 7->7
[2022-03-01T14:55:03.346+0100][889.812s] GC(179) Metaspace: 67413K->67413K(1112064K)
[2022-03-01T14:55:03.346+0100][889.812s] GC(179) Pause Young (Normal) (G1 Evacuation Pause) 396M->91M(512M) 1.718ms
[2022-03-01T14:55:03.346+0100][889.812s] GC(179) User=0.02s Sys=0.00s Real=0.00s
[2022-03-01T14:55:04.305+0100][890.772s] GC(180) Pause Young (Normal) (G1 Evacuation Pause)
[2022-03-01T14:55:04.305+0100][890.772s] GC(180) Using 10 workers of 10 for evacuation
[2022-03-01T14:55:04.306+0100][890.773s] GC(180)   Pre Evacuate Collection Set: 0.0ms
[2022-03-01T14:55:04.306+0100][890.773s] GC(180)   Evacuate Collection Set: 1.1ms
[2022-03-01T14:55:04.306+0100][890.773s] GC(180)   Post Evacuate Collection Set: 0.3ms
[2022-03-01T14:55:04.306+0100][890.773s] GC(180)   Other: 0.1ms
[2022-03-01T14:55:04.306+0100][890.773s] GC(180) Eden regions: 305->0(305)
[2022-03-01T14:55:04.306+0100][890.773s] GC(180) Survivor regions: 2->2(39)
[2022-03-01T14:55:04.306+0100][890.773s] GC(180) Old regions: 85->85
[2022-03-01T14:55:04.306+0100][890.773s] GC(180) Humongous regions: 7->7
[2022-03-01T14:55:04.306+0100][890.773s] GC(180) Metaspace: 67413K->67413K(1112064K)
[2022-03-01T14:55:04.307+0100][890.773s] GC(180) Pause Young (Normal) (G1 Evacuation Pause) 396M->91M(512M) 1.589ms
[2022-03-01T14:55:04.307+0100][890.773s] GC(180) User=0.00s Sys=0.01s Real=0.00s
[2022-03-01T14:55:05.292+0100][891.759s] GC(181) Pause Young (Normal) (G1 Evacuation Pause)
[2022-03-01T14:55:05.292+0100][891.759s] GC(181) Using 10 workers of 10 for evacuation
[2022-03-01T14:55:05.294+0100][891.761s] GC(181)   Pre Evacuate Collection Set: 0.0ms
[2022-03-01T14:55:05.294+0100][891.761s] GC(181)   Evacuate Collection Set: 1.1ms
[2022-03-01T14:55:05.294+0100][891.761s] GC(181)   Post Evacuate Collection Set: 0.4ms
[2022-03-01T14:55:05.294+0100][891.761s] GC(181)   Other: 0.1ms
[2022-03-01T14:55:05.294+0100][891.761s] GC(181) Eden regions: 305->0(305)
[2022-03-01T14:55:05.294+0100][891.761s] GC(181) Survivor regions: 2->2(39)
[2022-03-01T14:55:05.294+0100][891.761s] GC(181) Old regions: 85->85
[2022-03-01T14:55:05.294+0100][891.761s] GC(181) Humongous regions: 7->7
[2022-03-01T14:55:05.294+0100][891.761s] GC(181) Metaspace: 67413K->67413K(1112064K)
[2022-03-01T14:55:05.294+0100][891.761s] GC(181) Pause Young (Normal) (G1 Evacuation Pause) 396M->91M(512M) 1.653ms
[2022-03-01T14:55:05.294+0100][891.761s] GC(181) User=0.01s Sys=0.00s Real=0.00s
[2022-03-01T14:55:06.274+0100][892.741s] GC(182) Pause Young (Normal) (G1 Evacuation Pause)
[2022-03-01T14:55:06.274+0100][892.741s] GC(182) Using 10 workers of 10 for evacuation
[2022-03-01T14:55:06.277+0100][892.743s] GC(182)   Pre Evacuate Collection Set: 0.0ms
[2022-03-01T14:55:06.277+0100][892.743s] GC(182)   Evacuate Collection Set: 1.7ms
[2022-03-01T14:55:06.277+0100][892.743s] GC(182)   Post Evacuate Collection Set: 0.4ms
[2022-03-01T14:55:06.277+0100][892.743s] GC(182)   Other: 0.1ms
[2022-03-01T14:55:06.277+0100][892.743s] GC(182) Eden regions: 305->0(303)
[2022-03-01T14:55:06.277+0100][892.743s] GC(182) Survivor regions: 2->4(39)
[2022-03-01T14:55:06.277+0100][892.743s] GC(182) Old regions: 85->85
[2022-03-01T14:55:06.277+0100][892.743s] GC(182) Humongous regions: 7->7
[2022-03-01T14:55:06.277+0100][892.744s] GC(182) Metaspace: 67413K->67413K(1112064K)
[2022-03-01T14:55:06.277+0100][892.744s] GC(182) Pause Young (Normal) (G1 Evacuation Pause) 396M->93M(512M) 2.309ms
[2022-03-01T14:55:06.277+0100][892.744s] GC(182) User=0.01s Sys=0.01s Real=0.00s
[2022-03-01T14:55:07.374+0100][893.841s] GC(183) Pause Young (Normal) (G1 Evacuation Pause)
[2022-03-01T14:55:07.374+0100][893.841s] GC(183) Using 10 workers of 10 for evacuation
[2022-03-01T14:55:07.378+0100][893.845s] GC(183)   Pre Evacuate Collection Set: 0.0ms
[2022-03-01T14:55:07.378+0100][893.845s] GC(183)   Evacuate Collection Set: 2.7ms
[2022-03-01T14:55:07.378+0100][893.845s] GC(183)   Post Evacuate Collection Set: 0.8ms
[2022-03-01T14:55:07.378+0100][893.845s] GC(183)   Other: 0.3ms
[2022-03-01T14:55:07.378+0100][893.845s] GC(183) Eden regions: 303->0(305)
[2022-03-01T14:55:07.378+0100][893.845s] GC(183) Survivor regions: 4->2(39)
[2022-03-01T14:55:07.378+0100][893.845s] GC(183) Old regions: 85->85
[2022-03-01T14:55:07.378+0100][893.845s] GC(183) Humongous regions: 7->7
[2022-03-01T14:55:07.378+0100][893.845s] GC(183) Metaspace: 67413K->67413K(1112064K)
[2022-03-01T14:55:07.378+0100][893.845s] GC(183) Pause Young (Normal) (G1 Evacuation Pause) 396M->91M(512M) 3.995ms
[2022-03-01T14:55:07.378+0100][893.845s] GC(183) User=0.03s Sys=0.00s Real=0.00s
[2022-03-01T14:55:08.806+0100][895.273s] GC(184) Pause Young (Normal) (G1 Evacuation Pause)
[2022-03-01T14:55:08.807+0100][895.273s] GC(184) Using 10 workers of 10 for evacuation
[2022-03-01T14:55:08.808+0100][895.275s] GC(184)   Pre Evacuate Collection Set: 0.0ms
[2022-03-01T14:55:08.808+0100][895.275s] GC(184)   Evacuate Collection Set: 1.0ms
[2022-03-01T14:55:08.808+0100][895.275s] GC(184)   Post Evacuate Collection Set: 0.4ms
[2022-03-01T14:55:08.808+0100][895.275s] GC(184)   Other: 0.1ms
[2022-03-01T14:55:08.808+0100][895.275s] GC(184) Eden regions: 305->0(305)
[2022-03-01T14:55:08.808+0100][895.275s] GC(184) Survivor regions: 2->2(39)
[2022-03-01T14:55:08.808+0100][895.275s] GC(184) Old regions: 85->85
[2022-03-01T14:55:08.808+0100][895.275s] GC(184) Humongous regions: 7->7
[2022-03-01T14:55:08.808+0100][895.275s] GC(184) Metaspace: 67413K->67413K(1112064K)
[2022-03-01T14:55:08.808+0100][895.275s] GC(184) Pause Young (Normal) (G1 Evacuation Pause) 396M->91M(512M) 1.622ms
[2022-03-01T14:55:08.808+0100][895.275s] GC(184) User=0.01s Sys=0.00s Real=0.00s
[2022-03-01T14:55:10.397+0100][896.864s] GC(185) Pause Young (Normal) (G1 Evacuation Pause)
[2022-03-01T14:55:10.397+0100][896.864s] GC(185) Using 10 workers of 10 for evacuation
[2022-03-01T14:55:10.399+0100][896.866s] GC(185)   Pre Evacuate Collection Set: 0.0ms
[2022-03-01T14:55:10.399+0100][896.866s] GC(185)   Evacuate Collection Set: 1.1ms
[2022-03-01T14:55:10.399+0100][896.866s] GC(185)   Post Evacuate Collection Set: 0.6ms
[2022-03-01T14:55:10.399+0100][896.866s] GC(185)   Other: 0.1ms
[2022-03-01T14:55:10.399+0100][896.866s] GC(185) Eden regions: 305->0(305)
[2022-03-01T14:55:10.399+0100][896.866s] GC(185) Survivor regions: 2->2(39)
[2022-03-01T14:55:10.399+0100][896.866s] GC(185) Old regions: 85->85
[2022-03-01T14:55:10.399+0100][896.866s] GC(185) Humongous regions: 7->7
[2022-03-01T14:55:10.399+0100][896.866s] GC(185) Metaspace: 67413K->67413K(1112064K)
[2022-03-01T14:55:10.399+0100][896.866s] GC(185) Pause Young (Normal) (G1 Evacuation Pause) 396M->91M(512M) 1.878ms
[2022-03-01T14:55:10.399+0100][896.866s] GC(185) User=0.00s Sys=0.00s Real=0.00s
[2022-03-01T14:55:11.438+0100][897.905s] GC(186) Pause Young (Normal) (G1 Evacuation Pause)
[2022-03-01T14:55:11.438+0100][897.905s] GC(186) Using 10 workers of 10 for evacuation
[2022-03-01T14:55:11.440+0100][897.907s] GC(186)   Pre Evacuate Collection Set: 0.0ms
[2022-03-01T14:55:11.440+0100][897.907s] GC(186)   Evacuate Collection Set: 1.1ms
[2022-03-01T14:55:11.440+0100][897.907s] GC(186)   Post Evacuate Collection Set: 0.4ms
[2022-03-01T14:55:11.440+0100][897.907s] GC(186)   Other: 0.2ms
[2022-03-01T14:55:11.440+0100][897.907s] GC(186) Eden regions: 305->0(305)
[2022-03-01T14:55:11.440+0100][897.907s] GC(186) Survivor regions: 2->2(39)
[2022-03-01T14:55:11.440+0100][897.907s] GC(186) Old regions: 85->85
[2022-03-01T14:55:11.440+0100][897.907s] GC(186) Humongous regions: 7->7
[2022-03-01T14:55:11.440+0100][897.907s] GC(186) Metaspace: 67414K->67414K(1112064K)
[2022-03-01T14:55:11.440+0100][897.907s] GC(186) Pause Young (Normal) (G1 Evacuation Pause) 396M->91M(512M) 1.722ms
[2022-03-01T14:55:11.440+0100][897.907s] GC(186) User=0.01s Sys=0.00s Real=0.00s
[2022-03-01T14:55:12.418+0100][898.885s] GC(187) Pause Young (Normal) (G1 Evacuation Pause)
[2022-03-01T14:55:12.418+0100][898.885s] GC(187) Using 10 workers of 10 for evacuation
[2022-03-01T14:55:12.420+0100][898.887s] GC(187)   Pre Evacuate Collection Set: 0.0ms
[2022-03-01T14:55:12.420+0100][898.887s] GC(187)   Evacuate Collection Set: 1.0ms
[2022-03-01T14:55:12.420+0100][898.887s] GC(187)   Post Evacuate Collection Set: 0.6ms
[2022-03-01T14:55:12.420+0100][898.887s] GC(187)   Other: 0.1ms
[2022-03-01T14:55:12.420+0100][898.887s] GC(187) Eden regions: 305->0(305)
[2022-03-01T14:55:12.420+0100][898.887s] GC(187) Survivor regions: 2->2(39)
[2022-03-01T14:55:12.420+0100][898.887s] GC(187) Old regions: 85->85
[2022-03-01T14:55:12.420+0100][898.887s] GC(187) Humongous regions: 7->7
[2022-03-01T14:55:12.420+0100][898.887s] GC(187) Metaspace: 67414K->67414K(1112064K)
[2022-03-01T14:55:12.420+0100][898.887s] GC(187) Pause Young (Normal) (G1 Evacuation Pause) 396M->91M(512M) 1.803ms
[2022-03-01T14:55:12.420+0100][898.887s] GC(187) User=0.00s Sys=0.00s Real=0.00s
[2022-03-01T14:55:13.349+0100][899.816s] GC(188) Pause Young (Normal) (G1 Evacuation Pause)
[2022-03-01T14:55:13.349+0100][899.816s] GC(188) Using 10 workers of 10 for evacuation
[2022-03-01T14:55:13.351+0100][899.818s] GC(188)   Pre Evacuate Collection Set: 0.0ms
[2022-03-01T14:55:13.351+0100][899.818s] GC(188)   Evacuate Collection Set: 1.0ms
[2022-03-01T14:55:13.351+0100][899.818s] GC(188)   Post Evacuate Collection Set: 0.4ms
[2022-03-01T14:55:13.351+0100][899.818s] GC(188)   Other: 0.2ms
[2022-03-01T14:55:13.351+0100][899.818s] GC(188) Eden regions: 305->0(305)
[2022-03-01T14:55:13.351+0100][899.818s] GC(188) Survivor regions: 2->2(39)
[2022-03-01T14:55:13.351+0100][899.818s] GC(188) Old regions: 85->85
[2022-03-01T14:55:13.351+0100][899.818s] GC(188) Humongous regions: 7->7
[2022-03-01T14:55:13.351+0100][899.818s] GC(188) Metaspace: 67414K->67414K(1112064K)
[2022-03-01T14:55:13.351+0100][899.818s] GC(188) Pause Young (Normal) (G1 Evacuation Pause) 396M->91M(512M) 1.590ms
[2022-03-01T14:55:13.351+0100][899.818s] GC(188) User=0.00s Sys=0.00s Real=0.00s
[2022-03-01T14:55:14.350+0100][900.817s] GC(189) Pause Young (Normal) (G1 Evacuation Pause)
[2022-03-01T14:55:14.350+0100][900.817s] GC(189) Using 10 workers of 10 for evacuation
[2022-03-01T14:55:14.351+0100][900.818s] GC(189)   Pre Evacuate Collection Set: 0.0ms
[2022-03-01T14:55:14.351+0100][900.818s] GC(189)   Evacuate Collection Set: 1.1ms
[2022-03-01T14:55:14.351+0100][900.818s] GC(189)   Post Evacuate Collection Set: 0.4ms
[2022-03-01T14:55:14.351+0100][900.818s] GC(189)   Other: 0.1ms
[2022-03-01T14:55:14.351+0100][900.818s] GC(189) Eden regions: 305->0(305)
[2022-03-01T14:55:14.351+0100][900.818s] GC(189) Survivor regions: 2->2(39)
[2022-03-01T14:55:14.351+0100][900.818s] GC(189) Old regions: 85->85
[2022-03-01T14:55:14.351+0100][900.818s] GC(189) Humongous regions: 7->7
[2022-03-01T14:55:14.351+0100][900.818s] GC(189) Metaspace: 67414K->67414K(1112064K)
[2022-03-01T14:55:14.351+0100][900.818s] GC(189) Pause Young (Normal) (G1 Evacuation Pause) 396M->91M(512M) 1.601ms
[2022-03-01T14:55:14.351+0100][900.818s] GC(189) User=0.01s Sys=0.00s Real=0.00s
[2022-03-01T14:55:15.361+0100][901.827s] GC(190) Pause Young (Normal) (G1 Evacuation Pause)
[2022-03-01T14:55:15.361+0100][901.827s] GC(190) Using 10 workers of 10 for evacuation
[2022-03-01T14:55:15.362+0100][901.829s] GC(190)   Pre Evacuate Collection Set: 0.0ms
[2022-03-01T14:55:15.362+0100][901.829s] GC(190)   Evacuate Collection Set: 1.1ms
[2022-03-01T14:55:15.362+0100][901.829s] GC(190)   Post Evacuate Collection Set: 0.3ms
[2022-03-01T14:55:15.362+0100][901.829s] GC(190)   Other: 0.1ms
[2022-03-01T14:55:15.362+0100][901.829s] GC(190) Eden regions: 305->0(305)
[2022-03-01T14:55:15.362+0100][901.829s] GC(190) Survivor regions: 2->2(39)
[2022-03-01T14:55:15.362+0100][901.829s] GC(190) Old regions: 85->85
[2022-03-01T14:55:15.362+0100][901.829s] GC(190) Humongous regions: 7->7
[2022-03-01T14:55:15.362+0100][901.829s] GC(190) Metaspace: 67414K->67414K(1112064K)
[2022-03-01T14:55:15.362+0100][901.829s] GC(190) Pause Young (Normal) (G1 Evacuation Pause) 396M->91M(512M) 1.611ms
[2022-03-01T14:55:15.362+0100][901.829s] GC(190) User=0.01s Sys=0.00s Real=0.01s
[2022-03-01T14:55:16.345+0100][902.812s] GC(191) Pause Young (Normal) (G1 Evacuation Pause)
[2022-03-01T14:55:16.345+0100][902.812s] GC(191) Using 10 workers of 10 for evacuation
[2022-03-01T14:55:16.347+0100][902.813s] GC(191)   Pre Evacuate Collection Set: 0.0ms
[2022-03-01T14:55:16.347+0100][902.813s] GC(191)   Evacuate Collection Set: 1.4ms
[2022-03-01T14:55:16.347+0100][902.813s] GC(191)   Post Evacuate Collection Set: 0.4ms
[2022-03-01T14:55:16.347+0100][902.814s] GC(191)   Other: 0.1ms
[2022-03-01T14:55:16.347+0100][902.814s] GC(191) Eden regions: 305->0(304)
[2022-03-01T14:55:16.347+0100][902.814s] GC(191) Survivor regions: 2->3(39)
[2022-03-01T14:55:16.347+0100][902.814s] GC(191) Old regions: 85->85
[2022-03-01T14:55:16.347+0100][902.814s] GC(191) Humongous regions: 7->7
[2022-03-01T14:55:16.347+0100][902.814s] GC(191) Metaspace: 67414K->67414K(1112064K)
[2022-03-01T14:55:16.347+0100][902.814s] GC(191) Pause Young (Normal) (G1 Evacuation Pause) 396M->92M(512M) 1.963ms
[2022-03-01T14:55:16.347+0100][902.814s] GC(191) User=0.01s Sys=0.01s Real=0.00s
[2022-03-01T14:55:17.316+0100][903.783s] GC(192) Pause Young (Normal) (G1 Evacuation Pause)
[2022-03-01T14:55:17.316+0100][903.783s] GC(192) Using 10 workers of 10 for evacuation
[2022-03-01T14:55:17.318+0100][903.785s] GC(192)   Pre Evacuate Collection Set: 0.0ms
[2022-03-01T14:55:17.321+0100][903.788s] GC(192)   Evacuate Collection Set: 1.2ms
[2022-03-01T14:55:17.321+0100][903.788s] GC(192)   Post Evacuate Collection Set: 0.4ms
[2022-03-01T14:55:17.321+0100][903.788s] GC(192)   Other: 0.2ms
[2022-03-01T14:55:17.321+0100][903.788s] GC(192) Eden regions: 304->0(305)
[2022-03-01T14:55:17.321+0100][903.788s] GC(192) Survivor regions: 3->2(39)
[2022-03-01T14:55:17.321+0100][903.788s] GC(192) Old regions: 85->85
[2022-03-01T14:55:17.321+0100][903.788s] GC(192) Humongous regions: 7->7
[2022-03-01T14:55:17.321+0100][903.788s] GC(192) Metaspace: 67418K->67418K(1112064K)
[2022-03-01T14:55:17.321+0100][903.788s] GC(192) Pause Young (Normal) (G1 Evacuation Pause) 396M->91M(512M) 5.148ms
[2022-03-01T14:55:17.321+0100][903.788s] GC(192) User=0.01s Sys=0.00s Real=0.01s
[2022-03-01T14:55:18.484+0100][904.951s] GC(193) Pause Young (Normal) (G1 Evacuation Pause)
[2022-03-01T14:55:18.484+0100][904.951s] GC(193) Using 10 workers of 10 for evacuation
[2022-03-01T14:55:18.485+0100][904.952s] GC(193)   Pre Evacuate Collection Set: 0.0ms
[2022-03-01T14:55:18.485+0100][904.952s] GC(193)   Evacuate Collection Set: 1.0ms
[2022-03-01T14:55:18.485+0100][904.952s] GC(193)   Post Evacuate Collection Set: 0.5ms
[2022-03-01T14:55:18.485+0100][904.952s] GC(193)   Other: 0.1ms
[2022-03-01T14:55:18.485+0100][904.952s] GC(193) Eden regions: 305->0(305)
[2022-03-01T14:55:18.485+0100][904.952s] GC(193) Survivor regions: 2->2(39)
[2022-03-01T14:55:18.485+0100][904.952s] GC(193) Old regions: 85->85
[2022-03-01T14:55:18.485+0100][904.952s] GC(193) Humongous regions: 7->7
[2022-03-01T14:55:18.485+0100][904.952s] GC(193) Metaspace: 67418K->67418K(1112064K)
[2022-03-01T14:55:18.485+0100][904.952s] GC(193) Pause Young (Normal) (G1 Evacuation Pause) 396M->91M(512M) 1.705ms
[2022-03-01T14:55:18.485+0100][904.952s] GC(193) User=0.01s Sys=0.00s Real=0.00s
[2022-03-01T14:55:19.473+0100][905.940s] GC(194) Pause Young (Normal) (G1 Evacuation Pause)
[2022-03-01T14:55:19.473+0100][905.940s] GC(194) Using 10 workers of 10 for evacuation
[2022-03-01T14:55:19.475+0100][905.941s] GC(194)   Pre Evacuate Collection Set: 0.0ms
[2022-03-01T14:55:19.475+0100][905.941s] GC(194)   Evacuate Collection Set: 1.0ms
[2022-03-01T14:55:19.475+0100][905.941s] GC(194)   Post Evacuate Collection Set: 0.4ms
[2022-03-01T14:55:19.475+0100][905.941s] GC(194)   Other: 0.1ms
[2022-03-01T14:55:19.475+0100][905.941s] GC(194) Eden regions: 305->0(305)
[2022-03-01T14:55:19.475+0100][905.941s] GC(194) Survivor regions: 2->2(39)
[2022-03-01T14:55:19.475+0100][905.941s] GC(194) Old regions: 85->85
[2022-03-01T14:55:19.475+0100][905.941s] GC(194) Humongous regions: 7->7
[2022-03-01T14:55:19.475+0100][905.941s] GC(194) Metaspace: 67418K->67418K(1112064K)
[2022-03-01T14:55:19.475+0100][905.941s] GC(194) Pause Young (Normal) (G1 Evacuation Pause) 396M->91M(512M) 1.633ms
[2022-03-01T14:55:19.475+0100][905.941s] GC(194) User=0.01s Sys=0.00s Real=0.00s
[2022-03-01T14:55:20.446+0100][906.913s] GC(195) Pause Young (Normal) (G1 Evacuation Pause)
[2022-03-01T14:55:20.446+0100][906.913s] GC(195) Using 10 workers of 10 for evacuation
[2022-03-01T14:55:20.448+0100][906.915s] GC(195)   Pre Evacuate Collection Set: 0.0ms
[2022-03-01T14:55:20.448+0100][906.915s] GC(195)   Evacuate Collection Set: 1.1ms
[2022-03-01T14:55:20.448+0100][906.915s] GC(195)   Post Evacuate Collection Set: 0.5ms
[2022-03-01T14:55:20.448+0100][906.915s] GC(195)   Other: 0.1ms
[2022-03-01T14:55:20.448+0100][906.915s] GC(195) Eden regions: 305->0(305)
[2022-03-01T14:55:20.448+0100][906.915s] GC(195) Survivor regions: 2->2(39)
[2022-03-01T14:55:20.448+0100][906.915s] GC(195) Old regions: 85->85
[2022-03-01T14:55:20.448+0100][906.915s] GC(195) Humongous regions: 7->7
[2022-03-01T14:55:20.448+0100][906.915s] GC(195) Metaspace: 67418K->67418K(1112064K)
[2022-03-01T14:55:20.448+0100][906.915s] GC(195) Pause Young (Normal) (G1 Evacuation Pause) 396M->91M(512M) 1.845ms
[2022-03-01T14:55:20.448+0100][906.915s] GC(195) User=0.01s Sys=0.01s Real=0.00s
[2022-03-01T14:55:21.425+0100][907.892s] GC(196) Pause Young (Normal) (G1 Evacuation Pause)
[2022-03-01T14:55:21.425+0100][907.892s] GC(196) Using 10 workers of 10 for evacuation
[2022-03-01T14:55:21.427+0100][907.894s] GC(196)   Pre Evacuate Collection Set: 0.0ms
[2022-03-01T14:55:21.427+0100][907.894s] GC(196)   Evacuate Collection Set: 1.0ms
[2022-03-01T14:55:21.427+0100][907.894s] GC(196)   Post Evacuate Collection Set: 0.6ms
[2022-03-01T14:55:21.427+0100][907.894s] GC(196)   Other: 0.1ms
[2022-03-01T14:55:21.427+0100][907.894s] GC(196) Eden regions: 305->0(305)
[2022-03-01T14:55:21.427+0100][907.894s] GC(196) Survivor regions: 2->2(39)
[2022-03-01T14:55:21.427+0100][907.894s] GC(196) Old regions: 85->85
[2022-03-01T14:55:21.427+0100][907.894s] GC(196) Humongous regions: 7->7
[2022-03-01T14:55:21.427+0100][907.894s] GC(196) Metaspace: 67418K->67418K(1112064K)
[2022-03-01T14:55:21.427+0100][907.894s] GC(196) Pause Young (Normal) (G1 Evacuation Pause) 396M->91M(512M) 1.774ms
[2022-03-01T14:55:21.427+0100][907.894s] GC(196) User=0.01s Sys=0.00s Real=0.00s
[2022-03-01T14:55:22.476+0100][908.943s] GC(197) Pause Young (Normal) (G1 Evacuation Pause)
[2022-03-01T14:55:22.476+0100][908.943s] GC(197) Using 10 workers of 10 for evacuation
[2022-03-01T14:55:22.478+0100][908.944s] GC(197)   Pre Evacuate Collection Set: 0.0ms
[2022-03-01T14:55:22.478+0100][908.945s] GC(197)   Evacuate Collection Set: 1.1ms
[2022-03-01T14:55:22.478+0100][908.945s] GC(197)   Post Evacuate Collection Set: 0.6ms
[2022-03-01T14:55:22.478+0100][908.945s] GC(197)   Other: 0.1ms
[2022-03-01T14:55:22.478+0100][908.945s] GC(197) Eden regions: 305->0(305)
[2022-03-01T14:55:22.478+0100][908.945s] GC(197) Survivor regions: 2->2(39)
[2022-03-01T14:55:22.478+0100][908.945s] GC(197) Old regions: 85->85
[2022-03-01T14:55:22.478+0100][908.945s] GC(197) Humongous regions: 7->7
[2022-03-01T14:55:22.478+0100][908.945s] GC(197) Metaspace: 67418K->67418K(1112064K)
[2022-03-01T14:55:22.478+0100][908.945s] GC(197) Pause Young (Normal) (G1 Evacuation Pause) 396M->91M(512M) 1.901ms
[2022-03-01T14:55:22.478+0100][908.945s] GC(197) User=0.01s Sys=0.00s Real=0.00s
[2022-03-01T14:55:24.009+0100][910.475s] GC(198) Pause Young (Normal) (G1 Evacuation Pause)
[2022-03-01T14:55:24.009+0100][910.476s] GC(198) Using 10 workers of 10 for evacuation
[2022-03-01T14:55:24.010+0100][910.477s] GC(198)   Pre Evacuate Collection Set: 0.0ms
[2022-03-01T14:55:24.010+0100][910.477s] GC(198)   Evacuate Collection Set: 1.1ms
[2022-03-01T14:55:24.010+0100][910.477s] GC(198)   Post Evacuate Collection Set: 0.5ms
[2022-03-01T14:55:24.010+0100][910.477s] GC(198)   Other: 0.2ms
[2022-03-01T14:55:24.010+0100][910.477s] GC(198) Eden regions: 305->0(305)
[2022-03-01T14:55:24.010+0100][910.477s] GC(198) Survivor regions: 2->2(39)
[2022-03-01T14:55:24.010+0100][910.477s] GC(198) Old regions: 85->85
[2022-03-01T14:55:24.010+0100][910.477s] GC(198) Humongous regions: 7->7
[2022-03-01T14:55:24.010+0100][910.477s] GC(198) Metaspace: 67418K->67418K(1112064K)
[2022-03-01T14:55:24.010+0100][910.477s] GC(198) Pause Young (Normal) (G1 Evacuation Pause) 396M->91M(512M) 1.794ms
[2022-03-01T14:55:24.010+0100][910.477s] GC(198) User=0.01s Sys=0.00s Real=0.01s
[2022-03-01T14:55:25.067+0100][911.534s] GC(199) Pause Young (Normal) (G1 Evacuation Pause)
[2022-03-01T14:55:25.067+0100][911.534s] GC(199) Using 10 workers of 10 for evacuation
[2022-03-01T14:55:25.069+0100][911.536s] GC(199)   Pre Evacuate Collection Set: 0.0ms
[2022-03-01T14:55:25.069+0100][911.536s] GC(199)   Evacuate Collection Set: 1.0ms
[2022-03-01T14:55:25.069+0100][911.536s] GC(199)   Post Evacuate Collection Set: 0.3ms
[2022-03-01T14:55:25.069+0100][911.536s] GC(199)   Other: 0.1ms
[2022-03-01T14:55:25.069+0100][911.536s] GC(199) Eden regions: 305->0(305)
[2022-03-01T14:55:25.069+0100][911.536s] GC(199) Survivor regions: 2->2(39)
[2022-03-01T14:55:25.069+0100][911.536s] GC(199) Old regions: 85->85
[2022-03-01T14:55:25.069+0100][911.536s] GC(199) Humongous regions: 7->7
[2022-03-01T14:55:25.069+0100][911.536s] GC(199) Metaspace: 67418K->67418K(1112064K)
[2022-03-01T14:55:25.069+0100][911.536s] GC(199) Pause Young (Normal) (G1 Evacuation Pause) 396M->91M(512M) 1.510ms
[2022-03-01T14:55:25.069+0100][911.536s] GC(199) User=0.01s Sys=0.00s Real=0.01s
[2022-03-01T14:55:26.060+0100][912.526s] GC(200) Pause Young (Normal) (G1 Evacuation Pause)
[2022-03-01T14:55:26.060+0100][912.526s] GC(200) Using 10 workers of 10 for evacuation
[2022-03-01T14:55:26.061+0100][912.528s] GC(200)   Pre Evacuate Collection Set: 0.0ms
[2022-03-01T14:55:26.061+0100][912.528s] GC(200)   Evacuate Collection Set: 0.9ms
[2022-03-01T14:55:26.061+0100][912.528s] GC(200)   Post Evacuate Collection Set: 0.3ms
[2022-03-01T14:55:26.061+0100][912.528s] GC(200)   Other: 0.1ms
[2022-03-01T14:55:26.061+0100][912.528s] GC(200) Eden regions: 305->0(305)
[2022-03-01T14:55:26.061+0100][912.528s] GC(200) Survivor regions: 2->2(39)
[2022-03-01T14:55:26.061+0100][912.528s] GC(200) Old regions: 85->85
[2022-03-01T14:55:26.061+0100][912.528s] GC(200) Humongous regions: 7->7
[2022-03-01T14:55:26.061+0100][912.528s] GC(200) Metaspace: 67418K->67418K(1112064K)
[2022-03-01T14:55:26.061+0100][912.528s] GC(200) Pause Young (Normal) (G1 Evacuation Pause) 396M->91M(512M) 1.472ms
[2022-03-01T14:55:26.061+0100][912.528s] GC(200) User=0.00s Sys=0.00s Real=0.01s
[2022-03-01T14:55:27.068+0100][913.535s] GC(201) Pause Young (Normal) (G1 Evacuation Pause)
[2022-03-01T14:55:27.068+0100][913.535s] GC(201) Using 10 workers of 10 for evacuation
[2022-03-01T14:55:27.070+0100][913.537s] GC(201)   Pre Evacuate Collection Set: 0.0ms
[2022-03-01T14:55:27.070+0100][913.537s] GC(201)   Evacuate Collection Set: 1.2ms
[2022-03-01T14:55:27.070+0100][913.537s] GC(201)   Post Evacuate Collection Set: 0.6ms
[2022-03-01T14:55:27.070+0100][913.537s] GC(201)   Other: 0.2ms
[2022-03-01T14:55:27.070+0100][913.537s] GC(201) Eden regions: 305->0(305)
[2022-03-01T14:55:27.070+0100][913.537s] GC(201) Survivor regions: 2->2(39)
[2022-03-01T14:55:27.070+0100][913.537s] GC(201) Old regions: 85->85
[2022-03-01T14:55:27.070+0100][913.537s] GC(201) Humongous regions: 7->7
[2022-03-01T14:55:27.070+0100][913.537s] GC(201) Metaspace: 67418K->67418K(1112064K)
[2022-03-01T14:55:27.070+0100][913.537s] GC(201) Pause Young (Normal) (G1 Evacuation Pause) 396M->91M(512M) 1.971ms
[2022-03-01T14:55:27.070+0100][913.537s] GC(201) User=0.01s Sys=0.00s Real=0.01s
[2022-03-01T14:55:28.151+0100][914.618s] GC(202) Pause Young (Normal) (G1 Evacuation Pause)
[2022-03-01T14:55:28.151+0100][914.618s] GC(202) Using 10 workers of 10 for evacuation
[2022-03-01T14:55:28.153+0100][914.620s] GC(202)   Pre Evacuate Collection Set: 0.0ms
[2022-03-01T14:55:28.156+0100][914.623s] GC(202)   Evacuate Collection Set: 1.1ms
[2022-03-01T14:55:28.156+0100][914.623s] GC(202)   Post Evacuate Collection Set: 0.7ms
[2022-03-01T14:55:28.156+0100][914.623s] GC(202)   Other: 0.2ms
[2022-03-01T14:55:28.156+0100][914.623s] GC(202) Eden regions: 305->0(305)
[2022-03-01T14:55:28.156+0100][914.623s] GC(202) Survivor regions: 2->2(39)
[2022-03-01T14:55:28.156+0100][914.623s] GC(202) Old regions: 85->85
[2022-03-01T14:55:28.156+0100][914.623s] GC(202) Humongous regions: 7->7
[2022-03-01T14:55:28.156+0100][914.623s] GC(202) Metaspace: 67418K->67418K(1112064K)
[2022-03-01T14:55:28.156+0100][914.623s] GC(202) Pause Young (Normal) (G1 Evacuation Pause) 396M->91M(512M) 5.003ms
[2022-03-01T14:55:28.156+0100][914.623s] GC(202) User=0.01s Sys=0.00s Real=0.00s
[2022-03-01T14:55:29.552+0100][916.019s] GC(203) Pause Young (Normal) (G1 Evacuation Pause)
[2022-03-01T14:55:29.552+0100][916.019s] GC(203) Using 10 workers of 10 for evacuation
[2022-03-01T14:55:29.554+0100][916.021s] GC(203)   Pre Evacuate Collection Set: 0.0ms
[2022-03-01T14:55:29.555+0100][916.021s] GC(203)   Evacuate Collection Set: 1.6ms
[2022-03-01T14:55:29.555+0100][916.021s] GC(203)   Post Evacuate Collection Set: 0.5ms
[2022-03-01T14:55:29.555+0100][916.021s] GC(203)   Other: 0.1ms
[2022-03-01T14:55:29.555+0100][916.021s] GC(203) Eden regions: 305->0(304)
[2022-03-01T14:55:29.555+0100][916.021s] GC(203) Survivor regions: 2->3(39)
[2022-03-01T14:55:29.555+0100][916.021s] GC(203) Old regions: 85->85
[2022-03-01T14:55:29.555+0100][916.021s] GC(203) Humongous regions: 7->7
[2022-03-01T14:55:29.555+0100][916.021s] GC(203) Metaspace: 67418K->67418K(1112064K)
[2022-03-01T14:55:29.555+0100][916.021s] GC(203) Pause Young (Normal) (G1 Evacuation Pause) 396M->93M(512M) 2.216ms
[2022-03-01T14:55:29.555+0100][916.021s] GC(203) User=0.02s Sys=0.00s Real=0.00s
[2022-03-01T14:55:30.681+0100][917.148s] GC(204) Pause Young (Normal) (G1 Evacuation Pause)
[2022-03-01T14:55:30.681+0100][917.148s] GC(204) Using 10 workers of 10 for evacuation
[2022-03-01T14:55:30.683+0100][917.150s] GC(204)   Pre Evacuate Collection Set: 0.0ms
[2022-03-01T14:55:30.683+0100][917.150s] GC(204)   Evacuate Collection Set: 1.2ms
[2022-03-01T14:55:30.683+0100][917.150s] GC(204)   Post Evacuate Collection Set: 0.6ms
[2022-03-01T14:55:30.683+0100][917.150s] GC(204)   Other: 0.1ms
[2022-03-01T14:55:30.683+0100][917.150s] GC(204) Eden regions: 304->0(305)
[2022-03-01T14:55:30.683+0100][917.150s] GC(204) Survivor regions: 3->2(39)
[2022-03-01T14:55:30.683+0100][917.150s] GC(204) Old regions: 85->85
[2022-03-01T14:55:30.683+0100][917.150s] GC(204) Humongous regions: 7->7
[2022-03-01T14:55:30.683+0100][917.150s] GC(204) Metaspace: 67418K->67418K(1112064K)
[2022-03-01T14:55:30.683+0100][917.150s] GC(204) Pause Young (Normal) (G1 Evacuation Pause) 397M->92M(512M) 1.965ms
[2022-03-01T14:55:30.683+0100][917.150s] GC(204) User=0.01s Sys=0.00s Real=0.00s
[2022-03-01T14:55:31.691+0100][918.158s] GC(205) Pause Young (Normal) (G1 Evacuation Pause)
[2022-03-01T14:55:31.691+0100][918.158s] GC(205) Using 10 workers of 10 for evacuation
[2022-03-01T14:55:31.693+0100][918.160s] GC(205)   Pre Evacuate Collection Set: 0.0ms
[2022-03-01T14:55:31.693+0100][918.160s] GC(205)   Evacuate Collection Set: 0.9ms
[2022-03-01T14:55:31.693+0100][918.160s] GC(205)   Post Evacuate Collection Set: 0.5ms
[2022-03-01T14:55:31.693+0100][918.160s] GC(205)   Other: 0.1ms
[2022-03-01T14:55:31.693+0100][918.160s] GC(205) Eden regions: 305->0(305)
[2022-03-01T14:55:31.693+0100][918.160s] GC(205) Survivor regions: 2->2(39)
[2022-03-01T14:55:31.693+0100][918.160s] GC(205) Old regions: 85->85
[2022-03-01T14:55:31.693+0100][918.160s] GC(205) Humongous regions: 7->7
[2022-03-01T14:55:31.693+0100][918.160s] GC(205) Metaspace: 67418K->67418K(1112064K)
[2022-03-01T14:55:31.693+0100][918.160s] GC(205) Pause Young (Normal) (G1 Evacuation Pause) 397M->92M(512M) 1.603ms
[2022-03-01T14:55:31.693+0100][918.160s] GC(205) User=0.01s Sys=0.00s Real=0.00s
[2022-03-01T14:55:32.714+0100][919.181s] GC(206) Pause Young (Normal) (G1 Evacuation Pause)
[2022-03-01T14:55:32.714+0100][919.181s] GC(206) Using 10 workers of 10 for evacuation
[2022-03-01T14:55:32.716+0100][919.182s] GC(206)   Pre Evacuate Collection Set: 0.0ms
[2022-03-01T14:55:32.716+0100][919.182s] GC(206)   Evacuate Collection Set: 1.0ms
[2022-03-01T14:55:32.716+0100][919.182s] GC(206)   Post Evacuate Collection Set: 0.4ms
[2022-03-01T14:55:32.716+0100][919.182s] GC(206)   Other: 0.1ms
[2022-03-01T14:55:32.716+0100][919.182s] GC(206) Eden regions: 305->0(305)
[2022-03-01T14:55:32.716+0100][919.183s] GC(206) Survivor regions: 2->2(39)
[2022-03-01T14:55:32.716+0100][919.183s] GC(206) Old regions: 85->85
[2022-03-01T14:55:32.716+0100][919.183s] GC(206) Humongous regions: 7->7
[2022-03-01T14:55:32.716+0100][919.183s] GC(206) Metaspace: 67418K->67418K(1112064K)
[2022-03-01T14:55:32.716+0100][919.183s] GC(206) Pause Young (Normal) (G1 Evacuation Pause) 397M->92M(512M) 1.630ms
[2022-03-01T14:55:32.716+0100][919.183s] GC(206) User=0.01s Sys=0.00s Real=0.00s
[2022-03-01T14:55:33.711+0100][920.178s] GC(207) Pause Young (Normal) (G1 Evacuation Pause)
[2022-03-01T14:55:33.711+0100][920.178s] GC(207) Using 10 workers of 10 for evacuation
[2022-03-01T14:55:33.713+0100][920.180s] GC(207)   Pre Evacuate Collection Set: 0.0ms
[2022-03-01T14:55:33.713+0100][920.180s] GC(207)   Evacuate Collection Set: 1.0ms
[2022-03-01T14:55:33.713+0100][920.180s] GC(207)   Post Evacuate Collection Set: 0.3ms
[2022-03-01T14:55:33.713+0100][920.180s] GC(207)   Other: 0.1ms
[2022-03-01T14:55:33.713+0100][920.180s] GC(207) Eden regions: 305->0(305)
[2022-03-01T14:55:33.713+0100][920.180s] GC(207) Survivor regions: 2->2(39)
[2022-03-01T14:55:33.713+0100][920.180s] GC(207) Old regions: 85->85
[2022-03-01T14:55:33.713+0100][920.180s] GC(207) Humongous regions: 7->7
[2022-03-01T14:55:33.713+0100][920.180s] GC(207) Metaspace: 67418K->67418K(1112064K)
[2022-03-01T14:55:33.713+0100][920.180s] GC(207) Pause Young (Normal) (G1 Evacuation Pause) 397M->92M(512M) 1.512ms
[2022-03-01T14:55:33.713+0100][920.180s] GC(207) User=0.01s Sys=0.01s Real=0.00s
[2022-03-01T14:55:34.804+0100][921.271s] GC(208) Pause Young (Normal) (G1 Evacuation Pause)
[2022-03-01T14:55:34.804+0100][921.271s] GC(208) Using 10 workers of 10 for evacuation
[2022-03-01T14:55:34.807+0100][921.274s] GC(208)   Pre Evacuate Collection Set: 0.0ms
[2022-03-01T14:55:34.807+0100][921.274s] GC(208)   Evacuate Collection Set: 1.9ms
[2022-03-01T14:55:34.807+0100][921.274s] GC(208)   Post Evacuate Collection Set: 0.5ms
[2022-03-01T14:55:34.807+0100][921.274s] GC(208)   Other: 0.2ms
[2022-03-01T14:55:34.807+0100][921.274s] GC(208) Eden regions: 305->0(305)
[2022-03-01T14:55:34.807+0100][921.274s] GC(208) Survivor regions: 2->2(39)
[2022-03-01T14:55:34.807+0100][921.274s] GC(208) Old regions: 85->85
[2022-03-01T14:55:34.807+0100][921.274s] GC(208) Humongous regions: 7->7
[2022-03-01T14:55:34.807+0100][921.274s] GC(208) Metaspace: 67418K->67418K(1112064K)
[2022-03-01T14:55:34.807+0100][921.274s] GC(208) Pause Young (Normal) (G1 Evacuation Pause) 397M->92M(512M) 2.691ms
[2022-03-01T14:55:34.807+0100][921.274s] GC(208) User=0.02s Sys=0.00s Real=0.00s
[2022-03-01T14:55:35.994+0100][922.461s] GC(209) Pause Young (Normal) (G1 Evacuation Pause)
[2022-03-01T14:55:35.994+0100][922.461s] GC(209) Using 10 workers of 10 for evacuation
[2022-03-01T14:55:35.997+0100][922.463s] GC(209)   Pre Evacuate Collection Set: 0.0ms
[2022-03-01T14:55:35.997+0100][922.463s] GC(209)   Evacuate Collection Set: 1.7ms
[2022-03-01T14:55:35.997+0100][922.463s] GC(209)   Post Evacuate Collection Set: 0.4ms
[2022-03-01T14:55:35.997+0100][922.463s] GC(209)   Other: 0.1ms
[2022-03-01T14:55:35.997+0100][922.463s] GC(209) Eden regions: 305->0(304)
[2022-03-01T14:55:35.997+0100][922.463s] GC(209) Survivor regions: 2->3(39)
[2022-03-01T14:55:35.997+0100][922.463s] GC(209) Old regions: 85->86
[2022-03-01T14:55:35.997+0100][922.463s] GC(209) Humongous regions: 7->7
[2022-03-01T14:55:35.997+0100][922.463s] GC(209) Metaspace: 67439K->67439K(1112064K)
[2022-03-01T14:55:35.997+0100][922.464s] GC(209) Pause Young (Normal) (G1 Evacuation Pause) 397M->93M(512M) 2.347ms
[2022-03-01T14:55:35.997+0100][922.464s] GC(209) User=0.01s Sys=0.01s Real=0.00s
[2022-03-01T14:55:37.040+0100][923.507s] GC(210) Pause Young (Normal) (G1 Evacuation Pause)
[2022-03-01T14:55:37.040+0100][923.507s] GC(210) Using 10 workers of 10 for evacuation
[2022-03-01T14:55:37.042+0100][923.509s] GC(210)   Pre Evacuate Collection Set: 0.0ms
[2022-03-01T14:55:37.042+0100][923.509s] GC(210)   Evacuate Collection Set: 1.2ms
[2022-03-01T14:55:37.042+0100][923.509s] GC(210)   Post Evacuate Collection Set: 0.5ms
[2022-03-01T14:55:37.042+0100][923.509s] GC(210)   Other: 0.1ms
[2022-03-01T14:55:37.042+0100][923.509s] GC(210) Eden regions: 304->0(305)
[2022-03-01T14:55:37.042+0100][923.509s] GC(210) Survivor regions: 3->2(39)
[2022-03-01T14:55:37.042+0100][923.509s] GC(210) Old regions: 86->86
[2022-03-01T14:55:37.042+0100][923.509s] GC(210) Humongous regions: 7->7
[2022-03-01T14:55:37.042+0100][923.509s] GC(210) Metaspace: 67439K->67439K(1112064K)
[2022-03-01T14:55:37.042+0100][923.509s] GC(210) Pause Young (Normal) (G1 Evacuation Pause) 397M->92M(512M) 1.945ms
[2022-03-01T14:55:37.042+0100][923.509s] GC(210) User=0.02s Sys=0.00s Real=0.01s
[2022-03-01T14:55:38.266+0100][924.733s] GC(211) Pause Young (Normal) (G1 Evacuation Pause)
[2022-03-01T14:55:38.266+0100][924.733s] GC(211) Using 10 workers of 10 for evacuation
[2022-03-01T14:55:38.268+0100][924.735s] GC(211)   Pre Evacuate Collection Set: 0.0ms
[2022-03-01T14:55:38.268+0100][924.735s] GC(211)   Evacuate Collection Set: 1.1ms
[2022-03-01T14:55:38.268+0100][924.735s] GC(211)   Post Evacuate Collection Set: 0.6ms
[2022-03-01T14:55:38.268+0100][924.735s] GC(211)   Other: 0.1ms
[2022-03-01T14:55:38.268+0100][924.735s] GC(211) Eden regions: 305->0(305)
[2022-03-01T14:55:38.268+0100][924.735s] GC(211) Survivor regions: 2->2(39)
[2022-03-01T14:55:38.268+0100][924.735s] GC(211) Old regions: 86->86
[2022-03-01T14:55:38.268+0100][924.735s] GC(211) Humongous regions: 7->7
[2022-03-01T14:55:38.268+0100][924.735s] GC(211) Metaspace: 67439K->67439K(1112064K)
[2022-03-01T14:55:38.268+0100][924.735s] GC(211) Pause Young (Normal) (G1 Evacuation Pause) 397M->92M(512M) 1.852ms
[2022-03-01T14:55:38.268+0100][924.735s] GC(211) User=0.01s Sys=0.00s Real=0.00s
[2022-03-01T14:55:39.178+0100][925.645s] GC(212) Pause Young (Normal) (G1 Evacuation Pause)
[2022-03-01T14:55:39.178+0100][925.645s] GC(212) Using 10 workers of 10 for evacuation
[2022-03-01T14:55:39.179+0100][925.646s] GC(212)   Pre Evacuate Collection Set: 0.0ms
[2022-03-01T14:55:39.179+0100][925.646s] GC(212)   Evacuate Collection Set: 0.9ms
[2022-03-01T14:55:39.179+0100][925.646s] GC(212)   Post Evacuate Collection Set: 0.4ms
[2022-03-01T14:55:39.180+0100][925.646s] GC(212)   Other: 0.1ms
[2022-03-01T14:55:39.180+0100][925.646s] GC(212) Eden regions: 305->0(305)
[2022-03-01T14:55:39.180+0100][925.646s] GC(212) Survivor regions: 2->2(39)
[2022-03-01T14:55:39.180+0100][925.646s] GC(212) Old regions: 86->86
[2022-03-01T14:55:39.180+0100][925.646s] GC(212) Humongous regions: 7->7
[2022-03-01T14:55:39.180+0100][925.646s] GC(212) Metaspace: 67439K->67439K(1112064K)
[2022-03-01T14:55:39.180+0100][925.646s] GC(212) Pause Young (Normal) (G1 Evacuation Pause) 397M->92M(512M) 1.461ms
[2022-03-01T14:55:39.180+0100][925.646s] GC(212) User=0.00s Sys=0.00s Real=0.00s
[2022-03-01T14:55:40.360+0100][926.827s] GC(213) Pause Young (Normal) (G1 Evacuation Pause)
[2022-03-01T14:55:40.360+0100][926.827s] GC(213) Using 10 workers of 10 for evacuation
[2022-03-01T14:55:40.363+0100][926.829s] GC(213)   Pre Evacuate Collection Set: 0.0ms
[2022-03-01T14:55:40.363+0100][926.829s] GC(213)   Evacuate Collection Set: 1.5ms
[2022-03-01T14:55:40.363+0100][926.829s] GC(213)   Post Evacuate Collection Set: 0.6ms
[2022-03-01T14:55:40.363+0100][926.830s] GC(213)   Other: 0.2ms
[2022-03-01T14:55:40.363+0100][926.830s] GC(213) Eden regions: 305->0(305)
[2022-03-01T14:55:40.363+0100][926.830s] GC(213) Survivor regions: 2->2(39)
[2022-03-01T14:55:40.363+0100][926.830s] GC(213) Old regions: 86->86
[2022-03-01T14:55:40.363+0100][926.830s] GC(213) Humongous regions: 7->7
[2022-03-01T14:55:40.363+0100][926.830s] GC(213) Metaspace: 67439K->67439K(1112064K)
[2022-03-01T14:55:40.363+0100][926.830s] GC(213) Pause Young (Normal) (G1 Evacuation Pause) 397M->92M(512M) 2.342ms
[2022-03-01T14:55:40.363+0100][926.830s] GC(213) User=0.02s Sys=0.00s Real=0.01s
[2022-03-01T14:55:41.404+0100][927.871s] GC(214) Pause Young (Normal) (G1 Evacuation Pause)
[2022-03-01T14:55:41.404+0100][927.871s] GC(214) Using 10 workers of 10 for evacuation
[2022-03-01T14:55:41.406+0100][927.873s] GC(214)   Pre Evacuate Collection Set: 0.0ms
[2022-03-01T14:55:41.409+0100][927.876s] GC(214)   Evacuate Collection Set: 1.1ms
[2022-03-01T14:55:41.409+0100][927.876s] GC(214)   Post Evacuate Collection Set: 0.5ms
[2022-03-01T14:55:41.409+0100][927.876s] GC(214)   Other: 0.2ms
[2022-03-01T14:55:41.409+0100][927.876s] GC(214) Eden regions: 305->0(305)
[2022-03-01T14:55:41.409+0100][927.876s] GC(214) Survivor regions: 2->2(39)
[2022-03-01T14:55:41.409+0100][927.876s] GC(214) Old regions: 86->86
[2022-03-01T14:55:41.409+0100][927.876s] GC(214) Humongous regions: 7->7
[2022-03-01T14:55:41.409+0100][927.876s] GC(214) Metaspace: 67439K->67439K(1112064K)
[2022-03-01T14:55:41.409+0100][927.876s] GC(214) Pause Young (Normal) (G1 Evacuation Pause) 397M->92M(512M) 4.829ms
[2022-03-01T14:55:41.409+0100][927.876s] GC(214) User=0.01s Sys=0.00s Real=0.01s
[2022-03-01T14:55:42.398+0100][928.864s] GC(215) Pause Young (Normal) (G1 Evacuation Pause)
[2022-03-01T14:55:42.398+0100][928.865s] GC(215) Using 10 workers of 10 for evacuation
[2022-03-01T14:55:42.399+0100][928.866s] GC(215)   Pre Evacuate Collection Set: 0.0ms
[2022-03-01T14:55:42.399+0100][928.866s] GC(215)   Evacuate Collection Set: 1.1ms
[2022-03-01T14:55:42.399+0100][928.866s] GC(215)   Post Evacuate Collection Set: 0.5ms
[2022-03-01T14:55:42.399+0100][928.866s] GC(215)   Other: 0.1ms
[2022-03-01T14:55:42.399+0100][928.866s] GC(215) Eden regions: 305->0(305)
[2022-03-01T14:55:42.399+0100][928.866s] GC(215) Survivor regions: 2->2(39)
[2022-03-01T14:55:42.399+0100][928.866s] GC(215) Old regions: 86->86
[2022-03-01T14:55:42.399+0100][928.866s] GC(215) Humongous regions: 7->7
[2022-03-01T14:55:42.399+0100][928.866s] GC(215) Metaspace: 67439K->67439K(1112064K)
[2022-03-01T14:55:42.399+0100][928.866s] GC(215) Pause Young (Normal) (G1 Evacuation Pause) 397M->92M(512M) 1.788ms
[2022-03-01T14:55:42.399+0100][928.866s] GC(215) User=0.01s Sys=0.00s Real=0.00s
[2022-03-01T14:55:43.412+0100][929.878s] GC(216) Pause Young (Normal) (G1 Evacuation Pause)
[2022-03-01T14:55:43.412+0100][929.878s] GC(216) Using 10 workers of 10 for evacuation
[2022-03-01T14:55:43.413+0100][929.880s] GC(216)   Pre Evacuate Collection Set: 0.0ms
[2022-03-01T14:55:43.413+0100][929.880s] GC(216)   Evacuate Collection Set: 1.0ms
[2022-03-01T14:55:43.413+0100][929.880s] GC(216)   Post Evacuate Collection Set: 0.4ms
[2022-03-01T14:55:43.413+0100][929.880s] GC(216)   Other: 0.1ms
[2022-03-01T14:55:43.413+0100][929.880s] GC(216) Eden regions: 305->0(305)
[2022-03-01T14:55:43.413+0100][929.880s] GC(216) Survivor regions: 2->2(39)
[2022-03-01T14:55:43.413+0100][929.880s] GC(216) Old regions: 86->86
[2022-03-01T14:55:43.413+0100][929.880s] GC(216) Humongous regions: 7->7
[2022-03-01T14:55:43.413+0100][929.880s] GC(216) Metaspace: 67439K->67439K(1112064K)
[2022-03-01T14:55:43.413+0100][929.880s] GC(216) Pause Young (Normal) (G1 Evacuation Pause) 397M->92M(512M) 1.631ms
[2022-03-01T14:55:43.413+0100][929.880s] GC(216) User=0.02s Sys=0.00s Real=0.00s
[2022-03-01T14:55:44.561+0100][931.028s] GC(217) Pause Young (Normal) (G1 Evacuation Pause)
[2022-03-01T14:55:44.561+0100][931.028s] GC(217) Using 10 workers of 10 for evacuation
[2022-03-01T14:55:44.563+0100][931.030s] GC(217)   Pre Evacuate Collection Set: 0.0ms
[2022-03-01T14:55:44.563+0100][931.030s] GC(217)   Evacuate Collection Set: 1.1ms
[2022-03-01T14:55:44.563+0100][931.030s] GC(217)   Post Evacuate Collection Set: 0.4ms
[2022-03-01T14:55:44.563+0100][931.030s] GC(217)   Other: 0.2ms
[2022-03-01T14:55:44.563+0100][931.030s] GC(217) Eden regions: 305->0(305)
[2022-03-01T14:55:44.563+0100][931.030s] GC(217) Survivor regions: 2->2(39)
[2022-03-01T14:55:44.563+0100][931.030s] GC(217) Old regions: 86->86
[2022-03-01T14:55:44.563+0100][931.030s] GC(217) Humongous regions: 7->7
[2022-03-01T14:55:44.563+0100][931.030s] GC(217) Metaspace: 67439K->67439K(1112064K)
[2022-03-01T14:55:44.563+0100][931.030s] GC(217) Pause Young (Normal) (G1 Evacuation Pause) 397M->92M(512M) 1.699ms
[2022-03-01T14:55:44.563+0100][931.030s] GC(217) User=0.01s Sys=0.00s Real=0.00s
[2022-03-01T14:55:45.578+0100][932.045s] GC(218) Pause Young (Normal) (G1 Evacuation Pause)
[2022-03-01T14:55:45.578+0100][932.045s] GC(218) Using 10 workers of 10 for evacuation
[2022-03-01T14:55:45.582+0100][932.049s] GC(218)   Pre Evacuate Collection Set: 0.0ms
[2022-03-01T14:55:45.582+0100][932.049s] GC(218)   Evacuate Collection Set: 1.9ms
[2022-03-01T14:55:45.582+0100][932.049s] GC(218)   Post Evacuate Collection Set: 1.6ms
[2022-03-01T14:55:45.582+0100][932.049s] GC(218)   Other: 0.2ms
[2022-03-01T14:55:45.582+0100][932.049s] GC(218) Eden regions: 305->0(305)
[2022-03-01T14:55:45.582+0100][932.049s] GC(218) Survivor regions: 2->2(39)
[2022-03-01T14:55:45.582+0100][932.049s] GC(218) Old regions: 86->86
[2022-03-01T14:55:45.582+0100][932.049s] GC(218) Humongous regions: 7->7
[2022-03-01T14:55:45.582+0100][932.049s] GC(218) Metaspace: 67439K->67439K(1112064K)
[2022-03-01T14:55:45.582+0100][932.049s] GC(218) Pause Young (Normal) (G1 Evacuation Pause) 397M->92M(512M) 3.825ms
[2022-03-01T14:55:45.582+0100][932.049s] GC(218) User=0.02s Sys=0.00s Real=0.01s
[2022-03-01T14:55:46.535+0100][933.002s] GC(219) Pause Young (Normal) (G1 Evacuation Pause)
[2022-03-01T14:55:46.535+0100][933.002s] GC(219) Using 10 workers of 10 for evacuation
[2022-03-01T14:55:46.537+0100][933.004s] GC(219)   Pre Evacuate Collection Set: 0.0ms
[2022-03-01T14:55:46.537+0100][933.004s] GC(219)   Evacuate Collection Set: 1.0ms
[2022-03-01T14:55:46.537+0100][933.004s] GC(219)   Post Evacuate Collection Set: 0.4ms
[2022-03-01T14:55:46.537+0100][933.004s] GC(219)   Other: 0.1ms
[2022-03-01T14:55:46.537+0100][933.004s] GC(219) Eden regions: 305->0(305)
[2022-03-01T14:55:46.537+0100][933.004s] GC(219) Survivor regions: 2->2(39)
[2022-03-01T14:55:46.537+0100][933.004s] GC(219) Old regions: 86->86
[2022-03-01T14:55:46.537+0100][933.004s] GC(219) Humongous regions: 7->7
[2022-03-01T14:55:46.537+0100][933.004s] GC(219) Metaspace: 67439K->67439K(1112064K)
[2022-03-01T14:55:46.537+0100][933.004s] GC(219) Pause Young (Normal) (G1 Evacuation Pause) 397M->92M(512M) 1.643ms
[2022-03-01T14:55:46.537+0100][933.004s] GC(219) User=0.01s Sys=0.00s Real=0.00s
[2022-03-01T14:55:47.418+0100][933.884s] GC(220) Pause Young (Normal) (G1 Evacuation Pause)
[2022-03-01T14:55:47.418+0100][933.884s] GC(220) Using 10 workers of 10 for evacuation
[2022-03-01T14:55:47.419+0100][933.886s] GC(220)   Pre Evacuate Collection Set: 0.0ms
[2022-03-01T14:55:47.419+0100][933.886s] GC(220)   Evacuate Collection Set: 1.0ms
[2022-03-01T14:55:47.419+0100][933.886s] GC(220)   Post Evacuate Collection Set: 0.4ms
[2022-03-01T14:55:47.419+0100][933.886s] GC(220)   Other: 0.1ms
[2022-03-01T14:55:47.419+0100][933.886s] GC(220) Eden regions: 305->0(305)
[2022-03-01T14:55:47.419+0100][933.886s] GC(220) Survivor regions: 2->2(39)
[2022-03-01T14:55:47.419+0100][933.886s] GC(220) Old regions: 86->86
[2022-03-01T14:55:47.419+0100][933.886s] GC(220) Humongous regions: 7->7
[2022-03-01T14:55:47.419+0100][933.886s] GC(220) Metaspace: 67439K->67439K(1112064K)
[2022-03-01T14:55:47.419+0100][933.886s] GC(220) Pause Young (Normal) (G1 Evacuation Pause) 397M->92M(512M) 1.556ms
[2022-03-01T14:55:47.419+0100][933.886s] GC(220) User=0.01s Sys=0.01s Real=0.00s
[2022-03-01T14:55:48.377+0100][934.844s] GC(221) Pause Young (Normal) (G1 Evacuation Pause)
[2022-03-01T14:55:48.377+0100][934.844s] GC(221) Using 10 workers of 10 for evacuation
[2022-03-01T14:55:48.379+0100][934.846s] GC(221)   Pre Evacuate Collection Set: 0.0ms
[2022-03-01T14:55:48.379+0100][934.846s] GC(221)   Evacuate Collection Set: 1.2ms
[2022-03-01T14:55:48.379+0100][934.846s] GC(221)   Post Evacuate Collection Set: 0.6ms
[2022-03-01T14:55:48.379+0100][934.846s] GC(221)   Other: 0.1ms
[2022-03-01T14:55:48.379+0100][934.846s] GC(221) Eden regions: 305->0(305)
[2022-03-01T14:55:48.379+0100][934.846s] GC(221) Survivor regions: 2->2(39)
[2022-03-01T14:55:48.379+0100][934.846s] GC(221) Old regions: 86->86
[2022-03-01T14:55:48.379+0100][934.846s] GC(221) Humongous regions: 7->7
[2022-03-01T14:55:48.379+0100][934.846s] GC(221) Metaspace: 67439K->67439K(1112064K)
[2022-03-01T14:55:48.379+0100][934.846s] GC(221) Pause Young (Normal) (G1 Evacuation Pause) 397M->92M(512M) 1.947ms
[2022-03-01T14:55:48.379+0100][934.846s] GC(221) User=0.01s Sys=0.01s Real=0.00s
[2022-03-01T14:55:49.431+0100][935.898s] GC(222) Pause Young (Normal) (G1 Evacuation Pause)
[2022-03-01T14:55:49.431+0100][935.898s] GC(222) Using 10 workers of 10 for evacuation
[2022-03-01T14:55:49.433+0100][935.900s] GC(222)   Pre Evacuate Collection Set: 0.0ms
[2022-03-01T14:55:49.433+0100][935.900s] GC(222)   Evacuate Collection Set: 1.6ms
[2022-03-01T14:55:49.433+0100][935.900s] GC(222)   Post Evacuate Collection Set: 0.4ms
[2022-03-01T14:55:49.433+0100][935.900s] GC(222)   Other: 0.2ms
[2022-03-01T14:55:49.433+0100][935.900s] GC(222) Eden regions: 305->0(303)
[2022-03-01T14:55:49.433+0100][935.900s] GC(222) Survivor regions: 2->4(39)
[2022-03-01T14:55:49.433+0100][935.900s] GC(222) Old regions: 86->86
[2022-03-01T14:55:49.433+0100][935.900s] GC(222) Humongous regions: 7->7
[2022-03-01T14:55:49.433+0100][935.900s] GC(222) Metaspace: 67439K->67439K(1112064K)
[2022-03-01T14:55:49.433+0100][935.900s] GC(222) Pause Young (Normal) (G1 Evacuation Pause) 397M->94M(512M) 2.260ms
[2022-03-01T14:55:49.433+0100][935.900s] GC(222) User=0.02s Sys=0.00s Real=0.00s
[2022-03-01T14:55:50.412+0100][936.879s] GC(223) Pause Young (Normal) (G1 Evacuation Pause)
[2022-03-01T14:55:50.412+0100][936.879s] GC(223) Using 10 workers of 10 for evacuation
[2022-03-01T14:55:50.414+0100][936.880s] GC(223)   Pre Evacuate Collection Set: 0.0ms
[2022-03-01T14:55:50.414+0100][936.880s] GC(223)   Evacuate Collection Set: 1.1ms
[2022-03-01T14:55:50.414+0100][936.880s] GC(223)   Post Evacuate Collection Set: 0.5ms
[2022-03-01T14:55:50.414+0100][936.880s] GC(223)   Other: 0.1ms
[2022-03-01T14:55:50.414+0100][936.880s] GC(223) Eden regions: 303->0(305)
[2022-03-01T14:55:50.414+0100][936.880s] GC(223) Survivor regions: 4->2(39)
[2022-03-01T14:55:50.414+0100][936.880s] GC(223) Old regions: 86->86
[2022-03-01T14:55:50.414+0100][936.880s] GC(223) Humongous regions: 7->7
[2022-03-01T14:55:50.414+0100][936.880s] GC(223) Metaspace: 67439K->67439K(1112064K)
[2022-03-01T14:55:50.414+0100][936.880s] GC(223) Pause Young (Normal) (G1 Evacuation Pause) 397M->92M(512M) 1.807ms
[2022-03-01T14:55:50.414+0100][936.880s] GC(223) User=0.01s Sys=0.00s Real=0.00s
[2022-03-01T14:55:51.315+0100][937.782s] GC(224) Pause Young (Normal) (G1 Evacuation Pause)
[2022-03-01T14:55:51.315+0100][937.782s] GC(224) Using 10 workers of 10 for evacuation
[2022-03-01T14:55:51.317+0100][937.784s] GC(224)   Pre Evacuate Collection Set: 0.0ms
[2022-03-01T14:55:51.317+0100][937.784s] GC(224)   Evacuate Collection Set: 1.2ms
[2022-03-01T14:55:51.317+0100][937.784s] GC(224)   Post Evacuate Collection Set: 0.5ms
[2022-03-01T14:55:51.317+0100][937.784s] GC(224)   Other: 0.1ms
[2022-03-01T14:55:51.317+0100][937.784s] GC(224) Eden regions: 305->0(305)
[2022-03-01T14:55:51.317+0100][937.784s] GC(224) Survivor regions: 2->2(39)
[2022-03-01T14:55:51.317+0100][937.784s] GC(224) Old regions: 86->86
[2022-03-01T14:55:51.317+0100][937.784s] GC(224) Humongous regions: 7->7
[2022-03-01T14:55:51.317+0100][937.784s] GC(224) Metaspace: 67439K->67439K(1112064K)
[2022-03-01T14:55:51.317+0100][937.784s] GC(224) Pause Young (Normal) (G1 Evacuation Pause) 397M->92M(512M) 1.834ms
[2022-03-01T14:55:51.317+0100][937.784s] GC(224) User=0.01s Sys=0.00s Real=0.00s
[2022-03-01T14:55:52.329+0100][938.795s] GC(225) Pause Young (Normal) (G1 Evacuation Pause)
[2022-03-01T14:55:52.329+0100][938.795s] GC(225) Using 10 workers of 10 for evacuation
[2022-03-01T14:55:52.330+0100][938.797s] GC(225)   Pre Evacuate Collection Set: 0.0ms
[2022-03-01T14:55:52.330+0100][938.797s] GC(225)   Evacuate Collection Set: 1.0ms
[2022-03-01T14:55:52.330+0100][938.797s] GC(225)   Post Evacuate Collection Set: 0.5ms
[2022-03-01T14:55:52.330+0100][938.797s] GC(225)   Other: 0.2ms
[2022-03-01T14:55:52.330+0100][938.797s] GC(225) Eden regions: 305->0(305)
[2022-03-01T14:55:52.330+0100][938.797s] GC(225) Survivor regions: 2->2(39)
[2022-03-01T14:55:52.330+0100][938.797s] GC(225) Old regions: 86->86
[2022-03-01T14:55:52.330+0100][938.797s] GC(225) Humongous regions: 7->7
[2022-03-01T14:55:52.330+0100][938.797s] GC(225) Metaspace: 67439K->67439K(1112064K)
[2022-03-01T14:55:52.330+0100][938.797s] GC(225) Pause Young (Normal) (G1 Evacuation Pause) 397M->92M(512M) 1.759ms
[2022-03-01T14:55:52.330+0100][938.797s] GC(225) User=0.01s Sys=0.00s Real=0.01s
[2022-03-01T14:55:53.357+0100][939.824s] GC(226) Pause Young (Normal) (G1 Evacuation Pause)
[2022-03-01T14:55:53.357+0100][939.824s] GC(226) Using 10 workers of 10 for evacuation
[2022-03-01T14:55:53.359+0100][939.826s] GC(226)   Pre Evacuate Collection Set: 0.0ms
[2022-03-01T14:55:53.359+0100][939.826s] GC(226)   Evacuate Collection Set: 1.1ms
[2022-03-01T14:55:53.359+0100][939.826s] GC(226)   Post Evacuate Collection Set: 0.5ms
[2022-03-01T14:55:53.359+0100][939.826s] GC(226)   Other: 0.2ms
[2022-03-01T14:55:53.359+0100][939.826s] GC(226) Eden regions: 305->0(305)
[2022-03-01T14:55:53.359+0100][939.826s] GC(226) Survivor regions: 2->2(39)
[2022-03-01T14:55:53.359+0100][939.826s] GC(226) Old regions: 86->86
[2022-03-01T14:55:53.359+0100][939.826s] GC(226) Humongous regions: 7->7
[2022-03-01T14:55:53.359+0100][939.826s] GC(226) Metaspace: 67443K->67443K(1112064K)
[2022-03-01T14:55:53.359+0100][939.826s] GC(226) Pause Young (Normal) (G1 Evacuation Pause) 397M->92M(512M) 1.853ms
[2022-03-01T14:55:53.359+0100][939.826s] GC(226) User=0.01s Sys=0.00s Real=0.00s
[2022-03-01T14:55:54.315+0100][940.781s] GC(227) Pause Young (Normal) (G1 Evacuation Pause)
[2022-03-01T14:55:54.315+0100][940.781s] GC(227) Using 10 workers of 10 for evacuation
[2022-03-01T14:55:54.316+0100][940.783s] GC(227)   Pre Evacuate Collection Set: 0.0ms
[2022-03-01T14:55:54.316+0100][940.783s] GC(227)   Evacuate Collection Set: 1.0ms
[2022-03-01T14:55:54.316+0100][940.783s] GC(227)   Post Evacuate Collection Set: 0.4ms
[2022-03-01T14:55:54.316+0100][940.783s] GC(227)   Other: 0.1ms
[2022-03-01T14:55:54.316+0100][940.783s] GC(227) Eden regions: 305->0(305)
[2022-03-01T14:55:54.316+0100][940.783s] GC(227) Survivor regions: 2->2(39)
[2022-03-01T14:55:54.316+0100][940.783s] GC(227) Old regions: 86->86
[2022-03-01T14:55:54.316+0100][940.783s] GC(227) Humongous regions: 7->7
[2022-03-01T14:55:54.316+0100][940.783s] GC(227) Metaspace: 67443K->67443K(1112064K)
[2022-03-01T14:55:54.316+0100][940.783s] GC(227) Pause Young (Normal) (G1 Evacuation Pause) 397M->92M(512M) 1.574ms
[2022-03-01T14:55:54.316+0100][940.783s] GC(227) User=0.01s Sys=0.00s Real=0.00s
[2022-03-01T14:55:55.406+0100][941.873s] GC(228) Pause Young (Normal) (G1 Evacuation Pause)
[2022-03-01T14:55:55.406+0100][941.873s] GC(228) Using 10 workers of 10 for evacuation
[2022-03-01T14:55:55.408+0100][941.874s] GC(228)   Pre Evacuate Collection Set: 0.0ms
[2022-03-01T14:55:55.408+0100][941.874s] GC(228)   Evacuate Collection Set: 1.0ms
[2022-03-01T14:55:55.408+0100][941.874s] GC(228)   Post Evacuate Collection Set: 0.5ms
[2022-03-01T14:55:55.408+0100][941.874s] GC(228)   Other: 0.1ms
[2022-03-01T14:55:55.408+0100][941.875s] GC(228) Eden regions: 305->0(305)
[2022-03-01T14:55:55.408+0100][941.875s] GC(228) Survivor regions: 2->2(39)
[2022-03-01T14:55:55.408+0100][941.875s] GC(228) Old regions: 86->86
[2022-03-01T14:55:55.408+0100][941.875s] GC(228) Humongous regions: 7->7
[2022-03-01T14:55:55.408+0100][941.875s] GC(228) Metaspace: 67443K->67443K(1112064K)
[2022-03-01T14:55:55.408+0100][941.875s] GC(228) Pause Young (Normal) (G1 Evacuation Pause) 397M->92M(512M) 1.747ms
[2022-03-01T14:55:55.408+0100][941.875s] GC(228) User=0.01s Sys=0.01s Real=0.00s
[2022-03-01T14:55:56.409+0100][942.876s] GC(229) Pause Young (Normal) (G1 Evacuation Pause)
[2022-03-01T14:55:56.409+0100][942.876s] GC(229) Using 10 workers of 10 for evacuation
[2022-03-01T14:55:56.410+0100][942.877s] GC(229)   Pre Evacuate Collection Set: 0.0ms
[2022-03-01T14:55:56.410+0100][942.877s] GC(229)   Evacuate Collection Set: 1.0ms
[2022-03-01T14:55:56.410+0100][942.877s] GC(229)   Post Evacuate Collection Set: 0.4ms
[2022-03-01T14:55:56.410+0100][942.877s] GC(229)   Other: 0.2ms
[2022-03-01T14:55:56.410+0100][942.877s] GC(229) Eden regions: 305->0(305)
[2022-03-01T14:55:56.410+0100][942.877s] GC(229) Survivor regions: 2->2(39)
[2022-03-01T14:55:56.410+0100][942.877s] GC(229) Old regions: 86->86
[2022-03-01T14:55:56.410+0100][942.877s] GC(229) Humongous regions: 7->7
[2022-03-01T14:55:56.410+0100][942.877s] GC(229) Metaspace: 67443K->67443K(1112064K)
[2022-03-01T14:55:56.410+0100][942.877s] GC(229) Pause Young (Normal) (G1 Evacuation Pause) 397M->92M(512M) 1.661ms
[2022-03-01T14:55:56.410+0100][942.877s] GC(229) User=0.01s Sys=0.01s Real=0.01s
[2022-03-01T14:55:57.477+0100][943.944s] GC(230) Pause Young (Normal) (G1 Evacuation Pause)
[2022-03-01T14:55:57.477+0100][943.944s] GC(230) Using 10 workers of 10 for evacuation
[2022-03-01T14:55:57.480+0100][943.946s] GC(230)   Pre Evacuate Collection Set: 0.0ms
[2022-03-01T14:55:57.480+0100][943.946s] GC(230)   Evacuate Collection Set: 1.7ms
[2022-03-01T14:55:57.480+0100][943.946s] GC(230)   Post Evacuate Collection Set: 0.6ms
[2022-03-01T14:55:57.480+0100][943.946s] GC(230)   Other: 0.2ms
[2022-03-01T14:55:57.480+0100][943.946s] GC(230) Eden regions: 305->0(303)
[2022-03-01T14:55:57.480+0100][943.946s] GC(230) Survivor regions: 2->4(39)
[2022-03-01T14:55:57.480+0100][943.946s] GC(230) Old regions: 86->86
[2022-03-01T14:55:57.480+0100][943.947s] GC(230) Humongous regions: 7->7
[2022-03-01T14:55:57.480+0100][943.947s] GC(230) Metaspace: 67458K->67458K(1112064K)
[2022-03-01T14:55:57.480+0100][943.947s] GC(230) Pause Young (Normal) (G1 Evacuation Pause) 397M->94M(512M) 2.575ms
[2022-03-01T14:55:57.480+0100][943.947s] GC(230) User=0.01s Sys=0.01s Real=0.00s
[2022-03-01T14:55:58.599+0100][945.066s] GC(231) Pause Young (Normal) (G1 Evacuation Pause)
[2022-03-01T14:55:58.599+0100][945.066s] GC(231) Using 10 workers of 10 for evacuation
[2022-03-01T14:55:58.601+0100][945.067s] GC(231)   Pre Evacuate Collection Set: 0.0ms
[2022-03-01T14:55:58.601+0100][945.067s] GC(231)   Evacuate Collection Set: 1.1ms
[2022-03-01T14:55:58.601+0100][945.067s] GC(231)   Post Evacuate Collection Set: 0.4ms
[2022-03-01T14:55:58.601+0100][945.067s] GC(231)   Other: 0.2ms
[2022-03-01T14:55:58.601+0100][945.067s] GC(231) Eden regions: 303->0(305)
[2022-03-01T14:55:58.601+0100][945.067s] GC(231) Survivor regions: 4->2(39)
[2022-03-01T14:55:58.601+0100][945.067s] GC(231) Old regions: 86->86
[2022-03-01T14:55:58.601+0100][945.067s] GC(231) Humongous regions: 7->7
[2022-03-01T14:55:58.601+0100][945.067s] GC(231) Metaspace: 67458K->67458K(1112064K)
[2022-03-01T14:55:58.601+0100][945.067s] GC(231) Pause Young (Normal) (G1 Evacuation Pause) 397M->92M(512M) 1.734ms
[2022-03-01T14:55:58.601+0100][945.067s] GC(231) User=0.00s Sys=0.01s Real=0.00s
[2022-03-01T14:55:59.699+0100][946.166s] GC(232) Pause Young (Normal) (G1 Evacuation Pause)
[2022-03-01T14:55:59.699+0100][946.166s] GC(232) Using 10 workers of 10 for evacuation
[2022-03-01T14:55:59.701+0100][946.167s] GC(232)   Pre Evacuate Collection Set: 0.0ms
[2022-03-01T14:55:59.701+0100][946.167s] GC(232)   Evacuate Collection Set: 1.0ms
[2022-03-01T14:55:59.701+0100][946.167s] GC(232)   Post Evacuate Collection Set: 0.4ms
[2022-03-01T14:55:59.701+0100][946.167s] GC(232)   Other: 0.2ms
[2022-03-01T14:55:59.701+0100][946.167s] GC(232) Eden regions: 305->0(305)
[2022-03-01T14:55:59.701+0100][946.167s] GC(232) Survivor regions: 2->2(39)
[2022-03-01T14:55:59.701+0100][946.167s] GC(232) Old regions: 86->86
[2022-03-01T14:55:59.701+0100][946.167s] GC(232) Humongous regions: 7->7
[2022-03-01T14:55:59.701+0100][946.167s] GC(232) Metaspace: 67459K->67459K(1112064K)
[2022-03-01T14:55:59.701+0100][946.168s] GC(232) Pause Young (Normal) (G1 Evacuation Pause) 397M->92M(512M) 1.693ms
[2022-03-01T14:55:59.701+0100][946.168s] GC(232) User=0.01s Sys=0.00s Real=0.00s
[2022-03-01T14:56:00.782+0100][947.249s] GC(233) Pause Young (Normal) (G1 Evacuation Pause)
[2022-03-01T14:56:00.782+0100][947.249s] GC(233) Using 10 workers of 10 for evacuation
[2022-03-01T14:56:00.784+0100][947.251s] GC(233)   Pre Evacuate Collection Set: 0.0ms
[2022-03-01T14:56:00.784+0100][947.251s] GC(233)   Evacuate Collection Set: 1.1ms
[2022-03-01T14:56:00.784+0100][947.251s] GC(233)   Post Evacuate Collection Set: 1.2ms
[2022-03-01T14:56:00.784+0100][947.251s] GC(233)   Other: 0.2ms
[2022-03-01T14:56:00.784+0100][947.251s] GC(233) Eden regions: 305->0(305)
[2022-03-01T14:56:00.784+0100][947.251s] GC(233) Survivor regions: 2->2(39)
[2022-03-01T14:56:00.784+0100][947.251s] GC(233) Old regions: 86->86
[2022-03-01T14:56:00.784+0100][947.251s] GC(233) Humongous regions: 7->7
[2022-03-01T14:56:00.784+0100][947.251s] GC(233) Metaspace: 67459K->67459K(1112064K)
[2022-03-01T14:56:00.784+0100][947.251s] GC(233) Pause Young (Normal) (G1 Evacuation Pause) 397M->92M(512M) 2.563ms
[2022-03-01T14:56:00.784+0100][947.251s] GC(233) User=0.01s Sys=0.00s Real=0.00s
[2022-03-01T14:56:01.924+0100][948.391s] GC(234) Pause Young (Normal) (G1 Evacuation Pause)
[2022-03-01T14:56:01.924+0100][948.391s] GC(234) Using 10 workers of 10 for evacuation
[2022-03-01T14:56:01.926+0100][948.393s] GC(234)   Pre Evacuate Collection Set: 0.0ms
[2022-03-01T14:56:01.926+0100][948.393s] GC(234)   Evacuate Collection Set: 1.1ms
[2022-03-01T14:56:01.926+0100][948.393s] GC(234)   Post Evacuate Collection Set: 0.4ms
[2022-03-01T14:56:01.926+0100][948.393s] GC(234)   Other: 0.2ms
[2022-03-01T14:56:01.926+0100][948.393s] GC(234) Eden regions: 305->0(305)
[2022-03-01T14:56:01.926+0100][948.393s] GC(234) Survivor regions: 2->2(39)
[2022-03-01T14:56:01.926+0100][948.393s] GC(234) Old regions: 86->86
[2022-03-01T14:56:01.926+0100][948.393s] GC(234) Humongous regions: 7->7
[2022-03-01T14:56:01.926+0100][948.393s] GC(234) Metaspace: 67459K->67459K(1112064K)
[2022-03-01T14:56:01.926+0100][948.393s] GC(234) Pause Young (Normal) (G1 Evacuation Pause) 397M->92M(512M) 1.772ms
[2022-03-01T14:56:01.926+0100][948.393s] GC(234) User=0.01s Sys=0.00s Real=0.00s
[2022-03-01T14:56:02.963+0100][949.429s] GC(235) Pause Young (Normal) (G1 Evacuation Pause)
[2022-03-01T14:56:02.963+0100][949.429s] GC(235) Using 10 workers of 10 for evacuation
[2022-03-01T14:56:02.964+0100][949.431s] GC(235)   Pre Evacuate Collection Set: 0.0ms
[2022-03-01T14:56:02.964+0100][949.431s] GC(235)   Evacuate Collection Set: 1.0ms
[2022-03-01T14:56:02.964+0100][949.431s] GC(235)   Post Evacuate Collection Set: 0.5ms
[2022-03-01T14:56:02.964+0100][949.431s] GC(235)   Other: 0.1ms
[2022-03-01T14:56:02.964+0100][949.431s] GC(235) Eden regions: 305->0(305)
[2022-03-01T14:56:02.964+0100][949.431s] GC(235) Survivor regions: 2->2(39)
[2022-03-01T14:56:02.964+0100][949.431s] GC(235) Old regions: 86->86
[2022-03-01T14:56:02.964+0100][949.431s] GC(235) Humongous regions: 7->7
[2022-03-01T14:56:02.964+0100][949.431s] GC(235) Metaspace: 67459K->67459K(1112064K)
[2022-03-01T14:56:02.964+0100][949.431s] GC(235) Pause Young (Normal) (G1 Evacuation Pause) 397M->92M(512M) 1.677ms
[2022-03-01T14:56:02.964+0100][949.431s] GC(235) User=0.01s Sys=0.00s Real=0.00s
[2022-03-01T14:56:04.046+0100][950.513s] GC(236) Pause Young (Normal) (G1 Evacuation Pause)
[2022-03-01T14:56:04.046+0100][950.513s] GC(236) Using 10 workers of 10 for evacuation
[2022-03-01T14:56:04.048+0100][950.515s] GC(236)   Pre Evacuate Collection Set: 0.0ms
[2022-03-01T14:56:04.049+0100][950.515s] GC(236)   Evacuate Collection Set: 1.3ms
[2022-03-01T14:56:04.049+0100][950.515s] GC(236)   Post Evacuate Collection Set: 1.2ms
[2022-03-01T14:56:04.049+0100][950.515s] GC(236)   Other: 0.2ms
[2022-03-01T14:56:04.049+0100][950.515s] GC(236) Eden regions: 305->0(305)
[2022-03-01T14:56:04.049+0100][950.515s] GC(236) Survivor regions: 2->2(39)
[2022-03-01T14:56:04.049+0100][950.515s] GC(236) Old regions: 86->86
[2022-03-01T14:56:04.049+0100][950.515s] GC(236) Humongous regions: 7->7
[2022-03-01T14:56:04.049+0100][950.515s] GC(236) Metaspace: 67459K->67459K(1112064K)
[2022-03-01T14:56:04.049+0100][950.515s] GC(236) Pause Young (Normal) (G1 Evacuation Pause) 397M->92M(512M) 2.796ms
[2022-03-01T14:56:04.049+0100][950.515s] GC(236) User=0.02s Sys=0.00s Real=0.00s
[2022-03-01T14:56:05.112+0100][951.579s] GC(237) Pause Young (Normal) (G1 Evacuation Pause)
[2022-03-01T14:56:05.112+0100][951.579s] GC(237) Using 10 workers of 10 for evacuation
[2022-03-01T14:56:05.114+0100][951.580s] GC(237)   Pre Evacuate Collection Set: 0.0ms
[2022-03-01T14:56:05.114+0100][951.580s] GC(237)   Evacuate Collection Set: 1.1ms
[2022-03-01T14:56:05.114+0100][951.580s] GC(237)   Post Evacuate Collection Set: 0.5ms
[2022-03-01T14:56:05.114+0100][951.580s] GC(237)   Other: 0.2ms
[2022-03-01T14:56:05.114+0100][951.580s] GC(237) Eden regions: 305->0(305)
[2022-03-01T14:56:05.114+0100][951.580s] GC(237) Survivor regions: 2->2(39)
[2022-03-01T14:56:05.114+0100][951.580s] GC(237) Old regions: 86->86
[2022-03-01T14:56:05.114+0100][951.580s] GC(237) Humongous regions: 7->7
[2022-03-01T14:56:05.114+0100][951.580s] GC(237) Metaspace: 67564K->67564K(1112064K)
[2022-03-01T14:56:05.114+0100][951.580s] GC(237) Pause Young (Normal) (G1 Evacuation Pause) 397M->92M(512M) 1.820ms
[2022-03-01T14:56:05.114+0100][951.580s] GC(237) User=0.02s Sys=0.00s Real=0.00s
[2022-03-01T14:56:06.395+0100][952.862s] GC(238) Pause Young (Normal) (G1 Evacuation Pause)
[2022-03-01T14:56:06.395+0100][952.862s] GC(238) Using 10 workers of 10 for evacuation
[2022-03-01T14:56:06.397+0100][952.863s] GC(238)   Pre Evacuate Collection Set: 0.0ms
[2022-03-01T14:56:06.397+0100][952.863s] GC(238)   Evacuate Collection Set: 1.1ms
[2022-03-01T14:56:06.397+0100][952.863s] GC(238)   Post Evacuate Collection Set: 0.5ms
[2022-03-01T14:56:06.397+0100][952.864s] GC(238)   Other: 0.1ms
[2022-03-01T14:56:06.397+0100][952.864s] GC(238) Eden regions: 305->0(305)
[2022-03-01T14:56:06.397+0100][952.864s] GC(238) Survivor regions: 2->2(39)
[2022-03-01T14:56:06.397+0100][952.864s] GC(238) Old regions: 86->86
[2022-03-01T14:56:06.397+0100][952.864s] GC(238) Humongous regions: 7->7
[2022-03-01T14:56:06.397+0100][952.864s] GC(238) Metaspace: 67564K->67564K(1112064K)
[2022-03-01T14:56:06.397+0100][952.864s] GC(238) Pause Young (Normal) (G1 Evacuation Pause) 397M->92M(512M) 1.911ms
[2022-03-01T14:56:06.397+0100][952.864s] GC(238) User=0.01s Sys=0.00s Real=0.00s
[2022-03-01T14:56:07.396+0100][953.863s] GC(239) Pause Young (Normal) (G1 Evacuation Pause)
[2022-03-01T14:56:07.396+0100][953.863s] GC(239) Using 10 workers of 10 for evacuation
[2022-03-01T14:56:07.398+0100][953.865s] GC(239)   Pre Evacuate Collection Set: 0.0ms
[2022-03-01T14:56:07.398+0100][953.865s] GC(239)   Evacuate Collection Set: 1.1ms
[2022-03-01T14:56:07.398+0100][953.865s] GC(239)   Post Evacuate Collection Set: 0.7ms
[2022-03-01T14:56:07.398+0100][953.865s] GC(239)   Other: 0.2ms
[2022-03-01T14:56:07.398+0100][953.865s] GC(239) Eden regions: 305->0(305)
[2022-03-01T14:56:07.398+0100][953.865s] GC(239) Survivor regions: 2->2(39)
[2022-03-01T14:56:07.398+0100][953.865s] GC(239) Old regions: 86->86
[2022-03-01T14:56:07.398+0100][953.865s] GC(239) Humongous regions: 7->7
[2022-03-01T14:56:07.398+0100][953.865s] GC(239) Metaspace: 67564K->67564K(1112064K)
[2022-03-01T14:56:07.398+0100][953.865s] GC(239) Pause Young (Normal) (G1 Evacuation Pause) 397M->92M(512M) 2.105ms
[2022-03-01T14:56:07.398+0100][953.865s] GC(239) User=0.01s Sys=0.00s Real=0.00s
[2022-03-01T14:56:08.430+0100][954.897s] GC(240) Pause Young (Normal) (G1 Evacuation Pause)
[2022-03-01T14:56:08.430+0100][954.897s] GC(240) Using 10 workers of 10 for evacuation
[2022-03-01T14:56:08.432+0100][954.898s] GC(240)   Pre Evacuate Collection Set: 0.0ms
[2022-03-01T14:56:08.432+0100][954.898s] GC(240)   Evacuate Collection Set: 1.2ms
[2022-03-01T14:56:08.432+0100][954.898s] GC(240)   Post Evacuate Collection Set: 0.5ms
[2022-03-01T14:56:08.432+0100][954.898s] GC(240)   Other: 0.1ms
[2022-03-01T14:56:08.432+0100][954.898s] GC(240) Eden regions: 305->0(305)
[2022-03-01T14:56:08.432+0100][954.898s] GC(240) Survivor regions: 2->2(39)
[2022-03-01T14:56:08.432+0100][954.898s] GC(240) Old regions: 86->86
[2022-03-01T14:56:08.432+0100][954.898s] GC(240) Humongous regions: 7->7
[2022-03-01T14:56:08.432+0100][954.898s] GC(240) Metaspace: 67564K->67564K(1112064K)
[2022-03-01T14:56:08.432+0100][954.898s] GC(240) Pause Young (Normal) (G1 Evacuation Pause) 397M->92M(512M) 1.848ms
[2022-03-01T14:56:08.432+0100][954.898s] GC(240) User=0.00s Sys=0.01s Real=0.00s
[2022-03-01T14:56:09.447+0100][955.914s] GC(241) Pause Young (Normal) (G1 Evacuation Pause)
[2022-03-01T14:56:09.447+0100][955.914s] GC(241) Using 10 workers of 10 for evacuation
[2022-03-01T14:56:09.449+0100][955.915s] GC(241)   Pre Evacuate Collection Set: 0.0ms
[2022-03-01T14:56:09.449+0100][955.915s] GC(241)   Evacuate Collection Set: 1.2ms
[2022-03-01T14:56:09.449+0100][955.915s] GC(241)   Post Evacuate Collection Set: 0.5ms
[2022-03-01T14:56:09.449+0100][955.915s] GC(241)   Other: 0.2ms
[2022-03-01T14:56:09.449+0100][955.915s] GC(241) Eden regions: 305->0(305)
[2022-03-01T14:56:09.449+0100][955.915s] GC(241) Survivor regions: 2->2(39)
[2022-03-01T14:56:09.449+0100][955.915s] GC(241) Old regions: 86->86
[2022-03-01T14:56:09.449+0100][955.915s] GC(241) Humongous regions: 7->7
[2022-03-01T14:56:09.449+0100][955.915s] GC(241) Metaspace: 67564K->67564K(1112064K)
[2022-03-01T14:56:09.449+0100][955.916s] GC(241) Pause Young (Normal) (G1 Evacuation Pause) 397M->93M(512M) 1.846ms
[2022-03-01T14:56:09.449+0100][955.916s] GC(241) User=0.01s Sys=0.00s Real=0.01s
[2022-03-01T14:56:10.890+0100][957.357s] GC(242) Pause Young (Normal) (G1 Evacuation Pause)
[2022-03-01T14:56:10.890+0100][957.357s] GC(242) Using 10 workers of 10 for evacuation
[2022-03-01T14:56:10.892+0100][957.359s] GC(242)   Pre Evacuate Collection Set: 0.0ms
[2022-03-01T14:56:10.892+0100][957.359s] GC(242)   Evacuate Collection Set: 1.2ms
[2022-03-01T14:56:10.892+0100][957.359s] GC(242)   Post Evacuate Collection Set: 0.5ms
[2022-03-01T14:56:10.892+0100][957.359s] GC(242)   Other: 0.1ms
[2022-03-01T14:56:10.892+0100][957.359s] GC(242) Eden regions: 305->0(305)
[2022-03-01T14:56:10.892+0100][957.359s] GC(242) Survivor regions: 2->2(39)
[2022-03-01T14:56:10.892+0100][957.359s] GC(242) Old regions: 86->86
[2022-03-01T14:56:10.892+0100][957.359s] GC(242) Humongous regions: 7->7
[2022-03-01T14:56:10.892+0100][957.359s] GC(242) Metaspace: 67564K->67564K(1112064K)
[2022-03-01T14:56:10.892+0100][957.359s] GC(242) Pause Young (Normal) (G1 Evacuation Pause) 398M->93M(512M) 1.892ms
[2022-03-01T14:56:10.892+0100][957.359s] GC(242) User=0.01s Sys=0.00s Real=0.00s
[2022-03-01T14:56:11.892+0100][958.359s] GC(243) Pause Young (Normal) (G1 Evacuation Pause)
[2022-03-01T14:56:11.892+0100][958.359s] GC(243) Using 10 workers of 10 for evacuation
[2022-03-01T14:56:11.894+0100][958.360s] GC(243)   Pre Evacuate Collection Set: 0.0ms
[2022-03-01T14:56:11.894+0100][958.360s] GC(243)   Evacuate Collection Set: 1.2ms
[2022-03-01T14:56:11.894+0100][958.360s] GC(243)   Post Evacuate Collection Set: 0.5ms
[2022-03-01T14:56:11.894+0100][958.360s] GC(243)   Other: 0.1ms
[2022-03-01T14:56:11.894+0100][958.360s] GC(243) Eden regions: 305->0(305)
[2022-03-01T14:56:11.894+0100][958.360s] GC(243) Survivor regions: 2->2(39)
[2022-03-01T14:56:11.894+0100][958.360s] GC(243) Old regions: 86->86
[2022-03-01T14:56:11.894+0100][958.360s] GC(243) Humongous regions: 7->7
[2022-03-01T14:56:11.894+0100][958.360s] GC(243) Metaspace: 67564K->67564K(1112064K)
[2022-03-01T14:56:11.894+0100][958.360s] GC(243) Pause Young (Normal) (G1 Evacuation Pause) 398M->93M(512M) 1.878ms
[2022-03-01T14:56:11.894+0100][958.360s] GC(243) User=0.01s Sys=0.00s Real=0.00s
[2022-03-01T14:56:12.827+0100][959.294s] GC(244) Pause Young (Normal) (G1 Evacuation Pause)
[2022-03-01T14:56:12.827+0100][959.294s] GC(244) Using 10 workers of 10 for evacuation
[2022-03-01T14:56:12.830+0100][959.296s] GC(244)   Pre Evacuate Collection Set: 0.0ms
[2022-03-01T14:56:12.830+0100][959.296s] GC(244)   Evacuate Collection Set: 1.7ms
[2022-03-01T14:56:12.830+0100][959.296s] GC(244)   Post Evacuate Collection Set: 0.6ms
[2022-03-01T14:56:12.830+0100][959.296s] GC(244)   Other: 0.2ms
[2022-03-01T14:56:12.830+0100][959.296s] GC(244) Eden regions: 305->0(303)
[2022-03-01T14:56:12.830+0100][959.296s] GC(244) Survivor regions: 2->4(39)
[2022-03-01T14:56:12.830+0100][959.296s] GC(244) Old regions: 86->86
[2022-03-01T14:56:12.830+0100][959.296s] GC(244) Humongous regions: 7->7
[2022-03-01T14:56:12.830+0100][959.296s] GC(244) Metaspace: 67564K->67564K(1112064K)
[2022-03-01T14:56:12.830+0100][959.296s] GC(244) Pause Young (Normal) (G1 Evacuation Pause) 398M->94M(512M) 2.476ms
[2022-03-01T14:56:12.830+0100][959.296s] GC(244) User=0.02s Sys=0.00s Real=0.01s
[2022-03-01T14:56:13.784+0100][960.251s] GC(245) Pause Young (Normal) (G1 Evacuation Pause)
[2022-03-01T14:56:13.784+0100][960.251s] GC(245) Using 10 workers of 10 for evacuation
[2022-03-01T14:56:13.786+0100][960.253s] GC(245)   Pre Evacuate Collection Set: 0.0ms
[2022-03-01T14:56:13.786+0100][960.253s] GC(245)   Evacuate Collection Set: 1.1ms
[2022-03-01T14:56:13.786+0100][960.253s] GC(245)   Post Evacuate Collection Set: 0.4ms
[2022-03-01T14:56:13.786+0100][960.253s] GC(245)   Other: 0.1ms
[2022-03-01T14:56:13.786+0100][960.253s] GC(245) Eden regions: 303->0(305)
[2022-03-01T14:56:13.786+0100][960.253s] GC(245) Survivor regions: 4->2(39)
[2022-03-01T14:56:13.786+0100][960.253s] GC(245) Old regions: 86->86
[2022-03-01T14:56:13.786+0100][960.253s] GC(245) Humongous regions: 7->7
[2022-03-01T14:56:13.786+0100][960.253s] GC(245) Metaspace: 67564K->67564K(1112064K)
[2022-03-01T14:56:13.786+0100][960.253s] GC(245) Pause Young (Normal) (G1 Evacuation Pause) 397M->93M(512M) 1.689ms
[2022-03-01T14:56:13.786+0100][960.253s] GC(245) User=0.01s Sys=0.00s Real=0.00s
[2022-03-01T14:56:14.753+0100][961.220s] GC(246) Pause Young (Normal) (G1 Evacuation Pause)
[2022-03-01T14:56:14.753+0100][961.220s] GC(246) Using 10 workers of 10 for evacuation
[2022-03-01T14:56:14.755+0100][961.222s] GC(246)   Pre Evacuate Collection Set: 0.0ms
[2022-03-01T14:56:14.755+0100][961.222s] GC(246)   Evacuate Collection Set: 1.3ms
[2022-03-01T14:56:14.755+0100][961.222s] GC(246)   Post Evacuate Collection Set: 0.5ms
[2022-03-01T14:56:14.755+0100][961.222s] GC(246)   Other: 0.2ms
[2022-03-01T14:56:14.755+0100][961.222s] GC(246) Eden regions: 305->0(305)
[2022-03-01T14:56:14.755+0100][961.222s] GC(246) Survivor regions: 2->2(39)
[2022-03-01T14:56:14.755+0100][961.222s] GC(246) Old regions: 86->86
[2022-03-01T14:56:14.755+0100][961.222s] GC(246) Humongous regions: 7->7
[2022-03-01T14:56:14.755+0100][961.222s] GC(246) Metaspace: 67564K->67564K(1112064K)
[2022-03-01T14:56:14.755+0100][961.222s] GC(246) Pause Young (Normal) (G1 Evacuation Pause) 398M->93M(512M) 2.003ms
[2022-03-01T14:56:14.755+0100][961.222s] GC(246) User=0.01s Sys=0.01s Real=0.00s
[2022-03-01T14:56:15.927+0100][962.394s] GC(247) Pause Young (Normal) (G1 Evacuation Pause)
[2022-03-01T14:56:15.927+0100][962.394s] GC(247) Using 10 workers of 10 for evacuation
[2022-03-01T14:56:15.929+0100][962.395s] GC(247)   Pre Evacuate Collection Set: 0.0ms
[2022-03-01T14:56:15.929+0100][962.395s] GC(247)   Evacuate Collection Set: 1.3ms
[2022-03-01T14:56:15.929+0100][962.395s] GC(247)   Post Evacuate Collection Set: 0.3ms
[2022-03-01T14:56:15.929+0100][962.396s] GC(247)   Other: 0.2ms
[2022-03-01T14:56:15.929+0100][962.396s] GC(247) Eden regions: 305->0(305)
[2022-03-01T14:56:15.929+0100][962.396s] GC(247) Survivor regions: 2->2(39)
[2022-03-01T14:56:15.929+0100][962.396s] GC(247) Old regions: 86->86
[2022-03-01T14:56:15.929+0100][962.396s] GC(247) Humongous regions: 7->7
[2022-03-01T14:56:15.929+0100][962.396s] GC(247) Metaspace: 67564K->67564K(1112064K)
[2022-03-01T14:56:15.929+0100][962.396s] GC(247) Pause Young (Normal) (G1 Evacuation Pause) 398M->93M(512M) 1.808ms
[2022-03-01T14:56:15.929+0100][962.396s] GC(247) User=0.00s Sys=0.01s Real=0.01s
[2022-03-01T14:56:16.990+0100][963.457s] GC(248) Pause Young (Normal) (G1 Evacuation Pause)
[2022-03-01T14:56:16.990+0100][963.457s] GC(248) Using 10 workers of 10 for evacuation
[2022-03-01T14:56:16.992+0100][963.459s] GC(248)   Pre Evacuate Collection Set: 0.0ms
[2022-03-01T14:56:16.992+0100][963.459s] GC(248)   Evacuate Collection Set: 1.1ms
[2022-03-01T14:56:16.992+0100][963.459s] GC(248)   Post Evacuate Collection Set: 0.4ms
[2022-03-01T14:56:16.992+0100][963.459s] GC(248)   Other: 0.1ms
[2022-03-01T14:56:16.992+0100][963.459s] GC(248) Eden regions: 305->0(305)
[2022-03-01T14:56:16.992+0100][963.459s] GC(248) Survivor regions: 2->2(39)
[2022-03-01T14:56:16.992+0100][963.459s] GC(248) Old regions: 86->87
[2022-03-01T14:56:16.992+0100][963.459s] GC(248) Humongous regions: 7->7
[2022-03-01T14:56:16.992+0100][963.459s] GC(248) Metaspace: 67564K->67564K(1112064K)
[2022-03-01T14:56:16.992+0100][963.459s] GC(248) Pause Young (Normal) (G1 Evacuation Pause) 398M->93M(512M) 1.697ms
[2022-03-01T14:56:16.992+0100][963.459s] GC(248) User=0.01s Sys=0.00s Real=0.00s
[2022-03-01T14:56:17.917+0100][964.384s] GC(249) Pause Young (Normal) (G1 Evacuation Pause)
[2022-03-01T14:56:17.917+0100][964.384s] GC(249) Using 10 workers of 10 for evacuation
[2022-03-01T14:56:17.919+0100][964.386s] GC(249)   Pre Evacuate Collection Set: 0.0ms
[2022-03-01T14:56:17.919+0100][964.386s] GC(249)   Evacuate Collection Set: 1.1ms
[2022-03-01T14:56:17.919+0100][964.386s] GC(249)   Post Evacuate Collection Set: 0.7ms
[2022-03-01T14:56:17.919+0100][964.386s] GC(249)   Other: 0.1ms
[2022-03-01T14:56:17.919+0100][964.386s] GC(249) Eden regions: 305->0(305)
[2022-03-01T14:56:17.919+0100][964.386s] GC(249) Survivor regions: 2->2(39)
[2022-03-01T14:56:17.919+0100][964.386s] GC(249) Old regions: 87->87
[2022-03-01T14:56:17.919+0100][964.386s] GC(249) Humongous regions: 7->7
[2022-03-01T14:56:17.919+0100][964.386s] GC(249) Metaspace: 67571K->67571K(1112064K)
[2022-03-01T14:56:17.919+0100][964.386s] GC(249) Pause Young (Normal) (G1 Evacuation Pause) 398M->93M(512M) 1.944ms
[2022-03-01T14:56:17.919+0100][964.386s] GC(249) User=0.01s Sys=0.00s Real=0.00s
[2022-03-01T14:56:18.918+0100][965.385s] GC(250) Pause Young (Normal) (G1 Evacuation Pause)
[2022-03-01T14:56:18.918+0100][965.385s] GC(250) Using 10 workers of 10 for evacuation
[2022-03-01T14:56:18.920+0100][965.387s] GC(250)   Pre Evacuate Collection Set: 0.0ms
[2022-03-01T14:56:18.920+0100][965.387s] GC(250)   Evacuate Collection Set: 1.7ms
[2022-03-01T14:56:18.920+0100][965.387s] GC(250)   Post Evacuate Collection Set: 0.6ms
[2022-03-01T14:56:18.920+0100][965.387s] GC(250)   Other: 0.2ms
[2022-03-01T14:56:18.920+0100][965.387s] GC(250) Eden regions: 305->0(303)
[2022-03-01T14:56:18.920+0100][965.387s] GC(250) Survivor regions: 2->4(39)
[2022-03-01T14:56:18.920+0100][965.387s] GC(250) Old regions: 87->87
[2022-03-01T14:56:18.920+0100][965.387s] GC(250) Humongous regions: 7->7
[2022-03-01T14:56:18.920+0100][965.387s] GC(250) Metaspace: 67571K->67571K(1112064K)
[2022-03-01T14:56:18.920+0100][965.387s] GC(250) Pause Young (Normal) (G1 Evacuation Pause) 398M->95M(512M) 2.497ms
[2022-03-01T14:56:18.920+0100][965.387s] GC(250) User=0.01s Sys=0.00s Real=0.00s
[2022-03-01T14:56:19.891+0100][966.358s] GC(251) Pause Young (Normal) (G1 Evacuation Pause)
[2022-03-01T14:56:19.891+0100][966.358s] GC(251) Using 10 workers of 10 for evacuation
[2022-03-01T14:56:19.893+0100][966.359s] GC(251)   Pre Evacuate Collection Set: 0.0ms
[2022-03-01T14:56:19.893+0100][966.359s] GC(251)   Evacuate Collection Set: 1.2ms
[2022-03-01T14:56:19.893+0100][966.359s] GC(251)   Post Evacuate Collection Set: 0.4ms
[2022-03-01T14:56:19.893+0100][966.359s] GC(251)   Other: 0.1ms
[2022-03-01T14:56:19.893+0100][966.359s] GC(251) Eden regions: 303->0(305)
[2022-03-01T14:56:19.893+0100][966.359s] GC(251) Survivor regions: 4->2(39)
[2022-03-01T14:56:19.893+0100][966.359s] GC(251) Old regions: 87->87
[2022-03-01T14:56:19.893+0100][966.359s] GC(251) Humongous regions: 7->7
[2022-03-01T14:56:19.893+0100][966.359s] GC(251) Metaspace: 67571K->67571K(1112064K)
[2022-03-01T14:56:19.893+0100][966.359s] GC(251) Pause Young (Normal) (G1 Evacuation Pause) 398M->93M(512M) 1.775ms
[2022-03-01T14:56:19.893+0100][966.359s] GC(251) User=0.01s Sys=0.00s Real=0.00s
[2022-03-01T14:56:20.930+0100][967.396s] GC(252) Pause Young (Normal) (G1 Evacuation Pause)
[2022-03-01T14:56:20.930+0100][967.396s] GC(252) Using 10 workers of 10 for evacuation
[2022-03-01T14:56:20.931+0100][967.398s] GC(252)   Pre Evacuate Collection Set: 0.0ms
[2022-03-01T14:56:20.931+0100][967.398s] GC(252)   Evacuate Collection Set: 1.1ms
[2022-03-01T14:56:20.931+0100][967.398s] GC(252)   Post Evacuate Collection Set: 0.5ms
[2022-03-01T14:56:20.931+0100][967.398s] GC(252)   Other: 0.1ms
[2022-03-01T14:56:20.931+0100][967.398s] GC(252) Eden regions: 305->0(305)
[2022-03-01T14:56:20.931+0100][967.398s] GC(252) Survivor regions: 2->2(39)
[2022-03-01T14:56:20.931+0100][967.398s] GC(252) Old regions: 87->87
[2022-03-01T14:56:20.931+0100][967.398s] GC(252) Humongous regions: 7->7
[2022-03-01T14:56:20.931+0100][967.398s] GC(252) Metaspace: 67571K->67571K(1112064K)
[2022-03-01T14:56:20.931+0100][967.398s] GC(252) Pause Young (Normal) (G1 Evacuation Pause) 398M->93M(512M) 1.835ms
[2022-03-01T14:56:20.931+0100][967.398s] GC(252) User=0.01s Sys=0.01s Real=0.00s
[2022-03-01T14:56:21.812+0100][968.279s] GC(253) Pause Young (Normal) (G1 Evacuation Pause)
[2022-03-01T14:56:21.812+0100][968.279s] GC(253) Using 10 workers of 10 for evacuation
[2022-03-01T14:56:21.814+0100][968.280s] GC(253)   Pre Evacuate Collection Set: 0.0ms
[2022-03-01T14:56:21.814+0100][968.280s] GC(253)   Evacuate Collection Set: 1.0ms
[2022-03-01T14:56:21.814+0100][968.280s] GC(253)   Post Evacuate Collection Set: 0.4ms
[2022-03-01T14:56:21.814+0100][968.280s] GC(253)   Other: 0.1ms
[2022-03-01T14:56:21.814+0100][968.280s] GC(253) Eden regions: 305->0(305)
[2022-03-01T14:56:21.814+0100][968.280s] GC(253) Survivor regions: 2->2(39)
[2022-03-01T14:56:21.814+0100][968.280s] GC(253) Old regions: 87->87
[2022-03-01T14:56:21.814+0100][968.280s] GC(253) Humongous regions: 7->7
[2022-03-01T14:56:21.814+0100][968.280s] GC(253) Metaspace: 67571K->67571K(1112064K)
[2022-03-01T14:56:21.814+0100][968.281s] GC(253) Pause Young (Normal) (G1 Evacuation Pause) 398M->93M(512M) 1.615ms
[2022-03-01T14:56:21.814+0100][968.281s] GC(253) User=0.01s Sys=0.00s Real=0.00s
[2022-03-01T14:56:22.810+0100][969.277s] GC(254) Pause Young (Normal) (G1 Evacuation Pause)
[2022-03-01T14:56:22.810+0100][969.277s] GC(254) Using 10 workers of 10 for evacuation
[2022-03-01T14:56:22.811+0100][969.278s] GC(254)   Pre Evacuate Collection Set: 0.0ms
[2022-03-01T14:56:22.812+0100][969.278s] GC(254)   Evacuate Collection Set: 1.0ms
[2022-03-01T14:56:22.812+0100][969.278s] GC(254)   Post Evacuate Collection Set: 0.4ms
[2022-03-01T14:56:22.812+0100][969.278s] GC(254)   Other: 0.1ms
[2022-03-01T14:56:22.812+0100][969.278s] GC(254) Eden regions: 305->0(305)
[2022-03-01T14:56:22.812+0100][969.278s] GC(254) Survivor regions: 2->2(39)
[2022-03-01T14:56:22.812+0100][969.278s] GC(254) Old regions: 87->87
[2022-03-01T14:56:22.812+0100][969.278s] GC(254) Humongous regions: 7->7
[2022-03-01T14:56:22.812+0100][969.278s] GC(254) Metaspace: 67571K->67571K(1112064K)
[2022-03-01T14:56:22.812+0100][969.278s] GC(254) Pause Young (Normal) (G1 Evacuation Pause) 398M->93M(512M) 1.653ms
[2022-03-01T14:56:22.812+0100][969.278s] GC(254) User=0.01s Sys=0.01s Real=0.00s
[2022-03-01T14:56:23.779+0100][970.246s] GC(255) Pause Young (Normal) (G1 Evacuation Pause)
[2022-03-01T14:56:23.779+0100][970.246s] GC(255) Using 10 workers of 10 for evacuation
[2022-03-01T14:56:23.780+0100][970.247s] GC(255)   Pre Evacuate Collection Set: 0.0ms
[2022-03-01T14:56:23.780+0100][970.247s] GC(255)   Evacuate Collection Set: 1.0ms
[2022-03-01T14:56:23.780+0100][970.247s] GC(255)   Post Evacuate Collection Set: 0.5ms
[2022-03-01T14:56:23.780+0100][970.247s] GC(255)   Other: 0.1ms
[2022-03-01T14:56:23.780+0100][970.247s] GC(255) Eden regions: 305->0(305)
[2022-03-01T14:56:23.780+0100][970.247s] GC(255) Survivor regions: 2->2(39)
[2022-03-01T14:56:23.780+0100][970.247s] GC(255) Old regions: 87->87
[2022-03-01T14:56:23.780+0100][970.247s] GC(255) Humongous regions: 7->7
[2022-03-01T14:56:23.780+0100][970.247s] GC(255) Metaspace: 67571K->67571K(1112064K)
[2022-03-01T14:56:23.781+0100][970.247s] GC(255) Pause Young (Normal) (G1 Evacuation Pause) 398M->93M(512M) 1.776ms
[2022-03-01T14:56:23.781+0100][970.247s] GC(255) User=0.01s Sys=0.01s Real=0.00s
[2022-03-01T14:56:24.770+0100][971.237s] GC(256) Pause Young (Normal) (G1 Evacuation Pause)
[2022-03-01T14:56:24.770+0100][971.237s] GC(256) Using 10 workers of 10 for evacuation
[2022-03-01T14:56:24.771+0100][971.238s] GC(256)   Pre Evacuate Collection Set: 0.0ms
[2022-03-01T14:56:24.771+0100][971.238s] GC(256)   Evacuate Collection Set: 1.1ms
[2022-03-01T14:56:24.771+0100][971.238s] GC(256)   Post Evacuate Collection Set: 0.4ms
[2022-03-01T14:56:24.771+0100][971.238s] GC(256)   Other: 0.1ms
[2022-03-01T14:56:24.771+0100][971.238s] GC(256) Eden regions: 305->0(305)
[2022-03-01T14:56:24.771+0100][971.238s] GC(256) Survivor regions: 2->2(39)
[2022-03-01T14:56:24.771+0100][971.238s] GC(256) Old regions: 87->87
[2022-03-01T14:56:24.771+0100][971.238s] GC(256) Humongous regions: 7->7
[2022-03-01T14:56:24.771+0100][971.238s] GC(256) Metaspace: 67571K->67571K(1112064K)
[2022-03-01T14:56:24.771+0100][971.238s] GC(256) Pause Young (Normal) (G1 Evacuation Pause) 398M->93M(512M) 1.672ms
[2022-03-01T14:56:24.772+0100][971.238s] GC(256) User=0.01s Sys=0.00s Real=0.00s
[2022-03-01T14:56:25.824+0100][972.291s] GC(257) Pause Young (Normal) (G1 Evacuation Pause)
[2022-03-01T14:56:25.824+0100][972.291s] GC(257) Using 10 workers of 10 for evacuation
[2022-03-01T14:56:25.826+0100][972.293s] GC(257)   Pre Evacuate Collection Set: 0.0ms
[2022-03-01T14:56:25.826+0100][972.293s] GC(257)   Evacuate Collection Set: 1.0ms
[2022-03-01T14:56:25.826+0100][972.293s] GC(257)   Post Evacuate Collection Set: 0.5ms
[2022-03-01T14:56:25.826+0100][972.293s] GC(257)   Other: 0.1ms
[2022-03-01T14:56:25.826+0100][972.293s] GC(257) Eden regions: 305->0(305)
[2022-03-01T14:56:25.826+0100][972.293s] GC(257) Survivor regions: 2->2(39)
[2022-03-01T14:56:25.826+0100][972.293s] GC(257) Old regions: 87->87
[2022-03-01T14:56:25.826+0100][972.293s] GC(257) Humongous regions: 7->7
[2022-03-01T14:56:25.826+0100][972.293s] GC(257) Metaspace: 67571K->67571K(1112064K)
[2022-03-01T14:56:25.826+0100][972.293s] GC(257) Pause Young (Normal) (G1 Evacuation Pause) 398M->93M(512M) 1.763ms
[2022-03-01T14:56:25.826+0100][972.293s] GC(257) User=0.01s Sys=0.00s Real=0.00s
[2022-03-01T14:56:26.792+0100][973.258s] GC(258) Pause Young (Normal) (G1 Evacuation Pause)
[2022-03-01T14:56:26.792+0100][973.258s] GC(258) Using 10 workers of 10 for evacuation
[2022-03-01T14:56:26.793+0100][973.260s] GC(258)   Pre Evacuate Collection Set: 0.0ms
[2022-03-01T14:56:26.793+0100][973.260s] GC(258)   Evacuate Collection Set: 0.9ms
[2022-03-01T14:56:26.793+0100][973.260s] GC(258)   Post Evacuate Collection Set: 0.6ms
[2022-03-01T14:56:26.793+0100][973.260s] GC(258)   Other: 0.1ms
[2022-03-01T14:56:26.793+0100][973.260s] GC(258) Eden regions: 305->0(305)
[2022-03-01T14:56:26.793+0100][973.260s] GC(258) Survivor regions: 2->2(39)
[2022-03-01T14:56:26.793+0100][973.260s] GC(258) Old regions: 87->87
[2022-03-01T14:56:26.793+0100][973.260s] GC(258) Humongous regions: 7->7
[2022-03-01T14:56:26.793+0100][973.260s] GC(258) Metaspace: 67571K->67571K(1112064K)
[2022-03-01T14:56:26.793+0100][973.260s] GC(258) Pause Young (Normal) (G1 Evacuation Pause) 398M->93M(512M) 1.667ms
[2022-03-01T14:56:26.793+0100][973.260s] GC(258) User=0.01s Sys=0.00s Real=0.00s
[2022-03-01T14:56:27.774+0100][974.241s] GC(259) Pause Young (Normal) (G1 Evacuation Pause)
[2022-03-01T14:56:27.774+0100][974.241s] GC(259) Using 10 workers of 10 for evacuation
[2022-03-01T14:56:27.776+0100][974.243s] GC(259)   Pre Evacuate Collection Set: 0.0ms
[2022-03-01T14:56:27.776+0100][974.243s] GC(259)   Evacuate Collection Set: 1.5ms
[2022-03-01T14:56:27.776+0100][974.243s] GC(259)   Post Evacuate Collection Set: 0.4ms
[2022-03-01T14:56:27.776+0100][974.243s] GC(259)   Other: 0.1ms
[2022-03-01T14:56:27.776+0100][974.243s] GC(259) Eden regions: 305->0(303)
[2022-03-01T14:56:27.776+0100][974.243s] GC(259) Survivor regions: 2->4(39)
[2022-03-01T14:56:27.776+0100][974.243s] GC(259) Old regions: 87->87
[2022-03-01T14:56:27.776+0100][974.243s] GC(259) Humongous regions: 7->7
[2022-03-01T14:56:27.776+0100][974.243s] GC(259) Metaspace: 67571K->67571K(1112064K)
[2022-03-01T14:56:27.776+0100][974.243s] GC(259) Pause Young (Normal) (G1 Evacuation Pause) 398M->95M(512M) 2.103ms
[2022-03-01T14:56:27.776+0100][974.243s] GC(259) User=0.01s Sys=0.01s Real=0.00s
[2022-03-01T14:56:28.798+0100][975.265s] GC(260) Pause Young (Normal) (G1 Evacuation Pause)
[2022-03-01T14:56:28.798+0100][975.265s] GC(260) Using 10 workers of 10 for evacuation
[2022-03-01T14:56:28.800+0100][975.267s] GC(260)   Pre Evacuate Collection Set: 0.0ms
[2022-03-01T14:56:28.800+0100][975.267s] GC(260)   Evacuate Collection Set: 1.0ms
[2022-03-01T14:56:28.800+0100][975.267s] GC(260)   Post Evacuate Collection Set: 0.6ms
[2022-03-01T14:56:28.800+0100][975.267s] GC(260)   Other: 0.2ms
[2022-03-01T14:56:28.800+0100][975.267s] GC(260) Eden regions: 303->0(305)
[2022-03-01T14:56:28.800+0100][975.267s] GC(260) Survivor regions: 4->2(39)
[2022-03-01T14:56:28.800+0100][975.267s] GC(260) Old regions: 87->87
[2022-03-01T14:56:28.800+0100][975.267s] GC(260) Humongous regions: 7->7
[2022-03-01T14:56:28.800+0100][975.267s] GC(260) Metaspace: 67571K->67571K(1112064K)
[2022-03-01T14:56:28.800+0100][975.267s] GC(260) Pause Young (Normal) (G1 Evacuation Pause) 398M->93M(512M) 1.835ms
[2022-03-01T14:56:28.800+0100][975.267s] GC(260) User=0.01s Sys=0.00s Real=0.00s
[2022-03-01T14:56:29.804+0100][976.270s] GC(261) Pause Young (Normal) (G1 Evacuation Pause)
[2022-03-01T14:56:29.804+0100][976.271s] GC(261) Using 10 workers of 10 for evacuation
[2022-03-01T14:56:29.806+0100][976.273s] GC(261)   Pre Evacuate Collection Set: 0.0ms
[2022-03-01T14:56:29.806+0100][976.273s] GC(261)   Evacuate Collection Set: 1.1ms
[2022-03-01T14:56:29.806+0100][976.273s] GC(261)   Post Evacuate Collection Set: 1.3ms
[2022-03-01T14:56:29.806+0100][976.273s] GC(261)   Other: 0.2ms
[2022-03-01T14:56:29.806+0100][976.273s] GC(261) Eden regions: 305->0(305)
[2022-03-01T14:56:29.806+0100][976.273s] GC(261) Survivor regions: 2->2(39)
[2022-03-01T14:56:29.806+0100][976.273s] GC(261) Old regions: 87->87
[2022-03-01T14:56:29.806+0100][976.273s] GC(261) Humongous regions: 7->7
[2022-03-01T14:56:29.806+0100][976.273s] GC(261) Metaspace: 67667K->67667K(1112064K)
[2022-03-01T14:56:29.806+0100][976.273s] GC(261) Pause Young (Normal) (G1 Evacuation Pause) 398M->93M(512M) 2.704ms
[2022-03-01T14:56:29.806+0100][976.273s] GC(261) User=0.02s Sys=0.00s Real=0.00s
[2022-03-01T14:56:30.788+0100][977.254s] GC(262) Pause Young (Normal) (G1 Evacuation Pause)
[2022-03-01T14:56:30.788+0100][977.254s] GC(262) Using 10 workers of 10 for evacuation
[2022-03-01T14:56:30.789+0100][977.256s] GC(262)   Pre Evacuate Collection Set: 0.0ms
[2022-03-01T14:56:30.789+0100][977.256s] GC(262)   Evacuate Collection Set: 1.1ms
[2022-03-01T14:56:30.789+0100][977.256s] GC(262)   Post Evacuate Collection Set: 0.4ms
[2022-03-01T14:56:30.789+0100][977.256s] GC(262)   Other: 0.1ms
[2022-03-01T14:56:30.789+0100][977.256s] GC(262) Eden regions: 305->0(305)
[2022-03-01T14:56:30.789+0100][977.256s] GC(262) Survivor regions: 2->2(39)
[2022-03-01T14:56:30.789+0100][977.256s] GC(262) Old regions: 87->87
[2022-03-01T14:56:30.789+0100][977.256s] GC(262) Humongous regions: 7->7
[2022-03-01T14:56:30.789+0100][977.256s] GC(262) Metaspace: 67667K->67667K(1112064K)
[2022-03-01T14:56:30.789+0100][977.256s] GC(262) Pause Young (Normal) (G1 Evacuation Pause) 398M->93M(512M) 1.622ms
[2022-03-01T14:56:30.789+0100][977.256s] GC(262) User=0.01s Sys=0.01s Real=0.01s
[2022-03-01T14:56:31.700+0100][978.167s] GC(263) Pause Young (Normal) (G1 Evacuation Pause)
[2022-03-01T14:56:31.700+0100][978.167s] GC(263) Using 10 workers of 10 for evacuation
[2022-03-01T14:56:31.701+0100][978.168s] GC(263)   Pre Evacuate Collection Set: 0.0ms
[2022-03-01T14:56:31.701+0100][978.168s] GC(263)   Evacuate Collection Set: 1.0ms
[2022-03-01T14:56:31.701+0100][978.168s] GC(263)   Post Evacuate Collection Set: 0.4ms
[2022-03-01T14:56:31.701+0100][978.168s] GC(263)   Other: 0.1ms
[2022-03-01T14:56:31.701+0100][978.168s] GC(263) Eden regions: 305->0(305)
[2022-03-01T14:56:31.701+0100][978.168s] GC(263) Survivor regions: 2->2(39)
[2022-03-01T14:56:31.701+0100][978.168s] GC(263) Old regions: 87->87
[2022-03-01T14:56:31.701+0100][978.168s] GC(263) Humongous regions: 7->7
[2022-03-01T14:56:31.701+0100][978.168s] GC(263) Metaspace: 67667K->67667K(1112064K)
[2022-03-01T14:56:31.701+0100][978.168s] GC(263) Pause Young (Normal) (G1 Evacuation Pause) 398M->93M(512M) 1.550ms
[2022-03-01T14:56:31.701+0100][978.168s] GC(263) User=0.01s Sys=0.00s Real=0.01s
[2022-03-01T14:56:32.681+0100][979.148s] GC(264) Pause Young (Normal) (G1 Evacuation Pause)
[2022-03-01T14:56:32.681+0100][979.148s] GC(264) Using 10 workers of 10 for evacuation
[2022-03-01T14:56:32.683+0100][979.150s] GC(264)   Pre Evacuate Collection Set: 0.0ms
[2022-03-01T14:56:32.683+0100][979.150s] GC(264)   Evacuate Collection Set: 1.2ms
[2022-03-01T14:56:32.683+0100][979.150s] GC(264)   Post Evacuate Collection Set: 0.4ms
[2022-03-01T14:56:32.683+0100][979.150s] GC(264)   Other: 0.1ms
[2022-03-01T14:56:32.683+0100][979.150s] GC(264) Eden regions: 305->0(305)
[2022-03-01T14:56:32.683+0100][979.150s] GC(264) Survivor regions: 2->2(39)
[2022-03-01T14:56:32.683+0100][979.150s] GC(264) Old regions: 87->87
[2022-03-01T14:56:32.683+0100][979.150s] GC(264) Humongous regions: 7->7
[2022-03-01T14:56:32.683+0100][979.150s] GC(264) Metaspace: 67667K->67667K(1112064K)
[2022-03-01T14:56:32.683+0100][979.150s] GC(264) Pause Young (Normal) (G1 Evacuation Pause) 398M->93M(512M) 1.767ms
[2022-03-01T14:56:32.683+0100][979.150s] GC(264) User=0.01s Sys=0.00s Real=0.00s
[2022-03-01T14:56:33.652+0100][980.118s] GC(265) Pause Young (Normal) (G1 Evacuation Pause)
[2022-03-01T14:56:33.652+0100][980.118s] GC(265) Using 10 workers of 10 for evacuation
[2022-03-01T14:56:33.653+0100][980.120s] GC(265)   Pre Evacuate Collection Set: 0.0ms
[2022-03-01T14:56:33.653+0100][980.120s] GC(265)   Evacuate Collection Set: 1.1ms
[2022-03-01T14:56:33.653+0100][980.120s] GC(265)   Post Evacuate Collection Set: 0.6ms
[2022-03-01T14:56:33.653+0100][980.120s] GC(265)   Other: 0.1ms
[2022-03-01T14:56:33.654+0100][980.120s] GC(265) Eden regions: 305->0(305)
[2022-03-01T14:56:33.654+0100][980.120s] GC(265) Survivor regions: 2->2(39)
[2022-03-01T14:56:33.654+0100][980.120s] GC(265) Old regions: 87->87
[2022-03-01T14:56:33.654+0100][980.120s] GC(265) Humongous regions: 7->7
[2022-03-01T14:56:33.654+0100][980.120s] GC(265) Metaspace: 67667K->67667K(1112064K)
[2022-03-01T14:56:33.654+0100][980.120s] GC(265) Pause Young (Normal) (G1 Evacuation Pause) 398M->93M(512M) 1.871ms
[2022-03-01T14:56:33.654+0100][980.120s] GC(265) User=0.01s Sys=0.00s Real=0.00s
[2022-03-01T14:56:34.666+0100][981.133s] GC(266) Pause Young (Normal) (G1 Evacuation Pause)
[2022-03-01T14:56:34.666+0100][981.133s] GC(266) Using 10 workers of 10 for evacuation
[2022-03-01T14:56:34.668+0100][981.135s] GC(266)   Pre Evacuate Collection Set: 0.0ms
[2022-03-01T14:56:34.668+0100][981.135s] GC(266)   Evacuate Collection Set: 1.1ms
[2022-03-01T14:56:34.668+0100][981.135s] GC(266)   Post Evacuate Collection Set: 0.5ms
[2022-03-01T14:56:34.668+0100][981.135s] GC(266)   Other: 0.1ms
[2022-03-01T14:56:34.668+0100][981.135s] GC(266) Eden regions: 305->0(305)
[2022-03-01T14:56:34.668+0100][981.135s] GC(266) Survivor regions: 2->2(39)
[2022-03-01T14:56:34.668+0100][981.135s] GC(266) Old regions: 87->87
[2022-03-01T14:56:34.668+0100][981.135s] GC(266) Humongous regions: 7->7
[2022-03-01T14:56:34.668+0100][981.135s] GC(266) Metaspace: 67667K->67667K(1112064K)
[2022-03-01T14:56:34.668+0100][981.135s] GC(266) Pause Young (Normal) (G1 Evacuation Pause) 398M->93M(512M) 1.782ms
[2022-03-01T14:56:34.668+0100][981.135s] GC(266) User=0.01s Sys=0.00s Real=0.00s
[2022-03-01T14:56:35.630+0100][982.097s] GC(267) Pause Young (Normal) (G1 Evacuation Pause)
[2022-03-01T14:56:35.630+0100][982.097s] GC(267) Using 10 workers of 10 for evacuation
[2022-03-01T14:56:35.632+0100][982.099s] GC(267)   Pre Evacuate Collection Set: 0.0ms
[2022-03-01T14:56:35.632+0100][982.099s] GC(267)   Evacuate Collection Set: 1.5ms
[2022-03-01T14:56:35.632+0100][982.099s] GC(267)   Post Evacuate Collection Set: 0.4ms
[2022-03-01T14:56:35.632+0100][982.099s] GC(267)   Other: 0.1ms
[2022-03-01T14:56:35.632+0100][982.099s] GC(267) Eden regions: 305->0(304)
[2022-03-01T14:56:35.632+0100][982.099s] GC(267) Survivor regions: 2->3(39)
[2022-03-01T14:56:35.632+0100][982.099s] GC(267) Old regions: 87->87
[2022-03-01T14:56:35.632+0100][982.099s] GC(267) Humongous regions: 7->7
[2022-03-01T14:56:35.632+0100][982.099s] GC(267) Metaspace: 67667K->67667K(1112064K)
[2022-03-01T14:56:35.632+0100][982.099s] GC(267) Pause Young (Normal) (G1 Evacuation Pause) 398M->94M(512M) 2.152ms
[2022-03-01T14:56:35.632+0100][982.099s] GC(267) User=0.01s Sys=0.00s Real=0.00s
[2022-03-01T14:56:36.622+0100][983.088s] GC(268) Pause Young (Normal) (G1 Evacuation Pause)
[2022-03-01T14:56:36.622+0100][983.088s] GC(268) Using 10 workers of 10 for evacuation
[2022-03-01T14:56:36.623+0100][983.090s] GC(268)   Pre Evacuate Collection Set: 0.0ms
[2022-03-01T14:56:36.623+0100][983.090s] GC(268)   Evacuate Collection Set: 1.1ms
[2022-03-01T14:56:36.623+0100][983.090s] GC(268)   Post Evacuate Collection Set: 0.5ms
[2022-03-01T14:56:36.623+0100][983.090s] GC(268)   Other: 0.1ms
[2022-03-01T14:56:36.623+0100][983.090s] GC(268) Eden regions: 304->0(305)
[2022-03-01T14:56:36.623+0100][983.090s] GC(268) Survivor regions: 3->2(39)
[2022-03-01T14:56:36.623+0100][983.090s] GC(268) Old regions: 87->87
[2022-03-01T14:56:36.623+0100][983.090s] GC(268) Humongous regions: 7->7
[2022-03-01T14:56:36.623+0100][983.090s] GC(268) Metaspace: 67667K->67667K(1112064K)
[2022-03-01T14:56:36.623+0100][983.090s] GC(268) Pause Young (Normal) (G1 Evacuation Pause) 398M->93M(512M) 1.749ms
[2022-03-01T14:56:36.623+0100][983.090s] GC(268) User=0.01s Sys=0.00s Real=0.00s
[2022-03-01T14:56:37.608+0100][984.075s] GC(269) Pause Young (Normal) (G1 Evacuation Pause)
[2022-03-01T14:56:37.608+0100][984.075s] GC(269) Using 10 workers of 10 for evacuation
[2022-03-01T14:56:37.610+0100][984.077s] GC(269)   Pre Evacuate Collection Set: 0.0ms
[2022-03-01T14:56:37.610+0100][984.077s] GC(269)   Evacuate Collection Set: 1.1ms
[2022-03-01T14:56:37.610+0100][984.077s] GC(269)   Post Evacuate Collection Set: 0.5ms
[2022-03-01T14:56:37.610+0100][984.077s] GC(269)   Other: 0.1ms
[2022-03-01T14:56:37.610+0100][984.077s] GC(269) Eden regions: 305->0(305)
[2022-03-01T14:56:37.610+0100][984.077s] GC(269) Survivor regions: 2->2(39)
[2022-03-01T14:56:37.610+0100][984.077s] GC(269) Old regions: 87->87
[2022-03-01T14:56:37.610+0100][984.077s] GC(269) Humongous regions: 7->7
[2022-03-01T14:56:37.610+0100][984.077s] GC(269) Metaspace: 67667K->67667K(1112064K)
[2022-03-01T14:56:37.610+0100][984.077s] GC(269) Pause Young (Normal) (G1 Evacuation Pause) 398M->93M(512M) 1.809ms
[2022-03-01T14:56:37.610+0100][984.077s] GC(269) User=0.01s Sys=0.00s Real=0.01s
[2022-03-01T14:56:38.599+0100][985.066s] GC(270) Pause Young (Normal) (G1 Evacuation Pause)
[2022-03-01T14:56:38.599+0100][985.066s] GC(270) Using 10 workers of 10 for evacuation
[2022-03-01T14:56:38.601+0100][985.068s] GC(270)   Pre Evacuate Collection Set: 0.0ms
[2022-03-01T14:56:38.601+0100][985.068s] GC(270)   Evacuate Collection Set: 1.3ms
[2022-03-01T14:56:38.601+0100][985.068s] GC(270)   Post Evacuate Collection Set: 0.4ms
[2022-03-01T14:56:38.601+0100][985.068s] GC(270)   Other: 0.2ms
[2022-03-01T14:56:38.601+0100][985.068s] GC(270) Eden regions: 305->0(305)
[2022-03-01T14:56:38.601+0100][985.068s] GC(270) Survivor regions: 2->2(39)
[2022-03-01T14:56:38.601+0100][985.068s] GC(270) Old regions: 87->87
[2022-03-01T14:56:38.601+0100][985.068s] GC(270) Humongous regions: 7->7
[2022-03-01T14:56:38.601+0100][985.068s] GC(270) Metaspace: 67667K->67667K(1112064K)
[2022-03-01T14:56:38.601+0100][985.068s] GC(270) Pause Young (Normal) (G1 Evacuation Pause) 398M->93M(512M) 1.999ms
[2022-03-01T14:56:38.601+0100][985.068s] GC(270) User=0.02s Sys=0.00s Real=0.01s
[2022-03-01T14:56:39.589+0100][986.056s] GC(271) Pause Young (Normal) (G1 Evacuation Pause)
[2022-03-01T14:56:39.589+0100][986.056s] GC(271) Using 10 workers of 10 for evacuation
[2022-03-01T14:56:39.591+0100][986.058s] GC(271)   Pre Evacuate Collection Set: 0.0ms
[2022-03-01T14:56:39.591+0100][986.058s] GC(271)   Evacuate Collection Set: 1.0ms
[2022-03-01T14:56:39.591+0100][986.058s] GC(271)   Post Evacuate Collection Set: 0.5ms
[2022-03-01T14:56:39.591+0100][986.058s] GC(271)   Other: 0.1ms
[2022-03-01T14:56:39.591+0100][986.058s] GC(271) Eden regions: 305->0(305)
[2022-03-01T14:56:39.591+0100][986.058s] GC(271) Survivor regions: 2->2(39)
[2022-03-01T14:56:39.591+0100][986.058s] GC(271) Old regions: 87->87
[2022-03-01T14:56:39.591+0100][986.058s] GC(271) Humongous regions: 7->7
[2022-03-01T14:56:39.591+0100][986.058s] GC(271) Metaspace: 67667K->67667K(1112064K)
[2022-03-01T14:56:39.591+0100][986.058s] GC(271) Pause Young (Normal) (G1 Evacuation Pause) 398M->93M(512M) 1.712ms
[2022-03-01T14:56:39.591+0100][986.058s] GC(271) User=0.01s Sys=0.00s Real=0.00s
[2022-03-01T14:56:40.527+0100][986.994s] GC(272) Pause Young (Normal) (G1 Evacuation Pause)
[2022-03-01T14:56:40.527+0100][986.994s] GC(272) Using 10 workers of 10 for evacuation
[2022-03-01T14:56:40.528+0100][986.995s] GC(272)   Pre Evacuate Collection Set: 0.0ms
[2022-03-01T14:56:40.528+0100][986.995s] GC(272)   Evacuate Collection Set: 1.0ms
[2022-03-01T14:56:40.528+0100][986.995s] GC(272)   Post Evacuate Collection Set: 0.5ms
[2022-03-01T14:56:40.528+0100][986.995s] GC(272)   Other: 0.1ms
[2022-03-01T14:56:40.528+0100][986.995s] GC(272) Eden regions: 305->0(305)
[2022-03-01T14:56:40.528+0100][986.995s] GC(272) Survivor regions: 2->2(39)
[2022-03-01T14:56:40.528+0100][986.995s] GC(272) Old regions: 87->87
[2022-03-01T14:56:40.528+0100][986.995s] GC(272) Humongous regions: 7->7
[2022-03-01T14:56:40.528+0100][986.995s] GC(272) Metaspace: 67667K->67667K(1112064K)
[2022-03-01T14:56:40.528+0100][986.995s] GC(272) Pause Young (Normal) (G1 Evacuation Pause) 398M->93M(512M) 1.675ms
[2022-03-01T14:56:40.528+0100][986.995s] GC(272) User=0.01s Sys=0.01s Real=0.00s
[2022-03-01T14:56:41.450+0100][987.917s] GC(273) Pause Young (Normal) (G1 Evacuation Pause)
[2022-03-01T14:56:41.450+0100][987.917s] GC(273) Using 10 workers of 10 for evacuation
[2022-03-01T14:56:41.451+0100][987.918s] GC(273)   Pre Evacuate Collection Set: 0.0ms
[2022-03-01T14:56:41.451+0100][987.918s] GC(273)   Evacuate Collection Set: 1.0ms
[2022-03-01T14:56:41.451+0100][987.918s] GC(273)   Post Evacuate Collection Set: 0.4ms
[2022-03-01T14:56:41.451+0100][987.918s] GC(273)   Other: 0.1ms
[2022-03-01T14:56:41.451+0100][987.918s] GC(273) Eden regions: 305->0(305)
[2022-03-01T14:56:41.451+0100][987.918s] GC(273) Survivor regions: 2->2(39)
[2022-03-01T14:56:41.451+0100][987.918s] GC(273) Old regions: 87->87
[2022-03-01T14:56:41.451+0100][987.918s] GC(273) Humongous regions: 7->7
[2022-03-01T14:56:41.451+0100][987.918s] GC(273) Metaspace: 67667K->67667K(1112064K)
[2022-03-01T14:56:41.452+0100][987.918s] GC(273) Pause Young (Normal) (G1 Evacuation Pause) 398M->93M(512M) 1.676ms
[2022-03-01T14:56:41.452+0100][987.918s] GC(273) User=0.01s Sys=0.00s Real=0.00s
[2022-03-01T14:56:42.369+0100][988.836s] GC(274) Pause Young (Normal) (G1 Evacuation Pause)
[2022-03-01T14:56:42.369+0100][988.836s] GC(274) Using 10 workers of 10 for evacuation
[2022-03-01T14:56:42.370+0100][988.837s] GC(274)   Pre Evacuate Collection Set: 0.0ms
[2022-03-01T14:56:42.370+0100][988.837s] GC(274)   Evacuate Collection Set: 1.0ms
[2022-03-01T14:56:42.370+0100][988.837s] GC(274)   Post Evacuate Collection Set: 0.5ms
[2022-03-01T14:56:42.370+0100][988.837s] GC(274)   Other: 0.1ms
[2022-03-01T14:56:42.370+0100][988.837s] GC(274) Eden regions: 305->0(305)
[2022-03-01T14:56:42.370+0100][988.837s] GC(274) Survivor regions: 2->2(39)
[2022-03-01T14:56:42.370+0100][988.837s] GC(274) Old regions: 87->87
[2022-03-01T14:56:42.370+0100][988.837s] GC(274) Humongous regions: 7->7
[2022-03-01T14:56:42.370+0100][988.837s] GC(274) Metaspace: 67667K->67667K(1112064K)
[2022-03-01T14:56:42.370+0100][988.837s] GC(274) Pause Young (Normal) (G1 Evacuation Pause) 398M->93M(512M) 1.683ms
[2022-03-01T14:56:42.370+0100][988.837s] GC(274) User=0.01s Sys=0.00s Real=0.00s
[2022-03-01T14:56:43.679+0100][990.145s] GC(275) Pause Young (Normal) (G1 Evacuation Pause)
[2022-03-01T14:56:43.679+0100][990.145s] GC(275) Using 10 workers of 10 for evacuation
[2022-03-01T14:56:43.680+0100][990.147s] GC(275)   Pre Evacuate Collection Set: 0.0ms
[2022-03-01T14:56:43.680+0100][990.147s] GC(275)   Evacuate Collection Set: 1.1ms
[2022-03-01T14:56:43.680+0100][990.147s] GC(275)   Post Evacuate Collection Set: 0.5ms
[2022-03-01T14:56:43.680+0100][990.147s] GC(275)   Other: 0.1ms
[2022-03-01T14:56:43.680+0100][990.147s] GC(275) Eden regions: 305->0(305)
[2022-03-01T14:56:43.680+0100][990.147s] GC(275) Survivor regions: 2->2(39)
[2022-03-01T14:56:43.680+0100][990.147s] GC(275) Old regions: 87->87
[2022-03-01T14:56:43.680+0100][990.147s] GC(275) Humongous regions: 7->7
[2022-03-01T14:56:43.680+0100][990.147s] GC(275) Metaspace: 67667K->67667K(1112064K)
[2022-03-01T14:56:43.680+0100][990.147s] GC(275) Pause Young (Normal) (G1 Evacuation Pause) 398M->93M(512M) 1.839ms
[2022-03-01T14:56:43.680+0100][990.147s] GC(275) User=0.01s Sys=0.00s Real=0.00s
[2022-03-01T14:56:44.692+0100][991.158s] GC(276) Pause Young (Normal) (G1 Evacuation Pause)
[2022-03-01T14:56:44.692+0100][991.158s] GC(276) Using 10 workers of 10 for evacuation
[2022-03-01T14:56:44.693+0100][991.160s] GC(276)   Pre Evacuate Collection Set: 0.0ms
[2022-03-01T14:56:44.693+0100][991.160s] GC(276)   Evacuate Collection Set: 1.1ms
[2022-03-01T14:56:44.693+0100][991.160s] GC(276)   Post Evacuate Collection Set: 0.7ms
[2022-03-01T14:56:44.693+0100][991.160s] GC(276)   Other: 0.1ms
[2022-03-01T14:56:44.693+0100][991.160s] GC(276) Eden regions: 305->0(305)
[2022-03-01T14:56:44.693+0100][991.160s] GC(276) Survivor regions: 2->2(39)
[2022-03-01T14:56:44.693+0100][991.160s] GC(276) Old regions: 87->87
[2022-03-01T14:56:44.693+0100][991.160s] GC(276) Humongous regions: 7->7
[2022-03-01T14:56:44.693+0100][991.160s] GC(276) Metaspace: 67667K->67667K(1112064K)
[2022-03-01T14:56:44.693+0100][991.160s] GC(276) Pause Young (Normal) (G1 Evacuation Pause) 398M->93M(512M) 1.945ms
[2022-03-01T14:56:44.694+0100][991.160s] GC(276) User=0.01s Sys=0.00s Real=0.00s
[2022-03-01T14:56:45.814+0100][992.281s] GC(277) Pause Young (Normal) (G1 Evacuation Pause)
[2022-03-01T14:56:45.814+0100][992.281s] GC(277) Using 10 workers of 10 for evacuation
[2022-03-01T14:56:45.816+0100][992.283s] GC(277)   Pre Evacuate Collection Set: 0.0ms
[2022-03-01T14:56:45.816+0100][992.283s] GC(277)   Evacuate Collection Set: 1.5ms
[2022-03-01T14:56:45.816+0100][992.283s] GC(277)   Post Evacuate Collection Set: 0.4ms
[2022-03-01T14:56:45.817+0100][992.283s] GC(277)   Other: 0.1ms
[2022-03-01T14:56:45.817+0100][992.283s] GC(277) Eden regions: 305->0(303)
[2022-03-01T14:56:45.817+0100][992.283s] GC(277) Survivor regions: 2->4(39)
[2022-03-01T14:56:45.817+0100][992.283s] GC(277) Old regions: 87->87
[2022-03-01T14:56:45.817+0100][992.283s] GC(277) Humongous regions: 7->7
[2022-03-01T14:56:45.817+0100][992.283s] GC(277) Metaspace: 67667K->67667K(1112064K)
[2022-03-01T14:56:45.817+0100][992.283s] GC(277) Pause Young (Normal) (G1 Evacuation Pause) 398M->95M(512M) 2.098ms
[2022-03-01T14:56:45.817+0100][992.283s] GC(277) User=0.02s Sys=0.00s Real=0.00s
[2022-03-01T14:56:46.859+0100][993.326s] GC(278) Pause Young (Normal) (G1 Evacuation Pause)
[2022-03-01T14:56:46.859+0100][993.326s] GC(278) Using 10 workers of 10 for evacuation
[2022-03-01T14:56:46.861+0100][993.328s] GC(278)   Pre Evacuate Collection Set: 0.0ms
[2022-03-01T14:56:46.861+0100][993.328s] GC(278)   Evacuate Collection Set: 1.1ms
[2022-03-01T14:56:46.861+0100][993.328s] GC(278)   Post Evacuate Collection Set: 0.5ms
[2022-03-01T14:56:46.861+0100][993.328s] GC(278)   Other: 0.1ms
[2022-03-01T14:56:46.861+0100][993.328s] GC(278) Eden regions: 303->0(305)
[2022-03-01T14:56:46.861+0100][993.328s] GC(278) Survivor regions: 4->2(39)
[2022-03-01T14:56:46.861+0100][993.328s] GC(278) Old regions: 87->87
[2022-03-01T14:56:46.861+0100][993.328s] GC(278) Humongous regions: 7->7
[2022-03-01T14:56:46.861+0100][993.328s] GC(278) Metaspace: 67667K->67667K(1112064K)
[2022-03-01T14:56:46.861+0100][993.328s] GC(278) Pause Young (Normal) (G1 Evacuation Pause) 398M->93M(512M) 1.765ms
[2022-03-01T14:56:46.861+0100][993.328s] GC(278) User=0.01s Sys=0.00s Real=0.01s
[2022-03-01T14:56:47.847+0100][994.314s] GC(279) Pause Young (Normal) (G1 Evacuation Pause)
[2022-03-01T14:56:47.847+0100][994.314s] GC(279) Using 10 workers of 10 for evacuation
[2022-03-01T14:56:47.849+0100][994.315s] GC(279)   Pre Evacuate Collection Set: 0.0ms
[2022-03-01T14:56:47.849+0100][994.315s] GC(279)   Evacuate Collection Set: 1.0ms
[2022-03-01T14:56:47.849+0100][994.315s] GC(279)   Post Evacuate Collection Set: 0.4ms
[2022-03-01T14:56:47.849+0100][994.315s] GC(279)   Other: 0.1ms
[2022-03-01T14:56:47.849+0100][994.316s] GC(279) Eden regions: 305->0(305)
[2022-03-01T14:56:47.849+0100][994.316s] GC(279) Survivor regions: 2->2(39)
[2022-03-01T14:56:47.849+0100][994.316s] GC(279) Old regions: 87->87
[2022-03-01T14:56:47.849+0100][994.316s] GC(279) Humongous regions: 7->7
[2022-03-01T14:56:47.849+0100][994.316s] GC(279) Metaspace: 67667K->67667K(1112064K)
[2022-03-01T14:56:47.849+0100][994.316s] GC(279) Pause Young (Normal) (G1 Evacuation Pause) 398M->93M(512M) 1.601ms
[2022-03-01T14:56:47.849+0100][994.316s] GC(279) User=0.00s Sys=0.01s Real=0.01s
[2022-03-01T14:56:48.814+0100][995.281s] GC(280) Pause Young (Normal) (G1 Evacuation Pause)
[2022-03-01T14:56:48.814+0100][995.281s] GC(280) Using 10 workers of 10 for evacuation
[2022-03-01T14:56:48.816+0100][995.283s] GC(280)   Pre Evacuate Collection Set: 0.0ms
[2022-03-01T14:56:48.816+0100][995.283s] GC(280)   Evacuate Collection Set: 1.0ms
[2022-03-01T14:56:48.816+0100][995.283s] GC(280)   Post Evacuate Collection Set: 0.5ms
[2022-03-01T14:56:48.816+0100][995.283s] GC(280)   Other: 0.2ms
[2022-03-01T14:56:48.816+0100][995.283s] GC(280) Eden regions: 305->0(305)
[2022-03-01T14:56:48.816+0100][995.283s] GC(280) Survivor regions: 2->2(39)
[2022-03-01T14:56:48.816+0100][995.283s] GC(280) Old regions: 87->87
[2022-03-01T14:56:48.816+0100][995.283s] GC(280) Humongous regions: 7->7
[2022-03-01T14:56:48.816+0100][995.283s] GC(280) Metaspace: 67667K->67667K(1112064K)
[2022-03-01T14:56:48.816+0100][995.283s] GC(280) Pause Young (Normal) (G1 Evacuation Pause) 398M->93M(512M) 1.714ms
[2022-03-01T14:56:48.816+0100][995.283s] GC(280) User=0.01s Sys=0.00s Real=0.00s
[2022-03-01T14:56:49.810+0100][996.277s] GC(281) Pause Young (Normal) (G1 Evacuation Pause)
[2022-03-01T14:56:49.810+0100][996.277s] GC(281) Using 10 workers of 10 for evacuation
[2022-03-01T14:56:49.812+0100][996.278s] GC(281)   Pre Evacuate Collection Set: 0.0ms
[2022-03-01T14:56:49.812+0100][996.278s] GC(281)   Evacuate Collection Set: 1.0ms
[2022-03-01T14:56:49.812+0100][996.278s] GC(281)   Post Evacuate Collection Set: 0.4ms
[2022-03-01T14:56:49.812+0100][996.278s] GC(281)   Other: 0.1ms
[2022-03-01T14:56:49.812+0100][996.278s] GC(281) Eden regions: 305->0(305)
[2022-03-01T14:56:49.812+0100][996.278s] GC(281) Survivor regions: 2->2(39)
[2022-03-01T14:56:49.812+0100][996.278s] GC(281) Old regions: 87->87
[2022-03-01T14:56:49.812+0100][996.278s] GC(281) Humongous regions: 7->7
[2022-03-01T14:56:49.812+0100][996.278s] GC(281) Metaspace: 67667K->67667K(1112064K)
[2022-03-01T14:56:49.812+0100][996.278s] GC(281) Pause Young (Normal) (G1 Evacuation Pause) 398M->93M(512M) 1.586ms
[2022-03-01T14:56:49.812+0100][996.278s] GC(281) User=0.01s Sys=0.01s Real=0.00s
[2022-03-01T14:56:50.806+0100][997.273s] GC(282) Pause Young (Normal) (G1 Evacuation Pause)
[2022-03-01T14:56:50.806+0100][997.273s] GC(282) Using 10 workers of 10 for evacuation
[2022-03-01T14:56:50.808+0100][997.275s] GC(282)   Pre Evacuate Collection Set: 0.0ms
[2022-03-01T14:56:50.808+0100][997.275s] GC(282)   Evacuate Collection Set: 1.0ms
[2022-03-01T14:56:50.808+0100][997.275s] GC(282)   Post Evacuate Collection Set: 0.4ms
[2022-03-01T14:56:50.808+0100][997.275s] GC(282)   Other: 0.1ms
[2022-03-01T14:56:50.808+0100][997.275s] GC(282) Eden regions: 305->0(305)
[2022-03-01T14:56:50.808+0100][997.275s] GC(282) Survivor regions: 2->2(39)
[2022-03-01T14:56:50.808+0100][997.275s] GC(282) Old regions: 87->87
[2022-03-01T14:56:50.808+0100][997.275s] GC(282) Humongous regions: 7->7
[2022-03-01T14:56:50.808+0100][997.275s] GC(282) Metaspace: 67667K->67667K(1112064K)
[2022-03-01T14:56:50.808+0100][997.275s] GC(282) Pause Young (Normal) (G1 Evacuation Pause) 398M->93M(512M) 1.583ms
[2022-03-01T14:56:50.808+0100][997.275s] GC(282) User=0.01s Sys=0.01s Real=0.00s
[2022-03-01T14:56:52.280+0100][998.747s] GC(283) Pause Young (Normal) (G1 Evacuation Pause)
[2022-03-01T14:56:52.280+0100][998.747s] GC(283) Using 10 workers of 10 for evacuation
[2022-03-01T14:56:52.284+0100][998.751s] GC(283)   Pre Evacuate Collection Set: 0.0ms
[2022-03-01T14:56:52.284+0100][998.751s] GC(283)   Evacuate Collection Set: 3.1ms
[2022-03-01T14:56:52.284+0100][998.751s] GC(283)   Post Evacuate Collection Set: 0.9ms
[2022-03-01T14:56:52.284+0100][998.751s] GC(283)   Other: 0.3ms
[2022-03-01T14:56:52.284+0100][998.751s] GC(283) Eden regions: 305->0(305)
[2022-03-01T14:56:52.284+0100][998.751s] GC(283) Survivor regions: 2->2(39)
[2022-03-01T14:56:52.284+0100][998.751s] GC(283) Old regions: 87->87
[2022-03-01T14:56:52.284+0100][998.751s] GC(283) Humongous regions: 7->7
[2022-03-01T14:56:52.284+0100][998.751s] GC(283) Metaspace: 67667K->67667K(1112064K)
[2022-03-01T14:56:52.285+0100][998.751s] GC(283) Pause Young (Normal) (G1 Evacuation Pause) 398M->93M(512M) 4.511ms
[2022-03-01T14:56:52.285+0100][998.751s] GC(283) User=0.03s Sys=0.00s Real=0.01s
[2022-03-01T14:56:53.451+0100][999.918s] GC(284) Pause Young (Normal) (G1 Evacuation Pause)
[2022-03-01T14:56:53.451+0100][999.918s] GC(284) Using 10 workers of 10 for evacuation
[2022-03-01T14:56:53.453+0100][999.920s] GC(284)   Pre Evacuate Collection Set: 0.0ms
[2022-03-01T14:56:53.453+0100][999.920s] GC(284)   Evacuate Collection Set: 1.3ms
[2022-03-01T14:56:53.453+0100][999.920s] GC(284)   Post Evacuate Collection Set: 0.5ms
[2022-03-01T14:56:53.453+0100][999.920s] GC(284)   Other: 0.1ms
[2022-03-01T14:56:53.453+0100][999.920s] GC(284) Eden regions: 305->0(304)
[2022-03-01T14:56:53.453+0100][999.920s] GC(284) Survivor regions: 2->3(39)
[2022-03-01T14:56:53.453+0100][999.920s] GC(284) Old regions: 87->87
[2022-03-01T14:56:53.453+0100][999.920s] GC(284) Humongous regions: 7->7
[2022-03-01T14:56:53.453+0100][999.920s] GC(284) Metaspace: 67667K->67667K(1112064K)
[2022-03-01T14:56:53.453+0100][999.920s] GC(284) Pause Young (Normal) (G1 Evacuation Pause) 398M->94M(512M) 1.926ms
[2022-03-01T14:56:53.453+0100][999.920s] GC(284) User=0.01s Sys=0.00s Real=0.00s
[2022-03-01T14:56:54.387+0100][1000.853s] GC(285) Pause Young (Normal) (G1 Evacuation Pause)
[2022-03-01T14:56:54.387+0100][1000.853s] GC(285) Using 10 workers of 10 for evacuation
[2022-03-01T14:56:54.388+0100][1000.855s] GC(285)   Pre Evacuate Collection Set: 0.0ms
[2022-03-01T14:56:54.388+0100][1000.855s] GC(285)   Evacuate Collection Set: 1.0ms
[2022-03-01T14:56:54.388+0100][1000.855s] GC(285)   Post Evacuate Collection Set: 0.5ms
[2022-03-01T14:56:54.388+0100][1000.855s] GC(285)   Other: 0.1ms
[2022-03-01T14:56:54.388+0100][1000.855s] GC(285) Eden regions: 304->0(305)
[2022-03-01T14:56:54.388+0100][1000.855s] GC(285) Survivor regions: 3->2(39)
[2022-03-01T14:56:54.388+0100][1000.855s] GC(285) Old regions: 87->87
[2022-03-01T14:56:54.388+0100][1000.855s] GC(285) Humongous regions: 7->7
[2022-03-01T14:56:54.388+0100][1000.855s] GC(285) Metaspace: 67667K->67667K(1112064K)
[2022-03-01T14:56:54.388+0100][1000.855s] GC(285) Pause Young (Normal) (G1 Evacuation Pause) 398M->94M(512M) 1.732ms
[2022-03-01T14:56:54.388+0100][1000.855s] GC(285) User=0.01s Sys=0.01s Real=0.00s
[2022-03-01T14:56:55.379+0100][1001.845s] GC(286) Pause Young (Normal) (G1 Evacuation Pause)
[2022-03-01T14:56:55.379+0100][1001.845s] GC(286) Using 10 workers of 10 for evacuation
[2022-03-01T14:56:55.380+0100][1001.847s] GC(286)   Pre Evacuate Collection Set: 0.0ms
[2022-03-01T14:56:55.380+0100][1001.847s] GC(286)   Evacuate Collection Set: 1.1ms
[2022-03-01T14:56:55.380+0100][1001.847s] GC(286)   Post Evacuate Collection Set: 0.4ms
[2022-03-01T14:56:55.380+0100][1001.847s] GC(286)   Other: 0.1ms
[2022-03-01T14:56:55.380+0100][1001.847s] GC(286) Eden regions: 305->0(305)
[2022-03-01T14:56:55.380+0100][1001.847s] GC(286) Survivor regions: 2->2(39)
[2022-03-01T14:56:55.380+0100][1001.847s] GC(286) Old regions: 87->87
[2022-03-01T14:56:55.380+0100][1001.847s] GC(286) Humongous regions: 7->7
[2022-03-01T14:56:55.380+0100][1001.847s] GC(286) Metaspace: 67667K->67667K(1112064K)
[2022-03-01T14:56:55.380+0100][1001.847s] GC(286) Pause Young (Normal) (G1 Evacuation Pause) 399M->94M(512M) 1.679ms
[2022-03-01T14:56:55.380+0100][1001.847s] GC(286) User=0.01s Sys=0.01s Real=0.00s
[2022-03-01T14:56:56.316+0100][1002.783s] GC(287) Pause Young (Normal) (G1 Evacuation Pause)
[2022-03-01T14:56:56.317+0100][1002.783s] GC(287) Using 10 workers of 10 for evacuation
[2022-03-01T14:56:56.318+0100][1002.785s] GC(287)   Pre Evacuate Collection Set: 0.0ms
[2022-03-01T14:56:56.318+0100][1002.785s] GC(287)   Evacuate Collection Set: 1.0ms
[2022-03-01T14:56:56.318+0100][1002.785s] GC(287)   Post Evacuate Collection Set: 0.5ms
[2022-03-01T14:56:56.318+0100][1002.785s] GC(287)   Other: 0.1ms
[2022-03-01T14:56:56.318+0100][1002.785s] GC(287) Eden regions: 305->0(305)
[2022-03-01T14:56:56.318+0100][1002.785s] GC(287) Survivor regions: 2->2(39)
[2022-03-01T14:56:56.318+0100][1002.785s] GC(287) Old regions: 87->87
[2022-03-01T14:56:56.318+0100][1002.785s] GC(287) Humongous regions: 7->7
[2022-03-01T14:56:56.318+0100][1002.785s] GC(287) Metaspace: 67667K->67667K(1112064K)
[2022-03-01T14:56:56.318+0100][1002.785s] GC(287) Pause Young (Normal) (G1 Evacuation Pause) 399M->94M(512M) 1.736ms
[2022-03-01T14:56:56.318+0100][1002.785s] GC(287) User=0.01s Sys=0.00s Real=0.00s
[2022-03-01T14:56:57.305+0100][1003.772s] GC(288) Pause Young (Normal) (G1 Evacuation Pause)
[2022-03-01T14:56:57.305+0100][1003.772s] GC(288) Using 10 workers of 10 for evacuation
[2022-03-01T14:56:57.309+0100][1003.776s] GC(288)   Pre Evacuate Collection Set: 0.0ms
[2022-03-01T14:56:57.309+0100][1003.776s] GC(288)   Evacuate Collection Set: 3.2ms
[2022-03-01T14:56:57.309+0100][1003.776s] GC(288)   Post Evacuate Collection Set: 1.1ms
[2022-03-01T14:56:57.309+0100][1003.776s] GC(288)   Other: 0.4ms
[2022-03-01T14:56:57.309+0100][1003.776s] GC(288) Eden regions: 305->0(305)
[2022-03-01T14:56:57.309+0100][1003.776s] GC(288) Survivor regions: 2->2(39)
[2022-03-01T14:56:57.309+0100][1003.776s] GC(288) Old regions: 87->87
[2022-03-01T14:56:57.309+0100][1003.776s] GC(288) Humongous regions: 7->7
[2022-03-01T14:56:57.309+0100][1003.776s] GC(288) Metaspace: 67667K->67667K(1112064K)
[2022-03-01T14:56:57.309+0100][1003.776s] GC(288) Pause Young (Normal) (G1 Evacuation Pause) 399M->94M(512M) 4.757ms
[2022-03-01T14:56:57.309+0100][1003.776s] GC(288) User=0.03s Sys=0.01s Real=0.01s
[2022-03-01T14:56:58.450+0100][1004.917s] GC(289) Pause Young (Normal) (G1 Evacuation Pause)
[2022-03-01T14:56:58.450+0100][1004.917s] GC(289) Using 10 workers of 10 for evacuation
[2022-03-01T14:56:58.452+0100][1004.919s] GC(289)   Pre Evacuate Collection Set: 0.0ms
[2022-03-01T14:56:58.452+0100][1004.919s] GC(289)   Evacuate Collection Set: 1.0ms
[2022-03-01T14:56:58.452+0100][1004.919s] GC(289)   Post Evacuate Collection Set: 0.5ms
[2022-03-01T14:56:58.452+0100][1004.919s] GC(289)   Other: 0.1ms
[2022-03-01T14:56:58.452+0100][1004.919s] GC(289) Eden regions: 305->0(305)
[2022-03-01T14:56:58.452+0100][1004.919s] GC(289) Survivor regions: 2->2(39)
[2022-03-01T14:56:58.452+0100][1004.919s] GC(289) Old regions: 87->87
[2022-03-01T14:56:58.452+0100][1004.919s] GC(289) Humongous regions: 7->7
[2022-03-01T14:56:58.452+0100][1004.919s] GC(289) Metaspace: 67667K->67667K(1112064K)
[2022-03-01T14:56:58.452+0100][1004.919s] GC(289) Pause Young (Normal) (G1 Evacuation Pause) 399M->94M(512M) 1.658ms
[2022-03-01T14:56:58.452+0100][1004.919s] GC(289) User=0.01s Sys=0.00s Real=0.00s
[2022-03-01T14:56:59.425+0100][1005.892s] GC(290) Pause Young (Normal) (G1 Evacuation Pause)
[2022-03-01T14:56:59.425+0100][1005.892s] GC(290) Using 10 workers of 10 for evacuation
[2022-03-01T14:56:59.426+0100][1005.893s] GC(290)   Pre Evacuate Collection Set: 0.0ms
[2022-03-01T14:56:59.430+0100][1005.896s] GC(290)   Evacuate Collection Set: 1.0ms
[2022-03-01T14:56:59.430+0100][1005.897s] GC(290)   Post Evacuate Collection Set: 0.4ms
[2022-03-01T14:56:59.430+0100][1005.897s] GC(290)   Other: 0.1ms
[2022-03-01T14:56:59.430+0100][1005.897s] GC(290) Eden regions: 305->0(305)
[2022-03-01T14:56:59.430+0100][1005.897s] GC(290) Survivor regions: 2->2(39)
[2022-03-01T14:56:59.430+0100][1005.897s] GC(290) Old regions: 87->87
[2022-03-01T14:56:59.430+0100][1005.897s] GC(290) Humongous regions: 7->7
[2022-03-01T14:56:59.430+0100][1005.897s] GC(290) Metaspace: 67667K->67667K(1112064K)
[2022-03-01T14:56:59.430+0100][1005.897s] GC(290) Pause Young (Normal) (G1 Evacuation Pause) 399M->94M(512M) 4.893ms
[2022-03-01T14:56:59.430+0100][1005.897s] GC(290) User=0.01s Sys=0.01s Real=0.01s
[2022-03-01T14:57:00.404+0100][1006.870s] GC(291) Pause Young (Normal) (G1 Evacuation Pause)
[2022-03-01T14:57:00.404+0100][1006.870s] GC(291) Using 10 workers of 10 for evacuation
[2022-03-01T14:57:00.406+0100][1006.873s] GC(291)   Pre Evacuate Collection Set: 0.0ms
[2022-03-01T14:57:00.406+0100][1006.873s] GC(291)   Evacuate Collection Set: 1.6ms
[2022-03-01T14:57:00.406+0100][1006.873s] GC(291)   Post Evacuate Collection Set: 0.6ms
[2022-03-01T14:57:00.406+0100][1006.873s] GC(291)   Other: 0.1ms
[2022-03-01T14:57:00.406+0100][1006.873s] GC(291) Eden regions: 305->0(304)
[2022-03-01T14:57:00.406+0100][1006.873s] GC(291) Survivor regions: 2->3(39)
[2022-03-01T14:57:00.406+0100][1006.873s] GC(291) Old regions: 87->88
[2022-03-01T14:57:00.406+0100][1006.873s] GC(291) Humongous regions: 7->7
[2022-03-01T14:57:00.406+0100][1006.873s] GC(291) Metaspace: 67667K->67667K(1112064K)
[2022-03-01T14:57:00.406+0100][1006.873s] GC(291) Pause Young (Normal) (G1 Evacuation Pause) 399M->95M(512M) 2.319ms
[2022-03-01T14:57:00.406+0100][1006.873s] GC(291) User=0.02s Sys=0.00s Real=0.00s
[2022-03-01T14:57:01.332+0100][1007.798s] GC(292) Pause Young (Normal) (G1 Evacuation Pause)
[2022-03-01T14:57:01.332+0100][1007.799s] GC(292) Using 10 workers of 10 for evacuation
[2022-03-01T14:57:01.333+0100][1007.800s] GC(292)   Pre Evacuate Collection Set: 0.0ms
[2022-03-01T14:57:01.333+0100][1007.800s] GC(292)   Evacuate Collection Set: 1.1ms
[2022-03-01T14:57:01.333+0100][1007.800s] GC(292)   Post Evacuate Collection Set: 0.5ms
[2022-03-01T14:57:01.333+0100][1007.800s] GC(292)   Other: 0.1ms
[2022-03-01T14:57:01.333+0100][1007.800s] GC(292) Eden regions: 304->0(305)
[2022-03-01T14:57:01.333+0100][1007.800s] GC(292) Survivor regions: 3->2(39)
[2022-03-01T14:57:01.333+0100][1007.800s] GC(292) Old regions: 88->88
[2022-03-01T14:57:01.333+0100][1007.800s] GC(292) Humongous regions: 7->7
[2022-03-01T14:57:01.333+0100][1007.800s] GC(292) Metaspace: 67667K->67667K(1112064K)
[2022-03-01T14:57:01.333+0100][1007.800s] GC(292) Pause Young (Normal) (G1 Evacuation Pause) 399M->94M(512M) 1.789ms
[2022-03-01T14:57:01.333+0100][1007.800s] GC(292) User=0.01s Sys=0.00s Real=0.00s
[2022-03-01T14:57:02.332+0100][1008.799s] GC(293) Pause Young (Normal) (G1 Evacuation Pause)
[2022-03-01T14:57:02.332+0100][1008.799s] GC(293) Using 10 workers of 10 for evacuation
[2022-03-01T14:57:02.334+0100][1008.800s] GC(293)   Pre Evacuate Collection Set: 0.0ms
[2022-03-01T14:57:02.334+0100][1008.800s] GC(293)   Evacuate Collection Set: 1.1ms
[2022-03-01T14:57:02.334+0100][1008.800s] GC(293)   Post Evacuate Collection Set: 0.5ms
[2022-03-01T14:57:02.334+0100][1008.800s] GC(293)   Other: 0.1ms
[2022-03-01T14:57:02.334+0100][1008.800s] GC(293) Eden regions: 305->0(305)
[2022-03-01T14:57:02.334+0100][1008.800s] GC(293) Survivor regions: 2->2(39)
[2022-03-01T14:57:02.334+0100][1008.800s] GC(293) Old regions: 88->88
[2022-03-01T14:57:02.334+0100][1008.800s] GC(293) Humongous regions: 7->7
[2022-03-01T14:57:02.334+0100][1008.800s] GC(293) Metaspace: 67667K->67667K(1112064K)
[2022-03-01T14:57:02.334+0100][1008.800s] GC(293) Pause Young (Normal) (G1 Evacuation Pause) 399M->94M(512M) 1.726ms
[2022-03-01T14:57:02.334+0100][1008.800s] GC(293) User=0.01s Sys=0.00s Real=0.00s
[2022-03-01T14:57:03.367+0100][1009.834s] GC(294) Pause Young (Normal) (G1 Evacuation Pause)
[2022-03-01T14:57:03.367+0100][1009.834s] GC(294) Using 10 workers of 10 for evacuation
[2022-03-01T14:57:03.369+0100][1009.835s] GC(294)   Pre Evacuate Collection Set: 0.0ms
[2022-03-01T14:57:03.369+0100][1009.835s] GC(294)   Evacuate Collection Set: 1.1ms
[2022-03-01T14:57:03.369+0100][1009.835s] GC(294)   Post Evacuate Collection Set: 0.4ms
[2022-03-01T14:57:03.369+0100][1009.835s] GC(294)   Other: 0.1ms
[2022-03-01T14:57:03.369+0100][1009.835s] GC(294) Eden regions: 305->0(305)
[2022-03-01T14:57:03.369+0100][1009.835s] GC(294) Survivor regions: 2->2(39)
[2022-03-01T14:57:03.369+0100][1009.835s] GC(294) Old regions: 88->88
[2022-03-01T14:57:03.369+0100][1009.835s] GC(294) Humongous regions: 7->7
[2022-03-01T14:57:03.369+0100][1009.835s] GC(294) Metaspace: 67667K->67667K(1112064K)
[2022-03-01T14:57:03.369+0100][1009.835s] GC(294) Pause Young (Normal) (G1 Evacuation Pause) 399M->94M(512M) 1.771ms
[2022-03-01T14:57:03.369+0100][1009.836s] GC(294) User=0.01s Sys=0.00s Real=0.00s
[2022-03-01T14:57:04.356+0100][1010.823s] GC(295) Pause Young (Normal) (G1 Evacuation Pause)
[2022-03-01T14:57:04.356+0100][1010.823s] GC(295) Using 10 workers of 10 for evacuation
[2022-03-01T14:57:04.358+0100][1010.825s] GC(295)   Pre Evacuate Collection Set: 0.0ms
[2022-03-01T14:57:04.358+0100][1010.825s] GC(295)   Evacuate Collection Set: 1.0ms
[2022-03-01T14:57:04.358+0100][1010.825s] GC(295)   Post Evacuate Collection Set: 0.5ms
[2022-03-01T14:57:04.358+0100][1010.825s] GC(295)   Other: 0.1ms
[2022-03-01T14:57:04.358+0100][1010.825s] GC(295) Eden regions: 305->0(305)
[2022-03-01T14:57:04.358+0100][1010.825s] GC(295) Survivor regions: 2->2(39)
[2022-03-01T14:57:04.358+0100][1010.825s] GC(295) Old regions: 88->88
[2022-03-01T14:57:04.358+0100][1010.825s] GC(295) Humongous regions: 7->7
[2022-03-01T14:57:04.358+0100][1010.825s] GC(295) Metaspace: 67667K->67667K(1112064K)
[2022-03-01T14:57:04.358+0100][1010.825s] GC(295) Pause Young (Normal) (G1 Evacuation Pause) 399M->94M(512M) 1.672ms
[2022-03-01T14:57:04.358+0100][1010.825s] GC(295) User=0.01s Sys=0.00s Real=0.00s
[2022-03-01T14:57:05.293+0100][1011.760s] GC(296) Pause Young (Normal) (G1 Evacuation Pause)
[2022-03-01T14:57:05.293+0100][1011.760s] GC(296) Using 10 workers of 10 for evacuation
[2022-03-01T14:57:05.294+0100][1011.761s] GC(296)   Pre Evacuate Collection Set: 0.0ms
[2022-03-01T14:57:05.294+0100][1011.761s] GC(296)   Evacuate Collection Set: 1.1ms
[2022-03-01T14:57:05.294+0100][1011.761s] GC(296)   Post Evacuate Collection Set: 0.5ms
[2022-03-01T14:57:05.294+0100][1011.761s] GC(296)   Other: 0.1ms
[2022-03-01T14:57:05.294+0100][1011.761s] GC(296) Eden regions: 305->0(305)
[2022-03-01T14:57:05.294+0100][1011.761s] GC(296) Survivor regions: 2->2(39)
[2022-03-01T14:57:05.294+0100][1011.761s] GC(296) Old regions: 88->88
[2022-03-01T14:57:05.294+0100][1011.761s] GC(296) Humongous regions: 7->7
[2022-03-01T14:57:05.294+0100][1011.761s] GC(296) Metaspace: 67667K->67667K(1112064K)
[2022-03-01T14:57:05.294+0100][1011.761s] GC(296) Pause Young (Normal) (G1 Evacuation Pause) 399M->94M(512M) 1.752ms
[2022-03-01T14:57:05.295+0100][1011.761s] GC(296) User=0.00s Sys=0.00s Real=0.00s
[2022-03-01T14:57:06.315+0100][1012.781s] GC(297) Pause Young (Normal) (G1 Evacuation Pause)
[2022-03-01T14:57:06.315+0100][1012.781s] GC(297) Using 10 workers of 10 for evacuation
[2022-03-01T14:57:06.316+0100][1012.783s] GC(297)   Pre Evacuate Collection Set: 0.0ms
[2022-03-01T14:57:06.316+0100][1012.783s] GC(297)   Evacuate Collection Set: 1.0ms
[2022-03-01T14:57:06.316+0100][1012.783s] GC(297)   Post Evacuate Collection Set: 0.3ms
[2022-03-01T14:57:06.316+0100][1012.783s] GC(297)   Other: 0.1ms
[2022-03-01T14:57:06.316+0100][1012.783s] GC(297) Eden regions: 305->0(305)
[2022-03-01T14:57:06.316+0100][1012.783s] GC(297) Survivor regions: 2->2(39)
[2022-03-01T14:57:06.316+0100][1012.783s] GC(297) Old regions: 88->88
[2022-03-01T14:57:06.316+0100][1012.783s] GC(297) Humongous regions: 7->7
[2022-03-01T14:57:06.316+0100][1012.783s] GC(297) Metaspace: 67667K->67667K(1112064K)
[2022-03-01T14:57:06.316+0100][1012.783s] GC(297) Pause Young (Normal) (G1 Evacuation Pause) 399M->94M(512M) 1.501ms
[2022-03-01T14:57:06.316+0100][1012.783s] GC(297) User=0.00s Sys=0.00s Real=0.00s
[2022-03-01T14:57:07.240+0100][1013.706s] GC(298) Pause Young (Normal) (G1 Evacuation Pause)
[2022-03-01T14:57:07.240+0100][1013.707s] GC(298) Using 10 workers of 10 for evacuation
[2022-03-01T14:57:07.241+0100][1013.708s] GC(298)   Pre Evacuate Collection Set: 0.0ms
[2022-03-01T14:57:07.241+0100][1013.708s] GC(298)   Evacuate Collection Set: 1.0ms
[2022-03-01T14:57:07.241+0100][1013.708s] GC(298)   Post Evacuate Collection Set: 0.5ms
[2022-03-01T14:57:07.241+0100][1013.708s] GC(298)   Other: 0.1ms
[2022-03-01T14:57:07.241+0100][1013.708s] GC(298) Eden regions: 305->0(305)
[2022-03-01T14:57:07.241+0100][1013.708s] GC(298) Survivor regions: 2->2(39)
[2022-03-01T14:57:07.241+0100][1013.708s] GC(298) Old regions: 88->88
[2022-03-01T14:57:07.241+0100][1013.708s] GC(298) Humongous regions: 7->7
[2022-03-01T14:57:07.241+0100][1013.708s] GC(298) Metaspace: 67667K->67667K(1112064K)
[2022-03-01T14:57:07.241+0100][1013.708s] GC(298) Pause Young (Normal) (G1 Evacuation Pause) 399M->94M(512M) 1.706ms
[2022-03-01T14:57:07.241+0100][1013.708s] GC(298) User=0.01s Sys=0.00s Real=0.01s
[2022-03-01T14:57:08.227+0100][1014.694s] GC(299) Pause Young (Normal) (G1 Evacuation Pause)
[2022-03-01T14:57:08.227+0100][1014.694s] GC(299) Using 10 workers of 10 for evacuation
[2022-03-01T14:57:08.228+0100][1014.695s] GC(299)   Pre Evacuate Collection Set: 0.0ms
[2022-03-01T14:57:08.228+0100][1014.695s] GC(299)   Evacuate Collection Set: 1.2ms
[2022-03-01T14:57:08.228+0100][1014.695s] GC(299)   Post Evacuate Collection Set: 0.4ms
[2022-03-01T14:57:08.228+0100][1014.695s] GC(299)   Other: 0.1ms
[2022-03-01T14:57:08.228+0100][1014.695s] GC(299) Eden regions: 305->0(305)
[2022-03-01T14:57:08.228+0100][1014.695s] GC(299) Survivor regions: 2->2(39)
[2022-03-01T14:57:08.228+0100][1014.695s] GC(299) Old regions: 88->88
[2022-03-01T14:57:08.228+0100][1014.695s] GC(299) Humongous regions: 7->7
[2022-03-01T14:57:08.228+0100][1014.695s] GC(299) Metaspace: 67667K->67667K(1112064K)
[2022-03-01T14:57:08.228+0100][1014.695s] GC(299) Pause Young (Normal) (G1 Evacuation Pause) 399M->94M(512M) 1.778ms
[2022-03-01T14:57:08.228+0100][1014.695s] GC(299) User=0.00s Sys=0.00s Real=0.00s
[2022-03-01T14:57:09.193+0100][1015.660s] GC(300) Pause Young (Normal) (G1 Evacuation Pause)
[2022-03-01T14:57:09.193+0100][1015.660s] GC(300) Using 10 workers of 10 for evacuation
[2022-03-01T14:57:09.195+0100][1015.662s] GC(300)   Pre Evacuate Collection Set: 0.0ms
[2022-03-01T14:57:09.195+0100][1015.662s] GC(300)   Evacuate Collection Set: 1.4ms
[2022-03-01T14:57:09.195+0100][1015.662s] GC(300)   Post Evacuate Collection Set: 0.6ms
[2022-03-01T14:57:09.195+0100][1015.662s] GC(300)   Other: 0.2ms
[2022-03-01T14:57:09.195+0100][1015.662s] GC(300) Eden regions: 305->0(304)
[2022-03-01T14:57:09.195+0100][1015.662s] GC(300) Survivor regions: 2->3(39)
[2022-03-01T14:57:09.195+0100][1015.662s] GC(300) Old regions: 88->88
[2022-03-01T14:57:09.195+0100][1015.662s] GC(300) Humongous regions: 7->7
[2022-03-01T14:57:09.195+0100][1015.662s] GC(300) Metaspace: 67667K->67667K(1112064K)
[2022-03-01T14:57:09.195+0100][1015.662s] GC(300) Pause Young (Normal) (G1 Evacuation Pause) 399M->95M(512M) 2.199ms
[2022-03-01T14:57:09.195+0100][1015.662s] GC(300) User=0.01s Sys=0.00s Real=0.00s
[2022-03-01T14:57:10.155+0100][1016.622s] GC(301) Pause Young (Normal) (G1 Evacuation Pause)
[2022-03-01T14:57:10.155+0100][1016.622s] GC(301) Using 10 workers of 10 for evacuation
[2022-03-01T14:57:10.156+0100][1016.623s] GC(301)   Pre Evacuate Collection Set: 0.0ms
[2022-03-01T14:57:10.156+0100][1016.623s] GC(301)   Evacuate Collection Set: 1.0ms
[2022-03-01T14:57:10.156+0100][1016.623s] GC(301)   Post Evacuate Collection Set: 0.6ms
[2022-03-01T14:57:10.156+0100][1016.623s] GC(301)   Other: 0.1ms
[2022-03-01T14:57:10.156+0100][1016.623s] GC(301) Eden regions: 304->0(305)
[2022-03-01T14:57:10.157+0100][1016.623s] GC(301) Survivor regions: 3->2(39)
[2022-03-01T14:57:10.157+0100][1016.623s] GC(301) Old regions: 88->88
[2022-03-01T14:57:10.157+0100][1016.623s] GC(301) Humongous regions: 7->7
[2022-03-01T14:57:10.157+0100][1016.623s] GC(301) Metaspace: 67667K->67667K(1112064K)
[2022-03-01T14:57:10.157+0100][1016.623s] GC(301) Pause Young (Normal) (G1 Evacuation Pause) 399M->94M(512M) 1.768ms
[2022-03-01T14:57:10.157+0100][1016.623s] GC(301) User=0.01s Sys=0.01s Real=0.00s
[2022-03-01T14:57:11.161+0100][1017.628s] GC(302) Pause Young (Normal) (G1 Evacuation Pause)
[2022-03-01T14:57:11.162+0100][1017.628s] GC(302) Using 10 workers of 10 for evacuation
[2022-03-01T14:57:11.163+0100][1017.630s] GC(302)   Pre Evacuate Collection Set: 0.0ms
[2022-03-01T14:57:11.163+0100][1017.630s] GC(302)   Evacuate Collection Set: 1.0ms
[2022-03-01T14:57:11.163+0100][1017.630s] GC(302)   Post Evacuate Collection Set: 0.4ms
[2022-03-01T14:57:11.163+0100][1017.630s] GC(302)   Other: 0.2ms
[2022-03-01T14:57:11.163+0100][1017.630s] GC(302) Eden regions: 305->0(305)
[2022-03-01T14:57:11.163+0100][1017.630s] GC(302) Survivor regions: 2->2(39)
[2022-03-01T14:57:11.163+0100][1017.630s] GC(302) Old regions: 88->88
[2022-03-01T14:57:11.163+0100][1017.630s] GC(302) Humongous regions: 7->7
[2022-03-01T14:57:11.163+0100][1017.630s] GC(302) Metaspace: 67667K->67667K(1112064K)
[2022-03-01T14:57:11.163+0100][1017.630s] GC(302) Pause Young (Normal) (G1 Evacuation Pause) 399M->94M(512M) 1.667ms
[2022-03-01T14:57:11.163+0100][1017.630s] GC(302) User=0.01s Sys=0.01s Real=0.00s
[2022-03-01T14:57:12.097+0100][1018.564s] GC(303) Pause Young (Normal) (G1 Evacuation Pause)
[2022-03-01T14:57:12.097+0100][1018.564s] GC(303) Using 10 workers of 10 for evacuation
[2022-03-01T14:57:12.099+0100][1018.566s] GC(303)   Pre Evacuate Collection Set: 0.0ms
[2022-03-01T14:57:12.099+0100][1018.566s] GC(303)   Evacuate Collection Set: 1.1ms
[2022-03-01T14:57:12.099+0100][1018.566s] GC(303)   Post Evacuate Collection Set: 0.6ms
[2022-03-01T14:57:12.099+0100][1018.566s] GC(303)   Other: 0.1ms
[2022-03-01T14:57:12.099+0100][1018.566s] GC(303) Eden regions: 305->0(305)
[2022-03-01T14:57:12.099+0100][1018.566s] GC(303) Survivor regions: 2->2(39)
[2022-03-01T14:57:12.099+0100][1018.566s] GC(303) Old regions: 88->88
[2022-03-01T14:57:12.099+0100][1018.566s] GC(303) Humongous regions: 7->7
[2022-03-01T14:57:12.099+0100][1018.566s] GC(303) Metaspace: 67667K->67667K(1112064K)
[2022-03-01T14:57:12.099+0100][1018.566s] GC(303) Pause Young (Normal) (G1 Evacuation Pause) 399M->94M(512M) 1.837ms
[2022-03-01T14:57:12.099+0100][1018.566s] GC(303) User=0.00s Sys=0.00s Real=0.00s
[2022-03-01T14:57:13.401+0100][1019.867s] GC(304) Pause Young (Normal) (G1 Evacuation Pause)
[2022-03-01T14:57:13.401+0100][1019.867s] GC(304) Using 10 workers of 10 for evacuation
[2022-03-01T14:57:13.402+0100][1019.869s] GC(304)   Pre Evacuate Collection Set: 0.0ms
[2022-03-01T14:57:13.402+0100][1019.869s] GC(304)   Evacuate Collection Set: 1.0ms
[2022-03-01T14:57:13.402+0100][1019.869s] GC(304)   Post Evacuate Collection Set: 0.5ms
[2022-03-01T14:57:13.402+0100][1019.869s] GC(304)   Other: 0.1ms
[2022-03-01T14:57:13.402+0100][1019.869s] GC(304) Eden regions: 305->0(305)
[2022-03-01T14:57:13.402+0100][1019.869s] GC(304) Survivor regions: 2->2(39)
[2022-03-01T14:57:13.402+0100][1019.869s] GC(304) Old regions: 88->88
[2022-03-01T14:57:13.402+0100][1019.869s] GC(304) Humongous regions: 7->7
[2022-03-01T14:57:13.402+0100][1019.869s] GC(304) Metaspace: 67667K->67667K(1112064K)
[2022-03-01T14:57:13.402+0100][1019.869s] GC(304) Pause Young (Normal) (G1 Evacuation Pause) 399M->94M(512M) 1.700ms
[2022-03-01T14:57:13.402+0100][1019.869s] GC(304) User=0.00s Sys=0.01s Real=0.01s
[2022-03-01T14:57:14.399+0100][1020.866s] GC(305) Pause Young (Normal) (G1 Evacuation Pause)
[2022-03-01T14:57:14.399+0100][1020.866s] GC(305) Using 10 workers of 10 for evacuation
[2022-03-01T14:57:14.401+0100][1020.867s] GC(305)   Pre Evacuate Collection Set: 0.0ms
[2022-03-01T14:57:14.401+0100][1020.867s] GC(305)   Evacuate Collection Set: 1.0ms
[2022-03-01T14:57:14.401+0100][1020.867s] GC(305)   Post Evacuate Collection Set: 0.4ms
[2022-03-01T14:57:14.401+0100][1020.868s] GC(305)   Other: 0.1ms
[2022-03-01T14:57:14.401+0100][1020.868s] GC(305) Eden regions: 305->0(305)
[2022-03-01T14:57:14.401+0100][1020.868s] GC(305) Survivor regions: 2->2(39)
[2022-03-01T14:57:14.401+0100][1020.868s] GC(305) Old regions: 88->88
[2022-03-01T14:57:14.401+0100][1020.868s] GC(305) Humongous regions: 7->7
[2022-03-01T14:57:14.401+0100][1020.868s] GC(305) Metaspace: 67667K->67667K(1112064K)
[2022-03-01T14:57:14.401+0100][1020.868s] GC(305) Pause Young (Normal) (G1 Evacuation Pause) 399M->94M(512M) 1.678ms
[2022-03-01T14:57:14.401+0100][1020.868s] GC(305) User=0.01s Sys=0.01s Real=0.01s
[2022-03-01T14:57:15.406+0100][1021.873s] GC(306) Pause Young (Normal) (G1 Evacuation Pause)
[2022-03-01T14:57:15.406+0100][1021.873s] GC(306) Using 10 workers of 10 for evacuation
[2022-03-01T14:57:15.407+0100][1021.874s] GC(306)   Pre Evacuate Collection Set: 0.0ms
[2022-03-01T14:57:15.407+0100][1021.874s] GC(306)   Evacuate Collection Set: 1.0ms
[2022-03-01T14:57:15.407+0100][1021.874s] GC(306)   Post Evacuate Collection Set: 0.5ms
[2022-03-01T14:57:15.407+0100][1021.874s] GC(306)   Other: 0.1ms
[2022-03-01T14:57:15.407+0100][1021.874s] GC(306) Eden regions: 305->0(305)
[2022-03-01T14:57:15.407+0100][1021.874s] GC(306) Survivor regions: 2->2(39)
[2022-03-01T14:57:15.407+0100][1021.874s] GC(306) Old regions: 88->88
[2022-03-01T14:57:15.407+0100][1021.874s] GC(306) Humongous regions: 7->7
[2022-03-01T14:57:15.407+0100][1021.874s] GC(306) Metaspace: 67667K->67667K(1112064K)
[2022-03-01T14:57:15.407+0100][1021.874s] GC(306) Pause Young (Normal) (G1 Evacuation Pause) 399M->94M(512M) 1.711ms
[2022-03-01T14:57:15.407+0100][1021.874s] GC(306) User=0.01s Sys=0.01s Real=0.00s
[2022-03-01T14:57:16.401+0100][1022.868s] GC(307) Pause Young (Normal) (G1 Evacuation Pause)
[2022-03-01T14:57:16.401+0100][1022.868s] GC(307) Using 10 workers of 10 for evacuation
[2022-03-01T14:57:16.403+0100][1022.869s] GC(307)   Pre Evacuate Collection Set: 0.0ms
[2022-03-01T14:57:16.406+0100][1022.873s] GC(307)   Evacuate Collection Set: 1.0ms
[2022-03-01T14:57:16.406+0100][1022.873s] GC(307)   Post Evacuate Collection Set: 0.4ms
[2022-03-01T14:57:16.406+0100][1022.873s] GC(307)   Other: 0.2ms
[2022-03-01T14:57:16.406+0100][1022.873s] GC(307) Eden regions: 305->0(305)
[2022-03-01T14:57:16.406+0100][1022.873s] GC(307) Survivor regions: 2->2(39)
[2022-03-01T14:57:16.406+0100][1022.873s] GC(307) Old regions: 88->88
[2022-03-01T14:57:16.406+0100][1022.873s] GC(307) Humongous regions: 7->7
[2022-03-01T14:57:16.406+0100][1022.873s] GC(307) Metaspace: 67667K->67667K(1112064K)
[2022-03-01T14:57:16.406+0100][1022.873s] GC(307) Pause Young (Normal) (G1 Evacuation Pause) 399M->94M(512M) 4.966ms
[2022-03-01T14:57:16.406+0100][1022.873s] GC(307) User=0.01s Sys=0.01s Real=0.00s
[2022-03-01T14:57:17.466+0100][1023.933s] GC(308) Pause Young (Normal) (G1 Evacuation Pause)
[2022-03-01T14:57:17.466+0100][1023.933s] GC(308) Using 10 workers of 10 for evacuation
[2022-03-01T14:57:17.467+0100][1023.934s] GC(308)   Pre Evacuate Collection Set: 0.0ms
[2022-03-01T14:57:17.467+0100][1023.934s] GC(308)   Evacuate Collection Set: 1.0ms
[2022-03-01T14:57:17.467+0100][1023.934s] GC(308)   Post Evacuate Collection Set: 0.5ms
[2022-03-01T14:57:17.467+0100][1023.934s] GC(308)   Other: 0.1ms
[2022-03-01T14:57:17.467+0100][1023.934s] GC(308) Eden regions: 305->0(305)
[2022-03-01T14:57:17.467+0100][1023.934s] GC(308) Survivor regions: 2->2(39)
[2022-03-01T14:57:17.467+0100][1023.934s] GC(308) Old regions: 88->88
[2022-03-01T14:57:17.467+0100][1023.934s] GC(308) Humongous regions: 7->7
[2022-03-01T14:57:17.467+0100][1023.934s] GC(308) Metaspace: 67678K->67678K(1112064K)
[2022-03-01T14:57:17.467+0100][1023.934s] GC(308) Pause Young (Normal) (G1 Evacuation Pause) 399M->94M(512M) 1.642ms
[2022-03-01T14:57:17.467+0100][1023.934s] GC(308) User=0.01s Sys=0.01s Real=0.00s
[2022-03-01T14:57:18.395+0100][1024.862s] GC(309) Pause Young (Normal) (G1 Evacuation Pause)
[2022-03-01T14:57:18.395+0100][1024.862s] GC(309) Using 10 workers of 10 for evacuation
[2022-03-01T14:57:18.397+0100][1024.863s] GC(309)   Pre Evacuate Collection Set: 0.0ms
[2022-03-01T14:57:18.397+0100][1024.863s] GC(309)   Evacuate Collection Set: 1.0ms
[2022-03-01T14:57:18.397+0100][1024.863s] GC(309)   Post Evacuate Collection Set: 0.5ms
[2022-03-01T14:57:18.397+0100][1024.863s] GC(309)   Other: 0.1ms
[2022-03-01T14:57:18.397+0100][1024.863s] GC(309) Eden regions: 305->0(305)
[2022-03-01T14:57:18.397+0100][1024.863s] GC(309) Survivor regions: 2->2(39)
[2022-03-01T14:57:18.397+0100][1024.863s] GC(309) Old regions: 88->88
[2022-03-01T14:57:18.397+0100][1024.863s] GC(309) Humongous regions: 7->7
[2022-03-01T14:57:18.397+0100][1024.863s] GC(309) Metaspace: 67678K->67678K(1112064K)
[2022-03-01T14:57:18.397+0100][1024.863s] GC(309) Pause Young (Normal) (G1 Evacuation Pause) 399M->94M(512M) 1.684ms
[2022-03-01T14:57:18.397+0100][1024.863s] GC(309) User=0.01s Sys=0.00s Real=0.00s
[2022-03-01T14:57:19.345+0100][1025.811s] GC(310) Pause Young (Normal) (G1 Evacuation Pause)
[2022-03-01T14:57:19.345+0100][1025.811s] GC(310) Using 10 workers of 10 for evacuation
[2022-03-01T14:57:19.346+0100][1025.813s] GC(310)   Pre Evacuate Collection Set: 0.0ms
[2022-03-01T14:57:19.346+0100][1025.813s] GC(310)   Evacuate Collection Set: 1.0ms
[2022-03-01T14:57:19.346+0100][1025.813s] GC(310)   Post Evacuate Collection Set: 0.4ms
[2022-03-01T14:57:19.346+0100][1025.813s] GC(310)   Other: 0.1ms
[2022-03-01T14:57:19.346+0100][1025.813s] GC(310) Eden regions: 305->0(305)
[2022-03-01T14:57:19.346+0100][1025.813s] GC(310) Survivor regions: 2->2(39)
[2022-03-01T14:57:19.346+0100][1025.813s] GC(310) Old regions: 88->88
[2022-03-01T14:57:19.346+0100][1025.813s] GC(310) Humongous regions: 7->7
[2022-03-01T14:57:19.346+0100][1025.813s] GC(310) Metaspace: 67678K->67678K(1112064K)
[2022-03-01T14:57:19.346+0100][1025.813s] GC(310) Pause Young (Normal) (G1 Evacuation Pause) 399M->94M(512M) 1.603ms
[2022-03-01T14:57:19.346+0100][1025.813s] GC(310) User=0.02s Sys=0.00s Real=0.00s
[2022-03-01T14:57:21.304+0100][1027.771s] GC(311) Pause Young (Normal) (G1 Evacuation Pause)
[2022-03-01T14:57:21.304+0100][1027.771s] GC(311) Using 10 workers of 10 for evacuation
[2022-03-01T14:57:21.306+0100][1027.773s] GC(311)   Pre Evacuate Collection Set: 0.0ms
[2022-03-01T14:57:21.306+0100][1027.773s] GC(311)   Evacuate Collection Set: 1.1ms
[2022-03-01T14:57:21.306+0100][1027.773s] GC(311)   Post Evacuate Collection Set: 0.5ms
[2022-03-01T14:57:21.306+0100][1027.773s] GC(311)   Other: 0.1ms
[2022-03-01T14:57:21.306+0100][1027.773s] GC(311) Eden regions: 305->0(305)
[2022-03-01T14:57:21.306+0100][1027.773s] GC(311) Survivor regions: 2->2(39)
[2022-03-01T14:57:21.306+0100][1027.773s] GC(311) Old regions: 88->88
[2022-03-01T14:57:21.306+0100][1027.773s] GC(311) Humongous regions: 7->7
[2022-03-01T14:57:21.306+0100][1027.773s] GC(311) Metaspace: 67678K->67678K(1112064K)
[2022-03-01T14:57:21.306+0100][1027.773s] GC(311) Pause Young (Normal) (G1 Evacuation Pause) 399M->94M(512M) 1.854ms
[2022-03-01T14:57:21.306+0100][1027.773s] GC(311) User=0.02s Sys=0.00s Real=0.00s
[2022-03-01T14:57:22.237+0100][1028.704s] GC(312) Pause Young (Normal) (G1 Evacuation Pause)
[2022-03-01T14:57:22.237+0100][1028.704s] GC(312) Using 10 workers of 10 for evacuation
[2022-03-01T14:57:22.239+0100][1028.706s] GC(312)   Pre Evacuate Collection Set: 0.0ms
[2022-03-01T14:57:22.239+0100][1028.706s] GC(312)   Evacuate Collection Set: 1.1ms
[2022-03-01T14:57:22.239+0100][1028.706s] GC(312)   Post Evacuate Collection Set: 0.6ms
[2022-03-01T14:57:22.239+0100][1028.706s] GC(312)   Other: 0.1ms
[2022-03-01T14:57:22.239+0100][1028.706s] GC(312) Eden regions: 305->0(305)
[2022-03-01T14:57:22.239+0100][1028.706s] GC(312) Survivor regions: 2->2(39)
[2022-03-01T14:57:22.239+0100][1028.706s] GC(312) Old regions: 88->88
[2022-03-01T14:57:22.239+0100][1028.706s] GC(312) Humongous regions: 7->7
[2022-03-01T14:57:22.239+0100][1028.706s] GC(312) Metaspace: 67678K->67678K(1112064K)
[2022-03-01T14:57:22.239+0100][1028.706s] GC(312) Pause Young (Normal) (G1 Evacuation Pause) 399M->94M(512M) 1.809ms
[2022-03-01T14:57:22.239+0100][1028.706s] GC(312) User=0.01s Sys=0.00s Real=0.00s
[2022-03-01T14:57:23.379+0100][1029.846s] GC(313) Pause Young (Normal) (G1 Evacuation Pause)
[2022-03-01T14:57:23.379+0100][1029.846s] GC(313) Using 10 workers of 10 for evacuation
[2022-03-01T14:57:23.383+0100][1029.850s] GC(313)   Pre Evacuate Collection Set: 0.0ms
[2022-03-01T14:57:23.384+0100][1029.850s] GC(313)   Evacuate Collection Set: 3.1ms
[2022-03-01T14:57:23.384+0100][1029.850s] GC(313)   Post Evacuate Collection Set: 1.0ms
[2022-03-01T14:57:23.384+0100][1029.850s] GC(313)   Other: 0.3ms
[2022-03-01T14:57:23.384+0100][1029.850s] GC(313) Eden regions: 305->0(305)
[2022-03-01T14:57:23.384+0100][1029.850s] GC(313) Survivor regions: 2->2(39)
[2022-03-01T14:57:23.384+0100][1029.850s] GC(313) Old regions: 88->88
[2022-03-01T14:57:23.384+0100][1029.850s] GC(313) Humongous regions: 7->7
[2022-03-01T14:57:23.384+0100][1029.850s] GC(313) Metaspace: 67678K->67678K(1112064K)
[2022-03-01T14:57:23.384+0100][1029.851s] GC(313) Pause Young (Normal) (G1 Evacuation Pause) 399M->94M(512M) 4.640ms
[2022-03-01T14:57:23.384+0100][1029.851s] GC(313) User=0.04s Sys=0.00s Real=0.01s
[2022-03-01T14:57:24.788+0100][1031.255s] GC(314) Pause Young (Normal) (G1 Evacuation Pause)
[2022-03-01T14:57:24.789+0100][1031.255s] GC(314) Using 10 workers of 10 for evacuation
[2022-03-01T14:57:24.790+0100][1031.257s] GC(314)   Pre Evacuate Collection Set: 0.0ms
[2022-03-01T14:57:24.790+0100][1031.257s] GC(314)   Evacuate Collection Set: 1.0ms
[2022-03-01T14:57:24.790+0100][1031.257s] GC(314)   Post Evacuate Collection Set: 0.4ms
[2022-03-01T14:57:24.790+0100][1031.257s] GC(314)   Other: 0.1ms
[2022-03-01T14:57:24.790+0100][1031.257s] GC(314) Eden regions: 305->0(305)
[2022-03-01T14:57:24.790+0100][1031.257s] GC(314) Survivor regions: 2->2(39)
[2022-03-01T14:57:24.790+0100][1031.257s] GC(314) Old regions: 88->88
[2022-03-01T14:57:24.790+0100][1031.257s] GC(314) Humongous regions: 7->7
[2022-03-01T14:57:24.790+0100][1031.257s] GC(314) Metaspace: 67678K->67678K(1112064K)
[2022-03-01T14:57:24.790+0100][1031.257s] GC(314) Pause Young (Normal) (G1 Evacuation Pause) 399M->94M(512M) 1.613ms
[2022-03-01T14:57:24.790+0100][1031.257s] GC(314) User=0.01s Sys=0.00s Real=0.01s
[2022-03-01T14:57:25.696+0100][1032.163s] GC(315) Pause Young (Normal) (G1 Evacuation Pause)
[2022-03-01T14:57:25.697+0100][1032.163s] GC(315) Using 10 workers of 10 for evacuation
[2022-03-01T14:57:25.698+0100][1032.165s] GC(315)   Pre Evacuate Collection Set: 0.0ms
[2022-03-01T14:57:25.698+0100][1032.165s] GC(315)   Evacuate Collection Set: 1.0ms
[2022-03-01T14:57:25.698+0100][1032.165s] GC(315)   Post Evacuate Collection Set: 0.6ms
[2022-03-01T14:57:25.698+0100][1032.165s] GC(315)   Other: 0.1ms
[2022-03-01T14:57:25.698+0100][1032.165s] GC(315) Eden regions: 305->0(305)
[2022-03-01T14:57:25.698+0100][1032.165s] GC(315) Survivor regions: 2->2(39)
[2022-03-01T14:57:25.698+0100][1032.165s] GC(315) Old regions: 88->88
[2022-03-01T14:57:25.698+0100][1032.165s] GC(315) Humongous regions: 7->7
[2022-03-01T14:57:25.698+0100][1032.165s] GC(315) Metaspace: 67678K->67678K(1112064K)
[2022-03-01T14:57:25.698+0100][1032.165s] GC(315) Pause Young (Normal) (G1 Evacuation Pause) 399M->94M(512M) 1.799ms
[2022-03-01T14:57:25.698+0100][1032.165s] GC(315) User=0.02s Sys=0.00s Real=0.00s
[2022-03-01T14:57:26.661+0100][1033.128s] GC(316) Pause Young (Normal) (G1 Evacuation Pause)
[2022-03-01T14:57:26.661+0100][1033.128s] GC(316) Using 10 workers of 10 for evacuation
[2022-03-01T14:57:26.663+0100][1033.130s] GC(316)   Pre Evacuate Collection Set: 0.0ms
[2022-03-01T14:57:26.663+0100][1033.130s] GC(316)   Evacuate Collection Set: 1.7ms
[2022-03-01T14:57:26.663+0100][1033.130s] GC(316)   Post Evacuate Collection Set: 0.5ms
[2022-03-01T14:57:26.663+0100][1033.130s] GC(316)   Other: 0.1ms
[2022-03-01T14:57:26.663+0100][1033.130s] GC(316) Eden regions: 305->0(303)
[2022-03-01T14:57:26.663+0100][1033.130s] GC(316) Survivor regions: 2->4(39)
[2022-03-01T14:57:26.663+0100][1033.130s] GC(316) Old regions: 88->88
[2022-03-01T14:57:26.663+0100][1033.130s] GC(316) Humongous regions: 7->7
[2022-03-01T14:57:26.663+0100][1033.130s] GC(316) Metaspace: 67678K->67678K(1112064K)
[2022-03-01T14:57:26.663+0100][1033.130s] GC(316) Pause Young (Normal) (G1 Evacuation Pause) 399M->96M(512M) 2.356ms
[2022-03-01T14:57:26.663+0100][1033.130s] GC(316) User=0.01s Sys=0.00s Real=0.00s
[2022-03-01T14:57:27.935+0100][1034.402s] GC(317) Pause Young (Normal) (G1 Evacuation Pause)
[2022-03-01T14:57:27.935+0100][1034.402s] GC(317) Using 10 workers of 10 for evacuation
[2022-03-01T14:57:27.937+0100][1034.404s] GC(317)   Pre Evacuate Collection Set: 0.0ms
[2022-03-01T14:57:27.937+0100][1034.404s] GC(317)   Evacuate Collection Set: 1.1ms
[2022-03-01T14:57:27.937+0100][1034.404s] GC(317)   Post Evacuate Collection Set: 0.4ms
[2022-03-01T14:57:27.937+0100][1034.404s] GC(317)   Other: 0.1ms
[2022-03-01T14:57:27.937+0100][1034.404s] GC(317) Eden regions: 303->0(305)
[2022-03-01T14:57:27.937+0100][1034.404s] GC(317) Survivor regions: 4->2(39)
[2022-03-01T14:57:27.937+0100][1034.404s] GC(317) Old regions: 88->88
[2022-03-01T14:57:27.937+0100][1034.404s] GC(317) Humongous regions: 7->7
[2022-03-01T14:57:27.937+0100][1034.404s] GC(317) Metaspace: 67678K->67678K(1112064K)
[2022-03-01T14:57:27.937+0100][1034.404s] GC(317) Pause Young (Normal) (G1 Evacuation Pause) 399M->94M(512M) 1.715ms
[2022-03-01T14:57:27.937+0100][1034.404s] GC(317) User=0.01s Sys=0.00s Real=0.00s
[2022-03-01T14:57:28.915+0100][1035.382s] GC(318) Pause Young (Normal) (G1 Evacuation Pause)
[2022-03-01T14:57:28.915+0100][1035.382s] GC(318) Using 10 workers of 10 for evacuation
[2022-03-01T14:57:28.917+0100][1035.383s] GC(318)   Pre Evacuate Collection Set: 0.0ms
[2022-03-01T14:57:28.917+0100][1035.383s] GC(318)   Evacuate Collection Set: 1.2ms
[2022-03-01T14:57:28.917+0100][1035.383s] GC(318)   Post Evacuate Collection Set: 0.4ms
[2022-03-01T14:57:28.917+0100][1035.383s] GC(318)   Other: 0.1ms
[2022-03-01T14:57:28.917+0100][1035.383s] GC(318) Eden regions: 305->0(305)
[2022-03-01T14:57:28.917+0100][1035.383s] GC(318) Survivor regions: 2->2(39)
[2022-03-01T14:57:28.917+0100][1035.383s] GC(318) Old regions: 88->88
[2022-03-01T14:57:28.917+0100][1035.383s] GC(318) Humongous regions: 7->7
[2022-03-01T14:57:28.917+0100][1035.383s] GC(318) Metaspace: 67678K->67678K(1112064K)
[2022-03-01T14:57:28.917+0100][1035.383s] GC(318) Pause Young (Normal) (G1 Evacuation Pause) 399M->94M(512M) 1.768ms
[2022-03-01T14:57:28.917+0100][1035.383s] GC(318) User=0.01s Sys=0.00s Real=0.00s
[2022-03-01T14:57:29.827+0100][1036.294s] GC(319) Pause Young (Normal) (G1 Evacuation Pause)
[2022-03-01T14:57:29.827+0100][1036.294s] GC(319) Using 10 workers of 10 for evacuation
[2022-03-01T14:57:29.829+0100][1036.296s] GC(319)   Pre Evacuate Collection Set: 0.0ms
[2022-03-01T14:57:29.829+0100][1036.296s] GC(319)   Evacuate Collection Set: 1.1ms
[2022-03-01T14:57:29.829+0100][1036.296s] GC(319)   Post Evacuate Collection Set: 0.5ms
[2022-03-01T14:57:29.829+0100][1036.296s] GC(319)   Other: 0.2ms
[2022-03-01T14:57:29.829+0100][1036.296s] GC(319) Eden regions: 305->0(305)
[2022-03-01T14:57:29.829+0100][1036.296s] GC(319) Survivor regions: 2->2(39)
[2022-03-01T14:57:29.829+0100][1036.296s] GC(319) Old regions: 88->88
[2022-03-01T14:57:29.829+0100][1036.296s] GC(319) Humongous regions: 7->7
[2022-03-01T14:57:29.829+0100][1036.296s] GC(319) Metaspace: 67678K->67678K(1112064K)
[2022-03-01T14:57:29.829+0100][1036.296s] GC(319) Pause Young (Normal) (G1 Evacuation Pause) 399M->94M(512M) 1.831ms
[2022-03-01T14:57:29.829+0100][1036.296s] GC(319) User=0.01s Sys=0.00s Real=0.01s
[2022-03-01T14:57:30.879+0100][1037.346s] GC(320) Pause Young (Normal) (G1 Evacuation Pause)
[2022-03-01T14:57:30.879+0100][1037.346s] GC(320) Using 10 workers of 10 for evacuation
[2022-03-01T14:57:30.881+0100][1037.348s] GC(320)   Pre Evacuate Collection Set: 0.0ms
[2022-03-01T14:57:30.881+0100][1037.348s] GC(320)   Evacuate Collection Set: 1.0ms
[2022-03-01T14:57:30.881+0100][1037.348s] GC(320)   Post Evacuate Collection Set: 0.4ms
[2022-03-01T14:57:30.881+0100][1037.348s] GC(320)   Other: 0.2ms
[2022-03-01T14:57:30.881+0100][1037.348s] GC(320) Eden regions: 305->0(305)
[2022-03-01T14:57:30.881+0100][1037.348s] GC(320) Survivor regions: 2->2(39)
[2022-03-01T14:57:30.881+0100][1037.348s] GC(320) Old regions: 88->88
[2022-03-01T14:57:30.881+0100][1037.348s] GC(320) Humongous regions: 7->7
[2022-03-01T14:57:30.881+0100][1037.348s] GC(320) Metaspace: 67678K->67678K(1112064K)
[2022-03-01T14:57:30.881+0100][1037.348s] GC(320) Pause Young (Normal) (G1 Evacuation Pause) 399M->94M(512M) 1.662ms
[2022-03-01T14:57:30.881+0100][1037.348s] GC(320) User=0.00s Sys=0.01s Real=0.01s
[2022-03-01T14:57:31.843+0100][1038.310s] GC(321) Pause Young (Normal) (G1 Evacuation Pause)
[2022-03-01T14:57:31.843+0100][1038.310s] GC(321) Using 10 workers of 10 for evacuation
[2022-03-01T14:57:31.845+0100][1038.311s] GC(321)   Pre Evacuate Collection Set: 0.0ms
[2022-03-01T14:57:31.845+0100][1038.311s] GC(321)   Evacuate Collection Set: 1.0ms
[2022-03-01T14:57:31.845+0100][1038.311s] GC(321)   Post Evacuate Collection Set: 0.4ms
[2022-03-01T14:57:31.845+0100][1038.311s] GC(321)   Other: 0.1ms
[2022-03-01T14:57:31.845+0100][1038.311s] GC(321) Eden regions: 305->0(305)
[2022-03-01T14:57:31.845+0100][1038.311s] GC(321) Survivor regions: 2->2(39)
[2022-03-01T14:57:31.845+0100][1038.311s] GC(321) Old regions: 88->88
[2022-03-01T14:57:31.845+0100][1038.311s] GC(321) Humongous regions: 7->7
[2022-03-01T14:57:31.845+0100][1038.312s] GC(321) Metaspace: 67678K->67678K(1112064K)
[2022-03-01T14:57:31.845+0100][1038.312s] GC(321) Pause Young (Normal) (G1 Evacuation Pause) 399M->94M(512M) 1.660ms
[2022-03-01T14:57:31.845+0100][1038.312s] GC(321) User=0.01s Sys=0.01s Real=0.00s
[2022-03-01T14:57:32.767+0100][1039.234s] GC(322) Pause Young (Normal) (G1 Evacuation Pause)
[2022-03-01T14:57:32.767+0100][1039.234s] GC(322) Using 10 workers of 10 for evacuation
[2022-03-01T14:57:32.769+0100][1039.236s] GC(322)   Pre Evacuate Collection Set: 0.0ms
[2022-03-01T14:57:32.769+0100][1039.236s] GC(322)   Evacuate Collection Set: 1.4ms
[2022-03-01T14:57:32.769+0100][1039.236s] GC(322)   Post Evacuate Collection Set: 0.4ms
[2022-03-01T14:57:32.769+0100][1039.236s] GC(322)   Other: 0.1ms
[2022-03-01T14:57:32.769+0100][1039.236s] GC(322) Eden regions: 305->0(303)
[2022-03-01T14:57:32.769+0100][1039.236s] GC(322) Survivor regions: 2->4(39)
[2022-03-01T14:57:32.769+0100][1039.236s] GC(322) Old regions: 88->88
[2022-03-01T14:57:32.769+0100][1039.236s] GC(322) Humongous regions: 7->7
[2022-03-01T14:57:32.769+0100][1039.236s] GC(322) Metaspace: 67678K->67678K(1112064K)
[2022-03-01T14:57:32.769+0100][1039.236s] GC(322) Pause Young (Normal) (G1 Evacuation Pause) 399M->96M(512M) 2.051ms
[2022-03-01T14:57:32.769+0100][1039.236s] GC(322) User=0.01s Sys=0.00s Real=0.01s
[2022-03-01T14:57:33.628+0100][1040.095s] GC(323) Pause Young (Normal) (G1 Evacuation Pause)
[2022-03-01T14:57:33.628+0100][1040.095s] GC(323) Using 10 workers of 10 for evacuation
[2022-03-01T14:57:33.630+0100][1040.096s] GC(323)   Pre Evacuate Collection Set: 0.0ms
[2022-03-01T14:57:33.630+0100][1040.096s] GC(323)   Evacuate Collection Set: 1.1ms
[2022-03-01T14:57:33.630+0100][1040.096s] GC(323)   Post Evacuate Collection Set: 0.5ms
[2022-03-01T14:57:33.630+0100][1040.096s] GC(323)   Other: 0.1ms
[2022-03-01T14:57:33.630+0100][1040.096s] GC(323) Eden regions: 303->0(305)
[2022-03-01T14:57:33.630+0100][1040.096s] GC(323) Survivor regions: 4->2(39)
[2022-03-01T14:57:33.630+0100][1040.096s] GC(323) Old regions: 88->88
[2022-03-01T14:57:33.630+0100][1040.096s] GC(323) Humongous regions: 7->7
[2022-03-01T14:57:33.630+0100][1040.096s] GC(323) Metaspace: 67678K->67678K(1112064K)
[2022-03-01T14:57:33.630+0100][1040.097s] GC(323) Pause Young (Normal) (G1 Evacuation Pause) 399M->94M(512M) 1.802ms
[2022-03-01T14:57:33.630+0100][1040.097s] GC(323) User=0.02s Sys=0.00s Real=0.01s
[2022-03-01T14:57:34.628+0100][1041.095s] GC(324) Pause Young (Normal) (G1 Evacuation Pause)
[2022-03-01T14:57:34.628+0100][1041.095s] GC(324) Using 10 workers of 10 for evacuation
[2022-03-01T14:57:34.629+0100][1041.096s] GC(324)   Pre Evacuate Collection Set: 0.0ms
[2022-03-01T14:57:34.629+0100][1041.096s] GC(324)   Evacuate Collection Set: 1.0ms
[2022-03-01T14:57:34.629+0100][1041.096s] GC(324)   Post Evacuate Collection Set: 0.5ms
[2022-03-01T14:57:34.629+0100][1041.096s] GC(324)   Other: 0.2ms
[2022-03-01T14:57:34.629+0100][1041.096s] GC(324) Eden regions: 305->0(305)
[2022-03-01T14:57:34.629+0100][1041.096s] GC(324) Survivor regions: 2->2(39)
[2022-03-01T14:57:34.629+0100][1041.096s] GC(324) Old regions: 88->88
[2022-03-01T14:57:34.629+0100][1041.096s] GC(324) Humongous regions: 7->7
[2022-03-01T14:57:34.629+0100][1041.096s] GC(324) Metaspace: 67678K->67678K(1112064K)
[2022-03-01T14:57:34.630+0100][1041.096s] GC(324) Pause Young (Normal) (G1 Evacuation Pause) 399M->94M(512M) 1.673ms
[2022-03-01T14:57:34.630+0100][1041.096s] GC(324) User=0.01s Sys=0.00s Real=0.01s
[2022-03-01T14:57:35.701+0100][1042.168s] GC(325) Pause Young (Normal) (G1 Evacuation Pause)
[2022-03-01T14:57:35.701+0100][1042.168s] GC(325) Using 10 workers of 10 for evacuation
[2022-03-01T14:57:35.703+0100][1042.170s] GC(325)   Pre Evacuate Collection Set: 0.0ms
[2022-03-01T14:57:35.703+0100][1042.170s] GC(325)   Evacuate Collection Set: 1.0ms
[2022-03-01T14:57:35.703+0100][1042.170s] GC(325)   Post Evacuate Collection Set: 0.4ms
[2022-03-01T14:57:35.703+0100][1042.170s] GC(325)   Other: 0.1ms
[2022-03-01T14:57:35.703+0100][1042.170s] GC(325) Eden regions: 305->0(305)
[2022-03-01T14:57:35.703+0100][1042.170s] GC(325) Survivor regions: 2->2(39)
[2022-03-01T14:57:35.703+0100][1042.170s] GC(325) Old regions: 88->88
[2022-03-01T14:57:35.703+0100][1042.170s] GC(325) Humongous regions: 7->7
[2022-03-01T14:57:35.703+0100][1042.170s] GC(325) Metaspace: 67678K->67678K(1112064K)
[2022-03-01T14:57:35.703+0100][1042.170s] GC(325) Pause Young (Normal) (G1 Evacuation Pause) 399M->94M(512M) 1.668ms
[2022-03-01T14:57:35.703+0100][1042.170s] GC(325) User=0.00s Sys=0.01s Real=0.00s
[2022-03-01T14:57:36.708+0100][1043.175s] GC(326) Pause Young (Normal) (G1 Evacuation Pause)
[2022-03-01T14:57:36.708+0100][1043.175s] GC(326) Using 10 workers of 10 for evacuation
[2022-03-01T14:57:36.710+0100][1043.177s] GC(326)   Pre Evacuate Collection Set: 0.0ms
[2022-03-01T14:57:36.710+0100][1043.177s] GC(326)   Evacuate Collection Set: 1.0ms
[2022-03-01T14:57:36.710+0100][1043.177s] GC(326)   Post Evacuate Collection Set: 0.4ms
[2022-03-01T14:57:36.710+0100][1043.177s] GC(326)   Other: 0.2ms
[2022-03-01T14:57:36.710+0100][1043.177s] GC(326) Eden regions: 305->0(305)
[2022-03-01T14:57:36.710+0100][1043.177s] GC(326) Survivor regions: 2->2(39)
[2022-03-01T14:57:36.710+0100][1043.177s] GC(326) Old regions: 88->88
[2022-03-01T14:57:36.710+0100][1043.177s] GC(326) Humongous regions: 7->7
[2022-03-01T14:57:36.710+0100][1043.177s] GC(326) Metaspace: 67678K->67678K(1112064K)
[2022-03-01T14:57:36.710+0100][1043.177s] GC(326) Pause Young (Normal) (G1 Evacuation Pause) 399M->94M(512M) 1.667ms
[2022-03-01T14:57:36.710+0100][1043.177s] GC(326) User=0.01s Sys=0.00s Real=0.01s
[2022-03-01T14:57:37.645+0100][1044.112s] GC(327) Pause Young (Normal) (G1 Evacuation Pause)
[2022-03-01T14:57:37.645+0100][1044.112s] GC(327) Using 10 workers of 10 for evacuation
[2022-03-01T14:57:37.647+0100][1044.113s] GC(327)   Pre Evacuate Collection Set: 0.0ms
[2022-03-01T14:57:37.647+0100][1044.113s] GC(327)   Evacuate Collection Set: 1.0ms
[2022-03-01T14:57:37.647+0100][1044.113s] GC(327)   Post Evacuate Collection Set: 0.6ms
[2022-03-01T14:57:37.647+0100][1044.113s] GC(327)   Other: 0.2ms
[2022-03-01T14:57:37.647+0100][1044.113s] GC(327) Eden regions: 305->0(305)
[2022-03-01T14:57:37.647+0100][1044.113s] GC(327) Survivor regions: 2->2(39)
[2022-03-01T14:57:37.647+0100][1044.113s] GC(327) Old regions: 88->88
[2022-03-01T14:57:37.647+0100][1044.113s] GC(327) Humongous regions: 7->7
[2022-03-01T14:57:37.647+0100][1044.113s] GC(327) Metaspace: 67678K->67678K(1112064K)
[2022-03-01T14:57:37.647+0100][1044.113s] GC(327) Pause Young (Normal) (G1 Evacuation Pause) 399M->94M(512M) 1.872ms
[2022-03-01T14:57:37.647+0100][1044.113s] GC(327) User=0.01s Sys=0.00s Real=0.00s
[2022-03-01T14:57:38.591+0100][1045.058s] GC(328) Pause Young (Normal) (G1 Evacuation Pause)
[2022-03-01T14:57:38.591+0100][1045.058s] GC(328) Using 10 workers of 10 for evacuation
[2022-03-01T14:57:38.593+0100][1045.059s] GC(328)   Pre Evacuate Collection Set: 0.0ms
[2022-03-01T14:57:38.593+0100][1045.059s] GC(328)   Evacuate Collection Set: 1.1ms
[2022-03-01T14:57:38.593+0100][1045.059s] GC(328)   Post Evacuate Collection Set: 0.4ms
[2022-03-01T14:57:38.593+0100][1045.059s] GC(328)   Other: 0.1ms
[2022-03-01T14:57:38.593+0100][1045.059s] GC(328) Eden regions: 305->0(305)
[2022-03-01T14:57:38.593+0100][1045.059s] GC(328) Survivor regions: 2->2(39)
[2022-03-01T14:57:38.593+0100][1045.059s] GC(328) Old regions: 88->88
[2022-03-01T14:57:38.593+0100][1045.059s] GC(328) Humongous regions: 7->7
[2022-03-01T14:57:38.593+0100][1045.059s] GC(328) Metaspace: 67678K->67678K(1112064K)
[2022-03-01T14:57:38.593+0100][1045.059s] GC(328) Pause Young (Normal) (G1 Evacuation Pause) 399M->94M(512M) 1.646ms
[2022-03-01T14:57:38.593+0100][1045.059s] GC(328) User=0.01s Sys=0.00s Real=0.00s
[2022-03-01T14:57:39.563+0100][1046.030s] GC(329) Pause Young (Normal) (G1 Evacuation Pause)
[2022-03-01T14:57:39.563+0100][1046.030s] GC(329) Using 10 workers of 10 for evacuation
[2022-03-01T14:57:39.565+0100][1046.032s] GC(329)   Pre Evacuate Collection Set: 0.0ms
[2022-03-01T14:57:39.566+0100][1046.032s] GC(329)   Evacuate Collection Set: 1.5ms
[2022-03-01T14:57:39.566+0100][1046.032s] GC(329)   Post Evacuate Collection Set: 0.6ms
[2022-03-01T14:57:39.566+0100][1046.032s] GC(329)   Other: 0.1ms
[2022-03-01T14:57:39.566+0100][1046.032s] GC(329) Eden regions: 305->0(304)
[2022-03-01T14:57:39.566+0100][1046.032s] GC(329) Survivor regions: 2->3(39)
[2022-03-01T14:57:39.566+0100][1046.032s] GC(329) Old regions: 88->88
[2022-03-01T14:57:39.566+0100][1046.032s] GC(329) Humongous regions: 7->7
[2022-03-01T14:57:39.566+0100][1046.032s] GC(329) Metaspace: 67678K->67678K(1112064K)
[2022-03-01T14:57:39.566+0100][1046.032s] GC(329) Pause Young (Normal) (G1 Evacuation Pause) 399M->96M(512M) 2.260ms
[2022-03-01T14:57:39.566+0100][1046.032s] GC(329) User=0.01s Sys=0.00s Real=0.00s
[2022-03-01T14:57:40.530+0100][1046.996s] GC(330) Pause Young (Normal) (G1 Evacuation Pause)
[2022-03-01T14:57:40.530+0100][1046.996s] GC(330) Using 10 workers of 10 for evacuation
[2022-03-01T14:57:40.531+0100][1046.998s] GC(330)   Pre Evacuate Collection Set: 0.0ms
[2022-03-01T14:57:40.531+0100][1046.998s] GC(330)   Evacuate Collection Set: 1.1ms
[2022-03-01T14:57:40.531+0100][1046.998s] GC(330)   Post Evacuate Collection Set: 0.5ms
[2022-03-01T14:57:40.531+0100][1046.998s] GC(330)   Other: 0.1ms
[2022-03-01T14:57:40.531+0100][1046.998s] GC(330) Eden regions: 304->0(305)
[2022-03-01T14:57:40.531+0100][1046.998s] GC(330) Survivor regions: 3->2(39)
[2022-03-01T14:57:40.531+0100][1046.998s] GC(330) Old regions: 88->88
[2022-03-01T14:57:40.531+0100][1046.998s] GC(330) Humongous regions: 7->7
[2022-03-01T14:57:40.531+0100][1046.998s] GC(330) Metaspace: 67678K->67678K(1112064K)
[2022-03-01T14:57:40.531+0100][1046.998s] GC(330) Pause Young (Normal) (G1 Evacuation Pause) 400M->95M(512M) 1.705ms
[2022-03-01T14:57:40.531+0100][1046.998s] GC(330) User=0.01s Sys=0.00s Real=0.00s
[2022-03-01T14:57:41.493+0100][1047.960s] GC(331) Pause Young (Normal) (G1 Evacuation Pause)
[2022-03-01T14:57:41.493+0100][1047.960s] GC(331) Using 10 workers of 10 for evacuation
[2022-03-01T14:57:41.495+0100][1047.962s] GC(331)   Pre Evacuate Collection Set: 0.0ms
[2022-03-01T14:57:41.495+0100][1047.962s] GC(331)   Evacuate Collection Set: 1.0ms
[2022-03-01T14:57:41.495+0100][1047.962s] GC(331)   Post Evacuate Collection Set: 0.4ms
[2022-03-01T14:57:41.495+0100][1047.962s] GC(331)   Other: 0.1ms
[2022-03-01T14:57:41.495+0100][1047.962s] GC(331) Eden regions: 305->0(305)
[2022-03-01T14:57:41.495+0100][1047.962s] GC(331) Survivor regions: 2->2(39)
[2022-03-01T14:57:41.495+0100][1047.962s] GC(331) Old regions: 88->88
[2022-03-01T14:57:41.495+0100][1047.962s] GC(331) Humongous regions: 7->7
[2022-03-01T14:57:41.495+0100][1047.962s] GC(331) Metaspace: 67678K->67678K(1112064K)
[2022-03-01T14:57:41.495+0100][1047.962s] GC(331) Pause Young (Normal) (G1 Evacuation Pause) 400M->95M(512M) 1.582ms
[2022-03-01T14:57:41.495+0100][1047.962s] GC(331) User=0.00s Sys=0.00s Real=0.00s
[2022-03-01T14:57:42.731+0100][1049.198s] GC(332) Pause Young (Normal) (G1 Evacuation Pause)
[2022-03-01T14:57:42.731+0100][1049.198s] GC(332) Using 10 workers of 10 for evacuation
[2022-03-01T14:57:42.735+0100][1049.202s] GC(332)   Pre Evacuate Collection Set: 0.0ms
[2022-03-01T14:57:42.735+0100][1049.202s] GC(332)   Evacuate Collection Set: 3.1ms
[2022-03-01T14:57:42.735+0100][1049.202s] GC(332)   Post Evacuate Collection Set: 1.0ms
[2022-03-01T14:57:42.735+0100][1049.202s] GC(332)   Other: 0.3ms
[2022-03-01T14:57:42.736+0100][1049.202s] GC(332) Eden regions: 305->0(305)
[2022-03-01T14:57:42.736+0100][1049.202s] GC(332) Survivor regions: 2->2(39)
[2022-03-01T14:57:42.736+0100][1049.202s] GC(332) Old regions: 88->88
[2022-03-01T14:57:42.736+0100][1049.202s] GC(332) Humongous regions: 7->7
[2022-03-01T14:57:42.736+0100][1049.202s] GC(332) Metaspace: 67678K->67678K(1112064K)
[2022-03-01T14:57:42.736+0100][1049.202s] GC(332) Pause Young (Normal) (G1 Evacuation Pause) 400M->95M(512M) 4.600ms
[2022-03-01T14:57:42.736+0100][1049.202s] GC(332) User=0.04s Sys=0.00s Real=0.00s
[2022-03-01T14:57:43.975+0100][1050.442s] GC(333) Pause Young (Normal) (G1 Evacuation Pause)
[2022-03-01T14:57:43.975+0100][1050.442s] GC(333) Using 10 workers of 10 for evacuation
[2022-03-01T14:57:43.977+0100][1050.444s] GC(333)   Pre Evacuate Collection Set: 0.0ms
[2022-03-01T14:57:43.977+0100][1050.444s] GC(333)   Evacuate Collection Set: 1.0ms
[2022-03-01T14:57:43.977+0100][1050.444s] GC(333)   Post Evacuate Collection Set: 0.3ms
[2022-03-01T14:57:43.977+0100][1050.444s] GC(333)   Other: 0.1ms
[2022-03-01T14:57:43.977+0100][1050.444s] GC(333) Eden regions: 305->0(305)
[2022-03-01T14:57:43.977+0100][1050.444s] GC(333) Survivor regions: 2->2(39)
[2022-03-01T14:57:43.977+0100][1050.444s] GC(333) Old regions: 88->88
[2022-03-01T14:57:43.977+0100][1050.444s] GC(333) Humongous regions: 7->7
[2022-03-01T14:57:43.977+0100][1050.444s] GC(333) Metaspace: 67678K->67678K(1112064K)
[2022-03-01T14:57:43.977+0100][1050.444s] GC(333) Pause Young (Normal) (G1 Evacuation Pause) 400M->95M(512M) 1.540ms
[2022-03-01T14:57:43.977+0100][1050.444s] GC(333) User=0.00s Sys=0.01s Real=0.00s
[2022-03-01T14:57:44.971+0100][1051.438s] GC(334) Pause Young (Normal) (G1 Evacuation Pause)
[2022-03-01T14:57:44.971+0100][1051.438s] GC(334) Using 10 workers of 10 for evacuation
[2022-03-01T14:57:44.973+0100][1051.440s] GC(334)   Pre Evacuate Collection Set: 0.0ms
[2022-03-01T14:57:44.973+0100][1051.440s] GC(334)   Evacuate Collection Set: 1.0ms
[2022-03-01T14:57:44.973+0100][1051.440s] GC(334)   Post Evacuate Collection Set: 0.5ms
[2022-03-01T14:57:44.973+0100][1051.440s] GC(334)   Other: 0.1ms
[2022-03-01T14:57:44.973+0100][1051.440s] GC(334) Eden regions: 305->0(305)
[2022-03-01T14:57:44.973+0100][1051.440s] GC(334) Survivor regions: 2->2(39)
[2022-03-01T14:57:44.973+0100][1051.440s] GC(334) Old regions: 88->88
[2022-03-01T14:57:44.973+0100][1051.440s] GC(334) Humongous regions: 7->7
[2022-03-01T14:57:44.973+0100][1051.440s] GC(334) Metaspace: 67678K->67678K(1112064K)
[2022-03-01T14:57:44.973+0100][1051.440s] GC(334) Pause Young (Normal) (G1 Evacuation Pause) 400M->95M(512M) 1.723ms
[2022-03-01T14:57:44.973+0100][1051.440s] GC(334) User=0.01s Sys=0.01s Real=0.00s
[2022-03-01T14:57:45.876+0100][1052.343s] GC(335) Pause Young (Normal) (G1 Evacuation Pause)
[2022-03-01T14:57:45.876+0100][1052.343s] GC(335) Using 10 workers of 10 for evacuation
[2022-03-01T14:57:45.878+0100][1052.344s] GC(335)   Pre Evacuate Collection Set: 0.0ms
[2022-03-01T14:57:45.878+0100][1052.344s] GC(335)   Evacuate Collection Set: 1.2ms
[2022-03-01T14:57:45.878+0100][1052.344s] GC(335)   Post Evacuate Collection Set: 0.5ms
[2022-03-01T14:57:45.878+0100][1052.344s] GC(335)   Other: 0.2ms
[2022-03-01T14:57:45.878+0100][1052.344s] GC(335) Eden regions: 305->0(305)
[2022-03-01T14:57:45.878+0100][1052.345s] GC(335) Survivor regions: 2->2(39)
[2022-03-01T14:57:45.878+0100][1052.345s] GC(335) Old regions: 88->88
[2022-03-01T14:57:45.878+0100][1052.345s] GC(335) Humongous regions: 7->7
[2022-03-01T14:57:45.878+0100][1052.345s] GC(335) Metaspace: 67678K->67678K(1112064K)
[2022-03-01T14:57:45.878+0100][1052.345s] GC(335) Pause Young (Normal) (G1 Evacuation Pause) 400M->95M(512M) 1.941ms
[2022-03-01T14:57:45.878+0100][1052.345s] GC(335) User=0.02s Sys=0.00s Real=0.00s
[2022-03-01T14:57:46.837+0100][1053.304s] GC(336) Pause Young (Normal) (G1 Evacuation Pause)
[2022-03-01T14:57:46.837+0100][1053.304s] GC(336) Using 10 workers of 10 for evacuation
[2022-03-01T14:57:46.839+0100][1053.306s] GC(336)   Pre Evacuate Collection Set: 0.0ms
[2022-03-01T14:57:46.839+0100][1053.306s] GC(336)   Evacuate Collection Set: 1.3ms
[2022-03-01T14:57:46.839+0100][1053.306s] GC(336)   Post Evacuate Collection Set: 0.3ms
[2022-03-01T14:57:46.839+0100][1053.306s] GC(336)   Other: 0.1ms
[2022-03-01T14:57:46.839+0100][1053.306s] GC(336) Eden regions: 305->0(304)
[2022-03-01T14:57:46.839+0100][1053.306s] GC(336) Survivor regions: 2->3(39)
[2022-03-01T14:57:46.839+0100][1053.306s] GC(336) Old regions: 88->88
[2022-03-01T14:57:46.839+0100][1053.306s] GC(336) Humongous regions: 7->7
[2022-03-01T14:57:46.839+0100][1053.306s] GC(336) Metaspace: 67678K->67678K(1112064K)
[2022-03-01T14:57:46.839+0100][1053.306s] GC(336) Pause Young (Normal) (G1 Evacuation Pause) 400M->96M(512M) 1.863ms
[2022-03-01T14:57:46.839+0100][1053.306s] GC(336) User=0.01s Sys=0.00s Real=0.00s
[2022-03-01T14:57:47.790+0100][1054.257s] GC(337) Pause Young (Normal) (G1 Evacuation Pause)
[2022-03-01T14:57:47.790+0100][1054.257s] GC(337) Using 10 workers of 10 for evacuation
[2022-03-01T14:57:47.792+0100][1054.259s] GC(337)   Pre Evacuate Collection Set: 0.0ms
[2022-03-01T14:57:47.792+0100][1054.259s] GC(337)   Evacuate Collection Set: 1.0ms
[2022-03-01T14:57:47.792+0100][1054.259s] GC(337)   Post Evacuate Collection Set: 0.5ms
[2022-03-01T14:57:47.792+0100][1054.259s] GC(337)   Other: 0.1ms
[2022-03-01T14:57:47.792+0100][1054.259s] GC(337) Eden regions: 304->0(305)
[2022-03-01T14:57:47.792+0100][1054.259s] GC(337) Survivor regions: 3->2(39)
[2022-03-01T14:57:47.792+0100][1054.259s] GC(337) Old regions: 88->89
[2022-03-01T14:57:47.792+0100][1054.259s] GC(337) Humongous regions: 7->7
[2022-03-01T14:57:47.792+0100][1054.259s] GC(337) Metaspace: 67678K->67678K(1112064K)
[2022-03-01T14:57:47.792+0100][1054.259s] GC(337) Pause Young (Normal) (G1 Evacuation Pause) 400M->95M(512M) 1.714ms
[2022-03-01T14:57:47.792+0100][1054.259s] GC(337) User=0.01s Sys=0.01s Real=0.00s
[2022-03-01T14:57:49.854+0100][1056.321s] GC(338) Pause Young (Normal) (G1 Evacuation Pause)
[2022-03-01T14:57:49.854+0100][1056.321s] GC(338) Using 10 workers of 10 for evacuation
[2022-03-01T14:57:49.855+0100][1056.322s] GC(338)   Pre Evacuate Collection Set: 0.0ms
[2022-03-01T14:57:49.855+0100][1056.322s] GC(338)   Evacuate Collection Set: 1.0ms
[2022-03-01T14:57:49.855+0100][1056.322s] GC(338)   Post Evacuate Collection Set: 0.4ms
[2022-03-01T14:57:49.855+0100][1056.322s] GC(338)   Other: 0.2ms
[2022-03-01T14:57:49.855+0100][1056.322s] GC(338) Eden regions: 305->0(305)
[2022-03-01T14:57:49.855+0100][1056.322s] GC(338) Survivor regions: 2->2(39)
[2022-03-01T14:57:49.855+0100][1056.322s] GC(338) Old regions: 89->89
[2022-03-01T14:57:49.855+0100][1056.322s] GC(338) Humongous regions: 7->7
[2022-03-01T14:57:49.855+0100][1056.322s] GC(338) Metaspace: 67678K->67678K(1112064K)
[2022-03-01T14:57:49.855+0100][1056.322s] GC(338) Pause Young (Normal) (G1 Evacuation Pause) 400M->95M(512M) 1.584ms
[2022-03-01T14:57:49.855+0100][1056.322s] GC(338) User=0.00s Sys=0.00s Real=0.00s
[2022-03-01T14:57:50.822+0100][1057.289s] GC(339) Pause Young (Normal) (G1 Evacuation Pause)
[2022-03-01T14:57:50.822+0100][1057.289s] GC(339) Using 10 workers of 10 for evacuation
[2022-03-01T14:57:50.824+0100][1057.291s] GC(339)   Pre Evacuate Collection Set: 0.0ms
[2022-03-01T14:57:50.824+0100][1057.291s] GC(339)   Evacuate Collection Set: 1.1ms
[2022-03-01T14:57:50.824+0100][1057.291s] GC(339)   Post Evacuate Collection Set: 0.6ms
[2022-03-01T14:57:50.824+0100][1057.291s] GC(339)   Other: 0.1ms
[2022-03-01T14:57:50.824+0100][1057.291s] GC(339) Eden regions: 305->0(305)
[2022-03-01T14:57:50.824+0100][1057.291s] GC(339) Survivor regions: 2->2(39)
[2022-03-01T14:57:50.824+0100][1057.291s] GC(339) Old regions: 89->89
[2022-03-01T14:57:50.824+0100][1057.291s] GC(339) Humongous regions: 7->7
[2022-03-01T14:57:50.824+0100][1057.291s] GC(339) Metaspace: 67678K->67678K(1112064K)
[2022-03-01T14:57:50.824+0100][1057.291s] GC(339) Pause Young (Normal) (G1 Evacuation Pause) 400M->95M(512M) 1.873ms
[2022-03-01T14:57:50.824+0100][1057.291s] GC(339) User=0.01s Sys=0.00s Real=0.00s
[2022-03-01T14:57:51.809+0100][1058.276s] GC(340) Pause Young (Normal) (G1 Evacuation Pause)
[2022-03-01T14:57:51.809+0100][1058.276s] GC(340) Using 10 workers of 10 for evacuation
[2022-03-01T14:57:51.811+0100][1058.277s] GC(340)   Pre Evacuate Collection Set: 0.0ms
[2022-03-01T14:57:51.811+0100][1058.277s] GC(340)   Evacuate Collection Set: 0.9ms
[2022-03-01T14:57:51.811+0100][1058.277s] GC(340)   Post Evacuate Collection Set: 0.4ms
[2022-03-01T14:57:51.811+0100][1058.277s] GC(340)   Other: 0.1ms
[2022-03-01T14:57:51.811+0100][1058.277s] GC(340) Eden regions: 305->0(305)
[2022-03-01T14:57:51.811+0100][1058.277s] GC(340) Survivor regions: 2->2(39)
[2022-03-01T14:57:51.811+0100][1058.278s] GC(340) Old regions: 89->89
[2022-03-01T14:57:51.811+0100][1058.278s] GC(340) Humongous regions: 7->7
[2022-03-01T14:57:51.811+0100][1058.278s] GC(340) Metaspace: 67678K->67678K(1112064K)
[2022-03-01T14:57:51.811+0100][1058.278s] GC(340) Pause Young (Normal) (G1 Evacuation Pause) 400M->95M(512M) 1.475ms
[2022-03-01T14:57:51.811+0100][1058.278s] GC(340) User=0.01s Sys=0.00s Real=0.00s
[2022-03-01T14:57:52.799+0100][1059.266s] GC(341) Pause Young (Normal) (G1 Evacuation Pause)
[2022-03-01T14:57:52.799+0100][1059.266s] GC(341) Using 10 workers of 10 for evacuation
[2022-03-01T14:57:52.801+0100][1059.268s] GC(341)   Pre Evacuate Collection Set: 0.0ms
[2022-03-01T14:57:52.801+0100][1059.268s] GC(341)   Evacuate Collection Set: 1.0ms
[2022-03-01T14:57:52.801+0100][1059.268s] GC(341)   Post Evacuate Collection Set: 0.5ms
[2022-03-01T14:57:52.801+0100][1059.268s] GC(341)   Other: 0.1ms
[2022-03-01T14:57:52.801+0100][1059.268s] GC(341) Eden regions: 305->0(305)
[2022-03-01T14:57:52.801+0100][1059.268s] GC(341) Survivor regions: 2->2(39)
[2022-03-01T14:57:52.801+0100][1059.268s] GC(341) Old regions: 89->89
[2022-03-01T14:57:52.801+0100][1059.268s] GC(341) Humongous regions: 7->7
[2022-03-01T14:57:52.801+0100][1059.268s] GC(341) Metaspace: 67678K->67678K(1112064K)
[2022-03-01T14:57:52.801+0100][1059.268s] GC(341) Pause Young (Normal) (G1 Evacuation Pause) 400M->95M(512M) 1.682ms
[2022-03-01T14:57:52.801+0100][1059.268s] GC(341) User=0.01s Sys=0.00s Real=0.01s
[2022-03-01T14:57:53.692+0100][1060.158s] GC(342) Pause Young (Normal) (G1 Evacuation Pause)
[2022-03-01T14:57:53.692+0100][1060.158s] GC(342) Using 10 workers of 10 for evacuation
[2022-03-01T14:57:53.694+0100][1060.161s] GC(342)   Pre Evacuate Collection Set: 0.0ms
[2022-03-01T14:57:53.694+0100][1060.161s] GC(342)   Evacuate Collection Set: 1.6ms
[2022-03-01T14:57:53.694+0100][1060.161s] GC(342)   Post Evacuate Collection Set: 0.6ms
[2022-03-01T14:57:53.694+0100][1060.161s] GC(342)   Other: 0.1ms
[2022-03-01T14:57:53.694+0100][1060.161s] GC(342) Eden regions: 305->0(304)
[2022-03-01T14:57:53.694+0100][1060.161s] GC(342) Survivor regions: 2->3(39)
[2022-03-01T14:57:53.694+0100][1060.161s] GC(342) Old regions: 89->89
[2022-03-01T14:57:53.694+0100][1060.161s] GC(342) Humongous regions: 7->7
[2022-03-01T14:57:53.694+0100][1060.161s] GC(342) Metaspace: 67678K->67678K(1112064K)
[2022-03-01T14:57:53.694+0100][1060.161s] GC(342) Pause Young (Normal) (G1 Evacuation Pause) 400M->96M(512M) 2.350ms
[2022-03-01T14:57:53.694+0100][1060.161s] GC(342) User=0.02s Sys=0.00s Real=0.00s
[2022-03-01T14:57:54.640+0100][1061.107s] GC(343) Pause Young (Normal) (G1 Evacuation Pause)
[2022-03-01T14:57:54.640+0100][1061.107s] GC(343) Using 10 workers of 10 for evacuation
[2022-03-01T14:57:54.642+0100][1061.109s] GC(343)   Pre Evacuate Collection Set: 0.0ms
[2022-03-01T14:57:54.642+0100][1061.109s] GC(343)   Evacuate Collection Set: 1.1ms
[2022-03-01T14:57:54.642+0100][1061.109s] GC(343)   Post Evacuate Collection Set: 0.4ms
[2022-03-01T14:57:54.642+0100][1061.109s] GC(343)   Other: 0.2ms
[2022-03-01T14:57:54.642+0100][1061.109s] GC(343) Eden regions: 304->0(305)
[2022-03-01T14:57:54.642+0100][1061.109s] GC(343) Survivor regions: 3->2(39)
[2022-03-01T14:57:54.642+0100][1061.109s] GC(343) Old regions: 89->89
[2022-03-01T14:57:54.642+0100][1061.109s] GC(343) Humongous regions: 7->7
[2022-03-01T14:57:54.642+0100][1061.109s] GC(343) Metaspace: 67678K->67678K(1112064K)
[2022-03-01T14:57:54.642+0100][1061.109s] GC(343) Pause Young (Normal) (G1 Evacuation Pause) 400M->95M(512M) 1.683ms
[2022-03-01T14:57:54.642+0100][1061.109s] GC(343) User=0.01s Sys=0.00s Real=0.01s
[2022-03-01T14:57:55.682+0100][1062.149s] GC(344) Pause Young (Normal) (G1 Evacuation Pause)
[2022-03-01T14:57:55.682+0100][1062.149s] GC(344) Using 10 workers of 10 for evacuation
[2022-03-01T14:57:55.684+0100][1062.151s] GC(344)   Pre Evacuate Collection Set: 0.0ms
[2022-03-01T14:57:55.684+0100][1062.151s] GC(344)   Evacuate Collection Set: 1.0ms
[2022-03-01T14:57:55.684+0100][1062.151s] GC(344)   Post Evacuate Collection Set: 0.5ms
[2022-03-01T14:57:55.684+0100][1062.151s] GC(344)   Other: 0.2ms
[2022-03-01T14:57:55.684+0100][1062.151s] GC(344) Eden regions: 305->0(305)
[2022-03-01T14:57:55.684+0100][1062.151s] GC(344) Survivor regions: 2->2(39)
[2022-03-01T14:57:55.684+0100][1062.151s] GC(344) Old regions: 89->89
[2022-03-01T14:57:55.684+0100][1062.151s] GC(344) Humongous regions: 7->7
[2022-03-01T14:57:55.684+0100][1062.151s] GC(344) Metaspace: 67678K->67678K(1112064K)
[2022-03-01T14:57:55.684+0100][1062.151s] GC(344) Pause Young (Normal) (G1 Evacuation Pause) 400M->95M(512M) 1.705ms
[2022-03-01T14:57:55.684+0100][1062.151s] GC(344) User=0.01s Sys=0.00s Real=0.00s
[2022-03-01T14:57:56.657+0100][1063.124s] GC(345) Pause Young (Normal) (G1 Evacuation Pause)
[2022-03-01T14:57:56.657+0100][1063.124s] GC(345) Using 10 workers of 10 for evacuation
[2022-03-01T14:57:56.658+0100][1063.125s] GC(345)   Pre Evacuate Collection Set: 0.0ms
[2022-03-01T14:57:56.658+0100][1063.125s] GC(345)   Evacuate Collection Set: 1.0ms
[2022-03-01T14:57:56.658+0100][1063.125s] GC(345)   Post Evacuate Collection Set: 0.4ms
[2022-03-01T14:57:56.658+0100][1063.125s] GC(345)   Other: 0.1ms
[2022-03-01T14:57:56.658+0100][1063.125s] GC(345) Eden regions: 305->0(305)
[2022-03-01T14:57:56.658+0100][1063.125s] GC(345) Survivor regions: 2->2(39)
[2022-03-01T14:57:56.658+0100][1063.125s] GC(345) Old regions: 89->89
[2022-03-01T14:57:56.658+0100][1063.125s] GC(345) Humongous regions: 7->7
[2022-03-01T14:57:56.658+0100][1063.125s] GC(345) Metaspace: 67678K->67678K(1112064K)
[2022-03-01T14:57:56.658+0100][1063.125s] GC(345) Pause Young (Normal) (G1 Evacuation Pause) 400M->95M(512M) 1.600ms
[2022-03-01T14:57:56.658+0100][1063.125s] GC(345) User=0.01s Sys=0.00s Real=0.00s
[2022-03-01T14:57:57.722+0100][1064.189s] GC(346) Pause Young (Normal) (G1 Evacuation Pause)
[2022-03-01T14:57:57.722+0100][1064.189s] GC(346) Using 10 workers of 10 for evacuation
[2022-03-01T14:57:57.724+0100][1064.190s] GC(346)   Pre Evacuate Collection Set: 0.0ms
[2022-03-01T14:57:57.724+0100][1064.190s] GC(346)   Evacuate Collection Set: 1.1ms
[2022-03-01T14:57:57.724+0100][1064.190s] GC(346)   Post Evacuate Collection Set: 0.4ms
[2022-03-01T14:57:57.724+0100][1064.191s] GC(346)   Other: 0.2ms
[2022-03-01T14:57:57.724+0100][1064.191s] GC(346) Eden regions: 305->0(305)
[2022-03-01T14:57:57.724+0100][1064.191s] GC(346) Survivor regions: 2->2(39)
[2022-03-01T14:57:57.724+0100][1064.191s] GC(346) Old regions: 89->89
[2022-03-01T14:57:57.724+0100][1064.191s] GC(346) Humongous regions: 7->7
[2022-03-01T14:57:57.724+0100][1064.191s] GC(346) Metaspace: 67735K->67735K(1112064K)
[2022-03-01T14:57:57.724+0100][1064.191s] GC(346) Pause Young (Normal) (G1 Evacuation Pause) 400M->95M(512M) 1.717ms
[2022-03-01T14:57:57.724+0100][1064.191s] GC(346) User=0.01s Sys=0.00s Real=0.00s
[2022-03-01T14:57:58.816+0100][1065.283s] GC(347) Pause Young (Normal) (G1 Evacuation Pause)
[2022-03-01T14:57:58.816+0100][1065.283s] GC(347) Using 10 workers of 10 for evacuation
[2022-03-01T14:57:58.818+0100][1065.285s] GC(347)   Pre Evacuate Collection Set: 0.0ms
[2022-03-01T14:57:58.818+0100][1065.285s] GC(347)   Evacuate Collection Set: 1.2ms
[2022-03-01T14:57:58.818+0100][1065.285s] GC(347)   Post Evacuate Collection Set: 0.6ms
[2022-03-01T14:57:58.818+0100][1065.285s] GC(347)   Other: 0.1ms
[2022-03-01T14:57:58.818+0100][1065.285s] GC(347) Eden regions: 305->0(305)
[2022-03-01T14:57:58.818+0100][1065.285s] GC(347) Survivor regions: 2->2(39)
[2022-03-01T14:57:58.818+0100][1065.285s] GC(347) Old regions: 89->89
[2022-03-01T14:57:58.818+0100][1065.285s] GC(347) Humongous regions: 7->7
[2022-03-01T14:57:58.818+0100][1065.285s] GC(347) Metaspace: 67735K->67735K(1112064K)
[2022-03-01T14:57:58.818+0100][1065.285s] GC(347) Pause Young (Normal) (G1 Evacuation Pause) 400M->95M(512M) 2.084ms
[2022-03-01T14:57:58.818+0100][1065.285s] GC(347) User=0.02s Sys=0.00s Real=0.00s
[2022-03-01T14:57:59.925+0100][1066.392s] GC(348) Pause Young (Normal) (G1 Evacuation Pause)
[2022-03-01T14:57:59.925+0100][1066.392s] GC(348) Using 10 workers of 10 for evacuation
[2022-03-01T14:57:59.927+0100][1066.394s] GC(348)   Pre Evacuate Collection Set: 0.0ms
[2022-03-01T14:57:59.927+0100][1066.394s] GC(348)   Evacuate Collection Set: 1.2ms
[2022-03-01T14:57:59.927+0100][1066.394s] GC(348)   Post Evacuate Collection Set: 0.7ms
[2022-03-01T14:57:59.927+0100][1066.394s] GC(348)   Other: 0.1ms
[2022-03-01T14:57:59.927+0100][1066.394s] GC(348) Eden regions: 305->0(304)
[2022-03-01T14:57:59.927+0100][1066.394s] GC(348) Survivor regions: 2->3(39)
[2022-03-01T14:57:59.927+0100][1066.394s] GC(348) Old regions: 89->89
[2022-03-01T14:57:59.927+0100][1066.394s] GC(348) Humongous regions: 7->7
[2022-03-01T14:57:59.927+0100][1066.394s] GC(348) Metaspace: 67745K->67745K(1112064K)
[2022-03-01T14:57:59.927+0100][1066.394s] GC(348) Pause Young (Normal) (G1 Evacuation Pause) 400M->96M(512M) 2.174ms
[2022-03-01T14:57:59.927+0100][1066.394s] GC(348) User=0.01s Sys=0.00s Real=0.00s
[2022-03-01T14:58:00.925+0100][1067.392s] GC(349) Pause Young (Normal) (G1 Evacuation Pause)
[2022-03-01T14:58:00.925+0100][1067.392s] GC(349) Using 10 workers of 10 for evacuation
[2022-03-01T14:58:00.927+0100][1067.394s] GC(349)   Pre Evacuate Collection Set: 0.0ms
[2022-03-01T14:58:00.927+0100][1067.394s] GC(349)   Evacuate Collection Set: 1.1ms
[2022-03-01T14:58:00.927+0100][1067.394s] GC(349)   Post Evacuate Collection Set: 0.5ms
[2022-03-01T14:58:00.927+0100][1067.394s] GC(349)   Other: 0.1ms
[2022-03-01T14:58:00.927+0100][1067.394s] GC(349) Eden regions: 304->0(305)
[2022-03-01T14:58:00.927+0100][1067.394s] GC(349) Survivor regions: 3->2(39)
[2022-03-01T14:58:00.927+0100][1067.394s] GC(349) Old regions: 89->89
[2022-03-01T14:58:00.927+0100][1067.394s] GC(349) Humongous regions: 7->7
[2022-03-01T14:58:00.927+0100][1067.394s] GC(349) Metaspace: 67745K->67745K(1112064K)
[2022-03-01T14:58:00.927+0100][1067.394s] GC(349) Pause Young (Normal) (G1 Evacuation Pause) 400M->95M(512M) 1.736ms
[2022-03-01T14:58:00.927+0100][1067.394s] GC(349) User=0.00s Sys=0.00s Real=0.00s
[2022-03-01T14:58:01.950+0100][1068.416s] GC(350) Pause Young (Normal) (G1 Evacuation Pause)
[2022-03-01T14:58:01.950+0100][1068.416s] GC(350) Using 10 workers of 10 for evacuation
[2022-03-01T14:58:01.951+0100][1068.418s] GC(350)   Pre Evacuate Collection Set: 0.0ms
[2022-03-01T14:58:01.951+0100][1068.418s] GC(350)   Evacuate Collection Set: 1.1ms
[2022-03-01T14:58:01.951+0100][1068.418s] GC(350)   Post Evacuate Collection Set: 0.4ms
[2022-03-01T14:58:01.951+0100][1068.418s] GC(350)   Other: 0.1ms
[2022-03-01T14:58:01.951+0100][1068.418s] GC(350) Eden regions: 305->0(305)
[2022-03-01T14:58:01.951+0100][1068.418s] GC(350) Survivor regions: 2->2(39)
[2022-03-01T14:58:01.951+0100][1068.418s] GC(350) Old regions: 89->89
[2022-03-01T14:58:01.951+0100][1068.418s] GC(350) Humongous regions: 7->7
[2022-03-01T14:58:01.951+0100][1068.418s] GC(350) Metaspace: 67756K->67756K(1112064K)
[2022-03-01T14:58:01.951+0100][1068.418s] GC(350) Pause Young (Normal) (G1 Evacuation Pause) 400M->95M(512M) 1.760ms
[2022-03-01T14:58:01.951+0100][1068.418s] GC(350) User=0.01s Sys=0.00s Real=0.00s
[2022-03-01T14:58:02.893+0100][1069.360s] GC(351) Pause Young (Normal) (G1 Evacuation Pause)
[2022-03-01T14:58:02.893+0100][1069.360s] GC(351) Using 10 workers of 10 for evacuation
[2022-03-01T14:58:02.895+0100][1069.362s] GC(351)   Pre Evacuate Collection Set: 0.0ms
[2022-03-01T14:58:02.895+0100][1069.362s] GC(351)   Evacuate Collection Set: 1.1ms
[2022-03-01T14:58:02.895+0100][1069.362s] GC(351)   Post Evacuate Collection Set: 0.5ms
[2022-03-01T14:58:02.895+0100][1069.362s] GC(351)   Other: 0.2ms
[2022-03-01T14:58:02.895+0100][1069.362s] GC(351) Eden regions: 305->0(305)
[2022-03-01T14:58:02.895+0100][1069.362s] GC(351) Survivor regions: 2->2(39)
[2022-03-01T14:58:02.895+0100][1069.362s] GC(351) Old regions: 89->89
[2022-03-01T14:58:02.895+0100][1069.362s] GC(351) Humongous regions: 7->7
[2022-03-01T14:58:02.895+0100][1069.362s] GC(351) Metaspace: 67756K->67756K(1112064K)
[2022-03-01T14:58:02.895+0100][1069.362s] GC(351) Pause Young (Normal) (G1 Evacuation Pause) 400M->95M(512M) 1.781ms
[2022-03-01T14:58:02.895+0100][1069.362s] GC(351) User=0.01s Sys=0.00s Real=0.00s
[2022-03-01T14:58:03.715+0100][1070.182s] GC(352) Pause Young (Normal) (G1 Evacuation Pause)
[2022-03-01T14:58:03.715+0100][1070.182s] GC(352) Using 10 workers of 10 for evacuation
[2022-03-01T14:58:03.717+0100][1070.184s] GC(352)   Pre Evacuate Collection Set: 0.0ms
[2022-03-01T14:58:03.717+0100][1070.184s] GC(352)   Evacuate Collection Set: 1.0ms
[2022-03-01T14:58:03.717+0100][1070.184s] GC(352)   Post Evacuate Collection Set: 0.4ms
[2022-03-01T14:58:03.717+0100][1070.184s] GC(352)   Other: 0.1ms
[2022-03-01T14:58:03.717+0100][1070.184s] GC(352) Eden regions: 305->0(305)
[2022-03-01T14:58:03.717+0100][1070.184s] GC(352) Survivor regions: 2->2(39)
[2022-03-01T14:58:03.717+0100][1070.184s] GC(352) Old regions: 89->89
[2022-03-01T14:58:03.717+0100][1070.184s] GC(352) Humongous regions: 7->7
[2022-03-01T14:58:03.717+0100][1070.184s] GC(352) Metaspace: 67756K->67756K(1112064K)
[2022-03-01T14:58:03.717+0100][1070.184s] GC(352) Pause Young (Normal) (G1 Evacuation Pause) 400M->95M(512M) 1.602ms
[2022-03-01T14:58:03.717+0100][1070.184s] GC(352) User=0.01s Sys=0.01s Real=0.00s
[2022-03-01T14:58:04.733+0100][1071.200s] GC(353) Pause Young (Normal) (G1 Evacuation Pause)
[2022-03-01T14:58:04.733+0100][1071.200s] GC(353) Using 10 workers of 10 for evacuation
[2022-03-01T14:58:04.735+0100][1071.202s] GC(353)   Pre Evacuate Collection Set: 0.0ms
[2022-03-01T14:58:04.735+0100][1071.202s] GC(353)   Evacuate Collection Set: 1.2ms
[2022-03-01T14:58:04.735+0100][1071.202s] GC(353)   Post Evacuate Collection Set: 0.4ms
[2022-03-01T14:58:04.735+0100][1071.202s] GC(353)   Other: 0.1ms
[2022-03-01T14:58:04.735+0100][1071.202s] GC(353) Eden regions: 305->0(304)
[2022-03-01T14:58:04.735+0100][1071.202s] GC(353) Survivor regions: 2->3(39)
[2022-03-01T14:58:04.735+0100][1071.202s] GC(353) Old regions: 89->89
[2022-03-01T14:58:04.735+0100][1071.202s] GC(353) Humongous regions: 7->7
[2022-03-01T14:58:04.735+0100][1071.202s] GC(353) Metaspace: 67756K->67756K(1112064K)
[2022-03-01T14:58:04.735+0100][1071.202s] GC(353) Pause Young (Normal) (G1 Evacuation Pause) 400M->96M(512M) 1.813ms
[2022-03-01T14:58:04.735+0100][1071.202s] GC(353) User=0.01s Sys=0.00s Real=0.00s
[2022-03-01T14:58:05.713+0100][1072.180s] GC(354) Pause Young (Normal) (G1 Evacuation Pause)
[2022-03-01T14:58:05.713+0100][1072.180s] GC(354) Using 10 workers of 10 for evacuation
[2022-03-01T14:58:05.715+0100][1072.182s] GC(354)   Pre Evacuate Collection Set: 0.0ms
[2022-03-01T14:58:05.715+0100][1072.182s] GC(354)   Evacuate Collection Set: 1.2ms
[2022-03-01T14:58:05.715+0100][1072.182s] GC(354)   Post Evacuate Collection Set: 0.6ms
[2022-03-01T14:58:05.715+0100][1072.182s] GC(354)   Other: 0.1ms
[2022-03-01T14:58:05.715+0100][1072.182s] GC(354) Eden regions: 304->0(305)
[2022-03-01T14:58:05.715+0100][1072.182s] GC(354) Survivor regions: 3->2(39)
[2022-03-01T14:58:05.715+0100][1072.182s] GC(354) Old regions: 89->89
[2022-03-01T14:58:05.715+0100][1072.182s] GC(354) Humongous regions: 7->7
[2022-03-01T14:58:05.715+0100][1072.182s] GC(354) Metaspace: 67756K->67756K(1112064K)
[2022-03-01T14:58:05.715+0100][1072.182s] GC(354) Pause Young (Normal) (G1 Evacuation Pause) 400M->95M(512M) 1.994ms
[2022-03-01T14:58:05.715+0100][1072.182s] GC(354) User=0.01s Sys=0.00s Real=0.00s
[2022-03-01T14:58:06.603+0100][1073.070s] GC(355) Pause Young (Normal) (G1 Evacuation Pause)
[2022-03-01T14:58:06.603+0100][1073.070s] GC(355) Using 10 workers of 10 for evacuation
[2022-03-01T14:58:06.604+0100][1073.071s] GC(355)   Pre Evacuate Collection Set: 0.0ms
[2022-03-01T14:58:06.604+0100][1073.071s] GC(355)   Evacuate Collection Set: 1.1ms
[2022-03-01T14:58:06.604+0100][1073.071s] GC(355)   Post Evacuate Collection Set: 0.5ms
[2022-03-01T14:58:06.604+0100][1073.071s] GC(355)   Other: 0.1ms
[2022-03-01T14:58:06.604+0100][1073.071s] GC(355) Eden regions: 305->0(305)
[2022-03-01T14:58:06.604+0100][1073.071s] GC(355) Survivor regions: 2->2(39)
[2022-03-01T14:58:06.604+0100][1073.071s] GC(355) Old regions: 89->89
[2022-03-01T14:58:06.604+0100][1073.071s] GC(355) Humongous regions: 7->7
[2022-03-01T14:58:06.604+0100][1073.071s] GC(355) Metaspace: 67756K->67756K(1112064K)
[2022-03-01T14:58:06.604+0100][1073.071s] GC(355) Pause Young (Normal) (G1 Evacuation Pause) 400M->95M(512M) 1.743ms
[2022-03-01T14:58:06.604+0100][1073.071s] GC(355) User=0.01s Sys=0.01s Real=0.00s
[2022-03-01T14:58:07.529+0100][1073.996s] GC(356) Pause Young (Normal) (G1 Evacuation Pause)
[2022-03-01T14:58:07.529+0100][1073.996s] GC(356) Using 10 workers of 10 for evacuation
[2022-03-01T14:58:07.531+0100][1073.997s] GC(356)   Pre Evacuate Collection Set: 0.0ms
[2022-03-01T14:58:07.531+0100][1073.998s] GC(356)   Evacuate Collection Set: 1.0ms
[2022-03-01T14:58:07.531+0100][1073.998s] GC(356)   Post Evacuate Collection Set: 0.4ms
[2022-03-01T14:58:07.531+0100][1073.998s] GC(356)   Other: 0.1ms
[2022-03-01T14:58:07.531+0100][1073.998s] GC(356) Eden regions: 305->0(305)
[2022-03-01T14:58:07.531+0100][1073.998s] GC(356) Survivor regions: 2->2(39)
[2022-03-01T14:58:07.531+0100][1073.998s] GC(356) Old regions: 89->89
[2022-03-01T14:58:07.531+0100][1073.998s] GC(356) Humongous regions: 7->7
[2022-03-01T14:58:07.531+0100][1073.998s] GC(356) Metaspace: 67756K->67756K(1112064K)
[2022-03-01T14:58:07.531+0100][1073.998s] GC(356) Pause Young (Normal) (G1 Evacuation Pause) 400M->95M(512M) 1.524ms
[2022-03-01T14:58:07.531+0100][1073.998s] GC(356) User=0.00s Sys=0.00s Real=0.00s
[2022-03-01T14:58:08.472+0100][1074.939s] GC(357) Pause Young (Normal) (G1 Evacuation Pause)
[2022-03-01T14:58:08.472+0100][1074.939s] GC(357) Using 10 workers of 10 for evacuation
[2022-03-01T14:58:08.474+0100][1074.941s] GC(357)   Pre Evacuate Collection Set: 0.0ms
[2022-03-01T14:58:08.474+0100][1074.941s] GC(357)   Evacuate Collection Set: 1.0ms
[2022-03-01T14:58:08.474+0100][1074.941s] GC(357)   Post Evacuate Collection Set: 0.5ms
[2022-03-01T14:58:08.474+0100][1074.941s] GC(357)   Other: 0.1ms
[2022-03-01T14:58:08.474+0100][1074.941s] GC(357) Eden regions: 305->0(305)
[2022-03-01T14:58:08.474+0100][1074.941s] GC(357) Survivor regions: 2->2(39)
[2022-03-01T14:58:08.474+0100][1074.941s] GC(357) Old regions: 89->89
[2022-03-01T14:58:08.474+0100][1074.941s] GC(357) Humongous regions: 7->7
[2022-03-01T14:58:08.474+0100][1074.941s] GC(357) Metaspace: 67756K->67756K(1112064K)
[2022-03-01T14:58:08.474+0100][1074.941s] GC(357) Pause Young (Normal) (G1 Evacuation Pause) 400M->95M(512M) 1.639ms
[2022-03-01T14:58:08.474+0100][1074.941s] GC(357) User=0.01s Sys=0.00s Real=0.00s
[2022-03-01T14:58:09.516+0100][1075.983s] GC(358) Pause Young (Normal) (G1 Evacuation Pause)
[2022-03-01T14:58:09.516+0100][1075.983s] GC(358) Using 10 workers of 10 for evacuation
[2022-03-01T14:58:09.518+0100][1075.985s] GC(358)   Pre Evacuate Collection Set: 0.0ms
[2022-03-01T14:58:09.518+0100][1075.985s] GC(358)   Evacuate Collection Set: 1.2ms
[2022-03-01T14:58:09.518+0100][1075.985s] GC(358)   Post Evacuate Collection Set: 0.5ms
[2022-03-01T14:58:09.518+0100][1075.985s] GC(358)   Other: 0.1ms
[2022-03-01T14:58:09.518+0100][1075.985s] GC(358) Eden regions: 305->0(305)
[2022-03-01T14:58:09.518+0100][1075.985s] GC(358) Survivor regions: 2->2(39)
[2022-03-01T14:58:09.518+0100][1075.985s] GC(358) Old regions: 89->89
[2022-03-01T14:58:09.518+0100][1075.985s] GC(358) Humongous regions: 7->7
[2022-03-01T14:58:09.518+0100][1075.985s] GC(358) Metaspace: 67756K->67756K(1112064K)
[2022-03-01T14:58:09.518+0100][1075.985s] GC(358) Pause Young (Normal) (G1 Evacuation Pause) 400M->95M(512M) 1.906ms
[2022-03-01T14:58:09.518+0100][1075.985s] GC(358) User=0.02s Sys=0.00s Real=0.00s
[2022-03-01T14:58:10.467+0100][1076.933s] GC(359) Pause Young (Normal) (G1 Evacuation Pause)
[2022-03-01T14:58:10.467+0100][1076.933s] GC(359) Using 10 workers of 10 for evacuation
[2022-03-01T14:58:10.469+0100][1076.935s] GC(359)   Pre Evacuate Collection Set: 0.0ms
[2022-03-01T14:58:10.469+0100][1076.935s] GC(359)   Evacuate Collection Set: 1.4ms
[2022-03-01T14:58:10.469+0100][1076.935s] GC(359)   Post Evacuate Collection Set: 0.5ms
[2022-03-01T14:58:10.469+0100][1076.935s] GC(359)   Other: 0.1ms
[2022-03-01T14:58:10.469+0100][1076.935s] GC(359) Eden regions: 305->0(304)
[2022-03-01T14:58:10.469+0100][1076.935s] GC(359) Survivor regions: 2->3(39)
[2022-03-01T14:58:10.469+0100][1076.935s] GC(359) Old regions: 89->89
[2022-03-01T14:58:10.469+0100][1076.935s] GC(359) Humongous regions: 7->7
[2022-03-01T14:58:10.469+0100][1076.935s] GC(359) Metaspace: 67756K->67756K(1112064K)
[2022-03-01T14:58:10.469+0100][1076.936s] GC(359) Pause Young (Normal) (G1 Evacuation Pause) 400M->97M(512M) 2.075ms
[2022-03-01T14:58:10.469+0100][1076.936s] GC(359) User=0.01s Sys=0.00s Real=0.01s
[2022-03-01T14:58:11.488+0100][1077.955s] GC(360) Pause Young (Normal) (G1 Evacuation Pause)
[2022-03-01T14:58:11.488+0100][1077.955s] GC(360) Using 10 workers of 10 for evacuation
[2022-03-01T14:58:11.490+0100][1077.957s] GC(360)   Pre Evacuate Collection Set: 0.0ms
[2022-03-01T14:58:11.490+0100][1077.957s] GC(360)   Evacuate Collection Set: 1.0ms
[2022-03-01T14:58:11.490+0100][1077.957s] GC(360)   Post Evacuate Collection Set: 0.5ms
[2022-03-01T14:58:11.490+0100][1077.957s] GC(360)   Other: 0.1ms
[2022-03-01T14:58:11.490+0100][1077.957s] GC(360) Eden regions: 304->0(305)
[2022-03-01T14:58:11.490+0100][1077.957s] GC(360) Survivor regions: 3->2(39)
[2022-03-01T14:58:11.490+0100][1077.957s] GC(360) Old regions: 89->89
[2022-03-01T14:58:11.490+0100][1077.957s] GC(360) Humongous regions: 7->7
[2022-03-01T14:58:11.490+0100][1077.957s] GC(360) Metaspace: 67756K->67756K(1112064K)
[2022-03-01T14:58:11.490+0100][1077.957s] GC(360) Pause Young (Normal) (G1 Evacuation Pause) 401M->95M(512M) 1.702ms
[2022-03-01T14:58:11.490+0100][1077.957s] GC(360) User=0.02s Sys=0.00s Real=0.01s
[2022-03-01T14:58:12.530+0100][1078.997s] GC(361) Pause Young (Normal) (G1 Evacuation Pause)
[2022-03-01T14:58:12.530+0100][1078.997s] GC(361) Using 10 workers of 10 for evacuation
[2022-03-01T14:58:12.532+0100][1078.999s] GC(361)   Pre Evacuate Collection Set: 0.0ms
[2022-03-01T14:58:12.532+0100][1078.999s] GC(361)   Evacuate Collection Set: 1.6ms
[2022-03-01T14:58:12.532+0100][1078.999s] GC(361)   Post Evacuate Collection Set: 0.5ms
[2022-03-01T14:58:12.533+0100][1078.999s] GC(361)   Other: 0.2ms
[2022-03-01T14:58:12.533+0100][1078.999s] GC(361) Eden regions: 305->0(305)
[2022-03-01T14:58:12.533+0100][1078.999s] GC(361) Survivor regions: 2->2(39)
[2022-03-01T14:58:12.533+0100][1078.999s] GC(361) Old regions: 89->89
[2022-03-01T14:58:12.533+0100][1078.999s] GC(361) Humongous regions: 7->7
[2022-03-01T14:58:12.533+0100][1078.999s] GC(361) Metaspace: 67756K->67756K(1112064K)
[2022-03-01T14:58:12.533+0100][1078.999s] GC(361) Pause Young (Normal) (G1 Evacuation Pause) 400M->95M(512M) 2.408ms
[2022-03-01T14:58:12.533+0100][1078.999s] GC(361) User=0.01s Sys=0.00s Real=0.00s
[2022-03-01T14:58:13.675+0100][1080.141s] GC(362) Pause Young (Normal) (G1 Evacuation Pause)
[2022-03-01T14:58:13.675+0100][1080.141s] GC(362) Using 10 workers of 10 for evacuation
[2022-03-01T14:58:13.676+0100][1080.143s] GC(362)   Pre Evacuate Collection Set: 0.0ms
[2022-03-01T14:58:13.676+0100][1080.143s] GC(362)   Evacuate Collection Set: 1.1ms
[2022-03-01T14:58:13.676+0100][1080.143s] GC(362)   Post Evacuate Collection Set: 0.4ms
[2022-03-01T14:58:13.676+0100][1080.143s] GC(362)   Other: 0.1ms
[2022-03-01T14:58:13.676+0100][1080.143s] GC(362) Eden regions: 305->0(305)
[2022-03-01T14:58:13.676+0100][1080.143s] GC(362) Survivor regions: 2->2(39)
[2022-03-01T14:58:13.676+0100][1080.143s] GC(362) Old regions: 89->89
[2022-03-01T14:58:13.676+0100][1080.143s] GC(362) Humongous regions: 7->7
[2022-03-01T14:58:13.676+0100][1080.143s] GC(362) Metaspace: 67756K->67756K(1112064K)
[2022-03-01T14:58:13.676+0100][1080.143s] GC(362) Pause Young (Normal) (G1 Evacuation Pause) 400M->95M(512M) 1.723ms
[2022-03-01T14:58:13.676+0100][1080.143s] GC(362) User=0.01s Sys=0.00s Real=0.00s
[2022-03-01T14:58:14.676+0100][1081.143s] GC(363) Pause Young (Normal) (G1 Evacuation Pause)
[2022-03-01T14:58:14.677+0100][1081.143s] GC(363) Using 10 workers of 10 for evacuation
[2022-03-01T14:58:14.678+0100][1081.145s] GC(363)   Pre Evacuate Collection Set: 0.0ms
[2022-03-01T14:58:14.678+0100][1081.145s] GC(363)   Evacuate Collection Set: 1.0ms
[2022-03-01T14:58:14.678+0100][1081.145s] GC(363)   Post Evacuate Collection Set: 0.5ms
[2022-03-01T14:58:14.678+0100][1081.145s] GC(363)   Other: 0.2ms
[2022-03-01T14:58:14.678+0100][1081.145s] GC(363) Eden regions: 305->0(305)
[2022-03-01T14:58:14.678+0100][1081.145s] GC(363) Survivor regions: 2->2(39)
[2022-03-01T14:58:14.678+0100][1081.145s] GC(363) Old regions: 89->89
[2022-03-01T14:58:14.678+0100][1081.145s] GC(363) Humongous regions: 7->7
[2022-03-01T14:58:14.678+0100][1081.145s] GC(363) Metaspace: 67757K->67757K(1112064K)
[2022-03-01T14:58:14.678+0100][1081.145s] GC(363) Pause Young (Normal) (G1 Evacuation Pause) 400M->95M(512M) 1.744ms
[2022-03-01T14:58:14.678+0100][1081.145s] GC(363) User=0.01s Sys=0.00s Real=0.00s
[2022-03-01T14:58:15.729+0100][1082.196s] GC(364) Pause Young (Normal) (G1 Evacuation Pause)
[2022-03-01T14:58:15.729+0100][1082.196s] GC(364) Using 10 workers of 10 for evacuation
[2022-03-01T14:58:15.731+0100][1082.198s] GC(364)   Pre Evacuate Collection Set: 0.0ms
[2022-03-01T14:58:15.731+0100][1082.198s] GC(364)   Evacuate Collection Set: 1.1ms
[2022-03-01T14:58:15.731+0100][1082.198s] GC(364)   Post Evacuate Collection Set: 0.4ms
[2022-03-01T14:58:15.731+0100][1082.198s] GC(364)   Other: 0.1ms
[2022-03-01T14:58:15.731+0100][1082.198s] GC(364) Eden regions: 305->0(305)
[2022-03-01T14:58:15.731+0100][1082.198s] GC(364) Survivor regions: 2->2(39)
[2022-03-01T14:58:15.731+0100][1082.198s] GC(364) Old regions: 89->89
[2022-03-01T14:58:15.731+0100][1082.198s] GC(364) Humongous regions: 7->7
[2022-03-01T14:58:15.731+0100][1082.198s] GC(364) Metaspace: 67757K->67757K(1112064K)
[2022-03-01T14:58:15.731+0100][1082.198s] GC(364) Pause Young (Normal) (G1 Evacuation Pause) 400M->95M(512M) 1.659ms
[2022-03-01T14:58:15.731+0100][1082.198s] GC(364) User=0.01s Sys=0.01s Real=0.00s
[2022-03-01T14:58:17.148+0100][1083.615s] GC(365) Pause Young (Normal) (G1 Evacuation Pause)
[2022-03-01T14:58:17.148+0100][1083.615s] GC(365) Using 10 workers of 10 for evacuation
[2022-03-01T14:58:17.150+0100][1083.617s] GC(365)   Pre Evacuate Collection Set: 0.0ms
[2022-03-01T14:58:17.150+0100][1083.617s] GC(365)   Evacuate Collection Set: 1.2ms
[2022-03-01T14:58:17.150+0100][1083.617s] GC(365)   Post Evacuate Collection Set: 0.5ms
[2022-03-01T14:58:17.150+0100][1083.617s] GC(365)   Other: 0.1ms
[2022-03-01T14:58:17.150+0100][1083.617s] GC(365) Eden regions: 305->0(304)
[2022-03-01T14:58:17.150+0100][1083.617s] GC(365) Survivor regions: 2->3(39)
[2022-03-01T14:58:17.150+0100][1083.617s] GC(365) Old regions: 89->89
[2022-03-01T14:58:17.150+0100][1083.617s] GC(365) Humongous regions: 7->7
[2022-03-01T14:58:17.150+0100][1083.617s] GC(365) Metaspace: 67761K->67761K(1112064K)
[2022-03-01T14:58:17.150+0100][1083.617s] GC(365) Pause Young (Normal) (G1 Evacuation Pause) 400M->96M(512M) 1.934ms
[2022-03-01T14:58:17.150+0100][1083.617s] GC(365) User=0.02s Sys=0.00s Real=0.01s
[2022-03-01T14:58:18.235+0100][1084.702s] GC(366) Pause Young (Normal) (G1 Evacuation Pause)
[2022-03-01T14:58:18.235+0100][1084.702s] GC(366) Using 10 workers of 10 for evacuation
[2022-03-01T14:58:18.236+0100][1084.703s] GC(366)   Pre Evacuate Collection Set: 0.0ms
[2022-03-01T14:58:18.236+0100][1084.703s] GC(366)   Evacuate Collection Set: 1.1ms
[2022-03-01T14:58:18.236+0100][1084.703s] GC(366)   Post Evacuate Collection Set: 0.4ms
[2022-03-01T14:58:18.236+0100][1084.703s] GC(366)   Other: 0.2ms
[2022-03-01T14:58:18.236+0100][1084.703s] GC(366) Eden regions: 304->0(305)
[2022-03-01T14:58:18.237+0100][1084.703s] GC(366) Survivor regions: 3->2(39)
[2022-03-01T14:58:18.237+0100][1084.703s] GC(366) Old regions: 89->89
[2022-03-01T14:58:18.237+0100][1084.703s] GC(366) Humongous regions: 7->7
[2022-03-01T14:58:18.237+0100][1084.703s] GC(366) Metaspace: 67765K->67765K(1112064K)
[2022-03-01T14:58:18.237+0100][1084.703s] GC(366) Pause Young (Normal) (G1 Evacuation Pause) 400M->95M(512M) 1.720ms
[2022-03-01T14:58:18.237+0100][1084.703s] GC(366) User=0.01s Sys=0.00s Real=0.00s
[2022-03-01T14:58:19.188+0100][1085.655s] GC(367) Pause Young (Normal) (G1 Evacuation Pause)
[2022-03-01T14:58:19.188+0100][1085.655s] GC(367) Using 10 workers of 10 for evacuation
[2022-03-01T14:58:19.190+0100][1085.657s] GC(367)   Pre Evacuate Collection Set: 0.0ms
[2022-03-01T14:58:19.190+0100][1085.657s] GC(367)   Evacuate Collection Set: 1.1ms
[2022-03-01T14:58:19.190+0100][1085.657s] GC(367)   Post Evacuate Collection Set: 0.5ms
[2022-03-01T14:58:19.190+0100][1085.657s] GC(367)   Other: 0.1ms
[2022-03-01T14:58:19.190+0100][1085.657s] GC(367) Eden regions: 305->0(305)
[2022-03-01T14:58:19.190+0100][1085.657s] GC(367) Survivor regions: 2->2(39)
[2022-03-01T14:58:19.190+0100][1085.657s] GC(367) Old regions: 89->89
[2022-03-01T14:58:19.190+0100][1085.657s] GC(367) Humongous regions: 7->7
[2022-03-01T14:58:19.190+0100][1085.657s] GC(367) Metaspace: 67765K->67765K(1112064K)
[2022-03-01T14:58:19.190+0100][1085.657s] GC(367) Pause Young (Normal) (G1 Evacuation Pause) 400M->95M(512M) 1.697ms
[2022-03-01T14:58:19.190+0100][1085.657s] GC(367) User=0.01s Sys=0.00s Real=0.01s
[2022-03-01T14:58:20.240+0100][1086.706s] GC(368) Pause Young (Normal) (G1 Evacuation Pause)
[2022-03-01T14:58:20.240+0100][1086.706s] GC(368) Using 10 workers of 10 for evacuation
[2022-03-01T14:58:20.242+0100][1086.709s] GC(368)   Pre Evacuate Collection Set: 0.0ms
[2022-03-01T14:58:20.242+0100][1086.709s] GC(368)   Evacuate Collection Set: 1.6ms
[2022-03-01T14:58:20.242+0100][1086.709s] GC(368)   Post Evacuate Collection Set: 0.5ms
[2022-03-01T14:58:20.242+0100][1086.709s] GC(368)   Other: 0.1ms
[2022-03-01T14:58:20.242+0100][1086.709s] GC(368) Eden regions: 305->0(304)
[2022-03-01T14:58:20.242+0100][1086.709s] GC(368) Survivor regions: 2->3(39)
[2022-03-01T14:58:20.242+0100][1086.709s] GC(368) Old regions: 89->89
[2022-03-01T14:58:20.242+0100][1086.709s] GC(368) Humongous regions: 7->7
[2022-03-01T14:58:20.242+0100][1086.709s] GC(368) Metaspace: 67766K->67766K(1112064K)
[2022-03-01T14:58:20.242+0100][1086.709s] GC(368) Pause Young (Normal) (G1 Evacuation Pause) 400M->97M(512M) 2.289ms
[2022-03-01T14:58:20.242+0100][1086.709s] GC(368) User=0.02s Sys=0.00s Real=0.01s
[2022-03-01T14:58:21.272+0100][1087.739s] GC(369) Pause Young (Normal) (G1 Evacuation Pause)
[2022-03-01T14:58:21.272+0100][1087.739s] GC(369) Using 10 workers of 10 for evacuation
[2022-03-01T14:58:21.274+0100][1087.741s] GC(369)   Pre Evacuate Collection Set: 0.0ms
[2022-03-01T14:58:21.274+0100][1087.741s] GC(369)   Evacuate Collection Set: 1.1ms
[2022-03-01T14:58:21.274+0100][1087.741s] GC(369)   Post Evacuate Collection Set: 0.5ms
[2022-03-01T14:58:21.274+0100][1087.741s] GC(369)   Other: 0.2ms
[2022-03-01T14:58:21.274+0100][1087.741s] GC(369) Eden regions: 304->0(305)
[2022-03-01T14:58:21.274+0100][1087.741s] GC(369) Survivor regions: 3->2(39)
[2022-03-01T14:58:21.274+0100][1087.741s] GC(369) Old regions: 89->89
[2022-03-01T14:58:21.274+0100][1087.741s] GC(369) Humongous regions: 7->7
[2022-03-01T14:58:21.274+0100][1087.741s] GC(369) Metaspace: 67769K->67769K(1112064K)
[2022-03-01T14:58:21.274+0100][1087.741s] GC(369) Pause Young (Normal) (G1 Evacuation Pause) 401M->96M(512M) 1.859ms
[2022-03-01T14:58:21.274+0100][1087.741s] GC(369) User=0.02s Sys=0.00s Real=0.00s
[2022-03-01T14:58:22.363+0100][1088.829s] GC(370) Pause Young (Normal) (G1 Evacuation Pause)
[2022-03-01T14:58:22.363+0100][1088.829s] GC(370) Using 10 workers of 10 for evacuation
[2022-03-01T14:58:22.365+0100][1088.831s] GC(370)   Pre Evacuate Collection Set: 0.0ms
[2022-03-01T14:58:22.365+0100][1088.831s] GC(370)   Evacuate Collection Set: 1.1ms
[2022-03-01T14:58:22.365+0100][1088.831s] GC(370)   Post Evacuate Collection Set: 0.6ms
[2022-03-01T14:58:22.365+0100][1088.831s] GC(370)   Other: 0.1ms
[2022-03-01T14:58:22.365+0100][1088.831s] GC(370) Eden regions: 305->0(305)
[2022-03-01T14:58:22.365+0100][1088.831s] GC(370) Survivor regions: 2->2(39)
[2022-03-01T14:58:22.365+0100][1088.831s] GC(370) Old regions: 89->89
[2022-03-01T14:58:22.365+0100][1088.831s] GC(370) Humongous regions: 7->7
[2022-03-01T14:58:22.365+0100][1088.831s] GC(370) Metaspace: 67774K->67774K(1112064K)
[2022-03-01T14:58:22.365+0100][1088.831s] GC(370) Pause Young (Normal) (G1 Evacuation Pause) 401M->96M(512M) 1.939ms
[2022-03-01T14:58:22.365+0100][1088.831s] GC(370) User=0.01s Sys=0.00s Real=0.00s
[2022-03-01T14:58:23.483+0100][1089.950s] GC(371) Pause Young (Normal) (G1 Evacuation Pause)
[2022-03-01T14:58:23.483+0100][1089.950s] GC(371) Using 10 workers of 10 for evacuation
[2022-03-01T14:58:23.485+0100][1089.952s] GC(371)   Pre Evacuate Collection Set: 0.0ms
[2022-03-01T14:58:23.485+0100][1089.952s] GC(371)   Evacuate Collection Set: 1.1ms
[2022-03-01T14:58:23.485+0100][1089.952s] GC(371)   Post Evacuate Collection Set: 0.5ms
[2022-03-01T14:58:23.485+0100][1089.952s] GC(371)   Other: 0.2ms
[2022-03-01T14:58:23.485+0100][1089.952s] GC(371) Eden regions: 305->0(305)
[2022-03-01T14:58:23.485+0100][1089.952s] GC(371) Survivor regions: 2->2(39)
[2022-03-01T14:58:23.485+0100][1089.952s] GC(371) Old regions: 89->89
[2022-03-01T14:58:23.485+0100][1089.952s] GC(371) Humongous regions: 7->7
[2022-03-01T14:58:23.485+0100][1089.952s] GC(371) Metaspace: 67774K->67774K(1112064K)
[2022-03-01T14:58:23.485+0100][1089.952s] GC(371) Pause Young (Normal) (G1 Evacuation Pause) 401M->96M(512M) 1.882ms
[2022-03-01T14:58:23.485+0100][1089.952s] GC(371) User=0.01s Sys=0.01s Real=0.00s
[2022-03-01T14:58:24.572+0100][1091.039s] GC(372) Pause Young (Normal) (G1 Evacuation Pause)
[2022-03-01T14:58:24.572+0100][1091.039s] GC(372) Using 10 workers of 10 for evacuation
[2022-03-01T14:58:24.574+0100][1091.041s] GC(372)   Pre Evacuate Collection Set: 0.0ms
[2022-03-01T14:58:24.574+0100][1091.041s] GC(372)   Evacuate Collection Set: 1.3ms
[2022-03-01T14:58:24.574+0100][1091.041s] GC(372)   Post Evacuate Collection Set: 0.6ms
[2022-03-01T14:58:24.574+0100][1091.041s] GC(372)   Other: 0.2ms
[2022-03-01T14:58:24.574+0100][1091.041s] GC(372) Eden regions: 305->0(304)
[2022-03-01T14:58:24.574+0100][1091.041s] GC(372) Survivor regions: 2->3(39)
[2022-03-01T14:58:24.574+0100][1091.041s] GC(372) Old regions: 89->89
[2022-03-01T14:58:24.574+0100][1091.041s] GC(372) Humongous regions: 7->7
[2022-03-01T14:58:24.574+0100][1091.041s] GC(372) Metaspace: 67794K->67794K(1112064K)
[2022-03-01T14:58:24.574+0100][1091.041s] GC(372) Pause Young (Normal) (G1 Evacuation Pause) 401M->96M(512M) 2.118ms
[2022-03-01T14:58:24.574+0100][1091.041s] GC(372) User=0.01s Sys=0.00s Real=0.00s
[2022-03-01T14:58:25.629+0100][1092.096s] GC(373) Pause Young (Normal) (G1 Evacuation Pause)
[2022-03-01T14:58:25.629+0100][1092.096s] GC(373) Using 10 workers of 10 for evacuation
[2022-03-01T14:58:25.631+0100][1092.098s] GC(373)   Pre Evacuate Collection Set: 0.0ms
[2022-03-01T14:58:25.631+0100][1092.098s] GC(373)   Evacuate Collection Set: 1.1ms
[2022-03-01T14:58:25.631+0100][1092.098s] GC(373)   Post Evacuate Collection Set: 0.4ms
[2022-03-01T14:58:25.631+0100][1092.098s] GC(373)   Other: 0.1ms
[2022-03-01T14:58:25.631+0100][1092.098s] GC(373) Eden regions: 304->0(305)
[2022-03-01T14:58:25.631+0100][1092.098s] GC(373) Survivor regions: 3->2(39)
[2022-03-01T14:58:25.631+0100][1092.098s] GC(373) Old regions: 89->89
[2022-03-01T14:58:25.631+0100][1092.098s] GC(373) Humongous regions: 7->7
[2022-03-01T14:58:25.631+0100][1092.098s] GC(373) Metaspace: 67794K->67794K(1112064K)
[2022-03-01T14:58:25.631+0100][1092.098s] GC(373) Pause Young (Normal) (G1 Evacuation Pause) 400M->96M(512M) 1.716ms
[2022-03-01T14:58:25.631+0100][1092.098s] GC(373) User=0.01s Sys=0.00s Real=0.00s
[2022-03-01T14:58:26.642+0100][1093.109s] GC(374) Pause Young (Normal) (G1 Evacuation Pause)
[2022-03-01T14:58:26.642+0100][1093.109s] GC(374) Using 10 workers of 10 for evacuation
[2022-03-01T14:58:26.644+0100][1093.111s] GC(374)   Pre Evacuate Collection Set: 0.0ms
[2022-03-01T14:58:26.644+0100][1093.111s] GC(374)   Evacuate Collection Set: 1.1ms
[2022-03-01T14:58:26.644+0100][1093.111s] GC(374)   Post Evacuate Collection Set: 0.4ms
[2022-03-01T14:58:26.644+0100][1093.111s] GC(374)   Other: 0.2ms
[2022-03-01T14:58:26.644+0100][1093.111s] GC(374) Eden regions: 305->0(305)
[2022-03-01T14:58:26.644+0100][1093.111s] GC(374) Survivor regions: 2->2(39)
[2022-03-01T14:58:26.644+0100][1093.111s] GC(374) Old regions: 89->89
[2022-03-01T14:58:26.644+0100][1093.111s] GC(374) Humongous regions: 7->7
[2022-03-01T14:58:26.644+0100][1093.111s] GC(374) Metaspace: 67794K->67794K(1112064K)
[2022-03-01T14:58:26.644+0100][1093.111s] GC(374) Pause Young (Normal) (G1 Evacuation Pause) 401M->96M(512M) 1.705ms
[2022-03-01T14:58:26.644+0100][1093.111s] GC(374) User=0.01s Sys=0.00s Real=0.00s
[2022-03-01T14:58:27.727+0100][1094.194s] GC(375) Pause Young (Normal) (G1 Evacuation Pause)
[2022-03-01T14:58:27.727+0100][1094.194s] GC(375) Using 10 workers of 10 for evacuation
[2022-03-01T14:58:27.728+0100][1094.195s] GC(375)   Pre Evacuate Collection Set: 0.0ms
[2022-03-01T14:58:27.728+0100][1094.195s] GC(375)   Evacuate Collection Set: 1.1ms
[2022-03-01T14:58:27.728+0100][1094.195s] GC(375)   Post Evacuate Collection Set: 0.5ms
[2022-03-01T14:58:27.728+0100][1094.195s] GC(375)   Other: 0.1ms
[2022-03-01T14:58:27.728+0100][1094.195s] GC(375) Eden regions: 305->0(305)
[2022-03-01T14:58:27.728+0100][1094.195s] GC(375) Survivor regions: 2->2(39)
[2022-03-01T14:58:27.728+0100][1094.195s] GC(375) Old regions: 89->89
[2022-03-01T14:58:27.728+0100][1094.195s] GC(375) Humongous regions: 7->7
[2022-03-01T14:58:27.728+0100][1094.195s] GC(375) Metaspace: 67794K->67794K(1112064K)
[2022-03-01T14:58:27.728+0100][1094.195s] GC(375) Pause Young (Normal) (G1 Evacuation Pause) 401M->96M(512M) 1.767ms
[2022-03-01T14:58:27.728+0100][1094.195s] GC(375) User=0.01s Sys=0.01s Real=0.00s
[2022-03-01T14:58:28.756+0100][1095.223s] GC(376) Pause Young (Normal) (G1 Evacuation Pause)
[2022-03-01T14:58:28.756+0100][1095.223s] GC(376) Using 10 workers of 10 for evacuation
[2022-03-01T14:58:28.759+0100][1095.226s] GC(376)   Pre Evacuate Collection Set: 0.0ms
[2022-03-01T14:58:28.759+0100][1095.226s] GC(376)   Evacuate Collection Set: 1.8ms
[2022-03-01T14:58:28.759+0100][1095.226s] GC(376)   Post Evacuate Collection Set: 0.6ms
[2022-03-01T14:58:28.759+0100][1095.226s] GC(376)   Other: 0.2ms
[2022-03-01T14:58:28.759+0100][1095.226s] GC(376) Eden regions: 305->0(305)
[2022-03-01T14:58:28.759+0100][1095.226s] GC(376) Survivor regions: 2->2(39)
[2022-03-01T14:58:28.759+0100][1095.226s] GC(376) Old regions: 89->89
[2022-03-01T14:58:28.759+0100][1095.226s] GC(376) Humongous regions: 7->7
[2022-03-01T14:58:28.759+0100][1095.226s] GC(376) Metaspace: 67794K->67794K(1112064K)
[2022-03-01T14:58:28.759+0100][1095.226s] GC(376) Pause Young (Normal) (G1 Evacuation Pause) 401M->96M(512M) 2.779ms
[2022-03-01T14:58:28.759+0100][1095.226s] GC(376) User=0.02s Sys=0.00s Real=0.00s
[2022-03-01T14:58:29.785+0100][1096.251s] GC(377) Pause Young (Normal) (G1 Evacuation Pause)
[2022-03-01T14:58:29.785+0100][1096.251s] GC(377) Using 10 workers of 10 for evacuation
[2022-03-01T14:58:29.786+0100][1096.253s] GC(377)   Pre Evacuate Collection Set: 0.0ms
[2022-03-01T14:58:29.786+0100][1096.253s] GC(377)   Evacuate Collection Set: 1.1ms
[2022-03-01T14:58:29.786+0100][1096.253s] GC(377)   Post Evacuate Collection Set: 0.4ms
[2022-03-01T14:58:29.786+0100][1096.253s] GC(377)   Other: 0.1ms
[2022-03-01T14:58:29.786+0100][1096.253s] GC(377) Eden regions: 305->0(305)
[2022-03-01T14:58:29.786+0100][1096.253s] GC(377) Survivor regions: 2->2(39)
[2022-03-01T14:58:29.786+0100][1096.253s] GC(377) Old regions: 89->89
[2022-03-01T14:58:29.786+0100][1096.253s] GC(377) Humongous regions: 7->7
[2022-03-01T14:58:29.786+0100][1096.253s] GC(377) Metaspace: 67794K->67794K(1112064K)
[2022-03-01T14:58:29.786+0100][1096.253s] GC(377) Pause Young (Normal) (G1 Evacuation Pause) 401M->96M(512M) 1.659ms
[2022-03-01T14:58:29.786+0100][1096.253s] GC(377) User=0.01s Sys=0.00s Real=0.00s
[2022-03-01T14:58:30.801+0100][1097.267s] GC(378) Pause Young (Normal) (G1 Evacuation Pause)
[2022-03-01T14:58:30.801+0100][1097.267s] GC(378) Using 10 workers of 10 for evacuation
[2022-03-01T14:58:30.803+0100][1097.270s] GC(378)   Pre Evacuate Collection Set: 0.0ms
[2022-03-01T14:58:30.803+0100][1097.270s] GC(378)   Evacuate Collection Set: 1.7ms
[2022-03-01T14:58:30.803+0100][1097.270s] GC(378)   Post Evacuate Collection Set: 0.4ms
[2022-03-01T14:58:30.803+0100][1097.270s] GC(378)   Other: 0.2ms
[2022-03-01T14:58:30.803+0100][1097.270s] GC(378) Eden regions: 305->0(303)
[2022-03-01T14:58:30.803+0100][1097.270s] GC(378) Survivor regions: 2->4(39)
[2022-03-01T14:58:30.803+0100][1097.270s] GC(378) Old regions: 89->89
[2022-03-01T14:58:30.803+0100][1097.270s] GC(378) Humongous regions: 7->7
[2022-03-01T14:58:30.803+0100][1097.270s] GC(378) Metaspace: 67794K->67794K(1112064K)
[2022-03-01T14:58:30.803+0100][1097.270s] GC(378) Pause Young (Normal) (G1 Evacuation Pause) 401M->97M(512M) 2.333ms
[2022-03-01T14:58:30.803+0100][1097.270s] GC(378) User=0.01s Sys=0.00s Real=0.01s
[2022-03-01T14:58:31.831+0100][1098.298s] GC(379) Pause Young (Normal) (G1 Evacuation Pause)
[2022-03-01T14:58:31.831+0100][1098.298s] GC(379) Using 10 workers of 10 for evacuation
[2022-03-01T14:58:31.833+0100][1098.300s] GC(379)   Pre Evacuate Collection Set: 0.0ms
[2022-03-01T14:58:31.833+0100][1098.300s] GC(379)   Evacuate Collection Set: 1.9ms
[2022-03-01T14:58:31.833+0100][1098.300s] GC(379)   Post Evacuate Collection Set: 0.4ms
[2022-03-01T14:58:31.833+0100][1098.300s] GC(379)   Other: 0.2ms
[2022-03-01T14:58:31.833+0100][1098.300s] GC(379) Eden regions: 303->0(305)
[2022-03-01T14:58:31.833+0100][1098.300s] GC(379) Survivor regions: 4->2(39)
[2022-03-01T14:58:31.833+0100][1098.300s] GC(379) Old regions: 89->90
[2022-03-01T14:58:31.833+0100][1098.300s] GC(379) Humongous regions: 7->7
[2022-03-01T14:58:31.833+0100][1098.300s] GC(379) Metaspace: 67794K->67794K(1112064K)
[2022-03-01T14:58:31.833+0100][1098.300s] GC(379) Pause Young (Normal) (G1 Evacuation Pause) 400M->96M(512M) 2.588ms
[2022-03-01T14:58:31.833+0100][1098.300s] GC(379) User=0.02s Sys=0.00s Real=0.00s
[2022-03-01T14:58:32.845+0100][1099.312s] GC(380) Pause Young (Normal) (G1 Evacuation Pause)
[2022-03-01T14:58:32.845+0100][1099.312s] GC(380) Using 10 workers of 10 for evacuation
[2022-03-01T14:58:32.847+0100][1099.314s] GC(380)   Pre Evacuate Collection Set: 0.0ms
[2022-03-01T14:58:32.847+0100][1099.314s] GC(380)   Evacuate Collection Set: 1.9ms
[2022-03-01T14:58:32.847+0100][1099.314s] GC(380)   Post Evacuate Collection Set: 0.6ms
[2022-03-01T14:58:32.848+0100][1099.314s] GC(380)   Other: 0.2ms
[2022-03-01T14:58:32.848+0100][1099.314s] GC(380) Eden regions: 305->0(305)
[2022-03-01T14:58:32.848+0100][1099.314s] GC(380) Survivor regions: 2->2(39)
[2022-03-01T14:58:32.848+0100][1099.314s] GC(380) Old regions: 90->90
[2022-03-01T14:58:32.848+0100][1099.314s] GC(380) Humongous regions: 7->7
[2022-03-01T14:58:32.848+0100][1099.314s] GC(380) Metaspace: 67794K->67794K(1112064K)
[2022-03-01T14:58:32.848+0100][1099.314s] GC(380) Pause Young (Normal) (G1 Evacuation Pause) 401M->96M(512M) 2.793ms
[2022-03-01T14:58:32.848+0100][1099.314s] GC(380) User=0.01s Sys=0.01s Real=0.00s
[2022-03-01T14:58:33.941+0100][1100.407s] GC(381) Pause Young (Normal) (G1 Evacuation Pause)
[2022-03-01T14:58:33.941+0100][1100.407s] GC(381) Using 10 workers of 10 for evacuation
[2022-03-01T14:58:33.942+0100][1100.409s] GC(381)   Pre Evacuate Collection Set: 0.0ms
[2022-03-01T14:58:33.942+0100][1100.409s] GC(381)   Evacuate Collection Set: 1.0ms
[2022-03-01T14:58:33.942+0100][1100.409s] GC(381)   Post Evacuate Collection Set: 0.4ms
[2022-03-01T14:58:33.942+0100][1100.409s] GC(381)   Other: 0.1ms
[2022-03-01T14:58:33.942+0100][1100.409s] GC(381) Eden regions: 305->0(305)
[2022-03-01T14:58:33.942+0100][1100.409s] GC(381) Survivor regions: 2->2(39)
[2022-03-01T14:58:33.942+0100][1100.409s] GC(381) Old regions: 90->90
[2022-03-01T14:58:33.942+0100][1100.409s] GC(381) Humongous regions: 7->7
[2022-03-01T14:58:33.942+0100][1100.409s] GC(381) Metaspace: 67794K->67794K(1112064K)
[2022-03-01T14:58:33.942+0100][1100.409s] GC(381) Pause Young (Normal) (G1 Evacuation Pause) 401M->96M(512M) 1.594ms
[2022-03-01T14:58:33.942+0100][1100.409s] GC(381) User=0.00s Sys=0.01s Real=0.01s
[2022-03-01T14:58:35.302+0100][1101.769s] GC(382) Pause Young (Normal) (G1 Evacuation Pause)
[2022-03-01T14:58:35.302+0100][1101.769s] GC(382) Using 10 workers of 10 for evacuation
[2022-03-01T14:58:35.307+0100][1101.774s] GC(382)   Pre Evacuate Collection Set: 0.0ms
[2022-03-01T14:58:35.307+0100][1101.774s] GC(382)   Evacuate Collection Set: 3.3ms
[2022-03-01T14:58:35.307+0100][1101.774s] GC(382)   Post Evacuate Collection Set: 1.0ms
[2022-03-01T14:58:35.307+0100][1101.774s] GC(382)   Other: 0.4ms
[2022-03-01T14:58:35.307+0100][1101.774s] GC(382) Eden regions: 305->0(305)
[2022-03-01T14:58:35.307+0100][1101.774s] GC(382) Survivor regions: 2->2(39)
[2022-03-01T14:58:35.307+0100][1101.774s] GC(382) Old regions: 90->90
[2022-03-01T14:58:35.307+0100][1101.774s] GC(382) Humongous regions: 7->7
[2022-03-01T14:58:35.307+0100][1101.774s] GC(382) Metaspace: 67794K->67794K(1112064K)
[2022-03-01T14:58:35.307+0100][1101.774s] GC(382) Pause Young (Normal) (G1 Evacuation Pause) 401M->96M(512M) 4.852ms
[2022-03-01T14:58:35.307+0100][1101.774s] GC(382) User=0.04s Sys=0.00s Real=0.00s
[2022-03-01T14:58:36.923+0100][1103.390s] GC(383) Pause Young (Normal) (G1 Evacuation Pause)
[2022-03-01T14:58:36.923+0100][1103.390s] GC(383) Using 10 workers of 10 for evacuation
[2022-03-01T14:58:36.925+0100][1103.391s] GC(383)   Pre Evacuate Collection Set: 0.0ms
[2022-03-01T14:58:36.925+0100][1103.391s] GC(383)   Evacuate Collection Set: 1.1ms
[2022-03-01T14:58:36.925+0100][1103.391s] GC(383)   Post Evacuate Collection Set: 0.4ms
[2022-03-01T14:58:36.925+0100][1103.391s] GC(383)   Other: 0.1ms
[2022-03-01T14:58:36.925+0100][1103.391s] GC(383) Eden regions: 305->0(305)
[2022-03-01T14:58:36.925+0100][1103.391s] GC(383) Survivor regions: 2->2(39)
[2022-03-01T14:58:36.925+0100][1103.391s] GC(383) Old regions: 90->90
[2022-03-01T14:58:36.925+0100][1103.391s] GC(383) Humongous regions: 7->7
[2022-03-01T14:58:36.925+0100][1103.391s] GC(383) Metaspace: 67794K->67794K(1112064K)
[2022-03-01T14:58:36.925+0100][1103.392s] GC(383) Pause Young (Normal) (G1 Evacuation Pause) 401M->96M(512M) 1.670ms
[2022-03-01T14:58:36.925+0100][1103.392s] GC(383) User=0.01s Sys=0.01s Real=0.00s
[2022-03-01T14:58:37.933+0100][1104.400s] GC(384) Pause Young (Normal) (G1 Evacuation Pause)
[2022-03-01T14:58:37.933+0100][1104.400s] GC(384) Using 10 workers of 10 for evacuation
[2022-03-01T14:58:37.935+0100][1104.402s] GC(384)   Pre Evacuate Collection Set: 0.0ms
[2022-03-01T14:58:37.935+0100][1104.402s] GC(384)   Evacuate Collection Set: 1.4ms
[2022-03-01T14:58:37.935+0100][1104.402s] GC(384)   Post Evacuate Collection Set: 0.5ms
[2022-03-01T14:58:37.935+0100][1104.402s] GC(384)   Other: 0.1ms
[2022-03-01T14:58:37.935+0100][1104.402s] GC(384) Eden regions: 305->0(304)
[2022-03-01T14:58:37.935+0100][1104.402s] GC(384) Survivor regions: 2->3(39)
[2022-03-01T14:58:37.935+0100][1104.402s] GC(384) Old regions: 90->90
[2022-03-01T14:58:37.935+0100][1104.402s] GC(384) Humongous regions: 7->7
[2022-03-01T14:58:37.935+0100][1104.402s] GC(384) Metaspace: 67794K->67794K(1112064K)
[2022-03-01T14:58:37.935+0100][1104.402s] GC(384) Pause Young (Normal) (G1 Evacuation Pause) 401M->97M(512M) 2.059ms
[2022-03-01T14:58:37.935+0100][1104.402s] GC(384) User=0.01s Sys=0.01s Real=0.00s
[2022-03-01T14:58:38.840+0100][1105.307s] GC(385) Pause Young (Normal) (G1 Evacuation Pause)
[2022-03-01T14:58:38.840+0100][1105.307s] GC(385) Using 10 workers of 10 for evacuation
[2022-03-01T14:58:38.842+0100][1105.309s] GC(385)   Pre Evacuate Collection Set: 0.0ms
[2022-03-01T14:58:38.842+0100][1105.309s] GC(385)   Evacuate Collection Set: 1.1ms
[2022-03-01T14:58:38.842+0100][1105.309s] GC(385)   Post Evacuate Collection Set: 0.6ms
[2022-03-01T14:58:38.842+0100][1105.309s] GC(385)   Other: 0.2ms
[2022-03-01T14:58:38.842+0100][1105.309s] GC(385) Eden regions: 304->0(305)
[2022-03-01T14:58:38.842+0100][1105.309s] GC(385) Survivor regions: 3->2(39)
[2022-03-01T14:58:38.842+0100][1105.309s] GC(385) Old regions: 90->90
[2022-03-01T14:58:38.842+0100][1105.309s] GC(385) Humongous regions: 7->7
[2022-03-01T14:58:38.842+0100][1105.309s] GC(385) Metaspace: 67794K->67794K(1112064K)
[2022-03-01T14:58:38.842+0100][1105.309s] GC(385) Pause Young (Normal) (G1 Evacuation Pause) 401M->96M(512M) 1.879ms
[2022-03-01T14:58:38.842+0100][1105.309s] GC(385) User=0.01s Sys=0.00s Real=0.01s
[2022-03-01T14:58:39.826+0100][1106.293s] GC(386) Pause Young (Normal) (G1 Evacuation Pause)
[2022-03-01T14:58:39.826+0100][1106.293s] GC(386) Using 10 workers of 10 for evacuation
[2022-03-01T14:58:39.828+0100][1106.294s] GC(386)   Pre Evacuate Collection Set: 0.0ms
[2022-03-01T14:58:39.828+0100][1106.294s] GC(386)   Evacuate Collection Set: 1.0ms
[2022-03-01T14:58:39.828+0100][1106.294s] GC(386)   Post Evacuate Collection Set: 0.6ms
[2022-03-01T14:58:39.828+0100][1106.294s] GC(386)   Other: 0.1ms
[2022-03-01T14:58:39.828+0100][1106.294s] GC(386) Eden regions: 305->0(305)
[2022-03-01T14:58:39.828+0100][1106.294s] GC(386) Survivor regions: 2->2(39)
[2022-03-01T14:58:39.828+0100][1106.294s] GC(386) Old regions: 90->90
[2022-03-01T14:58:39.828+0100][1106.294s] GC(386) Humongous regions: 7->7
[2022-03-01T14:58:39.828+0100][1106.294s] GC(386) Metaspace: 67794K->67794K(1112064K)
[2022-03-01T14:58:39.828+0100][1106.294s] GC(386) Pause Young (Normal) (G1 Evacuation Pause) 401M->96M(512M) 1.765ms
[2022-03-01T14:58:39.828+0100][1106.294s] GC(386) User=0.01s Sys=0.00s Real=0.00s
[2022-03-01T14:58:40.829+0100][1107.296s] GC(387) Pause Young (Normal) (G1 Evacuation Pause)
[2022-03-01T14:58:40.830+0100][1107.296s] GC(387) Using 10 workers of 10 for evacuation
[2022-03-01T14:58:40.831+0100][1107.298s] GC(387)   Pre Evacuate Collection Set: 0.0ms
[2022-03-01T14:58:40.831+0100][1107.298s] GC(387)   Evacuate Collection Set: 1.1ms
[2022-03-01T14:58:40.831+0100][1107.298s] GC(387)   Post Evacuate Collection Set: 0.4ms
[2022-03-01T14:58:40.831+0100][1107.298s] GC(387)   Other: 0.2ms
[2022-03-01T14:58:40.831+0100][1107.298s] GC(387) Eden regions: 305->0(305)
[2022-03-01T14:58:40.831+0100][1107.298s] GC(387) Survivor regions: 2->2(39)
[2022-03-01T14:58:40.831+0100][1107.298s] GC(387) Old regions: 90->90
[2022-03-01T14:58:40.831+0100][1107.298s] GC(387) Humongous regions: 7->7
[2022-03-01T14:58:40.831+0100][1107.298s] GC(387) Metaspace: 67794K->67794K(1112064K)
[2022-03-01T14:58:40.831+0100][1107.298s] GC(387) Pause Young (Normal) (G1 Evacuation Pause) 401M->96M(512M) 1.687ms
[2022-03-01T14:58:40.831+0100][1107.298s] GC(387) User=0.01s Sys=0.01s Real=0.00s
[2022-03-01T14:58:41.858+0100][1108.324s] GC(388) Pause Young (Normal) (G1 Evacuation Pause)
[2022-03-01T14:58:41.858+0100][1108.324s] GC(388) Using 10 workers of 10 for evacuation
[2022-03-01T14:58:41.859+0100][1108.326s] GC(388)   Pre Evacuate Collection Set: 0.0ms
[2022-03-01T14:58:41.859+0100][1108.326s] GC(388)   Evacuate Collection Set: 0.9ms
[2022-03-01T14:58:41.859+0100][1108.326s] GC(388)   Post Evacuate Collection Set: 0.4ms
[2022-03-01T14:58:41.859+0100][1108.326s] GC(388)   Other: 0.1ms
[2022-03-01T14:58:41.859+0100][1108.326s] GC(388) Eden regions: 305->0(305)
[2022-03-01T14:58:41.859+0100][1108.326s] GC(388) Survivor regions: 2->2(39)
[2022-03-01T14:58:41.859+0100][1108.326s] GC(388) Old regions: 90->90
[2022-03-01T14:58:41.859+0100][1108.326s] GC(388) Humongous regions: 7->7
[2022-03-01T14:58:41.859+0100][1108.326s] GC(388) Metaspace: 67794K->67794K(1112064K)
[2022-03-01T14:58:41.859+0100][1108.326s] GC(388) Pause Young (Normal) (G1 Evacuation Pause) 401M->96M(512M) 1.481ms
[2022-03-01T14:58:41.859+0100][1108.326s] GC(388) User=0.01s Sys=0.00s Real=0.00s
[2022-03-01T14:58:42.861+0100][1109.328s] GC(389) Pause Young (Normal) (G1 Evacuation Pause)
[2022-03-01T14:58:42.861+0100][1109.328s] GC(389) Using 10 workers of 10 for evacuation
[2022-03-01T14:58:42.863+0100][1109.330s] GC(389)   Pre Evacuate Collection Set: 0.0ms
[2022-03-01T14:58:42.863+0100][1109.330s] GC(389)   Evacuate Collection Set: 1.2ms
[2022-03-01T14:58:42.863+0100][1109.330s] GC(389)   Post Evacuate Collection Set: 0.5ms
[2022-03-01T14:58:42.863+0100][1109.330s] GC(389)   Other: 0.1ms
[2022-03-01T14:58:42.863+0100][1109.330s] GC(389) Eden regions: 305->0(305)
[2022-03-01T14:58:42.863+0100][1109.330s] GC(389) Survivor regions: 2->2(39)
[2022-03-01T14:58:42.863+0100][1109.330s] GC(389) Old regions: 90->90
[2022-03-01T14:58:42.863+0100][1109.330s] GC(389) Humongous regions: 7->7
[2022-03-01T14:58:42.863+0100][1109.330s] GC(389) Metaspace: 67794K->67794K(1112064K)
[2022-03-01T14:58:42.863+0100][1109.330s] GC(389) Pause Young (Normal) (G1 Evacuation Pause) 401M->96M(512M) 1.898ms
[2022-03-01T14:58:42.863+0100][1109.330s] GC(389) User=0.01s Sys=0.00s Real=0.00s
[2022-03-01T14:58:43.831+0100][1110.298s] GC(390) Pause Young (Normal) (G1 Evacuation Pause)
[2022-03-01T14:58:43.831+0100][1110.298s] GC(390) Using 10 workers of 10 for evacuation
[2022-03-01T14:58:43.833+0100][1110.299s] GC(390)   Pre Evacuate Collection Set: 0.0ms
[2022-03-01T14:58:43.833+0100][1110.299s] GC(390)   Evacuate Collection Set: 1.2ms
[2022-03-01T14:58:43.833+0100][1110.299s] GC(390)   Post Evacuate Collection Set: 0.4ms
[2022-03-01T14:58:43.833+0100][1110.299s] GC(390)   Other: 0.1ms
[2022-03-01T14:58:43.833+0100][1110.299s] GC(390) Eden regions: 305->0(304)
[2022-03-01T14:58:43.833+0100][1110.299s] GC(390) Survivor regions: 2->3(39)
[2022-03-01T14:58:43.833+0100][1110.299s] GC(390) Old regions: 90->90
[2022-03-01T14:58:43.833+0100][1110.299s] GC(390) Humongous regions: 7->7
[2022-03-01T14:58:43.833+0100][1110.299s] GC(390) Metaspace: 67794K->67794K(1112064K)
[2022-03-01T14:58:43.833+0100][1110.300s] GC(390) Pause Young (Normal) (G1 Evacuation Pause) 401M->97M(512M) 1.776ms
[2022-03-01T14:58:43.833+0100][1110.300s] GC(390) User=0.01s Sys=0.01s Real=0.00s
[2022-03-01T14:58:44.834+0100][1111.301s] GC(391) Pause Young (Normal) (G1 Evacuation Pause)
[2022-03-01T14:58:44.834+0100][1111.301s] GC(391) Using 10 workers of 10 for evacuation
[2022-03-01T14:58:44.836+0100][1111.303s] GC(391)   Pre Evacuate Collection Set: 0.0ms
[2022-03-01T14:58:44.836+0100][1111.303s] GC(391)   Evacuate Collection Set: 1.0ms
[2022-03-01T14:58:44.836+0100][1111.303s] GC(391)   Post Evacuate Collection Set: 0.6ms
[2022-03-01T14:58:44.836+0100][1111.303s] GC(391)   Other: 0.1ms
[2022-03-01T14:58:44.836+0100][1111.303s] GC(391) Eden regions: 304->0(305)
[2022-03-01T14:58:44.836+0100][1111.303s] GC(391) Survivor regions: 3->2(39)
[2022-03-01T14:58:44.836+0100][1111.303s] GC(391) Old regions: 90->90
[2022-03-01T14:58:44.836+0100][1111.303s] GC(391) Humongous regions: 7->7
[2022-03-01T14:58:44.836+0100][1111.303s] GC(391) Metaspace: 67794K->67794K(1112064K)
[2022-03-01T14:58:44.836+0100][1111.303s] GC(391) Pause Young (Normal) (G1 Evacuation Pause) 401M->96M(512M) 1.742ms
[2022-03-01T14:58:44.836+0100][1111.303s] GC(391) User=0.01s Sys=0.01s Real=0.00s
[2022-03-01T14:58:45.766+0100][1112.233s] GC(392) Pause Young (Normal) (G1 Evacuation Pause)
[2022-03-01T14:58:45.766+0100][1112.233s] GC(392) Using 10 workers of 10 for evacuation
[2022-03-01T14:58:45.768+0100][1112.235s] GC(392)   Pre Evacuate Collection Set: 0.0ms
[2022-03-01T14:58:45.768+0100][1112.235s] GC(392)   Evacuate Collection Set: 1.0ms
[2022-03-01T14:58:45.768+0100][1112.235s] GC(392)   Post Evacuate Collection Set: 0.4ms
[2022-03-01T14:58:45.768+0100][1112.235s] GC(392)   Other: 0.1ms
[2022-03-01T14:58:45.768+0100][1112.235s] GC(392) Eden regions: 305->0(305)
[2022-03-01T14:58:45.768+0100][1112.235s] GC(392) Survivor regions: 2->2(39)
[2022-03-01T14:58:45.768+0100][1112.235s] GC(392) Old regions: 90->90
[2022-03-01T14:58:45.768+0100][1112.235s] GC(392) Humongous regions: 7->7
[2022-03-01T14:58:45.768+0100][1112.235s] GC(392) Metaspace: 67794K->67794K(1112064K)
[2022-03-01T14:58:45.768+0100][1112.235s] GC(392) Pause Young (Normal) (G1 Evacuation Pause) 401M->96M(512M) 1.676ms
[2022-03-01T14:58:45.768+0100][1112.235s] GC(392) User=0.01s Sys=0.00s Real=0.00s
[2022-03-01T14:58:46.695+0100][1113.162s] GC(393) Pause Young (Normal) (G1 Evacuation Pause)
[2022-03-01T14:58:46.695+0100][1113.162s] GC(393) Using 10 workers of 10 for evacuation
[2022-03-01T14:58:46.696+0100][1113.163s] GC(393)   Pre Evacuate Collection Set: 0.0ms
[2022-03-01T14:58:46.697+0100][1113.163s] GC(393)   Evacuate Collection Set: 0.9ms
[2022-03-01T14:58:46.697+0100][1113.163s] GC(393)   Post Evacuate Collection Set: 0.3ms
[2022-03-01T14:58:46.697+0100][1113.163s] GC(393)   Other: 0.1ms
[2022-03-01T14:58:46.697+0100][1113.163s] GC(393) Eden regions: 305->0(305)
[2022-03-01T14:58:46.697+0100][1113.163s] GC(393) Survivor regions: 2->2(39)
[2022-03-01T14:58:46.697+0100][1113.163s] GC(393) Old regions: 90->90
[2022-03-01T14:58:46.697+0100][1113.163s] GC(393) Humongous regions: 7->7
[2022-03-01T14:58:46.697+0100][1113.163s] GC(393) Metaspace: 67794K->67794K(1112064K)
[2022-03-01T14:58:46.697+0100][1113.163s] GC(393) Pause Young (Normal) (G1 Evacuation Pause) 401M->96M(512M) 1.378ms
[2022-03-01T14:58:46.697+0100][1113.163s] GC(393) User=0.01s Sys=0.01s Real=0.00s
[2022-03-01T14:58:47.707+0100][1114.174s] GC(394) Pause Young (Normal) (G1 Evacuation Pause)
[2022-03-01T14:58:47.707+0100][1114.174s] GC(394) Using 10 workers of 10 for evacuation
[2022-03-01T14:58:47.709+0100][1114.176s] GC(394)   Pre Evacuate Collection Set: 0.0ms
[2022-03-01T14:58:47.709+0100][1114.176s] GC(394)   Evacuate Collection Set: 1.0ms
[2022-03-01T14:58:47.709+0100][1114.176s] GC(394)   Post Evacuate Collection Set: 0.4ms
[2022-03-01T14:58:47.709+0100][1114.176s] GC(394)   Other: 0.2ms
[2022-03-01T14:58:47.709+0100][1114.176s] GC(394) Eden regions: 305->0(305)
[2022-03-01T14:58:47.709+0100][1114.176s] GC(394) Survivor regions: 2->2(39)
[2022-03-01T14:58:47.709+0100][1114.176s] GC(394) Old regions: 90->90
[2022-03-01T14:58:47.709+0100][1114.176s] GC(394) Humongous regions: 7->7
[2022-03-01T14:58:47.709+0100][1114.176s] GC(394) Metaspace: 67794K->67794K(1112064K)
[2022-03-01T14:58:47.709+0100][1114.176s] GC(394) Pause Young (Normal) (G1 Evacuation Pause) 401M->96M(512M) 1.662ms
[2022-03-01T14:58:47.709+0100][1114.176s] GC(394) User=0.01s Sys=0.00s Real=0.01s
[2022-03-01T14:58:48.678+0100][1115.145s] GC(395) Pause Young (Normal) (G1 Evacuation Pause)
[2022-03-01T14:58:48.678+0100][1115.145s] GC(395) Using 10 workers of 10 for evacuation
[2022-03-01T14:58:48.683+0100][1115.150s] GC(395)   Pre Evacuate Collection Set: 0.0ms
[2022-03-01T14:58:48.683+0100][1115.150s] GC(395)   Evacuate Collection Set: 3.2ms
[2022-03-01T14:58:48.683+0100][1115.150s] GC(395)   Post Evacuate Collection Set: 1.0ms
[2022-03-01T14:58:48.683+0100][1115.150s] GC(395)   Other: 0.3ms
[2022-03-01T14:58:48.683+0100][1115.150s] GC(395) Eden regions: 305->0(305)
[2022-03-01T14:58:48.683+0100][1115.150s] GC(395) Survivor regions: 2->2(39)
[2022-03-01T14:58:48.683+0100][1115.150s] GC(395) Old regions: 90->90
[2022-03-01T14:58:48.683+0100][1115.150s] GC(395) Humongous regions: 7->7
[2022-03-01T14:58:48.683+0100][1115.150s] GC(395) Metaspace: 67794K->67794K(1112064K)
[2022-03-01T14:58:48.683+0100][1115.150s] GC(395) Pause Young (Normal) (G1 Evacuation Pause) 401M->96M(512M) 4.733ms
[2022-03-01T14:58:48.683+0100][1115.150s] GC(395) User=0.03s Sys=0.00s Real=0.01s
[2022-03-01T14:58:49.913+0100][1116.380s] GC(396) Pause Young (Normal) (G1 Evacuation Pause)
[2022-03-01T14:58:49.913+0100][1116.380s] GC(396) Using 10 workers of 10 for evacuation
[2022-03-01T14:58:49.916+0100][1116.382s] GC(396)   Pre Evacuate Collection Set: 0.0ms
[2022-03-01T14:58:49.916+0100][1116.382s] GC(396)   Evacuate Collection Set: 1.6ms
[2022-03-01T14:58:49.916+0100][1116.382s] GC(396)   Post Evacuate Collection Set: 0.5ms
[2022-03-01T14:58:49.916+0100][1116.382s] GC(396)   Other: 0.1ms
[2022-03-01T14:58:49.916+0100][1116.382s] GC(396) Eden regions: 305->0(303)
[2022-03-01T14:58:49.916+0100][1116.382s] GC(396) Survivor regions: 2->4(39)
[2022-03-01T14:58:49.916+0100][1116.382s] GC(396) Old regions: 90->90
[2022-03-01T14:58:49.916+0100][1116.382s] GC(396) Humongous regions: 7->7
[2022-03-01T14:58:49.916+0100][1116.382s] GC(396) Metaspace: 67794K->67794K(1112064K)
[2022-03-01T14:58:49.916+0100][1116.382s] GC(396) Pause Young (Normal) (G1 Evacuation Pause) 401M->98M(512M) 2.255ms
[2022-03-01T14:58:49.916+0100][1116.382s] GC(396) User=0.01s Sys=0.01s Real=0.00s
[2022-03-01T14:58:50.901+0100][1117.368s] GC(397) Pause Young (Normal) (G1 Evacuation Pause)
[2022-03-01T14:58:50.901+0100][1117.368s] GC(397) Using 10 workers of 10 for evacuation
[2022-03-01T14:58:50.903+0100][1117.369s] GC(397)   Pre Evacuate Collection Set: 0.0ms
[2022-03-01T14:58:50.903+0100][1117.369s] GC(397)   Evacuate Collection Set: 0.9ms
[2022-03-01T14:58:50.903+0100][1117.369s] GC(397)   Post Evacuate Collection Set: 0.4ms
[2022-03-01T14:58:50.903+0100][1117.369s] GC(397)   Other: 0.1ms
[2022-03-01T14:58:50.903+0100][1117.369s] GC(397) Eden regions: 303->0(305)
[2022-03-01T14:58:50.903+0100][1117.369s] GC(397) Survivor regions: 4->2(39)
[2022-03-01T14:58:50.903+0100][1117.369s] GC(397) Old regions: 90->90
[2022-03-01T14:58:50.903+0100][1117.369s] GC(397) Humongous regions: 7->7
[2022-03-01T14:58:50.903+0100][1117.369s] GC(397) Metaspace: 67794K->67794K(1112064K)
[2022-03-01T14:58:50.903+0100][1117.369s] GC(397) Pause Young (Normal) (G1 Evacuation Pause) 401M->96M(512M) 1.549ms
[2022-03-01T14:58:50.903+0100][1117.369s] GC(397) User=0.01s Sys=0.00s Real=0.00s
[2022-03-01T14:58:52.029+0100][1118.496s] GC(398) Pause Young (Normal) (G1 Evacuation Pause)
[2022-03-01T14:58:52.029+0100][1118.496s] GC(398) Using 10 workers of 10 for evacuation
[2022-03-01T14:58:52.031+0100][1118.497s] GC(398)   Pre Evacuate Collection Set: 0.0ms
[2022-03-01T14:58:52.031+0100][1118.497s] GC(398)   Evacuate Collection Set: 1.0ms
[2022-03-01T14:58:52.031+0100][1118.497s] GC(398)   Post Evacuate Collection Set: 0.4ms
[2022-03-01T14:58:52.031+0100][1118.498s] GC(398)   Other: 0.1ms
[2022-03-01T14:58:52.031+0100][1118.498s] GC(398) Eden regions: 305->0(305)
[2022-03-01T14:58:52.031+0100][1118.498s] GC(398) Survivor regions: 2->2(39)
[2022-03-01T14:58:52.031+0100][1118.498s] GC(398) Old regions: 90->90
[2022-03-01T14:58:52.031+0100][1118.498s] GC(398) Humongous regions: 7->7
[2022-03-01T14:58:52.031+0100][1118.498s] GC(398) Metaspace: 67794K->67794K(1112064K)
[2022-03-01T14:58:52.031+0100][1118.498s] GC(398) Pause Young (Normal) (G1 Evacuation Pause) 401M->96M(512M) 1.627ms
[2022-03-01T14:58:52.031+0100][1118.498s] GC(398) User=0.01s Sys=0.00s Real=0.00s
[2022-03-01T14:58:53.040+0100][1119.506s] GC(399) Pause Young (Normal) (G1 Evacuation Pause)
[2022-03-01T14:58:53.040+0100][1119.506s] GC(399) Using 10 workers of 10 for evacuation
[2022-03-01T14:58:53.041+0100][1119.508s] GC(399)   Pre Evacuate Collection Set: 0.0ms
[2022-03-01T14:58:53.041+0100][1119.508s] GC(399)   Evacuate Collection Set: 1.0ms
[2022-03-01T14:58:53.041+0100][1119.508s] GC(399)   Post Evacuate Collection Set: 0.5ms
[2022-03-01T14:58:53.041+0100][1119.508s] GC(399)   Other: 0.2ms
[2022-03-01T14:58:53.041+0100][1119.508s] GC(399) Eden regions: 305->0(305)
[2022-03-01T14:58:53.041+0100][1119.508s] GC(399) Survivor regions: 2->2(39)
[2022-03-01T14:58:53.041+0100][1119.508s] GC(399) Old regions: 90->90
[2022-03-01T14:58:53.041+0100][1119.508s] GC(399) Humongous regions: 7->7
[2022-03-01T14:58:53.041+0100][1119.508s] GC(399) Metaspace: 67794K->67794K(1112064K)
[2022-03-01T14:58:53.041+0100][1119.508s] GC(399) Pause Young (Normal) (G1 Evacuation Pause) 401M->96M(512M) 1.738ms
[2022-03-01T14:58:53.041+0100][1119.508s] GC(399) User=0.02s Sys=0.00s Real=0.01s
[2022-03-01T14:58:54.903+0100][1121.369s] GC(400) Pause Young (Normal) (G1 Evacuation Pause)
[2022-03-01T14:58:54.903+0100][1121.369s] GC(400) Using 10 workers of 10 for evacuation
[2022-03-01T14:58:54.904+0100][1121.371s] GC(400)   Pre Evacuate Collection Set: 0.0ms
[2022-03-01T14:58:54.904+0100][1121.371s] GC(400)   Evacuate Collection Set: 1.0ms
[2022-03-01T14:58:54.904+0100][1121.371s] GC(400)   Post Evacuate Collection Set: 0.4ms
[2022-03-01T14:58:54.904+0100][1121.371s] GC(400)   Other: 0.1ms
[2022-03-01T14:58:54.904+0100][1121.371s] GC(400) Eden regions: 305->0(305)
[2022-03-01T14:58:54.904+0100][1121.371s] GC(400) Survivor regions: 2->2(39)
[2022-03-01T14:58:54.904+0100][1121.371s] GC(400) Old regions: 90->90
[2022-03-01T14:58:54.904+0100][1121.371s] GC(400) Humongous regions: 7->7
[2022-03-01T14:58:54.904+0100][1121.371s] GC(400) Metaspace: 67794K->67794K(1112064K)
[2022-03-01T14:58:54.904+0100][1121.371s] GC(400) Pause Young (Normal) (G1 Evacuation Pause) 401M->96M(512M) 1.634ms
[2022-03-01T14:58:54.904+0100][1121.371s] GC(400) User=0.00s Sys=0.01s Real=0.00s
[2022-03-01T14:58:55.854+0100][1122.321s] GC(401) Pause Young (Normal) (G1 Evacuation Pause)
[2022-03-01T14:58:55.854+0100][1122.321s] GC(401) Using 10 workers of 10 for evacuation
[2022-03-01T14:58:55.856+0100][1122.323s] GC(401)   Pre Evacuate Collection Set: 0.0ms
[2022-03-01T14:58:55.859+0100][1122.326s] GC(401)   Evacuate Collection Set: 1.0ms
[2022-03-01T14:58:55.859+0100][1122.326s] GC(401)   Post Evacuate Collection Set: 0.6ms
[2022-03-01T14:58:55.859+0100][1122.326s] GC(401)   Other: 0.2ms
[2022-03-01T14:58:55.859+0100][1122.326s] GC(401) Eden regions: 305->0(305)
[2022-03-01T14:58:55.859+0100][1122.326s] GC(401) Survivor regions: 2->2(39)
[2022-03-01T14:58:55.859+0100][1122.326s] GC(401) Old regions: 90->90
[2022-03-01T14:58:55.859+0100][1122.326s] GC(401) Humongous regions: 7->7
[2022-03-01T14:58:55.859+0100][1122.326s] GC(401) Metaspace: 67794K->67794K(1112064K)
[2022-03-01T14:58:55.859+0100][1122.326s] GC(401) Pause Young (Normal) (G1 Evacuation Pause) 401M->96M(512M) 4.961ms
[2022-03-01T14:58:55.859+0100][1122.326s] GC(401) User=0.01s Sys=0.01s Real=0.00s
[2022-03-01T14:58:56.774+0100][1123.241s] GC(402) Pause Young (Normal) (G1 Evacuation Pause)
[2022-03-01T14:58:56.774+0100][1123.241s] GC(402) Using 10 workers of 10 for evacuation
[2022-03-01T14:58:56.776+0100][1123.243s] GC(402)   Pre Evacuate Collection Set: 0.0ms
[2022-03-01T14:58:56.776+0100][1123.243s] GC(402)   Evacuate Collection Set: 1.1ms
[2022-03-01T14:58:56.776+0100][1123.243s] GC(402)   Post Evacuate Collection Set: 0.4ms
[2022-03-01T14:58:56.776+0100][1123.243s] GC(402)   Other: 0.1ms
[2022-03-01T14:58:56.776+0100][1123.243s] GC(402) Eden regions: 305->0(305)
[2022-03-01T14:58:56.776+0100][1123.243s] GC(402) Survivor regions: 2->2(39)
[2022-03-01T14:58:56.776+0100][1123.243s] GC(402) Old regions: 90->90
[2022-03-01T14:58:56.776+0100][1123.243s] GC(402) Humongous regions: 7->7
[2022-03-01T14:58:56.776+0100][1123.243s] GC(402) Metaspace: 67794K->67794K(1112064K)
[2022-03-01T14:58:56.776+0100][1123.243s] GC(402) Pause Young (Normal) (G1 Evacuation Pause) 401M->96M(512M) 1.764ms
[2022-03-01T14:58:56.776+0100][1123.243s] GC(402) User=0.01s Sys=0.01s Real=0.00s
[2022-03-01T14:58:57.802+0100][1124.269s] GC(403) Pause Young (Normal) (G1 Evacuation Pause)
[2022-03-01T14:58:57.802+0100][1124.269s] GC(403) Using 10 workers of 10 for evacuation
[2022-03-01T14:58:57.803+0100][1124.270s] GC(403)   Pre Evacuate Collection Set: 0.0ms
[2022-03-01T14:58:57.804+0100][1124.270s] GC(403)   Evacuate Collection Set: 1.0ms
[2022-03-01T14:58:57.804+0100][1124.270s] GC(403)   Post Evacuate Collection Set: 0.4ms
[2022-03-01T14:58:57.804+0100][1124.270s] GC(403)   Other: 0.1ms
[2022-03-01T14:58:57.804+0100][1124.270s] GC(403) Eden regions: 305->0(305)
[2022-03-01T14:58:57.804+0100][1124.270s] GC(403) Survivor regions: 2->2(39)
[2022-03-01T14:58:57.804+0100][1124.270s] GC(403) Old regions: 90->90
[2022-03-01T14:58:57.804+0100][1124.270s] GC(403) Humongous regions: 7->7
[2022-03-01T14:58:57.804+0100][1124.270s] GC(403) Metaspace: 67794K->67794K(1112064K)
[2022-03-01T14:58:57.804+0100][1124.270s] GC(403) Pause Young (Normal) (G1 Evacuation Pause) 401M->96M(512M) 1.661ms
[2022-03-01T14:58:57.804+0100][1124.270s] GC(403) User=0.01s Sys=0.00s Real=0.00s
[2022-03-01T14:58:58.764+0100][1125.230s] GC(404) Pause Young (Normal) (G1 Evacuation Pause)
[2022-03-01T14:58:58.764+0100][1125.230s] GC(404) Using 10 workers of 10 for evacuation
[2022-03-01T14:58:58.765+0100][1125.232s] GC(404)   Pre Evacuate Collection Set: 0.0ms
[2022-03-01T14:58:58.765+0100][1125.232s] GC(404)   Evacuate Collection Set: 1.0ms
[2022-03-01T14:58:58.765+0100][1125.232s] GC(404)   Post Evacuate Collection Set: 0.4ms
[2022-03-01T14:58:58.765+0100][1125.232s] GC(404)   Other: 0.1ms
[2022-03-01T14:58:58.765+0100][1125.232s] GC(404) Eden regions: 305->0(305)
[2022-03-01T14:58:58.765+0100][1125.232s] GC(404) Survivor regions: 2->2(39)
[2022-03-01T14:58:58.765+0100][1125.232s] GC(404) Old regions: 90->90
[2022-03-01T14:58:58.765+0100][1125.232s] GC(404) Humongous regions: 7->7
[2022-03-01T14:58:58.765+0100][1125.232s] GC(404) Metaspace: 67794K->67794K(1112064K)
[2022-03-01T14:58:58.765+0100][1125.232s] GC(404) Pause Young (Normal) (G1 Evacuation Pause) 401M->96M(512M) 1.583ms
[2022-03-01T14:58:58.765+0100][1125.232s] GC(404) User=0.01s Sys=0.00s Real=0.00s
[2022-03-01T14:58:59.748+0100][1126.215s] GC(405) Pause Young (Normal) (G1 Evacuation Pause)
[2022-03-01T14:58:59.748+0100][1126.215s] GC(405) Using 10 workers of 10 for evacuation
[2022-03-01T14:58:59.750+0100][1126.217s] GC(405)   Pre Evacuate Collection Set: 0.0ms
[2022-03-01T14:58:59.750+0100][1126.217s] GC(405)   Evacuate Collection Set: 1.0ms
[2022-03-01T14:58:59.750+0100][1126.217s] GC(405)   Post Evacuate Collection Set: 0.4ms
[2022-03-01T14:58:59.750+0100][1126.217s] GC(405)   Other: 0.2ms
[2022-03-01T14:58:59.750+0100][1126.217s] GC(405) Eden regions: 305->0(305)
[2022-03-01T14:58:59.750+0100][1126.217s] GC(405) Survivor regions: 2->2(39)
[2022-03-01T14:58:59.750+0100][1126.217s] GC(405) Old regions: 90->90
[2022-03-01T14:58:59.750+0100][1126.217s] GC(405) Humongous regions: 7->7
[2022-03-01T14:58:59.750+0100][1126.217s] GC(405) Metaspace: 67794K->67794K(1112064K)
[2022-03-01T14:58:59.750+0100][1126.217s] GC(405) Pause Young (Normal) (G1 Evacuation Pause) 401M->96M(512M) 1.746ms
[2022-03-01T14:58:59.750+0100][1126.217s] GC(405) User=0.01s Sys=0.00s Real=0.01s
[2022-03-01T14:59:00.820+0100][1127.287s] GC(406) Pause Young (Normal) (G1 Evacuation Pause)
[2022-03-01T14:59:00.820+0100][1127.287s] GC(406) Using 10 workers of 10 for evacuation
[2022-03-01T14:59:00.822+0100][1127.289s] GC(406)   Pre Evacuate Collection Set: 0.0ms
[2022-03-01T14:59:00.822+0100][1127.289s] GC(406)   Evacuate Collection Set: 1.1ms
[2022-03-01T14:59:00.822+0100][1127.289s] GC(406)   Post Evacuate Collection Set: 0.6ms
[2022-03-01T14:59:00.822+0100][1127.289s] GC(406)   Other: 0.2ms
[2022-03-01T14:59:00.822+0100][1127.289s] GC(406) Eden regions: 305->0(305)
[2022-03-01T14:59:00.822+0100][1127.289s] GC(406) Survivor regions: 2->2(39)
[2022-03-01T14:59:00.822+0100][1127.289s] GC(406) Old regions: 90->90
[2022-03-01T14:59:00.822+0100][1127.289s] GC(406) Humongous regions: 7->7
[2022-03-01T14:59:00.822+0100][1127.289s] GC(406) Metaspace: 67794K->67794K(1112064K)
[2022-03-01T14:59:00.822+0100][1127.289s] GC(406) Pause Young (Normal) (G1 Evacuation Pause) 401M->96M(512M) 1.939ms
[2022-03-01T14:59:00.822+0100][1127.289s] GC(406) User=0.01s Sys=0.00s Real=0.01s
[2022-03-01T14:59:01.923+0100][1128.390s] GC(407) Pause Young (Normal) (G1 Evacuation Pause)
[2022-03-01T14:59:01.923+0100][1128.390s] GC(407) Using 10 workers of 10 for evacuation
[2022-03-01T14:59:01.924+0100][1128.391s] GC(407)   Pre Evacuate Collection Set: 0.0ms
[2022-03-01T14:59:01.924+0100][1128.391s] GC(407)   Evacuate Collection Set: 0.9ms
[2022-03-01T14:59:01.924+0100][1128.391s] GC(407)   Post Evacuate Collection Set: 0.4ms
[2022-03-01T14:59:01.924+0100][1128.391s] GC(407)   Other: 0.1ms
[2022-03-01T14:59:01.924+0100][1128.391s] GC(407) Eden regions: 305->0(305)
[2022-03-01T14:59:01.924+0100][1128.391s] GC(407) Survivor regions: 2->2(39)
[2022-03-01T14:59:01.924+0100][1128.391s] GC(407) Old regions: 90->90
[2022-03-01T14:59:01.924+0100][1128.391s] GC(407) Humongous regions: 7->7
[2022-03-01T14:59:01.924+0100][1128.391s] GC(407) Metaspace: 67794K->67794K(1112064K)
[2022-03-01T14:59:01.924+0100][1128.391s] GC(407) Pause Young (Normal) (G1 Evacuation Pause) 401M->96M(512M) 1.499ms
[2022-03-01T14:59:01.924+0100][1128.391s] GC(407) User=0.01s Sys=0.00s Real=0.00s
[2022-03-01T14:59:02.996+0100][1129.463s] GC(408) Pause Young (Normal) (G1 Evacuation Pause)
[2022-03-01T14:59:02.996+0100][1129.463s] GC(408) Using 10 workers of 10 for evacuation
[2022-03-01T14:59:02.998+0100][1129.465s] GC(408)   Pre Evacuate Collection Set: 0.0ms
[2022-03-01T14:59:02.998+0100][1129.465s] GC(408)   Evacuate Collection Set: 1.4ms
[2022-03-01T14:59:02.998+0100][1129.465s] GC(408)   Post Evacuate Collection Set: 0.6ms
[2022-03-01T14:59:02.998+0100][1129.465s] GC(408)   Other: 0.2ms
[2022-03-01T14:59:02.998+0100][1129.465s] GC(408) Eden regions: 305->0(303)
[2022-03-01T14:59:02.998+0100][1129.465s] GC(408) Survivor regions: 2->4(39)
[2022-03-01T14:59:02.998+0100][1129.465s] GC(408) Old regions: 90->90
[2022-03-01T14:59:02.998+0100][1129.465s] GC(408) Humongous regions: 7->7
[2022-03-01T14:59:02.998+0100][1129.465s] GC(408) Metaspace: 67794K->67794K(1112064K)
[2022-03-01T14:59:02.998+0100][1129.465s] GC(408) Pause Young (Normal) (G1 Evacuation Pause) 401M->98M(512M) 2.256ms
[2022-03-01T14:59:02.998+0100][1129.465s] GC(408) User=0.01s Sys=0.00s Real=0.00s
[2022-03-01T14:59:04.423+0100][1130.890s] GC(409) Pause Young (Normal) (G1 Evacuation Pause)
[2022-03-01T14:59:04.423+0100][1130.890s] GC(409) Using 10 workers of 10 for evacuation
[2022-03-01T14:59:04.426+0100][1130.893s] GC(409)   Pre Evacuate Collection Set: 0.0ms
[2022-03-01T14:59:04.426+0100][1130.893s] GC(409)   Evacuate Collection Set: 1.8ms
[2022-03-01T14:59:04.426+0100][1130.893s] GC(409)   Post Evacuate Collection Set: 0.6ms
[2022-03-01T14:59:04.426+0100][1130.893s] GC(409)   Other: 0.2ms
[2022-03-01T14:59:04.426+0100][1130.893s] GC(409) Eden regions: 303->0(305)
[2022-03-01T14:59:04.426+0100][1130.893s] GC(409) Survivor regions: 4->2(39)
[2022-03-01T14:59:04.426+0100][1130.893s] GC(409) Old regions: 90->90
[2022-03-01T14:59:04.426+0100][1130.893s] GC(409) Humongous regions: 7->7
[2022-03-01T14:59:04.426+0100][1130.893s] GC(409) Metaspace: 67794K->67794K(1112064K)
[2022-03-01T14:59:04.426+0100][1130.893s] GC(409) Pause Young (Normal) (G1 Evacuation Pause) 401M->97M(512M) 2.707ms
[2022-03-01T14:59:04.426+0100][1130.893s] GC(409) User=0.02s Sys=0.00s Real=0.00s
[2022-03-01T14:59:05.455+0100][1131.922s] GC(410) Pause Young (Normal) (G1 Evacuation Pause)
[2022-03-01T14:59:05.455+0100][1131.922s] GC(410) Using 10 workers of 10 for evacuation
[2022-03-01T14:59:05.457+0100][1131.924s] GC(410)   Pre Evacuate Collection Set: 0.0ms
[2022-03-01T14:59:05.457+0100][1131.924s] GC(410)   Evacuate Collection Set: 1.0ms
[2022-03-01T14:59:05.457+0100][1131.924s] GC(410)   Post Evacuate Collection Set: 0.4ms
[2022-03-01T14:59:05.457+0100][1131.924s] GC(410)   Other: 0.2ms
[2022-03-01T14:59:05.457+0100][1131.924s] GC(410) Eden regions: 305->0(305)
[2022-03-01T14:59:05.457+0100][1131.924s] GC(410) Survivor regions: 2->2(39)
[2022-03-01T14:59:05.457+0100][1131.924s] GC(410) Old regions: 90->90
[2022-03-01T14:59:05.457+0100][1131.924s] GC(410) Humongous regions: 7->7
[2022-03-01T14:59:05.457+0100][1131.924s] GC(410) Metaspace: 67798K->67798K(1112064K)
[2022-03-01T14:59:05.457+0100][1131.924s] GC(410) Pause Young (Normal) (G1 Evacuation Pause) 402M->97M(512M) 1.661ms
[2022-03-01T14:59:05.457+0100][1131.924s] GC(410) User=0.01s Sys=0.00s Real=0.00s
[2022-03-01T14:59:06.464+0100][1132.931s] GC(411) Pause Young (Normal) (G1 Evacuation Pause)
[2022-03-01T14:59:06.464+0100][1132.931s] GC(411) Using 10 workers of 10 for evacuation
[2022-03-01T14:59:06.465+0100][1132.932s] GC(411)   Pre Evacuate Collection Set: 0.0ms
[2022-03-01T14:59:06.465+0100][1132.932s] GC(411)   Evacuate Collection Set: 0.9ms
[2022-03-01T14:59:06.465+0100][1132.932s] GC(411)   Post Evacuate Collection Set: 0.4ms
[2022-03-01T14:59:06.465+0100][1132.932s] GC(411)   Other: 0.1ms
[2022-03-01T14:59:06.465+0100][1132.932s] GC(411) Eden regions: 305->0(305)
[2022-03-01T14:59:06.465+0100][1132.932s] GC(411) Survivor regions: 2->2(39)
[2022-03-01T14:59:06.465+0100][1132.932s] GC(411) Old regions: 90->90
[2022-03-01T14:59:06.465+0100][1132.932s] GC(411) Humongous regions: 7->7
[2022-03-01T14:59:06.465+0100][1132.932s] GC(411) Metaspace: 67798K->67798K(1112064K)
[2022-03-01T14:59:06.465+0100][1132.932s] GC(411) Pause Young (Normal) (G1 Evacuation Pause) 402M->97M(512M) 1.515ms
[2022-03-01T14:59:06.465+0100][1132.932s] GC(411) User=0.01s Sys=0.00s Real=0.00s
[2022-03-01T14:59:07.522+0100][1133.989s] GC(412) Pause Young (Normal) (G1 Evacuation Pause)
[2022-03-01T14:59:07.522+0100][1133.989s] GC(412) Using 10 workers of 10 for evacuation
[2022-03-01T14:59:07.524+0100][1133.991s] GC(412)   Pre Evacuate Collection Set: 0.0ms
[2022-03-01T14:59:07.524+0100][1133.991s] GC(412)   Evacuate Collection Set: 1.1ms
[2022-03-01T14:59:07.524+0100][1133.991s] GC(412)   Post Evacuate Collection Set: 0.5ms
[2022-03-01T14:59:07.524+0100][1133.991s] GC(412)   Other: 0.1ms
[2022-03-01T14:59:07.524+0100][1133.991s] GC(412) Eden regions: 305->0(305)
[2022-03-01T14:59:07.524+0100][1133.991s] GC(412) Survivor regions: 2->2(39)
[2022-03-01T14:59:07.524+0100][1133.991s] GC(412) Old regions: 90->90
[2022-03-01T14:59:07.524+0100][1133.991s] GC(412) Humongous regions: 7->7
[2022-03-01T14:59:07.524+0100][1133.991s] GC(412) Metaspace: 67798K->67798K(1112064K)
[2022-03-01T14:59:07.524+0100][1133.991s] GC(412) Pause Young (Normal) (G1 Evacuation Pause) 402M->97M(512M) 1.823ms
[2022-03-01T14:59:07.524+0100][1133.991s] GC(412) User=0.00s Sys=0.00s Real=0.00s
[2022-03-01T14:59:08.494+0100][1134.961s] GC(413) Pause Young (Normal) (G1 Evacuation Pause)
[2022-03-01T14:59:08.494+0100][1134.961s] GC(413) Using 10 workers of 10 for evacuation
[2022-03-01T14:59:08.496+0100][1134.963s] GC(413)   Pre Evacuate Collection Set: 0.0ms
[2022-03-01T14:59:08.496+0100][1134.963s] GC(413)   Evacuate Collection Set: 1.6ms
[2022-03-01T14:59:08.496+0100][1134.963s] GC(413)   Post Evacuate Collection Set: 0.4ms
[2022-03-01T14:59:08.496+0100][1134.963s] GC(413)   Other: 0.1ms
[2022-03-01T14:59:08.496+0100][1134.963s] GC(413) Eden regions: 305->0(303)
[2022-03-01T14:59:08.496+0100][1134.963s] GC(413) Survivor regions: 2->4(39)
[2022-03-01T14:59:08.496+0100][1134.963s] GC(413) Old regions: 90->90
[2022-03-01T14:59:08.496+0100][1134.963s] GC(413) Humongous regions: 7->7
[2022-03-01T14:59:08.496+0100][1134.963s] GC(413) Metaspace: 67798K->67798K(1112064K)
[2022-03-01T14:59:08.496+0100][1134.963s] GC(413) Pause Young (Normal) (G1 Evacuation Pause) 402M->98M(512M) 2.252ms
[2022-03-01T14:59:08.496+0100][1134.963s] GC(413) User=0.01s Sys=0.00s Real=0.00s
[2022-03-01T14:59:09.563+0100][1136.030s] GC(414) Pause Young (Normal) (G1 Evacuation Pause)
[2022-03-01T14:59:09.563+0100][1136.030s] GC(414) Using 10 workers of 10 for evacuation
[2022-03-01T14:59:09.565+0100][1136.031s] GC(414)   Pre Evacuate Collection Set: 0.0ms
[2022-03-01T14:59:09.565+0100][1136.031s] GC(414)   Evacuate Collection Set: 1.0ms
[2022-03-01T14:59:09.565+0100][1136.031s] GC(414)   Post Evacuate Collection Set: 0.5ms
[2022-03-01T14:59:09.565+0100][1136.031s] GC(414)   Other: 0.1ms
[2022-03-01T14:59:09.565+0100][1136.031s] GC(414) Eden regions: 303->0(305)
[2022-03-01T14:59:09.565+0100][1136.031s] GC(414) Survivor regions: 4->2(39)
[2022-03-01T14:59:09.565+0100][1136.031s] GC(414) Old regions: 90->90
[2022-03-01T14:59:09.565+0100][1136.031s] GC(414) Humongous regions: 7->7
[2022-03-01T14:59:09.565+0100][1136.031s] GC(414) Metaspace: 67798K->67798K(1112064K)
[2022-03-01T14:59:09.565+0100][1136.031s] GC(414) Pause Young (Normal) (G1 Evacuation Pause) 401M->97M(512M) 1.735ms
[2022-03-01T14:59:09.565+0100][1136.031s] GC(414) User=0.00s Sys=0.00s Real=0.00s
[2022-03-01T14:59:10.537+0100][1137.004s] GC(415) Pause Young (Normal) (G1 Evacuation Pause)
[2022-03-01T14:59:10.537+0100][1137.004s] GC(415) Using 10 workers of 10 for evacuation
[2022-03-01T14:59:10.538+0100][1137.005s] GC(415)   Pre Evacuate Collection Set: 0.0ms
[2022-03-01T14:59:10.542+0100][1137.008s] GC(415)   Evacuate Collection Set: 0.9ms
[2022-03-01T14:59:10.542+0100][1137.008s] GC(415)   Post Evacuate Collection Set: 0.3ms
[2022-03-01T14:59:10.542+0100][1137.008s] GC(415)   Other: 0.1ms
[2022-03-01T14:59:10.542+0100][1137.008s] GC(415) Eden regions: 305->0(305)
[2022-03-01T14:59:10.542+0100][1137.008s] GC(415) Survivor regions: 2->2(39)
[2022-03-01T14:59:10.542+0100][1137.008s] GC(415) Old regions: 90->90
[2022-03-01T14:59:10.542+0100][1137.008s] GC(415) Humongous regions: 7->7
[2022-03-01T14:59:10.542+0100][1137.008s] GC(415) Metaspace: 67798K->67798K(1112064K)
[2022-03-01T14:59:10.542+0100][1137.008s] GC(415) Pause Young (Normal) (G1 Evacuation Pause) 402M->97M(512M) 4.895ms
[2022-03-01T14:59:10.542+0100][1137.008s] GC(415) User=0.00s Sys=0.00s Real=0.01s
[2022-03-01T14:59:12.638+0100][1139.104s] GC(416) Pause Young (Normal) (G1 Evacuation Pause)
[2022-03-01T14:59:12.638+0100][1139.105s] GC(416) Using 10 workers of 10 for evacuation
[2022-03-01T14:59:12.642+0100][1139.109s] GC(416)   Pre Evacuate Collection Set: 0.0ms
[2022-03-01T14:59:12.642+0100][1139.109s] GC(416)   Evacuate Collection Set: 3.0ms
[2022-03-01T14:59:12.642+0100][1139.109s] GC(416)   Post Evacuate Collection Set: 1.0ms
[2022-03-01T14:59:12.642+0100][1139.109s] GC(416)   Other: 0.3ms
[2022-03-01T14:59:12.642+0100][1139.109s] GC(416) Eden regions: 305->0(305)
[2022-03-01T14:59:12.642+0100][1139.109s] GC(416) Survivor regions: 2->2(39)
[2022-03-01T14:59:12.642+0100][1139.109s] GC(416) Old regions: 90->90
[2022-03-01T14:59:12.642+0100][1139.109s] GC(416) Humongous regions: 7->7
[2022-03-01T14:59:12.642+0100][1139.109s] GC(416) Metaspace: 67798K->67798K(1112064K)
[2022-03-01T14:59:12.642+0100][1139.109s] GC(416) Pause Young (Normal) (G1 Evacuation Pause) 402M->97M(512M) 4.592ms
[2022-03-01T14:59:12.642+0100][1139.109s] GC(416) User=0.03s Sys=0.00s Real=0.01s
[2022-03-01T14:59:13.929+0100][1140.396s] GC(417) Pause Young (Normal) (G1 Evacuation Pause)
[2022-03-01T14:59:13.929+0100][1140.396s] GC(417) Using 10 workers of 10 for evacuation
[2022-03-01T14:59:13.931+0100][1140.398s] GC(417)   Pre Evacuate Collection Set: 0.0ms
[2022-03-01T14:59:13.931+0100][1140.398s] GC(417)   Evacuate Collection Set: 1.1ms
[2022-03-01T14:59:13.931+0100][1140.398s] GC(417)   Post Evacuate Collection Set: 0.5ms
[2022-03-01T14:59:13.931+0100][1140.398s] GC(417)   Other: 0.1ms
[2022-03-01T14:59:13.931+0100][1140.398s] GC(417) Eden regions: 305->0(305)
[2022-03-01T14:59:13.931+0100][1140.398s] GC(417) Survivor regions: 2->2(39)
[2022-03-01T14:59:13.931+0100][1140.398s] GC(417) Old regions: 90->91
[2022-03-01T14:59:13.931+0100][1140.398s] GC(417) Humongous regions: 7->7
[2022-03-01T14:59:13.931+0100][1140.398s] GC(417) Metaspace: 67798K->67798K(1112064K)
[2022-03-01T14:59:13.931+0100][1140.398s] GC(417) Pause Young (Normal) (G1 Evacuation Pause) 402M->97M(512M) 1.773ms
[2022-03-01T14:59:13.931+0100][1140.398s] GC(417) User=0.01s Sys=0.00s Real=0.00s
[2022-03-01T14:59:14.893+0100][1141.359s] GC(418) Pause Young (Normal) (G1 Evacuation Pause)
[2022-03-01T14:59:14.893+0100][1141.359s] GC(418) Using 10 workers of 10 for evacuation
[2022-03-01T14:59:14.895+0100][1141.362s] GC(418)   Pre Evacuate Collection Set: 0.0ms
[2022-03-01T14:59:14.895+0100][1141.362s] GC(418)   Evacuate Collection Set: 1.4ms
[2022-03-01T14:59:14.895+0100][1141.362s] GC(418)   Post Evacuate Collection Set: 0.7ms
[2022-03-01T14:59:14.895+0100][1141.362s] GC(418)   Other: 0.1ms
[2022-03-01T14:59:14.895+0100][1141.362s] GC(418) Eden regions: 305->0(304)
[2022-03-01T14:59:14.895+0100][1141.362s] GC(418) Survivor regions: 2->3(39)
[2022-03-01T14:59:14.895+0100][1141.362s] GC(418) Old regions: 91->91
[2022-03-01T14:59:14.895+0100][1141.362s] GC(418) Humongous regions: 7->7
[2022-03-01T14:59:14.895+0100][1141.362s] GC(418) Metaspace: 67798K->67798K(1112064K)
[2022-03-01T14:59:14.895+0100][1141.362s] GC(418) Pause Young (Normal) (G1 Evacuation Pause) 402M->98M(512M) 2.245ms
[2022-03-01T14:59:14.895+0100][1141.362s] GC(418) User=0.02s Sys=0.00s Real=0.00s
[2022-03-01T14:59:16.885+0100][1143.351s] GC(419) Pause Young (Normal) (G1 Evacuation Pause)
[2022-03-01T14:59:16.885+0100][1143.351s] GC(419) Using 10 workers of 10 for evacuation
[2022-03-01T14:59:16.886+0100][1143.353s] GC(419)   Pre Evacuate Collection Set: 0.0ms
[2022-03-01T14:59:16.886+0100][1143.353s] GC(419)   Evacuate Collection Set: 1.0ms
[2022-03-01T14:59:16.886+0100][1143.353s] GC(419)   Post Evacuate Collection Set: 0.6ms
[2022-03-01T14:59:16.886+0100][1143.353s] GC(419)   Other: 0.1ms
[2022-03-01T14:59:16.886+0100][1143.353s] GC(419) Eden regions: 304->0(305)
[2022-03-01T14:59:16.886+0100][1143.353s] GC(419) Survivor regions: 3->2(39)
[2022-03-01T14:59:16.886+0100][1143.353s] GC(419) Old regions: 91->91
[2022-03-01T14:59:16.886+0100][1143.353s] GC(419) Humongous regions: 7->7
[2022-03-01T14:59:16.886+0100][1143.353s] GC(419) Metaspace: 67798K->67798K(1112064K)
[2022-03-01T14:59:16.886+0100][1143.353s] GC(419) Pause Young (Normal) (G1 Evacuation Pause) 402M->97M(512M) 1.766ms
[2022-03-01T14:59:16.886+0100][1143.353s] GC(419) User=0.02s Sys=0.00s Real=0.00s
[2022-03-01T14:59:17.808+0100][1144.275s] GC(420) Pause Young (Normal) (G1 Evacuation Pause)
[2022-03-01T14:59:17.808+0100][1144.275s] GC(420) Using 10 workers of 10 for evacuation
[2022-03-01T14:59:17.809+0100][1144.276s] GC(420)   Pre Evacuate Collection Set: 0.0ms
[2022-03-01T14:59:17.809+0100][1144.276s] GC(420)   Evacuate Collection Set: 1.1ms
[2022-03-01T14:59:17.809+0100][1144.276s] GC(420)   Post Evacuate Collection Set: 0.4ms
[2022-03-01T14:59:17.809+0100][1144.276s] GC(420)   Other: 0.1ms
[2022-03-01T14:59:17.809+0100][1144.276s] GC(420) Eden regions: 305->0(305)
[2022-03-01T14:59:17.809+0100][1144.276s] GC(420) Survivor regions: 2->2(39)
[2022-03-01T14:59:17.809+0100][1144.276s] GC(420) Old regions: 91->91
[2022-03-01T14:59:17.809+0100][1144.276s] GC(420) Humongous regions: 7->7
[2022-03-01T14:59:17.809+0100][1144.276s] GC(420) Metaspace: 67798K->67798K(1112064K)
[2022-03-01T14:59:17.809+0100][1144.276s] GC(420) Pause Young (Normal) (G1 Evacuation Pause) 402M->97M(512M) 1.728ms
[2022-03-01T14:59:17.810+0100][1144.276s] GC(420) User=0.01s Sys=0.00s Real=0.01s
[2022-03-01T14:59:18.902+0100][1145.369s] GC(421) Pause Young (Normal) (G1 Evacuation Pause)
[2022-03-01T14:59:18.902+0100][1145.369s] GC(421) Using 10 workers of 10 for evacuation
[2022-03-01T14:59:18.904+0100][1145.370s] GC(421)   Pre Evacuate Collection Set: 0.0ms
[2022-03-01T14:59:18.904+0100][1145.371s] GC(421)   Evacuate Collection Set: 1.0ms
[2022-03-01T14:59:18.904+0100][1145.371s] GC(421)   Post Evacuate Collection Set: 0.5ms
[2022-03-01T14:59:18.904+0100][1145.371s] GC(421)   Other: 0.2ms
[2022-03-01T14:59:18.904+0100][1145.371s] GC(421) Eden regions: 305->0(305)
[2022-03-01T14:59:18.904+0100][1145.371s] GC(421) Survivor regions: 2->2(39)
[2022-03-01T14:59:18.904+0100][1145.371s] GC(421) Old regions: 91->91
[2022-03-01T14:59:18.904+0100][1145.371s] GC(421) Humongous regions: 7->7
[2022-03-01T14:59:18.904+0100][1145.371s] GC(421) Metaspace: 67798K->67798K(1112064K)
[2022-03-01T14:59:18.904+0100][1145.371s] GC(421) Pause Young (Normal) (G1 Evacuation Pause) 402M->97M(512M) 1.655ms
[2022-03-01T14:59:18.904+0100][1145.371s] GC(421) User=0.01s Sys=0.00s Real=0.00s
[2022-03-01T14:59:19.916+0100][1146.382s] GC(422) Pause Young (Normal) (G1 Evacuation Pause)
[2022-03-01T14:59:19.916+0100][1146.382s] GC(422) Using 10 workers of 10 for evacuation
[2022-03-01T14:59:19.917+0100][1146.384s] GC(422)   Pre Evacuate Collection Set: 0.0ms
[2022-03-01T14:59:19.917+0100][1146.384s] GC(422)   Evacuate Collection Set: 1.0ms
[2022-03-01T14:59:19.917+0100][1146.384s] GC(422)   Post Evacuate Collection Set: 0.7ms
[2022-03-01T14:59:19.917+0100][1146.384s] GC(422)   Other: 0.1ms
[2022-03-01T14:59:19.917+0100][1146.384s] GC(422) Eden regions: 305->0(305)
[2022-03-01T14:59:19.917+0100][1146.384s] GC(422) Survivor regions: 2->2(39)
[2022-03-01T14:59:19.917+0100][1146.384s] GC(422) Old regions: 91->91
[2022-03-01T14:59:19.917+0100][1146.384s] GC(422) Humongous regions: 7->7
[2022-03-01T14:59:19.917+0100][1146.384s] GC(422) Metaspace: 67798K->67798K(1112064K)
[2022-03-01T14:59:19.917+0100][1146.384s] GC(422) Pause Young (Normal) (G1 Evacuation Pause) 402M->97M(512M) 1.846ms
[2022-03-01T14:59:19.917+0100][1146.384s] GC(422) User=0.01s Sys=0.00s Real=0.00s
[2022-03-01T14:59:20.921+0100][1147.387s] GC(423) Pause Young (Normal) (G1 Evacuation Pause)
[2022-03-01T14:59:20.921+0100][1147.387s] GC(423) Using 10 workers of 10 for evacuation
[2022-03-01T14:59:20.923+0100][1147.389s] GC(423)   Pre Evacuate Collection Set: 0.0ms
[2022-03-01T14:59:20.923+0100][1147.389s] GC(423)   Evacuate Collection Set: 1.3ms
[2022-03-01T14:59:20.923+0100][1147.389s] GC(423)   Post Evacuate Collection Set: 0.5ms
[2022-03-01T14:59:20.923+0100][1147.389s] GC(423)   Other: 0.1ms
[2022-03-01T14:59:20.923+0100][1147.389s] GC(423) Eden regions: 305->0(304)
[2022-03-01T14:59:20.923+0100][1147.390s] GC(423) Survivor regions: 2->3(39)
[2022-03-01T14:59:20.923+0100][1147.390s] GC(423) Old regions: 91->91
[2022-03-01T14:59:20.923+0100][1147.390s] GC(423) Humongous regions: 7->7
[2022-03-01T14:59:20.923+0100][1147.390s] GC(423) Metaspace: 67798K->67798K(1112064K)
[2022-03-01T14:59:20.923+0100][1147.390s] GC(423) Pause Young (Normal) (G1 Evacuation Pause) 402M->98M(512M) 2.059ms
[2022-03-01T14:59:20.923+0100][1147.390s] GC(423) User=0.02s Sys=0.00s Real=0.01s
[2022-03-01T14:59:21.771+0100][1148.238s] GC(424) Pause Young (Normal) (G1 Evacuation Pause)
[2022-03-01T14:59:21.771+0100][1148.238s] GC(424) Using 10 workers of 10 for evacuation
[2022-03-01T14:59:21.772+0100][1148.239s] GC(424)   Pre Evacuate Collection Set: 0.0ms
[2022-03-01T14:59:21.772+0100][1148.239s] GC(424)   Evacuate Collection Set: 1.0ms
[2022-03-01T14:59:21.772+0100][1148.239s] GC(424)   Post Evacuate Collection Set: 0.4ms
[2022-03-01T14:59:21.772+0100][1148.239s] GC(424)   Other: 0.1ms
[2022-03-01T14:59:21.772+0100][1148.239s] GC(424) Eden regions: 304->0(305)
[2022-03-01T14:59:21.772+0100][1148.239s] GC(424) Survivor regions: 3->2(39)
[2022-03-01T14:59:21.772+0100][1148.239s] GC(424) Old regions: 91->91
[2022-03-01T14:59:21.772+0100][1148.239s] GC(424) Humongous regions: 7->7
[2022-03-01T14:59:21.772+0100][1148.239s] GC(424) Metaspace: 67798K->67798K(1112064K)
[2022-03-01T14:59:21.772+0100][1148.239s] GC(424) Pause Young (Normal) (G1 Evacuation Pause) 402M->97M(512M) 1.570ms
[2022-03-01T14:59:21.772+0100][1148.239s] GC(424) User=0.00s Sys=0.00s Real=0.00s
[2022-03-01T14:59:23.093+0100][1149.560s] GC(425) Pause Young (Normal) (G1 Evacuation Pause)
[2022-03-01T14:59:23.093+0100][1149.560s] GC(425) Using 10 workers of 10 for evacuation
[2022-03-01T14:59:23.094+0100][1149.561s] GC(425)   Pre Evacuate Collection Set: 0.0ms
[2022-03-01T14:59:23.094+0100][1149.561s] GC(425)   Evacuate Collection Set: 1.0ms
[2022-03-01T14:59:23.094+0100][1149.561s] GC(425)   Post Evacuate Collection Set: 0.4ms
[2022-03-01T14:59:23.094+0100][1149.561s] GC(425)   Other: 0.1ms
[2022-03-01T14:59:23.094+0100][1149.561s] GC(425) Eden regions: 305->0(305)
[2022-03-01T14:59:23.094+0100][1149.561s] GC(425) Survivor regions: 2->2(39)
[2022-03-01T14:59:23.094+0100][1149.561s] GC(425) Old regions: 91->91
[2022-03-01T14:59:23.094+0100][1149.561s] GC(425) Humongous regions: 7->7
[2022-03-01T14:59:23.094+0100][1149.561s] GC(425) Metaspace: 67798K->67798K(1112064K)
[2022-03-01T14:59:23.094+0100][1149.561s] GC(425) Pause Young (Normal) (G1 Evacuation Pause) 402M->97M(512M) 1.631ms
[2022-03-01T14:59:23.094+0100][1149.561s] GC(425) User=0.01s Sys=0.00s Real=0.00s
[2022-03-01T14:59:24.469+0100][1150.936s] GC(426) Pause Young (Normal) (G1 Evacuation Pause)
[2022-03-01T14:59:24.469+0100][1150.936s] GC(426) Using 10 workers of 10 for evacuation
[2022-03-01T14:59:24.471+0100][1150.938s] GC(426)   Pre Evacuate Collection Set: 0.0ms
[2022-03-01T14:59:24.471+0100][1150.938s] GC(426)   Evacuate Collection Set: 1.8ms
[2022-03-01T14:59:24.471+0100][1150.938s] GC(426)   Post Evacuate Collection Set: 0.6ms
[2022-03-01T14:59:24.471+0100][1150.938s] GC(426)   Other: 0.1ms
[2022-03-01T14:59:24.471+0100][1150.938s] GC(426) Eden regions: 305->0(305)
[2022-03-01T14:59:24.471+0100][1150.938s] GC(426) Survivor regions: 2->2(39)
[2022-03-01T14:59:24.471+0100][1150.938s] GC(426) Old regions: 91->91
[2022-03-01T14:59:24.471+0100][1150.938s] GC(426) Humongous regions: 7->7
[2022-03-01T14:59:24.471+0100][1150.938s] GC(426) Metaspace: 67798K->67798K(1112064K)
[2022-03-01T14:59:24.471+0100][1150.938s] GC(426) Pause Young (Normal) (G1 Evacuation Pause) 402M->97M(512M) 2.603ms
[2022-03-01T14:59:24.471+0100][1150.938s] GC(426) User=0.01s Sys=0.00s Real=0.00s
[2022-03-01T14:59:25.456+0100][1151.923s] GC(427) Pause Young (Normal) (G1 Evacuation Pause)
[2022-03-01T14:59:25.456+0100][1151.923s] GC(427) Using 10 workers of 10 for evacuation
[2022-03-01T14:59:25.457+0100][1151.924s] GC(427)   Pre Evacuate Collection Set: 0.0ms
[2022-03-01T14:59:25.457+0100][1151.924s] GC(427)   Evacuate Collection Set: 1.1ms
[2022-03-01T14:59:25.457+0100][1151.924s] GC(427)   Post Evacuate Collection Set: 0.5ms
[2022-03-01T14:59:25.457+0100][1151.924s] GC(427)   Other: 0.1ms
[2022-03-01T14:59:25.457+0100][1151.924s] GC(427) Eden regions: 305->0(305)
[2022-03-01T14:59:25.457+0100][1151.924s] GC(427) Survivor regions: 2->2(39)
[2022-03-01T14:59:25.457+0100][1151.924s] GC(427) Old regions: 91->91
[2022-03-01T14:59:25.457+0100][1151.924s] GC(427) Humongous regions: 7->7
[2022-03-01T14:59:25.457+0100][1151.924s] GC(427) Metaspace: 67798K->67798K(1112064K)
[2022-03-01T14:59:25.458+0100][1151.924s] GC(427) Pause Young (Normal) (G1 Evacuation Pause) 402M->97M(512M) 1.766ms
[2022-03-01T14:59:25.458+0100][1151.924s] GC(427) User=0.01s Sys=0.00s Real=0.00s
[2022-03-01T14:59:26.380+0100][1152.847s] GC(428) Pause Young (Normal) (G1 Evacuation Pause)
[2022-03-01T14:59:26.380+0100][1152.847s] GC(428) Using 10 workers of 10 for evacuation
[2022-03-01T14:59:26.382+0100][1152.849s] GC(428)   Pre Evacuate Collection Set: 0.0ms
[2022-03-01T14:59:26.382+0100][1152.849s] GC(428)   Evacuate Collection Set: 1.3ms
[2022-03-01T14:59:26.382+0100][1152.849s] GC(428)   Post Evacuate Collection Set: 0.4ms
[2022-03-01T14:59:26.382+0100][1152.849s] GC(428)   Other: 0.1ms
[2022-03-01T14:59:26.382+0100][1152.849s] GC(428) Eden regions: 305->0(304)
[2022-03-01T14:59:26.382+0100][1152.849s] GC(428) Survivor regions: 2->3(39)
[2022-03-01T14:59:26.382+0100][1152.849s] GC(428) Old regions: 91->91
[2022-03-01T14:59:26.382+0100][1152.849s] GC(428) Humongous regions: 7->7
[2022-03-01T14:59:26.382+0100][1152.849s] GC(428) Metaspace: 67798K->67798K(1112064K)
[2022-03-01T14:59:26.382+0100][1152.849s] GC(428) Pause Young (Normal) (G1 Evacuation Pause) 402M->98M(512M) 1.905ms
[2022-03-01T14:59:26.382+0100][1152.849s] GC(428) User=0.02s Sys=0.00s Real=0.01s
[2022-03-01T14:59:27.354+0100][1153.820s] GC(429) Pause Young (Normal) (G1 Evacuation Pause)
[2022-03-01T14:59:27.354+0100][1153.820s] GC(429) Using 10 workers of 10 for evacuation
[2022-03-01T14:59:27.355+0100][1153.822s] GC(429)   Pre Evacuate Collection Set: 0.0ms
[2022-03-01T14:59:27.355+0100][1153.822s] GC(429)   Evacuate Collection Set: 1.1ms
[2022-03-01T14:59:27.355+0100][1153.822s] GC(429)   Post Evacuate Collection Set: 0.6ms
[2022-03-01T14:59:27.356+0100][1153.822s] GC(429)   Other: 0.1ms
[2022-03-01T14:59:27.356+0100][1153.822s] GC(429) Eden regions: 304->0(305)
[2022-03-01T14:59:27.356+0100][1153.822s] GC(429) Survivor regions: 3->2(39)
[2022-03-01T14:59:27.356+0100][1153.822s] GC(429) Old regions: 91->91
[2022-03-01T14:59:27.356+0100][1153.822s] GC(429) Humongous regions: 7->7
[2022-03-01T14:59:27.356+0100][1153.822s] GC(429) Metaspace: 67798K->67798K(1112064K)
[2022-03-01T14:59:27.356+0100][1153.822s] GC(429) Pause Young (Normal) (G1 Evacuation Pause) 402M->97M(512M) 1.888ms
[2022-03-01T14:59:27.356+0100][1153.822s] GC(429) User=0.01s Sys=0.00s Real=0.00s
[2022-03-01T14:59:28.307+0100][1154.774s] GC(430) Pause Young (Normal) (G1 Evacuation Pause)
[2022-03-01T14:59:28.307+0100][1154.774s] GC(430) Using 10 workers of 10 for evacuation
[2022-03-01T14:59:28.309+0100][1154.775s] GC(430)   Pre Evacuate Collection Set: 0.0ms
[2022-03-01T14:59:28.309+0100][1154.775s] GC(430)   Evacuate Collection Set: 1.0ms
[2022-03-01T14:59:28.309+0100][1154.775s] GC(430)   Post Evacuate Collection Set: 0.4ms
[2022-03-01T14:59:28.309+0100][1154.776s] GC(430)   Other: 0.1ms
[2022-03-01T14:59:28.309+0100][1154.776s] GC(430) Eden regions: 305->0(305)
[2022-03-01T14:59:28.309+0100][1154.776s] GC(430) Survivor regions: 2->2(39)
[2022-03-01T14:59:28.309+0100][1154.776s] GC(430) Old regions: 91->91
[2022-03-01T14:59:28.309+0100][1154.776s] GC(430) Humongous regions: 7->7
[2022-03-01T14:59:28.309+0100][1154.776s] GC(430) Metaspace: 67798K->67798K(1112064K)
[2022-03-01T14:59:28.309+0100][1154.776s] GC(430) Pause Young (Normal) (G1 Evacuation Pause) 402M->97M(512M) 1.632ms
[2022-03-01T14:59:28.309+0100][1154.776s] GC(430) User=0.01s Sys=0.01s Real=0.01s
[2022-03-01T14:59:29.340+0100][1155.807s] GC(431) Pause Young (Normal) (G1 Evacuation Pause)
[2022-03-01T14:59:29.340+0100][1155.807s] GC(431) Using 10 workers of 10 for evacuation
[2022-03-01T14:59:29.342+0100][1155.809s] GC(431)   Pre Evacuate Collection Set: 0.0ms
[2022-03-01T14:59:29.342+0100][1155.809s] GC(431)   Evacuate Collection Set: 1.0ms
[2022-03-01T14:59:29.342+0100][1155.809s] GC(431)   Post Evacuate Collection Set: 0.4ms
[2022-03-01T14:59:29.342+0100][1155.809s] GC(431)   Other: 0.2ms
[2022-03-01T14:59:29.342+0100][1155.809s] GC(431) Eden regions: 305->0(305)
[2022-03-01T14:59:29.342+0100][1155.809s] GC(431) Survivor regions: 2->2(39)
[2022-03-01T14:59:29.342+0100][1155.809s] GC(431) Old regions: 91->91
[2022-03-01T14:59:29.342+0100][1155.809s] GC(431) Humongous regions: 7->7
[2022-03-01T14:59:29.342+0100][1155.809s] GC(431) Metaspace: 67798K->67798K(1112064K)
[2022-03-01T14:59:29.342+0100][1155.809s] GC(431) Pause Young (Normal) (G1 Evacuation Pause) 402M->97M(512M) 1.656ms
[2022-03-01T14:59:29.342+0100][1155.809s] GC(431) User=0.01s Sys=0.00s Real=0.01s
[2022-03-01T14:59:30.439+0100][1156.906s] GC(432) Pause Young (Normal) (G1 Evacuation Pause)
[2022-03-01T14:59:30.439+0100][1156.906s] GC(432) Using 10 workers of 10 for evacuation
[2022-03-01T14:59:30.441+0100][1156.908s] GC(432)   Pre Evacuate Collection Set: 0.0ms
[2022-03-01T14:59:30.441+0100][1156.908s] GC(432)   Evacuate Collection Set: 1.0ms
[2022-03-01T14:59:30.441+0100][1156.908s] GC(432)   Post Evacuate Collection Set: 0.3ms
[2022-03-01T14:59:30.441+0100][1156.908s] GC(432)   Other: 0.1ms
[2022-03-01T14:59:30.441+0100][1156.908s] GC(432) Eden regions: 305->0(305)
[2022-03-01T14:59:30.441+0100][1156.908s] GC(432) Survivor regions: 2->2(39)
[2022-03-01T14:59:30.441+0100][1156.908s] GC(432) Old regions: 91->91
[2022-03-01T14:59:30.441+0100][1156.908s] GC(432) Humongous regions: 7->7
[2022-03-01T14:59:30.441+0100][1156.908s] GC(432) Metaspace: 67798K->67798K(1112064K)
[2022-03-01T14:59:30.441+0100][1156.908s] GC(432) Pause Young (Normal) (G1 Evacuation Pause) 402M->97M(512M) 1.536ms
[2022-03-01T14:59:30.441+0100][1156.908s] GC(432) User=0.00s Sys=0.00s Real=0.01s
[2022-03-01T14:59:31.431+0100][1157.898s] GC(433) Pause Young (Normal) (G1 Evacuation Pause)
[2022-03-01T14:59:31.431+0100][1157.898s] GC(433) Using 10 workers of 10 for evacuation
[2022-03-01T14:59:31.432+0100][1157.899s] GC(433)   Pre Evacuate Collection Set: 0.0ms
[2022-03-01T14:59:31.432+0100][1157.899s] GC(433)   Evacuate Collection Set: 1.0ms
[2022-03-01T14:59:31.432+0100][1157.899s] GC(433)   Post Evacuate Collection Set: 0.4ms
[2022-03-01T14:59:31.432+0100][1157.899s] GC(433)   Other: 0.1ms
[2022-03-01T14:59:31.432+0100][1157.899s] GC(433) Eden regions: 305->0(305)
[2022-03-01T14:59:31.432+0100][1157.899s] GC(433) Survivor regions: 2->2(39)
[2022-03-01T14:59:31.432+0100][1157.899s] GC(433) Old regions: 91->91
[2022-03-01T14:59:31.432+0100][1157.899s] GC(433) Humongous regions: 7->7
[2022-03-01T14:59:31.432+0100][1157.899s] GC(433) Metaspace: 67798K->67798K(1112064K)
[2022-03-01T14:59:31.432+0100][1157.899s] GC(433) Pause Young (Normal) (G1 Evacuation Pause) 402M->97M(512M) 1.496ms
[2022-03-01T14:59:31.432+0100][1157.899s] GC(433) User=0.00s Sys=0.00s Real=0.00s
[2022-03-01T15:00:14.978+0100][1201.445s] GC(434) Pause Young (Concurrent Start) (G1 Humongous Allocation)
[2022-03-01T15:00:14.978+0100][1201.445s] GC(434) Using 10 workers of 10 for evacuation
[2022-03-01T15:00:14.986+0100][1201.453s] GC(434)   Pre Evacuate Collection Set: 0.3ms
[2022-03-01T15:00:14.986+0100][1201.453s] GC(434)   Evacuate Collection Set: 7.2ms
[2022-03-01T15:00:14.986+0100][1201.453s] GC(434)   Post Evacuate Collection Set: 0.7ms
[2022-03-01T15:00:14.986+0100][1201.453s] GC(434)   Other: 0.4ms
[2022-03-01T15:00:14.986+0100][1201.453s] GC(434) Eden regions: 241->0(303)
[2022-03-01T15:00:14.986+0100][1201.453s] GC(434) Survivor regions: 2->4(39)
[2022-03-01T15:00:14.986+0100][1201.453s] GC(434) Old regions: 91->91
[2022-03-01T15:00:14.986+0100][1201.453s] GC(434) Humongous regions: 138->20
[2022-03-01T15:00:14.986+0100][1201.453s] GC(434) Metaspace: 67843K->67843K(1112064K)
[2022-03-01T15:00:14.986+0100][1201.453s] GC(434) Pause Young (Concurrent Start) (G1 Humongous Allocation) 468M->112M(512M) 8.632ms
[2022-03-01T15:00:14.986+0100][1201.453s] GC(434) User=0.06s Sys=0.00s Real=0.01s
[2022-03-01T15:00:14.986+0100][1201.453s] GC(435) Concurrent Cycle
[2022-03-01T15:00:14.986+0100][1201.453s] GC(435) Concurrent Clear Claimed Marks
[2022-03-01T15:00:14.987+0100][1201.453s] GC(435) Concurrent Clear Claimed Marks 0.080ms
[2022-03-01T15:00:14.987+0100][1201.453s] GC(435) Concurrent Scan Root Regions
[2022-03-01T15:00:14.989+0100][1201.456s] GC(435) Concurrent Scan Root Regions 2.275ms
[2022-03-01T15:00:14.989+0100][1201.456s] GC(435) Concurrent Mark (1201.456s)
[2022-03-01T15:00:14.989+0100][1201.456s] GC(435) Concurrent Mark From Roots
[2022-03-01T15:00:14.989+0100][1201.456s] GC(435) Using 3 workers of 3 for marking
[2022-03-01T15:00:15.016+0100][1201.483s] GC(435) Concurrent Mark From Roots 27.206ms
[2022-03-01T15:00:15.016+0100][1201.483s] GC(435) Concurrent Preclean
[2022-03-01T15:00:15.016+0100][1201.483s] GC(435) Concurrent Preclean 0.213ms
[2022-03-01T15:00:15.016+0100][1201.483s] GC(435) Concurrent Mark (1201.456s, 1201.483s) 27.457ms
[2022-03-01T15:00:15.017+0100][1201.483s] GC(435) Pause Remark
[2022-03-01T15:00:15.024+0100][1201.491s] GC(435) Cleaned string and symbol table, strings: 29788 processed, 422 removed, symbols: 164547 processed, 62 removed
[2022-03-01T15:00:15.024+0100][1201.491s] GC(435) Pause Remark 129M->129M(512M) 7.726ms
[2022-03-01T15:00:15.024+0100][1201.491s] GC(435) User=0.06s Sys=0.00s Real=0.01s
[2022-03-01T15:00:15.024+0100][1201.491s] GC(435) Concurrent Rebuild Remembered Sets
[2022-03-01T15:00:15.044+0100][1201.511s] GC(435) Concurrent Rebuild Remembered Sets 19.266ms
[2022-03-01T15:00:15.044+0100][1201.511s] GC(435) Pause Cleanup
[2022-03-01T15:00:15.044+0100][1201.511s] GC(435) Pause Cleanup 129M->129M(512M) 0.153ms
[2022-03-01T15:00:15.044+0100][1201.511s] GC(435) User=0.00s Sys=0.00s Real=0.00s
[2022-03-01T15:00:15.044+0100][1201.511s] GC(435) Concurrent Cleanup for Next Mark
[2022-03-01T15:00:15.044+0100][1201.511s] GC(435) Concurrent Cleanup for Next Mark 0.219ms
[2022-03-01T15:00:15.045+0100][1201.511s] GC(435) Concurrent Cycle 58.075ms
[2022-03-01T15:11:20.850+0100][1867.317s] Heap
[2022-03-01T15:11:20.850+0100][1867.317s]  garbage-first heap   total 524288K, used 167184K [0x00000000e0000000, 0x0000000100000000)
[2022-03-01T15:11:20.850+0100][1867.317s]   region size 1024K, 40 young (40960K), 4 survivors (4096K)
[2022-03-01T15:11:20.850+0100][1867.317s]  Metaspace       used 67484K, capacity 68997K, committed 69968K, reserved 1112064K
[2022-03-01T15:11:20.850+0100][1867.317s]   class space    used 7289K, capacity 7915K, committed 8192K, reserved 1048576K
