[2022-03-07T19:11:44.378+0100][0.007s] Heap region size: 1M
[2022-03-07T19:11:44.438+0100][0.068s] Using G1
[2022-03-07T19:11:44.438+0100][0.068s] Heap address: 0x00000000e0000000, size: 512 MB, Compressed Oops mode: 32-bit
[2022-03-07T19:11:44.439+0100][0.068s] Mark closed archive regions in map: [0x00000000fff00000, 0x00000000fff6aff8]
[2022-03-07T19:11:44.439+0100][0.068s] Mark open archive regions in map: [0x00000000ffe00000, 0x00000000ffe46ff8]
[2022-03-07T19:11:44.893+0100][0.522s] GC(0) Pause Young (Normal) (G1 Evacuation Pause)
[2022-03-07T19:11:44.894+0100][0.523s] GC(0) Using 10 workers of 10 for evacuation
[2022-03-07T19:11:44.901+0100][0.531s] GC(0)   Pre Evacuate Collection Set: 0.0ms
[2022-03-07T19:11:44.901+0100][0.531s] GC(0)   Evacuate Collection Set: 6.3ms
[2022-03-07T19:11:44.901+0100][0.531s] GC(0)   Post Evacuate Collection Set: 0.9ms
[2022-03-07T19:11:44.901+0100][0.531s] GC(0)   Other: 1.1ms
[2022-03-07T19:11:44.901+0100][0.531s] GC(0) Eden regions: 30->0(303)
[2022-03-07T19:11:44.901+0100][0.531s] GC(0) Survivor regions: 0->4(4)
[2022-03-07T19:11:44.901+0100][0.531s] GC(0) Old regions: 2->2
[2022-03-07T19:11:44.901+0100][0.531s] GC(0) Humongous regions: 0->0
[2022-03-07T19:11:44.901+0100][0.531s] GC(0) Metaspace: 9075K->9075K(1058816K)
[2022-03-07T19:11:44.901+0100][0.531s] GC(0) Pause Young (Normal) (G1 Evacuation Pause) 30M->4M(512M) 8.397ms
[2022-03-07T19:11:44.901+0100][0.531s] GC(0) User=0.07s Sys=0.00s Real=0.01s
[2022-03-07T19:11:45.544+0100][1.173s] GC(1) Pause Young (Concurrent Start) (Metadata GC Threshold)
[2022-03-07T19:11:45.544+0100][1.173s] GC(1) Using 10 workers of 10 for evacuation
[2022-03-07T19:11:45.553+0100][1.182s] GC(1)   Pre Evacuate Collection Set: 0.1ms
[2022-03-07T19:11:45.553+0100][1.182s] GC(1)   Evacuate Collection Set: 8.8ms
[2022-03-07T19:11:45.553+0100][1.182s] GC(1)   Post Evacuate Collection Set: 0.5ms
[2022-03-07T19:11:45.553+0100][1.182s] GC(1)   Other: 0.3ms
[2022-03-07T19:11:45.553+0100][1.182s] GC(1) Eden regions: 87->0(80)
[2022-03-07T19:11:45.553+0100][1.182s] GC(1) Survivor regions: 4->20(39)
[2022-03-07T19:11:45.553+0100][1.182s] GC(1) Old regions: 2->2
[2022-03-07T19:11:45.553+0100][1.182s] GC(1) Humongous regions: 4->4
[2022-03-07T19:11:45.553+0100][1.182s] GC(1) Metaspace: 20453K->20453K(1069056K)
[2022-03-07T19:11:45.553+0100][1.182s] GC(1) Pause Young (Concurrent Start) (Metadata GC Threshold) 94M->23M(512M) 9.632ms
[2022-03-07T19:11:45.553+0100][1.182s] GC(1) User=0.07s Sys=0.00s Real=0.01s
[2022-03-07T19:11:45.553+0100][1.183s] GC(2) Concurrent Cycle
[2022-03-07T19:11:45.553+0100][1.183s] GC(2) Concurrent Clear Claimed Marks
[2022-03-07T19:11:45.553+0100][1.183s] GC(2) Concurrent Clear Claimed Marks 0.015ms
[2022-03-07T19:11:45.553+0100][1.183s] GC(2) Concurrent Scan Root Regions
[2022-03-07T19:11:45.556+0100][1.186s] GC(2) Concurrent Scan Root Regions 3.140ms
[2022-03-07T19:11:45.556+0100][1.186s] GC(2) Concurrent Mark (1.186s)
[2022-03-07T19:11:45.556+0100][1.186s] GC(2) Concurrent Mark From Roots
[2022-03-07T19:11:45.556+0100][1.186s] GC(2) Using 3 workers of 3 for marking
[2022-03-07T19:11:45.561+0100][1.190s] GC(2) Concurrent Mark From Roots 4.224ms
[2022-03-07T19:11:45.561+0100][1.190s] GC(2) Concurrent Preclean
[2022-03-07T19:11:45.561+0100][1.190s] GC(2) Concurrent Preclean 0.111ms
[2022-03-07T19:11:45.561+0100][1.190s] GC(2) Concurrent Mark (1.186s, 1.190s) 4.389ms
[2022-03-07T19:11:45.561+0100][1.190s] GC(2) Pause Remark
[2022-03-07T19:11:45.563+0100][1.192s] GC(2) Cleaned string and symbol table, strings: 8832 processed, 0 removed, symbols: 61561 processed, 26 removed
[2022-03-07T19:11:45.563+0100][1.192s] GC(2) Pause Remark 24M->24M(512M) 2.329ms
[2022-03-07T19:11:45.563+0100][1.193s] GC(2) User=0.02s Sys=0.00s Real=0.00s
[2022-03-07T19:11:45.563+0100][1.193s] GC(2) Concurrent Rebuild Remembered Sets
[2022-03-07T19:11:45.565+0100][1.194s] GC(2) Concurrent Rebuild Remembered Sets 1.757ms
[2022-03-07T19:11:45.565+0100][1.195s] GC(2) Pause Cleanup
[2022-03-07T19:11:45.565+0100][1.195s] GC(2) Pause Cleanup 24M->24M(512M) 0.181ms
[2022-03-07T19:11:45.565+0100][1.195s] GC(2) User=0.00s Sys=0.00s Real=0.00s
[2022-03-07T19:11:45.565+0100][1.195s] GC(2) Concurrent Cleanup for Next Mark
[2022-03-07T19:11:45.566+0100][1.195s] GC(2) Concurrent Cleanup for Next Mark 0.414ms
[2022-03-07T19:11:45.566+0100][1.195s] GC(2) Concurrent Cycle 12.724ms
[2022-03-07T19:11:46.225+0100][1.854s] GC(3) Pause Young (Normal) (G1 Evacuation Pause)
[2022-03-07T19:11:46.225+0100][1.854s] GC(3) Using 10 workers of 10 for evacuation
[2022-03-07T19:11:46.233+0100][1.862s] GC(3)   Pre Evacuate Collection Set: 0.0ms
[2022-03-07T19:11:46.233+0100][1.862s] GC(3)   Evacuate Collection Set: 7.7ms
[2022-03-07T19:11:46.233+0100][1.862s] GC(3)   Post Evacuate Collection Set: 0.4ms
[2022-03-07T19:11:46.233+0100][1.862s] GC(3)   Other: 0.1ms
[2022-03-07T19:11:46.233+0100][1.862s] GC(3) Eden regions: 74->0(119)
[2022-03-07T19:11:46.233+0100][1.862s] GC(3) Survivor regions: 20->5(12)
[2022-03-07T19:11:46.233+0100][1.862s] GC(3) Old regions: 2->21
[2022-03-07T19:11:46.233+0100][1.862s] GC(3) Humongous regions: 4->4
[2022-03-07T19:11:46.233+0100][1.862s] GC(3) Metaspace: 29669K->29669K(1077248K)
[2022-03-07T19:11:46.233+0100][1.862s] GC(3) Pause Young (Normal) (G1 Evacuation Pause) 97M->28M(512M) 8.242ms
[2022-03-07T19:11:46.233+0100][1.862s] GC(3) User=0.08s Sys=0.00s Real=0.01s
[2022-03-07T19:11:47.073+0100][2.702s] GC(4) Pause Young (Concurrent Start) (Metadata GC Threshold)
[2022-03-07T19:11:47.073+0100][2.702s] GC(4) Using 10 workers of 10 for evacuation
[2022-03-07T19:11:47.078+0100][2.707s] GC(4)   Pre Evacuate Collection Set: 0.1ms
[2022-03-07T19:11:47.078+0100][2.707s] GC(4)   Evacuate Collection Set: 4.4ms
[2022-03-07T19:11:47.078+0100][2.707s] GC(4)   Post Evacuate Collection Set: 0.4ms
[2022-03-07T19:11:47.078+0100][2.707s] GC(4)   Other: 0.2ms
[2022-03-07T19:11:47.078+0100][2.707s] GC(4) Eden regions: 66->0(117)
[2022-03-07T19:11:47.078+0100][2.707s] GC(4) Survivor regions: 5->10(16)
[2022-03-07T19:11:47.078+0100][2.707s] GC(4) Old regions: 21->21
[2022-03-07T19:11:47.078+0100][2.707s] GC(4) Humongous regions: 4->4
[2022-03-07T19:11:47.078+0100][2.707s] GC(4) Metaspace: 34824K->34824K(1081344K)
[2022-03-07T19:11:47.078+0100][2.707s] GC(4) Pause Young (Concurrent Start) (Metadata GC Threshold) 93M->32M(512M) 5.045ms
[2022-03-07T19:11:47.078+0100][2.707s] GC(4) User=0.04s Sys=0.00s Real=0.00s
[2022-03-07T19:11:47.078+0100][2.707s] GC(5) Concurrent Cycle
[2022-03-07T19:11:47.078+0100][2.707s] GC(5) Concurrent Clear Claimed Marks
[2022-03-07T19:11:47.078+0100][2.707s] GC(5) Concurrent Clear Claimed Marks 0.020ms
[2022-03-07T19:11:47.078+0100][2.707s] GC(5) Concurrent Scan Root Regions
[2022-03-07T19:11:47.080+0100][2.709s] GC(5) Concurrent Scan Root Regions 2.168ms
[2022-03-07T19:11:47.080+0100][2.709s] GC(5) Concurrent Mark (2.709s)
[2022-03-07T19:11:47.080+0100][2.709s] GC(5) Concurrent Mark From Roots
[2022-03-07T19:11:47.080+0100][2.709s] GC(5) Using 3 workers of 3 for marking
[2022-03-07T19:11:47.091+0100][2.720s] GC(5) Concurrent Mark From Roots 10.582ms
[2022-03-07T19:11:47.091+0100][2.720s] GC(5) Concurrent Preclean
[2022-03-07T19:11:47.091+0100][2.720s] GC(5) Concurrent Preclean 0.153ms
[2022-03-07T19:11:47.091+0100][2.720s] GC(5) Concurrent Mark (2.709s, 2.720s) 10.810ms
[2022-03-07T19:11:47.091+0100][2.720s] GC(5) Pause Remark
[2022-03-07T19:11:47.093+0100][2.722s] GC(5) Cleaned string and symbol table, strings: 15316 processed, 28 removed, symbols: 102327 processed, 46 removed
[2022-03-07T19:11:47.093+0100][2.722s] GC(5) Pause Remark 34M->34M(512M) 1.968ms
[2022-03-07T19:11:47.093+0100][2.722s] GC(5) User=0.02s Sys=0.00s Real=0.01s
[2022-03-07T19:11:47.093+0100][2.722s] GC(5) Concurrent Rebuild Remembered Sets
[2022-03-07T19:11:47.099+0100][2.729s] GC(5) Concurrent Rebuild Remembered Sets 6.296ms
[2022-03-07T19:11:47.100+0100][2.729s] GC(5) Pause Cleanup
[2022-03-07T19:11:47.100+0100][2.729s] GC(5) Pause Cleanup 35M->35M(512M) 0.141ms
[2022-03-07T19:11:47.100+0100][2.729s] GC(5) User=0.00s Sys=0.00s Real=0.00s
[2022-03-07T19:11:47.100+0100][2.729s] GC(5) Concurrent Cleanup for Next Mark
[2022-03-07T19:11:47.100+0100][2.729s] GC(5) Concurrent Cleanup for Next Mark 0.333ms
[2022-03-07T19:11:47.100+0100][2.729s] GC(5) Concurrent Cycle 22.273ms
[2022-03-07T19:11:47.692+0100][3.321s] GC(6) Pause Young (Normal) (G1 Evacuation Pause)
[2022-03-07T19:11:47.692+0100][3.321s] GC(6) Using 10 workers of 10 for evacuation
[2022-03-07T19:11:47.698+0100][3.327s] GC(6)   Pre Evacuate Collection Set: 0.0ms
[2022-03-07T19:11:47.698+0100][3.327s] GC(6)   Evacuate Collection Set: 5.2ms
[2022-03-07T19:11:47.698+0100][3.327s] GC(6)   Post Evacuate Collection Set: 0.4ms
[2022-03-07T19:11:47.698+0100][3.327s] GC(6)   Other: 0.1ms
[2022-03-07T19:11:47.698+0100][3.327s] GC(6) Eden regions: 117->0(173)
[2022-03-07T19:11:47.698+0100][3.327s] GC(6) Survivor regions: 10->14(16)
[2022-03-07T19:11:47.698+0100][3.327s] GC(6) Old regions: 21->25
[2022-03-07T19:11:47.698+0100][3.327s] GC(6) Humongous regions: 5->4
[2022-03-07T19:11:47.698+0100][3.327s] GC(6) Metaspace: 42819K->42819K(1087488K)
[2022-03-07T19:11:47.698+0100][3.327s] GC(6) Pause Young (Normal) (G1 Evacuation Pause) 150M->40M(512M) 5.776ms
[2022-03-07T19:11:47.698+0100][3.327s] GC(6) User=0.05s Sys=0.00s Real=0.00s
[2022-03-07T19:11:48.184+0100][3.813s] GC(7) Pause Young (Normal) (G1 Evacuation Pause)
[2022-03-07T19:11:48.184+0100][3.813s] GC(7) Using 10 workers of 10 for evacuation
[2022-03-07T19:11:48.189+0100][3.819s] GC(7)   Pre Evacuate Collection Set: 0.0ms
[2022-03-07T19:11:48.189+0100][3.819s] GC(7)   Evacuate Collection Set: 4.8ms
[2022-03-07T19:11:48.189+0100][3.819s] GC(7)   Post Evacuate Collection Set: 0.5ms
[2022-03-07T19:11:48.189+0100][3.819s] GC(7)   Other: 0.2ms
[2022-03-07T19:11:48.189+0100][3.819s] GC(7) Eden regions: 173->0(296)
[2022-03-07T19:11:48.189+0100][3.819s] GC(7) Survivor regions: 14->11(24)
[2022-03-07T19:11:48.189+0100][3.819s] GC(7) Old regions: 25->31
[2022-03-07T19:11:48.189+0100][3.819s] GC(7) Humongous regions: 4->4
[2022-03-07T19:11:48.189+0100][3.819s] GC(7) Metaspace: 46877K->46877K(1091584K)
[2022-03-07T19:11:48.189+0100][3.819s] GC(7) Pause Young (Normal) (G1 Evacuation Pause) 213M->43M(512M) 5.528ms
[2022-03-07T19:11:48.189+0100][3.819s] GC(7) User=0.06s Sys=0.00s Real=0.00s
[2022-03-07T19:13:11.341+0100][86.970s] Heap
[2022-03-07T19:13:11.341+0100][86.970s]  garbage-first heap   total 524288K, used 304673K [0x00000000e0000000, 0x0000000100000000)
[2022-03-07T19:13:11.341+0100][86.970s]   region size 1024K, 266 young (272384K), 11 survivors (11264K)
[2022-03-07T19:13:11.341+0100][86.970s]  Metaspace       used 57333K, capacity 59189K, committed 59344K, reserved 1101824K
[2022-03-07T19:13:11.341+0100][86.970s]   class space    used 6710K, capacity 7451K, committed 7552K, reserved 1048576K
