[2022-03-07T19:06:39.312+0100][0.022s] Heap region size: 1M
[2022-03-07T19:06:39.357+0100][0.068s] Using G1
[2022-03-07T19:06:39.357+0100][0.068s] Heap address: 0x00000000e0000000, size: 512 MB, Compressed Oops mode: 32-bit
[2022-03-07T19:06:39.357+0100][0.068s] Mark closed archive regions in map: [0x00000000fff00000, 0x00000000fff6aff8]
[2022-03-07T19:06:39.357+0100][0.068s] Mark open archive regions in map: [0x00000000ffe00000, 0x00000000ffe46ff8]
[2022-03-07T19:06:39.812+0100][0.523s] GC(0) Pause Young (Normal) (G1 Evacuation Pause)
[2022-03-07T19:06:39.812+0100][0.523s] GC(0) Using 10 workers of 10 for evacuation
[2022-03-07T19:06:39.819+0100][0.530s] GC(0)   Pre Evacuate Collection Set: 0.0ms
[2022-03-07T19:06:39.819+0100][0.530s] GC(0)   Evacuate Collection Set: 6.3ms
[2022-03-07T19:06:39.819+0100][0.530s] GC(0)   Post Evacuate Collection Set: 0.4ms
[2022-03-07T19:06:39.819+0100][0.530s] GC(0)   Other: 0.8ms
[2022-03-07T19:06:39.819+0100][0.530s] GC(0) Eden regions: 30->0(303)
[2022-03-07T19:06:39.819+0100][0.530s] GC(0) Survivor regions: 0->4(4)
[2022-03-07T19:06:39.819+0100][0.530s] GC(0) Old regions: 2->2
[2022-03-07T19:06:39.819+0100][0.530s] GC(0) Humongous regions: 0->0
[2022-03-07T19:06:39.819+0100][0.530s] GC(0) Metaspace: 8946K->8946K(1056768K)
[2022-03-07T19:06:39.819+0100][0.530s] GC(0) Pause Young (Normal) (G1 Evacuation Pause) 30M->4M(512M) 7.515ms
[2022-03-07T19:06:39.819+0100][0.530s] GC(0) User=0.07s Sys=0.00s Real=0.00s
[2022-03-07T19:06:40.528+0100][1.239s] GC(1) Pause Young (Concurrent Start) (Metadata GC Threshold)
[2022-03-07T19:06:40.528+0100][1.239s] GC(1) Using 10 workers of 10 for evacuation
[2022-03-07T19:06:40.538+0100][1.248s] GC(1)   Pre Evacuate Collection Set: 0.1ms
[2022-03-07T19:06:40.538+0100][1.249s] GC(1)   Evacuate Collection Set: 8.9ms
[2022-03-07T19:06:40.538+0100][1.249s] GC(1)   Post Evacuate Collection Set: 0.5ms
[2022-03-07T19:06:40.538+0100][1.249s] GC(1)   Other: 0.2ms
[2022-03-07T19:06:40.538+0100][1.249s] GC(1) Eden regions: 86->0(79)
[2022-03-07T19:06:40.538+0100][1.249s] GC(1) Survivor regions: 4->20(39)
[2022-03-07T19:06:40.538+0100][1.249s] GC(1) Old regions: 2->2
[2022-03-07T19:06:40.538+0100][1.249s] GC(1) Humongous regions: 4->4
[2022-03-07T19:06:40.538+0100][1.249s] GC(1) Metaspace: 20467K->20467K(1069056K)
[2022-03-07T19:06:40.538+0100][1.249s] GC(1) Pause Young (Concurrent Start) (Metadata GC Threshold) 93M->24M(512M) 9.683ms
[2022-03-07T19:06:40.538+0100][1.249s] GC(1) User=0.07s Sys=0.00s Real=0.01s
[2022-03-07T19:06:40.538+0100][1.249s] GC(2) Concurrent Cycle
[2022-03-07T19:06:40.538+0100][1.249s] GC(2) Concurrent Clear Claimed Marks
[2022-03-07T19:06:40.538+0100][1.249s] GC(2) Concurrent Clear Claimed Marks 0.019ms
[2022-03-07T19:06:40.538+0100][1.249s] GC(2) Concurrent Scan Root Regions
[2022-03-07T19:06:40.540+0100][1.251s] GC(2) Concurrent Scan Root Regions 2.611ms
[2022-03-07T19:06:40.540+0100][1.251s] GC(2) Concurrent Mark (1.251s)
[2022-03-07T19:06:40.540+0100][1.251s] GC(2) Concurrent Mark From Roots
[2022-03-07T19:06:40.540+0100][1.251s] GC(2) Using 3 workers of 3 for marking
[2022-03-07T19:06:40.544+0100][1.255s] GC(2) Concurrent Mark From Roots 3.670ms
[2022-03-07T19:06:40.544+0100][1.255s] GC(2) Concurrent Preclean
[2022-03-07T19:06:40.544+0100][1.255s] GC(2) Concurrent Preclean 0.103ms
[2022-03-07T19:06:40.544+0100][1.255s] GC(2) Concurrent Mark (1.251s, 1.255s) 3.806ms
[2022-03-07T19:06:40.544+0100][1.255s] GC(2) Pause Remark
[2022-03-07T19:06:40.547+0100][1.258s] GC(2) Cleaned string and symbol table, strings: 8825 processed, 0 removed, symbols: 61736 processed, 26 removed
[2022-03-07T19:06:40.547+0100][1.258s] GC(2) Pause Remark 24M->24M(512M) 2.593ms
[2022-03-07T19:06:40.547+0100][1.258s] GC(2) User=0.02s Sys=0.00s Real=0.00s
[2022-03-07T19:06:40.547+0100][1.258s] GC(2) Concurrent Rebuild Remembered Sets
[2022-03-07T19:06:40.549+0100][1.260s] GC(2) Concurrent Rebuild Remembered Sets 1.544ms
[2022-03-07T19:06:40.549+0100][1.260s] GC(2) Pause Cleanup
[2022-03-07T19:06:40.549+0100][1.260s] GC(2) Pause Cleanup 25M->25M(512M) 0.190ms
[2022-03-07T19:06:40.549+0100][1.260s] GC(2) User=0.00s Sys=0.00s Real=0.00s
[2022-03-07T19:06:40.549+0100][1.260s] GC(2) Concurrent Cleanup for Next Mark
[2022-03-07T19:06:40.549+0100][1.260s] GC(2) Concurrent Cleanup for Next Mark 0.229ms
[2022-03-07T19:06:40.549+0100][1.260s] GC(2) Concurrent Cycle 11.559ms
[2022-03-07T19:06:41.183+0100][1.894s] GC(3) Pause Young (Normal) (G1 Evacuation Pause)
[2022-03-07T19:06:41.183+0100][1.894s] GC(3) Using 10 workers of 10 for evacuation
[2022-03-07T19:06:41.191+0100][1.902s] GC(3)   Pre Evacuate Collection Set: 0.0ms
[2022-03-07T19:06:41.191+0100][1.902s] GC(3)   Evacuate Collection Set: 7.9ms
[2022-03-07T19:06:41.191+0100][1.902s] GC(3)   Post Evacuate Collection Set: 0.5ms
[2022-03-07T19:06:41.191+0100][1.902s] GC(3)   Other: 0.1ms
[2022-03-07T19:06:41.191+0100][1.902s] GC(3) Eden regions: 73->0(115)
[2022-03-07T19:06:41.191+0100][1.902s] GC(3) Survivor regions: 20->5(12)
[2022-03-07T19:06:41.191+0100][1.902s] GC(3) Old regions: 2->21
[2022-03-07T19:06:41.191+0100][1.902s] GC(3) Humongous regions: 4->4
[2022-03-07T19:06:41.191+0100][1.902s] GC(3) Metaspace: 29566K->29566K(1077248K)
[2022-03-07T19:06:41.191+0100][1.902s] GC(3) Pause Young (Normal) (G1 Evacuation Pause) 97M->27M(512M) 8.538ms
[2022-03-07T19:06:41.191+0100][1.902s] GC(3) User=0.08s Sys=0.00s Real=0.00s
[2022-03-07T19:06:41.965+0100][2.676s] GC(4) Pause Young (Concurrent Start) (Metadata GC Threshold)
[2022-03-07T19:06:41.965+0100][2.676s] GC(4) Using 10 workers of 10 for evacuation
[2022-03-07T19:06:41.969+0100][2.680s] GC(4)   Pre Evacuate Collection Set: 0.0ms
[2022-03-07T19:06:41.969+0100][2.680s] GC(4)   Evacuate Collection Set: 3.7ms
[2022-03-07T19:06:41.969+0100][2.680s] GC(4)   Post Evacuate Collection Set: 0.4ms
[2022-03-07T19:06:41.969+0100][2.680s] GC(4)   Other: 0.2ms
[2022-03-07T19:06:41.969+0100][2.680s] GC(4) Eden regions: 67->0(144)
[2022-03-07T19:06:41.969+0100][2.680s] GC(4) Survivor regions: 5->7(15)
[2022-03-07T19:06:41.969+0100][2.680s] GC(4) Old regions: 21->21
[2022-03-07T19:06:41.969+0100][2.680s] GC(4) Humongous regions: 4->4
[2022-03-07T19:06:41.969+0100][2.680s] GC(4) Metaspace: 34946K->34946K(1081344K)
[2022-03-07T19:06:41.969+0100][2.680s] GC(4) Pause Young (Concurrent Start) (Metadata GC Threshold) 94M->30M(512M) 4.353ms
[2022-03-07T19:06:41.969+0100][2.680s] GC(4) User=0.03s Sys=0.00s Real=0.00s
[2022-03-07T19:06:41.969+0100][2.680s] GC(5) Concurrent Cycle
[2022-03-07T19:06:41.969+0100][2.680s] GC(5) Concurrent Clear Claimed Marks
[2022-03-07T19:06:41.969+0100][2.680s] GC(5) Concurrent Clear Claimed Marks 0.020ms
[2022-03-07T19:06:41.969+0100][2.680s] GC(5) Concurrent Scan Root Regions
[2022-03-07T19:06:41.970+0100][2.681s] GC(5) Concurrent Scan Root Regions 1.144ms
[2022-03-07T19:06:41.970+0100][2.681s] GC(5) Concurrent Mark (2.681s)
[2022-03-07T19:06:41.970+0100][2.681s] GC(5) Concurrent Mark From Roots
[2022-03-07T19:06:41.970+0100][2.681s] GC(5) Using 3 workers of 3 for marking
[2022-03-07T19:06:41.978+0100][2.689s] GC(5) Concurrent Mark From Roots 8.111ms
[2022-03-07T19:06:41.979+0100][2.689s] GC(5) Concurrent Preclean
[2022-03-07T19:06:41.979+0100][2.690s] GC(5) Concurrent Preclean 0.143ms
[2022-03-07T19:06:41.979+0100][2.690s] GC(5) Concurrent Mark (2.681s, 2.690s) 8.415ms
[2022-03-07T19:06:41.979+0100][2.690s] GC(5) Pause Remark
[2022-03-07T19:06:41.980+0100][2.691s] GC(5) Cleaned string and symbol table, strings: 14627 processed, 28 removed, symbols: 103025 processed, 130 removed
[2022-03-07T19:06:41.981+0100][2.692s] GC(5) Pause Remark 31M->31M(512M) 1.861ms
[2022-03-07T19:06:41.981+0100][2.692s] GC(5) User=0.02s Sys=0.00s Real=0.01s
[2022-03-07T19:06:41.981+0100][2.692s] GC(5) Concurrent Rebuild Remembered Sets
[2022-03-07T19:06:41.987+0100][2.698s] GC(5) Concurrent Rebuild Remembered Sets 6.044ms
[2022-03-07T19:06:41.987+0100][2.698s] GC(5) Pause Cleanup
[2022-03-07T19:06:41.987+0100][2.698s] GC(5) Pause Cleanup 32M->32M(512M) 0.167ms
[2022-03-07T19:06:41.987+0100][2.698s] GC(5) User=0.01s Sys=0.00s Real=0.00s
[2022-03-07T19:06:41.987+0100][2.698s] GC(5) Concurrent Cleanup for Next Mark
[2022-03-07T19:06:41.988+0100][2.699s] GC(5) Concurrent Cleanup for Next Mark 0.461ms
[2022-03-07T19:06:41.988+0100][2.699s] GC(5) Concurrent Cycle 18.752ms
[2022-03-07T19:06:42.902+0100][3.613s] GC(6) Pause Young (Normal) (G1 Evacuation Pause)
[2022-03-07T19:06:42.902+0100][3.613s] GC(6) Using 10 workers of 10 for evacuation
[2022-03-07T19:06:42.910+0100][3.621s] GC(6)   Pre Evacuate Collection Set: 0.0ms
[2022-03-07T19:06:42.910+0100][3.621s] GC(6)   Evacuate Collection Set: 6.8ms
[2022-03-07T19:06:42.910+0100][3.621s] GC(6)   Post Evacuate Collection Set: 1.1ms
[2022-03-07T19:06:42.910+0100][3.621s] GC(6)   Other: 0.1ms
[2022-03-07T19:06:42.910+0100][3.621s] GC(6) Eden regions: 144->0(198)
[2022-03-07T19:06:42.910+0100][3.621s] GC(6) Survivor regions: 7->14(19)
[2022-03-07T19:06:42.910+0100][3.621s] GC(6) Old regions: 21->21
[2022-03-07T19:06:42.910+0100][3.621s] GC(6) Humongous regions: 5->4
[2022-03-07T19:06:42.910+0100][3.621s] GC(6) Metaspace: 44386K->44386K(1089536K)
[2022-03-07T19:06:42.910+0100][3.621s] GC(6) Pause Young (Normal) (G1 Evacuation Pause) 175M->37M(512M) 8.119ms
[2022-03-07T19:06:42.910+0100][3.621s] GC(6) User=0.07s Sys=0.00s Real=0.00s
[2022-03-07T19:06:43.598+0100][4.309s] GC(7) Pause Young (Normal) (G1 Evacuation Pause)
[2022-03-07T19:06:43.598+0100][4.309s] GC(7) Using 10 workers of 10 for evacuation
[2022-03-07T19:06:43.636+0100][4.347s] GC(7)   Pre Evacuate Collection Set: 0.0ms
[2022-03-07T19:06:43.636+0100][4.347s] GC(7)   Evacuate Collection Set: 25.5ms
[2022-03-07T19:06:43.636+0100][4.347s] GC(7)   Post Evacuate Collection Set: 12.1ms
[2022-03-07T19:06:43.636+0100][4.347s] GC(7)   Other: 0.2ms
[2022-03-07T19:06:43.636+0100][4.347s] GC(7) Eden regions: 198->0(255)
[2022-03-07T19:06:43.636+0100][4.347s] GC(7) Survivor regions: 14->25(27)
[2022-03-07T19:06:43.636+0100][4.347s] GC(7) Old regions: 21->21
[2022-03-07T19:06:43.636+0100][4.347s] GC(7) Humongous regions: 4->4
[2022-03-07T19:06:43.636+0100][4.347s] GC(7) Metaspace: 53108K->53108K(1097728K)
[2022-03-07T19:06:43.636+0100][4.347s] GC(7) Pause Young (Normal) (G1 Evacuation Pause) 235M->47M(512M) 37.853ms
[2022-03-07T19:06:43.636+0100][4.347s] GC(7) User=0.26s Sys=0.00s Real=0.04s
[2022-03-07T19:10:30.727+0100][231.438s] GC(8) Pause Young (Concurrent Start) (Metadata GC Threshold)
[2022-03-07T19:10:30.727+0100][231.438s] GC(8) Using 10 workers of 10 for evacuation
[2022-03-07T19:10:30.746+0100][231.457s] GC(8)   Pre Evacuate Collection Set: 0.1ms
[2022-03-07T19:10:30.746+0100][231.457s] GC(8)   Evacuate Collection Set: 18.1ms
[2022-03-07T19:10:30.746+0100][231.457s] GC(8)   Post Evacuate Collection Set: 0.5ms
[2022-03-07T19:10:30.746+0100][231.457s] GC(8)   Other: 0.2ms
[2022-03-07T19:10:30.746+0100][231.457s] GC(8) Eden regions: 236->0(274)
[2022-03-07T19:10:30.746+0100][231.457s] GC(8) Survivor regions: 25->33(35)
[2022-03-07T19:10:30.746+0100][231.457s] GC(8) Old regions: 21->27
[2022-03-07T19:10:30.746+0100][231.457s] GC(8) Humongous regions: 4->4
[2022-03-07T19:10:30.746+0100][231.457s] GC(8) Metaspace: 58401K->58401K(1101824K)
[2022-03-07T19:10:30.746+0100][231.457s] GC(8) Pause Young (Concurrent Start) (Metadata GC Threshold) 283M->62M(512M) 18.941ms
[2022-03-07T19:10:30.746+0100][231.457s] GC(8) User=0.12s Sys=0.00s Real=0.02s
[2022-03-07T19:10:30.746+0100][231.457s] GC(9) Concurrent Cycle
[2022-03-07T19:10:30.746+0100][231.457s] GC(9) Concurrent Clear Claimed Marks
[2022-03-07T19:10:30.746+0100][231.457s] GC(9) Concurrent Clear Claimed Marks 0.112ms
[2022-03-07T19:10:30.746+0100][231.457s] GC(9) Concurrent Scan Root Regions
[2022-03-07T19:10:30.752+0100][231.463s] GC(9) Concurrent Scan Root Regions 5.898ms
[2022-03-07T19:10:30.752+0100][231.463s] GC(9) Concurrent Mark (231.463s)
[2022-03-07T19:10:30.752+0100][231.463s] GC(9) Concurrent Mark From Roots
[2022-03-07T19:10:30.752+0100][231.463s] GC(9) Using 3 workers of 3 for marking
[2022-03-07T19:10:30.764+0100][231.475s] GC(9) Concurrent Mark From Roots 12.253ms
[2022-03-07T19:10:30.764+0100][231.475s] GC(9) Concurrent Preclean
[2022-03-07T19:10:30.764+0100][231.475s] GC(9) Concurrent Preclean 0.183ms
[2022-03-07T19:10:30.764+0100][231.475s] GC(9) Concurrent Mark (231.463s, 231.475s) 12.491ms
[2022-03-07T19:10:30.764+0100][231.475s] GC(9) Pause Remark
[2022-03-07T19:10:30.769+0100][231.480s] GC(9) Cleaned string and symbol table, strings: 27937 processed, 0 removed, symbols: 157140 processed, 564 removed
[2022-03-07T19:10:30.769+0100][231.480s] GC(9) Pause Remark 69M->69M(512M) 4.532ms
[2022-03-07T19:10:30.769+0100][231.480s] GC(9) User=0.05s Sys=0.00s Real=0.00s
[2022-03-07T19:10:30.769+0100][231.480s] GC(9) Concurrent Rebuild Remembered Sets
[2022-03-07T19:10:30.776+0100][231.487s] GC(9) Concurrent Rebuild Remembered Sets 7.133ms
[2022-03-07T19:10:30.776+0100][231.487s] GC(9) Pause Cleanup
[2022-03-07T19:10:30.776+0100][231.487s] GC(9) Pause Cleanup 71M->71M(512M) 0.128ms
[2022-03-07T19:10:30.776+0100][231.487s] GC(9) User=0.00s Sys=0.00s Real=0.00s
[2022-03-07T19:10:30.776+0100][231.487s] GC(9) Concurrent Cleanup for Next Mark
[2022-03-07T19:10:30.777+0100][231.488s] GC(9) Concurrent Cleanup for Next Mark 0.269ms
[2022-03-07T19:10:30.777+0100][231.488s] GC(9) Concurrent Cycle 30.969ms
[2022-03-07T19:10:32.381+0100][233.092s] GC(10) Pause Young (Normal) (G1 Evacuation Pause)
[2022-03-07T19:10:32.381+0100][233.092s] GC(10) Using 10 workers of 10 for evacuation
[2022-03-07T19:10:32.393+0100][233.104s] GC(10)   Pre Evacuate Collection Set: 0.0ms
[2022-03-07T19:10:32.393+0100][233.104s] GC(10)   Evacuate Collection Set: 9.9ms
[2022-03-07T19:10:32.393+0100][233.104s] GC(10)   Post Evacuate Collection Set: 1.5ms
[2022-03-07T19:10:32.393+0100][233.104s] GC(10)   Other: 0.2ms
[2022-03-07T19:10:32.393+0100][233.104s] GC(10) Eden regions: 274->0(285)
[2022-03-07T19:10:32.393+0100][233.104s] GC(10) Survivor regions: 33->22(39)
[2022-03-07T19:10:32.393+0100][233.104s] GC(10) Old regions: 27->44
[2022-03-07T19:10:32.393+0100][233.104s] GC(10) Humongous regions: 7->7
[2022-03-07T19:10:32.393+0100][233.104s] GC(10) Metaspace: 62669K->62669K(1105920K)
[2022-03-07T19:10:32.393+0100][233.104s] GC(10) Pause Young (Normal) (G1 Evacuation Pause) 339M->71M(512M) 11.601ms
[2022-03-07T19:10:32.393+0100][233.104s] GC(10) User=0.12s Sys=0.01s Real=0.01s
[2022-03-07T19:11:13.666+0100][274.377s] Heap
[2022-03-07T19:11:13.666+0100][274.377s]  garbage-first heap   total 524288K, used 150728K [0x00000000e0000000, 0x0000000100000000)
[2022-03-07T19:11:13.666+0100][274.377s]   region size 1024K, 100 young (102400K), 22 survivors (22528K)
[2022-03-07T19:11:13.666+0100][274.377s]  Metaspace       used 64158K, capacity 66183K, committed 66440K, reserved 1107968K
[2022-03-07T19:11:13.666+0100][274.377s]   class space    used 7422K, capacity 8219K, committed 8320K, reserved 1048576K
